51.15.61.222 - - [22/Dec/2018:06:25:22 -0500] "GET / HTTP/1.1" 301 - "https://www.paladin.rip/" "HetrixTools Uptime Monitoring Bot. https://hetrix.tools/uptime-monitoring-bot.html"
51.15.61.222 - - [22/Dec/2018:06:25:22 -0500] "GET / HTTP/1.1" 200 15850 "https://paladin-extensions.com/" "HetrixTools Uptime Monitoring Bot. https://hetrix.tools/uptime-monitoring-bot.html"
138.197.17.201 - - [22/Dec/2018:06:26:05 -0500] "GET / HTTP/1.1" 301 - "https://www.paladin.rip/" "HetrixTools Uptime Monitoring Bot. https://hetrix.tools/uptime-monitoring-bot.html"
138.197.17.201 - - [22/Dec/2018:06:26:06 -0500] "GET / HTTP/1.1" 200 15854 "https://paladin-extensions.com/" "HetrixTools Uptime Monitoring Bot. https://hetrix.tools/uptime-monitoring-bot.html"
95.179.139.97 - - [22/Dec/2018:06:26:14 -0500] "GET / HTTP/1.1" 301 - "https://www.paladin.rip/" "HetrixTools Uptime Monitoring Bot. https://hetrix.tools/uptime-monitoring-bot.html"
95.179.139.97 - - [22/Dec/2018:06:26:15 -0500] "GET / HTTP/1.1" 200 15851 "https://paladin-extensions.com/" "HetrixTools Uptime Monitoring Bot. https://hetrix.tools/uptime-monitoring-bot.html"
149.28.212.239 - - [22/Dec/2018:06:26:25 -0500] "GET / HTTP/1.1" 301 - "https://www.paladin.rip/" "HetrixTools Uptime Monitoring Bot. https://hetrix.tools/uptime-monitoring-bot.html"
149.28.212.239 - - [22/Dec/2018:06:26:25 -0500] "GET / HTTP/1.1" 200 15850 "https://paladin-extensions.com/" "HetrixTools Uptime Monitoring Bot. https://hetrix.tools/uptime-monitoring-bot.html"
149.28.212.239 - - [22/Dec/2018:06:27:12 -0500] "GET / HTTP/1.1" 301 - "https://www.paladin.rip/" "HetrixTools Uptime Monitoring Bot. https://hetrix.tools/uptime-monitoring-bot.html"
149.28.212.239 - - [22/Dec/2018:06:27:12 -0500] "GET / HTTP/1.1" 200 15850 "https://paladin-extensions.com/" "HetrixTools Uptime Monitoring Bot. https://hetrix.tools/uptime-monitoring-bot.html"
96.126.106.201 - - [22/Dec/2018:06:27:13 -0500] "GET / HTTP/1.1" 301 - "https://www.paladin.rip/" "HetrixTools Uptime Monitoring Bot. https://hetrix.tools/uptime-monitoring-bot.html"
96.126.106.201 - - [22/Dec/2018:06:27:14 -0500] "GET / HTTP/1.1" 200 15852 "https://paladin-extensions.com/" "HetrixTools Uptime Monitoring Bot. https://hetrix.tools/uptime-monitoring-bot.html"
95.179.139.97 - - [22/Dec/2018:06:27:20 -0500] "GET / HTTP/1.1" 301 - "https://www.paladin.rip/" "HetrixTools Uptime Monitoring Bot. https://hetrix.tools/uptime-monitoring-bot.html"
95.179.139.97 - - [22/Dec/2018:06:27:21 -0500] "GET / HTTP/1.1" 200 15849 "https://paladin-extensions.com/" "HetrixTools Uptime Monitoring Bot. https://hetrix.tools/uptime-monitoring-bot.html"
46.4.68.227 - - [22/Dec/2018:06:27:59 -0500] "GET /account/upgrades HTTP/1.1" 301 - "-" "Mozilla/5.0 (compatible; BLEXBot/1.0; +http://webmeup-crawler.com/)"
46.4.68.227 - - [22/Dec/2018:06:28:00 -0500] "GET /account/upgrades HTTP/1.1" 403 10168 "-" "Mozilla/5.0 (compatible; BLEXBot/1.0; +http://webmeup-crawler.com/)"
46.4.68.227 - - [22/Dec/2018:06:28:01 -0500] "GET /forums/pre-sale-discussion.9/post-thread HTTP/1.1" 301 - "-" "Mozilla/5.0 (compatible; BLEXBot/1.0; +http://webmeup-crawler.com/)"
46.4.68.227 - - [22/Dec/2018:06:28:02 -0500] "GET /forums/pre-sale-discussion.9/post-thread HTTP/1.1" 403 10232 "-" "Mozilla/5.0 (compatible; BLEXBot/1.0; +http://webmeup-crawler.com/)"
46.4.68.227 - - [22/Dec/2018:06:28:03 -0500] "GET /forums/support/post-thread HTTP/1.1" 301 - "-" "Mozilla/5.0 (compatible; BLEXBot/1.0; +http://webmeup-crawler.com/)"
46.4.68.227 - - [22/Dec/2018:06:28:04 -0500] "GET /forums/support/post-thread HTTP/1.1" 403 10223 "-" "Mozilla/5.0 (compatible; BLEXBot/1.0; +http://webmeup-crawler.com/)"
51.15.61.222 - - [22/Dec/2018:06:28:06 -0500] "GET / HTTP/1.1" 301 - "https://www.paladin.rip/" "HetrixTools Uptime Monitoring Bot. https://hetrix.tools/uptime-monitoring-bot.html"
46.4.68.227 - - [22/Dec/2018:06:28:06 -0500] "GET /members/aicha.8/ HTTP/1.1" 403 10204 "-" "Mozilla/5.0 (compatible; BLEXBot/1.0; +http://webmeup-crawler.com/)"
51.15.61.222 - - [22/Dec/2018:06:28:07 -0500] "GET / HTTP/1.1" 200 15872 "https://paladin-extensions.com/" "HetrixTools Uptime Monitoring Bot. https://hetrix.tools/uptime-monitoring-bot.html"
159.89.159.134 - - [22/Dec/2018:06:28:08 -0500] "GET / HTTP/1.1" 301 - "https://www.paladin.rip/" "HetrixTools Uptime Monitoring Bot. https://hetrix.tools/uptime-monitoring-bot.html"
159.89.159.134 - - [22/Dec/2018:06:28:09 -0500] "GET / HTTP/1.1" 200 15852 "https://paladin-extensions.com/" "HetrixTools Uptime Monitoring Bot. https://hetrix.tools/uptime-monitoring-bot.html"
46.4.68.227 - - [22/Dec/2018:06:28:11 -0500] "GET /members/bananaballs.22/ HTTP/1.1" 200 12241 "-" "Mozilla/5.0 (compatible; BLEXBot/1.0; +http://webmeup-crawler.com/)"
46.4.68.227 - - [22/Dec/2018:06:28:13 -0500] "GET /members/bhopfu1.1/followers/page-2 HTTP/1.1" 200 10899 "-" "Mozilla/5.0 (compatible; BLEXBot/1.0; +http://webmeup-crawler.com/)"
96.126.106.201 - - [22/Dec/2018:06:28:16 -0500] "GET / HTTP/1.1" 301 - "https://www.paladin.rip/" "HetrixTools Uptime Monitoring Bot. https://hetrix.tools/uptime-monitoring-bot.html"
46.4.68.227 - - [22/Dec/2018:06:28:15 -0500] "GET /members/bhopfu1.1/reactions?reaction_id=2&type=received&page=1 HTTP/1.1" 200 12128 "-" "Mozilla/5.0 (compatible; BLEXBot/1.0; +http://webmeup-crawler.com/)"
96.126.106.201 - - [22/Dec/2018:06:28:16 -0500] "GET / HTTP/1.1" 200 15852 "https://paladin-extensions.com/" "HetrixTools Uptime Monitoring Bot. https://hetrix.tools/uptime-monitoring-bot.html"
46.4.68.227 - - [22/Dec/2018:06:28:18 -0500] "GET /members/bhopfu1.1/reactions?type=received&page=1 HTTP/1.1" 200 12141 "-" "Mozilla/5.0 (compatible; BLEXBot/1.0; +http://webmeup-crawler.com/)"
46.4.68.227 - - [22/Dec/2018:06:28:37 -0500] "GET /members/dangwill.25/ HTTP/1.1" 200 12355 "-" "Mozilla/5.0 (compatible; BLEXBot/1.0; +http://webmeup-crawler.com/)"
46.4.68.227 - - [22/Dec/2018:06:28:40 -0500] "GET /members/intra.14/about HTTP/1.1" 200 9982 "-" "Mozilla/5.0 (compatible; BLEXBot/1.0; +http://webmeup-crawler.com/)"
46.4.68.227 - - [22/Dec/2018:06:28:45 -0500] "GET /members/intra.14/reaction-stats HTTP/1.1" 200 10303 "-" "Mozilla/5.0 (compatible; BLEXBot/1.0; +http://webmeup-crawler.com/)"
46.4.68.227 - - [22/Dec/2018:06:28:48 -0500] "GET /members/intra.14/reactions?type=given&reaction_id=1 HTTP/1.1" 200 9686 "-" "Mozilla/5.0 (compatible; BLEXBot/1.0; +http://webmeup-crawler.com/)"
46.4.68.227 - - [22/Dec/2018:06:28:50 -0500] "GET /members/intra.14/reactions?type=given&reaction_id=12 HTTP/1.1" 200 9679 "-" "Mozilla/5.0 (compatible; BLEXBot/1.0; +http://webmeup-crawler.com/)"
46.4.68.227 - - [22/Dec/2018:06:28:57 -0500] "GET /members/intra.14/reactions?type=given&reaction_id=16 HTTP/1.1" 200 9681 "-" "Mozilla/5.0 (compatible; BLEXBot/1.0; +http://webmeup-crawler.com/)"
46.4.68.227 - - [22/Dec/2018:06:28:58 -0500] "GET /members/intra.14/reactions?type=given&reaction_id=17 HTTP/1.1" 200 9687 "-" "Mozilla/5.0 (compatible; BLEXBot/1.0; +http://webmeup-crawler.com/)"
46.4.68.227 - - [22/Dec/2018:06:29:00 -0500] "GET /members/intra.14/reactions?type=given&reaction_id=2 HTTP/1.1" 200 9681 "-" "Mozilla/5.0 (compatible; BLEXBot/1.0; +http://webmeup-crawler.com/)"
46.4.68.227 - - [22/Dec/2018:06:29:02 -0500] "GET /members/intra.14/reactions?type=given&reaction_id=20 HTTP/1.1" 200 9688 "-" "Mozilla/5.0 (compatible; BLEXBot/1.0; +http://webmeup-crawler.com/)"
46.4.68.227 - - [22/Dec/2018:06:29:03 -0500] "GET /members/intra.14/reactions?type=given&reaction_id=21 HTTP/1.1" 200 9683 "-" "Mozilla/5.0 (compatible; BLEXBot/1.0; +http://webmeup-crawler.com/)"
46.4.68.227 - - [22/Dec/2018:06:29:05 -0500] "GET /members/intra.14/reactions?type=given&reaction_id=22 HTTP/1.1" 200 9681 "-" "Mozilla/5.0 (compatible; BLEXBot/1.0; +http://webmeup-crawler.com/)"
46.4.68.227 - - [22/Dec/2018:06:29:09 -0500] "GET /members/intra.14/reactions?type=given&reaction_id=23 HTTP/1.1" 200 9681 "-" "Mozilla/5.0 (compatible; BLEXBot/1.0; +http://webmeup-crawler.com/)"
46.4.68.227 - - [22/Dec/2018:06:29:10 -0500] "GET /members/intra.14/reactions?type=given&reaction_id=24 HTTP/1.1" 200 9684 "-" "Mozilla/5.0 (compatible; BLEXBot/1.0; +http://webmeup-crawler.com/)"
46.4.68.227 - - [22/Dec/2018:06:29:12 -0500] "GET /members/intra.14/reactions?type=given&reaction_id=3 HTTP/1.1" 200 9680 "-" "Mozilla/5.0 (compatible; BLEXBot/1.0; +http://webmeup-crawler.com/)"
51.15.61.222 - - [22/Dec/2018:06:29:12 -0500] "GET / HTTP/1.1" 301 - "https://www.paladin.rip/" "HetrixTools Uptime Monitoring Bot. https://hetrix.tools/uptime-monitoring-bot.html"
51.15.61.222 - - [22/Dec/2018:06:29:13 -0500] "GET / HTTP/1.1" 200 15851 "https://paladin-extensions.com/" "HetrixTools Uptime Monitoring Bot. https://hetrix.tools/uptime-monitoring-bot.html"
46.4.68.227 - - [22/Dec/2018:06:29:13 -0500] "GET /members/intra.14/reactions?type=given&reaction_id=4 HTTP/1.1" 200 9685 "-" "Mozilla/5.0 (compatible; BLEXBot/1.0; +http://webmeup-crawler.com/)"
46.4.68.227 - - [22/Dec/2018:06:29:16 -0500] "GET /members/intra.14/reactions?type=given&reaction_id=6 HTTP/1.1" 200 9683 "-" "Mozilla/5.0 (compatible; BLEXBot/1.0; +http://webmeup-crawler.com/)"
46.4.68.227 - - [22/Dec/2018:06:29:19 -0500] "GET /members/intra.14/reactions?type=given&reaction_id=7 HTTP/1.1" 200 9689 "-" "Mozilla/5.0 (compatible; BLEXBot/1.0; +http://webmeup-crawler.com/)"
96.126.106.201 - - [22/Dec/2018:06:29:21 -0500] "GET / HTTP/1.1" 301 - "https://www.paladin.rip/" "HetrixTools Uptime Monitoring Bot. https://hetrix.tools/uptime-monitoring-bot.html"
23.239.7.4 - - [22/Dec/2018:06:29:21 -0500] "GET / HTTP/1.1" 301 - "https://www.paladin.rip/" "HetrixTools Uptime Monitoring Bot. https://hetrix.tools/uptime-monitoring-bot.html"
96.126.106.201 - - [22/Dec/2018:06:29:21 -0500] "GET / HTTP/1.1" 200 15848 "https://paladin-extensions.com/" "HetrixTools Uptime Monitoring Bot. https://hetrix.tools/uptime-monitoring-bot.html"
46.4.68.227 - - [22/Dec/2018:06:29:21 -0500] "GET /members/intra.14/reactions?type=given&reaction_id=8 HTTP/1.1" 200 9680 "-" "Mozilla/5.0 (compatible; BLEXBot/1.0; +http://webmeup-crawler.com/)"
23.239.7.4 - - [22/Dec/2018:06:29:21 -0500] "GET / HTTP/1.1" 200 15849 "https://paladin-extensions.com/" "HetrixTools Uptime Monitoring Bot. https://hetrix.tools/uptime-monitoring-bot.html"
46.4.68.227 - - [22/Dec/2018:06:29:24 -0500] "GET /members/intra.14/reactions?type=given&reaction_id=9 HTTP/1.1" 200 9683 "-" "Mozilla/5.0 (compatible; BLEXBot/1.0; +http://webmeup-crawler.com/)"
46.4.68.227 - - [22/Dec/2018:06:29:28 -0500] "GET /members/intra.14/reactions?type=received HTTP/1.1" 200 9682 "-" "Mozilla/5.0 (compatible; BLEXBot/1.0; +http://webmeup-crawler.com/)"
46.4.68.227 - - [22/Dec/2018:06:29:31 -0500] "GET /members/intra.14/reactions?type=received&reaction_id=1 HTTP/1.1" 200 9681 "-" "Mozilla/5.0 (compatible; BLEXBot/1.0; +http://webmeup-crawler.com/)"
46.4.68.227 - - [22/Dec/2018:06:29:33 -0500] "GET /members/intra.14/reactions?type=received&reaction_id=12 HTTP/1.1" 200 9680 "-" "Mozilla/5.0 (compatible; BLEXBot/1.0; +http://webmeup-crawler.com/)"
46.4.68.227 - - [22/Dec/2018:06:29:37 -0500] "GET /members/intra.14/reactions?type=received&reaction_id=16 HTTP/1.1" 200 9681 "-" "Mozilla/5.0 (compatible; BLEXBot/1.0; +http://webmeup-crawler.com/)"
46.4.68.227 - - [22/Dec/2018:06:29:39 -0500] "GET /members/intra.14/reactions?type=received&reaction_id=17 HTTP/1.1" 200 9680 "-" "Mozilla/5.0 (compatible; BLEXBot/1.0; +http://webmeup-crawler.com/)"
46.4.68.227 - - [22/Dec/2018:06:29:41 -0500] "GET /members/intra.14/reactions?type=received&reaction_id=2 HTTP/1.1" 200 9681 "-" "Mozilla/5.0 (compatible; BLEXBot/1.0; +http://webmeup-crawler.com/)"
46.4.68.227 - - [22/Dec/2018:06:29:44 -0500] "GET /members/intra.14/reactions?type=received&reaction_id=20 HTTP/1.1" 200 9681 "-" "Mozilla/5.0 (compatible; BLEXBot/1.0; +http://webmeup-crawler.com/)"
46.4.68.227 - - [22/Dec/2018:06:29:46 -0500] "GET /members/intra.14/reactions?type=received&reaction_id=21 HTTP/1.1" 200 9680 "-" "Mozilla/5.0 (compatible; BLEXBot/1.0; +http://webmeup-crawler.com/)"
46.4.68.227 - - [22/Dec/2018:06:29:49 -0500] "GET /members/intra.14/reactions?type=received&reaction_id=22 HTTP/1.1" 200 9680 "-" "Mozilla/5.0 (compatible; BLEXBot/1.0; +http://webmeup-crawler.com/)"
46.4.68.227 - - [22/Dec/2018:06:29:50 -0500] "GET /members/intra.14/reactions?type=received&reaction_id=23 HTTP/1.1" 200 9680 "-" "Mozilla/5.0 (compatible; BLEXBot/1.0; +http://webmeup-crawler.com/)"
46.4.68.227 - - [22/Dec/2018:06:29:52 -0500] "GET /members/intra.14/reactions?type=received&reaction_id=24 HTTP/1.1" 200 9680 "-" "Mozilla/5.0 (compatible; BLEXBot/1.0; +http://webmeup-crawler.com/)"
46.4.68.227 - - [22/Dec/2018:06:29:54 -0500] "GET /members/intra.14/reactions?type=received&reaction_id=3 HTTP/1.1" 200 9688 "-" "Mozilla/5.0 (compatible; BLEXBot/1.0; +http://webmeup-crawler.com/)"
46.4.68.227 - - [22/Dec/2018:06:29:56 -0500] "GET /members/intra.14/reactions?type=received&reaction_id=4 HTTP/1.1" 200 9680 "-" "Mozilla/5.0 (compatible; BLEXBot/1.0; +http://webmeup-crawler.com/)"
46.4.68.227 - - [22/Dec/2018:06:29:58 -0500] "GET /members/intra.14/reactions?type=received&reaction_id=6 HTTP/1.1" 200 9681 "-" "Mozilla/5.0 (compatible; BLEXBot/1.0; +http://webmeup-crawler.com/)"
46.4.68.227 - - [22/Dec/2018:06:30:00 -0500] "GET /members/intra.14/reactions?type=received&reaction_id=7 HTTP/1.1" 200 9684 "-" "Mozilla/5.0 (compatible; BLEXBot/1.0; +http://webmeup-crawler.com/)"
46.4.68.227 - - [22/Dec/2018:06:30:02 -0500] "GET /members/intra.14/reactions?type=received&reaction_id=8 HTTP/1.1" 200 9681 "-" "Mozilla/5.0 (compatible; BLEXBot/1.0; +http://webmeup-crawler.com/)"
23.239.7.4 - - [22/Dec/2018:06:30:04 -0500] "GET / HTTP/1.1" 301 - "https://www.paladin.rip/" "HetrixTools Uptime Monitoring Bot. https://hetrix.tools/uptime-monitoring-bot.html"
23.239.7.4 - - [22/Dec/2018:06:30:04 -0500] "GET / HTTP/1.1" 200 15848 "https://paladin-extensions.com/" "HetrixTools Uptime Monitoring Bot. https://hetrix.tools/uptime-monitoring-bot.html"
51.15.61.222 - - [22/Dec/2018:06:30:07 -0500] "GET / HTTP/1.1" 301 - "https://www.paladin.rip/" "HetrixTools Uptime Monitoring Bot. https://hetrix.tools/uptime-monitoring-bot.html"
51.15.61.222 - - [22/Dec/2018:06:30:07 -0500] "GET / HTTP/1.1" 200 15847 "https://paladin-extensions.com/" "HetrixTools Uptime Monitoring Bot. https://hetrix.tools/uptime-monitoring-bot.html"
46.4.68.227 - - [22/Dec/2018:06:30:10 -0500] "GET /members/intra.14/reactions?type=received&reaction_id=9 HTTP/1.1" 200 9682 "-" "Mozilla/5.0 (compatible; BLEXBot/1.0; +http://webmeup-crawler.com/)"
46.4.68.227 - - [22/Dec/2018:06:30:11 -0500] "GET /members/intra.14/trophies HTTP/1.1" 200 9994 "-" "Mozilla/5.0 (compatible; BLEXBot/1.0; +http://webmeup-crawler.com/)"
96.126.106.201 - - [22/Dec/2018:06:30:15 -0500] "GET / HTTP/1.1" 301 - "https://www.paladin.rip/" "HetrixTools Uptime Monitoring Bot. https://hetrix.tools/uptime-monitoring-bot.html"
46.4.68.227 - - [22/Dec/2018:06:30:15 -0500] "GET /members/jdeez.27/about HTTP/1.1" 200 9969 "-" "Mozilla/5.0 (compatible; BLEXBot/1.0; +http://webmeup-crawler.com/)"
96.126.106.201 - - [22/Dec/2018:06:30:16 -0500] "GET / HTTP/1.1" 200 15850 "https://paladin-extensions.com/" "HetrixTools Uptime Monitoring Bot. https://hetrix.tools/uptime-monitoring-bot.html"
46.4.68.227 - - [22/Dec/2018:06:30:17 -0500] "GET /members/jdeez.27/reaction-stats HTTP/1.1" 200 10285 "-" "Mozilla/5.0 (compatible; BLEXBot/1.0; +http://webmeup-crawler.com/)"
46.4.68.227 - - [22/Dec/2018:06:30:19 -0500] "GET /members/jdeez.27/reactions?type=given&reaction_id=1 HTTP/1.1" 200 9680 "-" "Mozilla/5.0 (compatible; BLEXBot/1.0; +http://webmeup-crawler.com/)"
46.4.68.227 - - [22/Dec/2018:06:30:26 -0500] "GET /members/jdeez.27/reactions?type=given&reaction_id=12 HTTP/1.1" 200 9678 "-" "Mozilla/5.0 (compatible; BLEXBot/1.0; +http://webmeup-crawler.com/)"
46.4.68.227 - - [22/Dec/2018:06:30:32 -0500] "GET /members/jdeez.27/reactions?type=given&reaction_id=16 HTTP/1.1" 200 9678 "-" "Mozilla/5.0 (compatible; BLEXBot/1.0; +http://webmeup-crawler.com/)"
46.4.68.227 - - [22/Dec/2018:06:30:35 -0500] "GET /members/jdeez.27/reactions?type=given&reaction_id=17 HTTP/1.1" 200 9678 "-" "Mozilla/5.0 (compatible; BLEXBot/1.0; +http://webmeup-crawler.com/)"
46.4.68.227 - - [22/Dec/2018:06:30:38 -0500] "GET /members/jdeez.27/reactions?type=given&reaction_id=2 HTTP/1.1" 200 9684 "-" "Mozilla/5.0 (compatible; BLEXBot/1.0; +http://webmeup-crawler.com/)"
46.4.68.227 - - [22/Dec/2018:06:30:44 -0500] "GET /members/jdeez.27/reactions?type=given&reaction_id=20 HTTP/1.1" 200 9684 "-" "Mozilla/5.0 (compatible; BLEXBot/1.0; +http://webmeup-crawler.com/)"
46.4.68.227 - - [22/Dec/2018:06:30:46 -0500] "GET /members/jdeez.27/reactions?type=given&reaction_id=21 HTTP/1.1" 200 9687 "-" "Mozilla/5.0 (compatible; BLEXBot/1.0; +http://webmeup-crawler.com/)"
46.4.68.227 - - [22/Dec/2018:06:30:47 -0500] "GET /members/jdeez.27/reactions?type=given&reaction_id=22 HTTP/1.1" 200 9680 "-" "Mozilla/5.0 (compatible; BLEXBot/1.0; +http://webmeup-crawler.com/)"
46.4.68.227 - - [22/Dec/2018:06:30:49 -0500] "GET /members/jdeez.27/reactions?type=given&reaction_id=23 HTTP/1.1" 200 9683 "-" "Mozilla/5.0 (compatible; BLEXBot/1.0; +http://webmeup-crawler.com/)"
46.4.68.227 - - [22/Dec/2018:06:30:53 -0500] "GET /members/jdeez.27/reactions?type=given&reaction_id=24 HTTP/1.1" 200 9682 "-" "Mozilla/5.0 (compatible; BLEXBot/1.0; +http://webmeup-crawler.com/)"
46.4.68.227 - - [22/Dec/2018:06:30:57 -0500] "GET /members/jdeez.27/reactions?type=given&reaction_id=3 HTTP/1.1" 200 9685 "-" "Mozilla/5.0 (compatible; BLEXBot/1.0; +http://webmeup-crawler.com/)"
46.4.68.227 - - [22/Dec/2018:06:31:00 -0500] "GET /members/jdeez.27/reactions?type=given&reaction_id=4 HTTP/1.1" 200 9678 "-" "Mozilla/5.0 (compatible; BLEXBot/1.0; +http://webmeup-crawler.com/)"
46.4.68.227 - - [22/Dec/2018:06:31:02 -0500] "GET /members/jdeez.27/reactions?type=given&reaction_id=6 HTTP/1.1" 200 9680 "-" "Mozilla/5.0 (compatible; BLEXBot/1.0; +http://webmeup-crawler.com/)"
46.4.68.227 - - [22/Dec/2018:06:31:04 -0500] "GET /members/jdeez.27/reactions?type=given&reaction_id=7 HTTP/1.1" 200 9681 "-" "Mozilla/5.0 (compatible; BLEXBot/1.0; +http://webmeup-crawler.com/)"
46.4.68.227 - - [22/Dec/2018:06:31:08 -0500] "GET /members/jdeez.27/reactions?type=given&reaction_id=8 HTTP/1.1" 200 9680 "-" "Mozilla/5.0 (compatible; BLEXBot/1.0; +http://webmeup-crawler.com/)"
46.4.68.227 - - [22/Dec/2018:06:31:10 -0500] "GET /members/jdeez.27/reactions?type=given&reaction_id=9 HTTP/1.1" 200 9678 "-" "Mozilla/5.0 (compatible; BLEXBot/1.0; +http://webmeup-crawler.com/)"
188.166.79.172 - - [22/Dec/2018:06:31:13 -0500] "GET / HTTP/1.1" 301 - "https://www.paladin.rip/" "HetrixTools Uptime Monitoring Bot. https://hetrix.tools/uptime-monitoring-bot.html"
46.4.68.227 - - [22/Dec/2018:06:31:14 -0500] "GET /members/jdeez.27/reactions?type=received HTTP/1.1" 200 9702 "-" "Mozilla/5.0 (compatible; BLEXBot/1.0; +http://webmeup-crawler.com/)"
188.166.79.172 - - [22/Dec/2018:06:31:14 -0500] "GET / HTTP/1.1" 200 15853 "https://paladin-extensions.com/" "HetrixTools Uptime Monitoring Bot. https://hetrix.tools/uptime-monitoring-bot.html"
52.23.120.125 - - [22/Dec/2018:06:31:16 -0500] "GET / HTTP/1.1" 301 - "https://www.paladin.rip/" "HetrixTools Uptime Monitoring Bot. https://hetrix.tools/uptime-monitoring-bot.html"
149.28.212.239 - - [22/Dec/2018:06:31:17 -0500] "GET / HTTP/1.1" 301 - "https://www.paladin.rip/" "HetrixTools Uptime Monitoring Bot. https://hetrix.tools/uptime-monitoring-bot.html"
46.4.68.227 - - [22/Dec/2018:06:31:17 -0500] "GET /members/jdeez.27/reactions?type=received&reaction_id=1 HTTP/1.1" 200 9680 "-" "Mozilla/5.0 (compatible; BLEXBot/1.0; +http://webmeup-crawler.com/)"
52.23.120.125 - - [22/Dec/2018:06:31:17 -0500] "GET / HTTP/1.1" 200 15851 "https://paladin-extensions.com/" "HetrixTools Uptime Monitoring Bot. https://hetrix.tools/uptime-monitoring-bot.html"
149.28.212.239 - - [22/Dec/2018:06:31:17 -0500] "GET / HTTP/1.1" 200 15871 "https://paladin-extensions.com/" "HetrixTools Uptime Monitoring Bot. https://hetrix.tools/uptime-monitoring-bot.html"
46.4.68.227 - - [22/Dec/2018:06:31:19 -0500] "GET /members/jdeez.27/reactions?type=received&reaction_id=12 HTTP/1.1" 200 9681 "-" "Mozilla/5.0 (compatible; BLEXBot/1.0; +http://webmeup-crawler.com/)"
46.4.68.227 - - [22/Dec/2018:06:31:21 -0500] "GET /members/jdeez.27/reactions?type=received&reaction_id=16 HTTP/1.1" 200 9678 "-" "Mozilla/5.0 (compatible; BLEXBot/1.0; +http://webmeup-crawler.com/)"
46.4.68.227 - - [22/Dec/2018:06:31:22 -0500] "GET /members/jdeez.27/reactions?type=received&reaction_id=17 HTTP/1.1" 200 9681 "-" "Mozilla/5.0 (compatible; BLEXBot/1.0; +http://webmeup-crawler.com/)"
46.4.68.227 - - [22/Dec/2018:06:31:24 -0500] "GET /members/jdeez.27/reactions?type=received&reaction_id=2 HTTP/1.1" 200 9686 "-" "Mozilla/5.0 (compatible; BLEXBot/1.0; +http://webmeup-crawler.com/)"
46.4.68.227 - - [22/Dec/2018:06:31:27 -0500] "GET /members/jdeez.27/reactions?type=received&reaction_id=20 HTTP/1.1" 200 9683 "-" "Mozilla/5.0 (compatible; BLEXBot/1.0; +http://webmeup-crawler.com/)"
46.4.68.227 - - [22/Dec/2018:06:31:34 -0500] "GET /members/jdeez.27/reactions?type=received&reaction_id=21 HTTP/1.1" 200 9682 "-" "Mozilla/5.0 (compatible; BLEXBot/1.0; +http://webmeup-crawler.com/)"
46.4.68.227 - - [22/Dec/2018:06:31:37 -0500] "GET /members/jdeez.27/reactions?type=received&reaction_id=22 HTTP/1.1" 200 9686 "-" "Mozilla/5.0 (compatible; BLEXBot/1.0; +http://webmeup-crawler.com/)"
46.4.68.227 - - [22/Dec/2018:06:31:41 -0500] "GET /members/jdeez.27/reactions?type=received&reaction_id=23 HTTP/1.1" 200 9678 "-" "Mozilla/5.0 (compatible; BLEXBot/1.0; +http://webmeup-crawler.com/)"
46.4.68.227 - - [22/Dec/2018:06:31:47 -0500] "GET /members/jdeez.27/reactions?type=received&reaction_id=24 HTTP/1.1" 200 9687 "-" "Mozilla/5.0 (compatible; BLEXBot/1.0; +http://webmeup-crawler.com/)"
46.4.68.227 - - [22/Dec/2018:06:31:48 -0500] "GET /members/jdeez.27/reactions?type=received&reaction_id=3 HTTP/1.1" 200 9686 "-" "Mozilla/5.0 (compatible; BLEXBot/1.0; +http://webmeup-crawler.com/)"
46.4.68.227 - - [22/Dec/2018:06:31:53 -0500] "GET /members/jdeez.27/reactions?type=received&reaction_id=4 HTTP/1.1" 200 9678 "-" "Mozilla/5.0 (compatible; BLEXBot/1.0; +http://webmeup-crawler.com/)"
46.4.68.227 - - [22/Dec/2018:06:31:55 -0500] "GET /members/jdeez.27/reactions?type=received&reaction_id=6 HTTP/1.1" 200 9676 "-" "Mozilla/5.0 (compatible; BLEXBot/1.0; +http://webmeup-crawler.com/)"
46.4.68.227 - - [22/Dec/2018:06:31:56 -0500] "GET /members/jdeez.27/reactions?type=received&reaction_id=7 HTTP/1.1" 200 9679 "-" "Mozilla/5.0 (compatible; BLEXBot/1.0; +http://webmeup-crawler.com/)"
46.4.68.227 - - [22/Dec/2018:06:31:58 -0500] "GET /members/jdeez.27/reactions?type=received&reaction_id=8 HTTP/1.1" 200 9687 "-" "Mozilla/5.0 (compatible; BLEXBot/1.0; +http://webmeup-crawler.com/)"
46.4.68.227 - - [22/Dec/2018:06:32:00 -0500] "GET /members/jdeez.27/reactions?type=received&reaction_id=9 HTTP/1.1" 200 9681 "-" "Mozilla/5.0 (compatible; BLEXBot/1.0; +http://webmeup-crawler.com/)"
46.4.68.227 - - [22/Dec/2018:06:32:02 -0500] "GET /members/jdeez.27/trophies HTTP/1.1" 200 9996 "-" "Mozilla/5.0 (compatible; BLEXBot/1.0; +http://webmeup-crawler.com/)"
52.23.120.125 - - [22/Dec/2018:06:32:06 -0500] "GET / HTTP/1.1" 301 - "https://www.paladin.rip/" "HetrixTools Uptime Monitoring Bot. https://hetrix.tools/uptime-monitoring-bot.html"
52.23.120.125 - - [22/Dec/2018:06:32:07 -0500] "GET / HTTP/1.1" 200 15850 "https://paladin-extensions.com/" "HetrixTools Uptime Monitoring Bot. https://hetrix.tools/uptime-monitoring-bot.html"
46.4.68.227 - - [22/Dec/2018:06:32:12 -0500] "GET /members/miloz.24/ HTTP/1.1" 403 10204 "-" "Mozilla/5.0 (compatible; BLEXBot/1.0; +http://webmeup-crawler.com/)"
46.4.68.227 - - [22/Dec/2018:06:32:14 -0500] "GET /members/pumpfake.31/reactions?type=received&reaction_id=17 HTTP/1.1" 200 9687 "-" "Mozilla/5.0 (compatible; BLEXBot/1.0; +http://webmeup-crawler.com/)"
23.239.7.4 - - [22/Dec/2018:06:32:16 -0500] "GET / HTTP/1.1" 301 - "https://www.paladin.rip/" "HetrixTools Uptime Monitoring Bot. https://hetrix.tools/uptime-monitoring-bot.html"
23.239.7.4 - - [22/Dec/2018:06:32:16 -0500] "GET / HTTP/1.1" 200 15849 "https://paladin-extensions.com/" "HetrixTools Uptime Monitoring Bot. https://hetrix.tools/uptime-monitoring-bot.html"
46.4.68.227 - - [22/Dec/2018:06:32:16 -0500] "GET /members/satellite_.17/about HTTP/1.1" 200 9688 "-" "Mozilla/5.0 (compatible; BLEXBot/1.0; +http://webmeup-crawler.com/)"
95.179.139.97 - - [22/Dec/2018:06:32:17 -0500] "GET / HTTP/1.1" 301 - "https://www.paladin.rip/" "HetrixTools Uptime Monitoring Bot. https://hetrix.tools/uptime-monitoring-bot.html"
46.4.68.227 - - [22/Dec/2018:06:32:18 -0500] "GET /members/satellite_.17/reaction-stats HTTP/1.1" 200 10309 "-" "Mozilla/5.0 (compatible; BLEXBot/1.0; +http://webmeup-crawler.com/)"
95.179.139.97 - - [22/Dec/2018:06:32:18 -0500] "GET / HTTP/1.1" 200 15850 "https://paladin-extensions.com/" "HetrixTools Uptime Monitoring Bot. https://hetrix.tools/uptime-monitoring-bot.html"
46.4.68.227 - - [22/Dec/2018:06:32:21 -0500] "GET /members/satellite_.17/reactions?type=given&reaction_id=1 HTTP/1.1" 200 9686 "-" "Mozilla/5.0 (compatible; BLEXBot/1.0; +http://webmeup-crawler.com/)"
46.4.68.227 - - [22/Dec/2018:06:32:23 -0500] "GET /members/satellite_.17/reactions?type=given&reaction_id=12 HTTP/1.1" 200 9688 "-" "Mozilla/5.0 (compatible; BLEXBot/1.0; +http://webmeup-crawler.com/)"
46.4.68.227 - - [22/Dec/2018:06:32:34 -0500] "GET /members/satellite_.17/reactions?type=given&reaction_id=16 HTTP/1.1" 200 9691 "-" "Mozilla/5.0 (compatible; BLEXBot/1.0; +http://webmeup-crawler.com/)"
46.4.68.227 - - [22/Dec/2018:06:32:36 -0500] "GET /members/satellite_.17/reactions?type=given&reaction_id=17 HTTP/1.1" 200 9689 "-" "Mozilla/5.0 (compatible; BLEXBot/1.0; +http://webmeup-crawler.com/)"
46.4.68.227 - - [22/Dec/2018:06:32:38 -0500] "GET /members/satellite_.17/reactions?type=given&reaction_id=2 HTTP/1.1" 200 9692 "-" "Mozilla/5.0 (compatible; BLEXBot/1.0; +http://webmeup-crawler.com/)"
46.4.68.227 - - [22/Dec/2018:06:32:40 -0500] "GET /members/satellite_.17/reactions?type=given&reaction_id=20 HTTP/1.1" 200 9689 "-" "Mozilla/5.0 (compatible; BLEXBot/1.0; +http://webmeup-crawler.com/)"
46.4.68.227 - - [22/Dec/2018:06:32:42 -0500] "GET /members/satellite_.17/reactions?type=given&reaction_id=21 HTTP/1.1" 200 9690 "-" "Mozilla/5.0 (compatible; BLEXBot/1.0; +http://webmeup-crawler.com/)"
46.4.68.227 - - [22/Dec/2018:06:32:46 -0500] "GET /members/satellite_.17/reactions?type=given&reaction_id=22 HTTP/1.1" 200 9682 "-" "Mozilla/5.0 (compatible; BLEXBot/1.0; +http://webmeup-crawler.com/)"
46.4.68.227 - - [22/Dec/2018:06:32:48 -0500] "GET /members/satellite_.17/reactions?type=given&reaction_id=23 HTTP/1.1" 200 9686 "-" "Mozilla/5.0 (compatible; BLEXBot/1.0; +http://webmeup-crawler.com/)"
46.4.68.227 - - [22/Dec/2018:06:32:53 -0500] "GET /members/satellite_.17/reactions?type=given&reaction_id=24 HTTP/1.1" 200 9687 "-" "Mozilla/5.0 (compatible; BLEXBot/1.0; +http://webmeup-crawler.com/)"
46.4.68.227 - - [22/Dec/2018:06:32:55 -0500] "GET /members/satellite_.17/reactions?type=given&reaction_id=3 HTTP/1.1" 200 9688 "-" "Mozilla/5.0 (compatible; BLEXBot/1.0; +http://webmeup-crawler.com/)"
46.4.68.227 - - [22/Dec/2018:06:32:57 -0500] "GET /members/satellite_.17/reactions?type=given&reaction_id=4 HTTP/1.1" 200 9684 "-" "Mozilla/5.0 (compatible; BLEXBot/1.0; +http://webmeup-crawler.com/)"
46.4.68.227 - - [22/Dec/2018:06:33:03 -0500] "GET /members/satellite_.17/reactions?type=given&reaction_id=6 HTTP/1.1" 200 9688 "-" "Mozilla/5.0 (compatible; BLEXBot/1.0; +http://webmeup-crawler.com/)"
46.4.68.227 - - [22/Dec/2018:06:33:06 -0500] "GET /members/satellite_.17/reactions?type=given&reaction_id=7 HTTP/1.1" 200 9687 "-" "Mozilla/5.0 (compatible; BLEXBot/1.0; +http://webmeup-crawler.com/)"
46.4.68.227 - - [22/Dec/2018:06:33:08 -0500] "GET /members/satellite_.17/reactions?type=given&reaction_id=8 HTTP/1.1" 200 9685 "-" "Mozilla/5.0 (compatible; BLEXBot/1.0; +http://webmeup-crawler.com/)"
149.28.212.239 - - [22/Dec/2018:06:33:12 -0500] "GET / HTTP/1.1" 301 - "https://www.paladin.rip/" "HetrixTools Uptime Monitoring Bot. https://hetrix.tools/uptime-monitoring-bot.html"
188.166.79.172 - - [22/Dec/2018:06:33:13 -0500] "GET / HTTP/1.1" 301 - "https://www.paladin.rip/" "HetrixTools Uptime Monitoring Bot. https://hetrix.tools/uptime-monitoring-bot.html"
149.28.212.239 - - [22/Dec/2018:06:33:13 -0500] "GET / HTTP/1.1" 200 15852 "https://paladin-extensions.com/" "HetrixTools Uptime Monitoring Bot. https://hetrix.tools/uptime-monitoring-bot.html"
188.166.79.172 - - [22/Dec/2018:06:33:13 -0500] "GET / HTTP/1.1" 200 15853 "https://paladin-extensions.com/" "HetrixTools Uptime Monitoring Bot. https://hetrix.tools/uptime-monitoring-bot.html"
46.4.68.227 - - [22/Dec/2018:06:33:18 -0500] "GET /members/satellite_.17/reactions?type=given&reaction_id=9 HTTP/1.1" 200 9687 "-" "Mozilla/5.0 (compatible; BLEXBot/1.0; +http://webmeup-crawler.com/)"
46.4.68.227 - - [22/Dec/2018:06:33:21 -0500] "GET /members/satellite_.17/reactions?type=received HTTP/1.1" 200 9686 "-" "Mozilla/5.0 (compatible; BLEXBot/1.0; +http://webmeup-crawler.com/)"
96.126.106.201 - - [22/Dec/2018:06:33:21 -0500] "GET / HTTP/1.1" 301 - "https://www.paladin.rip/" "HetrixTools Uptime Monitoring Bot. https://hetrix.tools/uptime-monitoring-bot.html"
96.126.106.201 - - [22/Dec/2018:06:33:22 -0500] "GET / HTTP/1.1" 200 15849 "https://paladin-extensions.com/" "HetrixTools Uptime Monitoring Bot. https://hetrix.tools/uptime-monitoring-bot.html"
46.4.68.227 - - [22/Dec/2018:06:33:23 -0500] "GET /members/satellite_.17/reactions?type=received&reaction_id=1 HTTP/1.1" 200 9687 "-" "Mozilla/5.0 (compatible; BLEXBot/1.0; +http://webmeup-crawler.com/)"
46.4.68.227 - - [22/Dec/2018:06:33:26 -0500] "GET /members/satellite_.17/reactions?type=received&reaction_id=12 HTTP/1.1" 200 9685 "-" "Mozilla/5.0 (compatible; BLEXBot/1.0; +http://webmeup-crawler.com/)"
46.4.68.227 - - [22/Dec/2018:06:33:28 -0500] "GET /members/satellite_.17/reactions?type=received&reaction_id=16 HTTP/1.1" 200 9691 "-" "Mozilla/5.0 (compatible; BLEXBot/1.0; +http://webmeup-crawler.com/)"
46.4.68.227 - - [22/Dec/2018:06:33:31 -0500] "GET /members/satellite_.17/reactions?type=received&reaction_id=17 HTTP/1.1" 200 9686 "-" "Mozilla/5.0 (compatible; BLEXBot/1.0; +http://webmeup-crawler.com/)"
46.4.68.227 - - [22/Dec/2018:06:33:37 -0500] "GET /members/satellite_.17/reactions?type=received&reaction_id=2 HTTP/1.1" 200 9689 "-" "Mozilla/5.0 (compatible; BLEXBot/1.0; +http://webmeup-crawler.com/)"
46.4.68.227 - - [22/Dec/2018:06:33:39 -0500] "GET /members/satellite_.17/reactions?type=received&reaction_id=20 HTTP/1.1" 200 9689 "-" "Mozilla/5.0 (compatible; BLEXBot/1.0; +http://webmeup-crawler.com/)"
46.4.68.227 - - [22/Dec/2018:06:33:45 -0500] "GET /members/satellite_.17/reactions?type=received&reaction_id=21 HTTP/1.1" 200 9692 "-" "Mozilla/5.0 (compatible; BLEXBot/1.0; +http://webmeup-crawler.com/)"
46.4.68.227 - - [22/Dec/2018:06:33:50 -0500] "GET /members/satellite_.17/reactions?type=received&reaction_id=22 HTTP/1.1" 200 9688 "-" "Mozilla/5.0 (compatible; BLEXBot/1.0; +http://webmeup-crawler.com/)"
46.4.68.227 - - [22/Dec/2018:06:33:52 -0500] "GET /members/satellite_.17/reactions?type=received&reaction_id=23 HTTP/1.1" 200 9686 "-" "Mozilla/5.0 (compatible; BLEXBot/1.0; +http://webmeup-crawler.com/)"
46.4.68.227 - - [22/Dec/2018:06:33:55 -0500] "GET /members/satellite_.17/reactions?type=received&reaction_id=24 HTTP/1.1" 200 9689 "-" "Mozilla/5.0 (compatible; BLEXBot/1.0; +http://webmeup-crawler.com/)"
46.4.68.227 - - [22/Dec/2018:06:33:59 -0500] "GET /members/satellite_.17/reactions?type=received&reaction_id=3 HTTP/1.1" 200 9687 "-" "Mozilla/5.0 (compatible; BLEXBot/1.0; +http://webmeup-crawler.com/)"
46.4.68.227 - - [22/Dec/2018:06:34:01 -0500] "GET /members/satellite_.17/reactions?type=received&reaction_id=4 HTTP/1.1" 200 9687 "-" "Mozilla/5.0 (compatible; BLEXBot/1.0; +http://webmeup-crawler.com/)"
46.4.68.227 - - [22/Dec/2018:06:34:03 -0500] "GET /members/satellite_.17/reactions?type=received&reaction_id=6 HTTP/1.1" 200 9687 "-" "Mozilla/5.0 (compatible; BLEXBot/1.0; +http://webmeup-crawler.com/)"
46.4.68.227 - - [22/Dec/2018:06:34:05 -0500] "GET /members/satellite_.17/reactions?type=received&reaction_id=7 HTTP/1.1" 200 9683 "-" "Mozilla/5.0 (compatible; BLEXBot/1.0; +http://webmeup-crawler.com/)"
51.15.61.222 - - [22/Dec/2018:06:34:06 -0500] "GET / HTTP/1.1" 301 - "https://www.paladin.rip/" "HetrixTools Uptime Monitoring Bot. https://hetrix.tools/uptime-monitoring-bot.html"
51.15.61.222 - - [22/Dec/2018:06:34:07 -0500] "GET / HTTP/1.1" 200 15871 "https://paladin-extensions.com/" "HetrixTools Uptime Monitoring Bot. https://hetrix.tools/uptime-monitoring-bot.html"
46.4.68.227 - - [22/Dec/2018:06:34:08 -0500] "GET /members/satellite_.17/reactions?type=received&reaction_id=8 HTTP/1.1" 200 9682 "-" "Mozilla/5.0 (compatible; BLEXBot/1.0; +http://webmeup-crawler.com/)"
46.4.68.227 - - [22/Dec/2018:06:34:10 -0500] "GET /members/satellite_.17/reactions?type=received&reaction_id=9 HTTP/1.1" 200 9688 "-" "Mozilla/5.0 (compatible; BLEXBot/1.0; +http://webmeup-crawler.com/)"
46.4.68.227 - - [22/Dec/2018:06:34:12 -0500] "GET /members/satellite_.17/trophies HTTP/1.1" 200 9754 "-" "Mozilla/5.0 (compatible; BLEXBot/1.0; +http://webmeup-crawler.com/)"
46.4.68.227 - - [22/Dec/2018:06:34:15 -0500] "GET /members/theoddone.16/ HTTP/1.1" 200 12337 "-" "Mozilla/5.0 (compatible; BLEXBot/1.0; +http://webmeup-crawler.com/)"
159.89.159.134 - - [22/Dec/2018:06:34:20 -0500] "GET / HTTP/1.1" 301 - "https://www.paladin.rip/" "HetrixTools Uptime Monitoring Bot. https://hetrix.tools/uptime-monitoring-bot.html"
46.4.68.227 - - [22/Dec/2018:06:34:20 -0500] "GET /members/waddu.23/about HTTP/1.1" 200 9681 "-" "Mozilla/5.0 (compatible; BLEXBot/1.0; +http://webmeup-crawler.com/)"
52.207.41.187 - - [22/Dec/2018:06:34:20 -0500] "GET / HTTP/1.1" 301 - "https://www.paladin.rip/" "HetrixTools Uptime Monitoring Bot. https://hetrix.tools/uptime-monitoring-bot.html"
159.89.159.134 - - [22/Dec/2018:06:34:21 -0500] "GET / HTTP/1.1" 200 15851 "https://paladin-extensions.com/" "HetrixTools Uptime Monitoring Bot. https://hetrix.tools/uptime-monitoring-bot.html"
52.207.41.187 - - [22/Dec/2018:06:34:21 -0500] "GET / HTTP/1.1" 200 15853 "https://paladin-extensions.com/" "HetrixTools Uptime Monitoring Bot. https://hetrix.tools/uptime-monitoring-bot.html"
46.4.68.227 - - [22/Dec/2018:06:34:23 -0500] "GET /members/waddu.23/reaction-stats HTTP/1.1" 200 10302 "-" "Mozilla/5.0 (compatible; BLEXBot/1.0; +http://webmeup-crawler.com/)"
46.4.68.227 - - [22/Dec/2018:06:34:25 -0500] "GET /members/waddu.23/reactions?type=given&reaction_id=1 HTTP/1.1" 200 9679 "-" "Mozilla/5.0 (compatible; BLEXBot/1.0; +http://webmeup-crawler.com/)"
46.4.68.227 - - [22/Dec/2018:06:34:27 -0500] "GET /members/waddu.23/reactions?type=given&reaction_id=12 HTTP/1.1" 200 9677 "-" "Mozilla/5.0 (compatible; BLEXBot/1.0; +http://webmeup-crawler.com/)"
46.4.68.227 - - [22/Dec/2018:06:34:29 -0500] "GET /members/waddu.23/reactions?type=given&reaction_id=16 HTTP/1.1" 200 9678 "-" "Mozilla/5.0 (compatible; BLEXBot/1.0; +http://webmeup-crawler.com/)"
46.4.68.227 - - [22/Dec/2018:06:34:33 -0500] "GET /members/waddu.23/reactions?type=given&reaction_id=17 HTTP/1.1" 200 9678 "-" "Mozilla/5.0 (compatible; BLEXBot/1.0; +http://webmeup-crawler.com/)"
46.4.68.227 - - [22/Dec/2018:06:34:34 -0500] "GET /members/waddu.23/reactions?type=given&reaction_id=2 HTTP/1.1" 200 9681 "-" "Mozilla/5.0 (compatible; BLEXBot/1.0; +http://webmeup-crawler.com/)"
46.4.68.227 - - [22/Dec/2018:06:34:38 -0500] "GET /members/waddu.23/reactions?type=given&reaction_id=20 HTTP/1.1" 200 9675 "-" "Mozilla/5.0 (compatible; BLEXBot/1.0; +http://webmeup-crawler.com/)"
46.4.68.227 - - [22/Dec/2018:06:34:41 -0500] "GET /members/waddu.23/reactions?type=given&reaction_id=21 HTTP/1.1" 200 9686 "-" "Mozilla/5.0 (compatible; BLEXBot/1.0; +http://webmeup-crawler.com/)"
46.4.68.227 - - [22/Dec/2018:06:35:03 -0500] "GET /members/waddu.23/reactions?type=given&reaction_id=22 HTTP/1.1" 200 9682 "-" "Mozilla/5.0 (compatible; BLEXBot/1.0; +http://webmeup-crawler.com/)"
46.4.68.227 - - [22/Dec/2018:06:35:05 -0500] "GET /members/waddu.23/reactions?type=given&reaction_id=23 HTTP/1.1" 200 9682 "-" "Mozilla/5.0 (compatible; BLEXBot/1.0; +http://webmeup-crawler.com/)"
159.89.159.134 - - [22/Dec/2018:06:35:05 -0500] "GET / HTTP/1.1" 301 - "https://www.paladin.rip/" "HetrixTools Uptime Monitoring Bot. https://hetrix.tools/uptime-monitoring-bot.html"
159.89.159.134 - - [22/Dec/2018:06:35:05 -0500] "GET / HTTP/1.1" 200 15871 "https://paladin-extensions.com/" "HetrixTools Uptime Monitoring Bot. https://hetrix.tools/uptime-monitoring-bot.html"
51.15.61.222 - - [22/Dec/2018:06:35:06 -0500] "GET / HTTP/1.1" 301 - "https://www.paladin.rip/" "HetrixTools Uptime Monitoring Bot. https://hetrix.tools/uptime-monitoring-bot.html"
51.15.61.222 - - [22/Dec/2018:06:35:07 -0500] "GET / HTTP/1.1" 200 15852 "https://paladin-extensions.com/" "HetrixTools Uptime Monitoring Bot. https://hetrix.tools/uptime-monitoring-bot.html"
46.4.68.227 - - [22/Dec/2018:06:35:08 -0500] "GET /members/waddu.23/reactions?type=given&reaction_id=24 HTTP/1.1" 200 9685 "-" "Mozilla/5.0 (compatible; BLEXBot/1.0; +http://webmeup-crawler.com/)"
46.4.68.227 - - [22/Dec/2018:06:35:11 -0500] "GET /members/waddu.23/reactions?type=given&reaction_id=3 HTTP/1.1" 200 9680 "-" "Mozilla/5.0 (compatible; BLEXBot/1.0; +http://webmeup-crawler.com/)"
46.4.68.227 - - [22/Dec/2018:06:35:13 -0500] "GET /members/waddu.23/reactions?type=given&reaction_id=4 HTTP/1.1" 200 9684 "-" "Mozilla/5.0 (compatible; BLEXBot/1.0; +http://webmeup-crawler.com/)"
52.207.41.187 - - [22/Dec/2018:06:35:15 -0500] "GET / HTTP/1.1" 301 - "https://www.paladin.rip/" "HetrixTools Uptime Monitoring Bot. https://hetrix.tools/uptime-monitoring-bot.html"
46.4.68.227 - - [22/Dec/2018:06:35:15 -0500] "GET /members/waddu.23/reactions?type=given&reaction_id=6 HTTP/1.1" 200 9678 "-" "Mozilla/5.0 (compatible; BLEXBot/1.0; +http://webmeup-crawler.com/)"
52.207.41.187 - - [22/Dec/2018:06:35:16 -0500] "GET / HTTP/1.1" 200 15873 "https://paladin-extensions.com/" "HetrixTools Uptime Monitoring Bot. https://hetrix.tools/uptime-monitoring-bot.html"
46.4.68.227 - - [22/Dec/2018:06:35:17 -0500] "GET /members/waddu.23/reactions?type=given&reaction_id=7 HTTP/1.1" 200 9678 "-" "Mozilla/5.0 (compatible; BLEXBot/1.0; +http://webmeup-crawler.com/)"
46.4.68.227 - - [22/Dec/2018:06:35:23 -0500] "GET /members/waddu.23/reactions?type=given&reaction_id=8 HTTP/1.1" 200 9679 "-" "Mozilla/5.0 (compatible; BLEXBot/1.0; +http://webmeup-crawler.com/)"
46.4.68.227 - - [22/Dec/2018:06:35:25 -0500] "GET /members/waddu.23/reactions?type=given&reaction_id=9 HTTP/1.1" 200 9677 "-" "Mozilla/5.0 (compatible; BLEXBot/1.0; +http://webmeup-crawler.com/)"
46.4.68.227 - - [22/Dec/2018:06:35:29 -0500] "GET /members/waddu.23/reactions?type=received HTTP/1.1" 200 9680 "-" "Mozilla/5.0 (compatible; BLEXBot/1.0; +http://webmeup-crawler.com/)"
46.4.68.227 - - [22/Dec/2018:06:35:31 -0500] "GET /members/waddu.23/reactions?type=received&reaction_id=1 HTTP/1.1" 200 9680 "-" "Mozilla/5.0 (compatible; BLEXBot/1.0; +http://webmeup-crawler.com/)"
46.4.68.227 - - [22/Dec/2018:06:35:33 -0500] "GET /members/waddu.23/reactions?type=received&reaction_id=12 HTTP/1.1" 200 9684 "-" "Mozilla/5.0 (compatible; BLEXBot/1.0; +http://webmeup-crawler.com/)"
46.4.68.227 - - [22/Dec/2018:06:35:35 -0500] "GET /members/waddu.23/reactions?type=received&reaction_id=16 HTTP/1.1" 200 9676 "-" "Mozilla/5.0 (compatible; BLEXBot/1.0; +http://webmeup-crawler.com/)"
46.4.68.227 - - [22/Dec/2018:06:35:37 -0500] "GET /members/waddu.23/reactions?type=received&reaction_id=17 HTTP/1.1" 200 9681 "-" "Mozilla/5.0 (compatible; BLEXBot/1.0; +http://webmeup-crawler.com/)"
46.4.68.227 - - [22/Dec/2018:06:35:40 -0500] "GET /members/waddu.23/reactions?type=received&reaction_id=2 HTTP/1.1" 200 9675 "-" "Mozilla/5.0 (compatible; BLEXBot/1.0; +http://webmeup-crawler.com/)"
46.4.68.227 - - [22/Dec/2018:06:35:43 -0500] "GET /members/waddu.23/reactions?type=received&reaction_id=20 HTTP/1.1" 200 9678 "-" "Mozilla/5.0 (compatible; BLEXBot/1.0; +http://webmeup-crawler.com/)"
46.4.68.227 - - [22/Dec/2018:06:35:45 -0500] "GET /members/waddu.23/reactions?type=received&reaction_id=21 HTTP/1.1" 200 9677 "-" "Mozilla/5.0 (compatible; BLEXBot/1.0; +http://webmeup-crawler.com/)"
46.4.68.227 - - [22/Dec/2018:06:35:53 -0500] "GET /members/waddu.23/reactions?type=received&reaction_id=22 HTTP/1.1" 200 9685 "-" "Mozilla/5.0 (compatible; BLEXBot/1.0; +http://webmeup-crawler.com/)"
46.4.68.227 - - [22/Dec/2018:06:35:55 -0500] "GET /members/waddu.23/reactions?type=received&reaction_id=23 HTTP/1.1" 200 9678 "-" "Mozilla/5.0 (compatible; BLEXBot/1.0; +http://webmeup-crawler.com/)"
46.4.68.227 - - [22/Dec/2018:06:35:58 -0500] "GET /members/waddu.23/reactions?type=received&reaction_id=24 HTTP/1.1" 200 9682 "-" "Mozilla/5.0 (compatible; BLEXBot/1.0; +http://webmeup-crawler.com/)"
46.4.68.227 - - [22/Dec/2018:06:36:00 -0500] "GET /members/waddu.23/reactions?type=received&reaction_id=3 HTTP/1.1" 200 9676 "-" "Mozilla/5.0 (compatible; BLEXBot/1.0; +http://webmeup-crawler.com/)"
46.4.68.227 - - [22/Dec/2018:06:36:02 -0500] "GET /members/waddu.23/reactions?type=received&reaction_id=4 HTTP/1.1" 200 9682 "-" "Mozilla/5.0 (compatible; BLEXBot/1.0; +http://webmeup-crawler.com/)"
96.126.106.201 - - [22/Dec/2018:06:36:04 -0500] "GET / HTTP/1.1" 301 - "https://www.paladin.rip/" "HetrixTools Uptime Monitoring Bot. https://hetrix.tools/uptime-monitoring-bot.html"
46.4.68.227 - - [22/Dec/2018:06:36:04 -0500] "GET /members/waddu.23/reactions?type=received&reaction_id=6 HTTP/1.1" 200 9679 "-" "Mozilla/5.0 (compatible; BLEXBot/1.0; +http://webmeup-crawler.com/)"
96.126.106.201 - - [22/Dec/2018:06:36:05 -0500] "GET / HTTP/1.1" 200 15868 "https://paladin-extensions.com/" "HetrixTools Uptime Monitoring Bot. https://hetrix.tools/uptime-monitoring-bot.html"
46.4.68.227 - - [22/Dec/2018:06:36:06 -0500] "GET /members/waddu.23/reactions?type=received&reaction_id=7 HTTP/1.1" 200 9682 "-" "Mozilla/5.0 (compatible; BLEXBot/1.0; +http://webmeup-crawler.com/)"
46.4.68.227 - - [22/Dec/2018:06:36:08 -0500] "GET /members/waddu.23/reactions?type=received&reaction_id=8 HTTP/1.1" 200 9684 "-" "Mozilla/5.0 (compatible; BLEXBot/1.0; +http://webmeup-crawler.com/)"
46.4.68.227 - - [22/Dec/2018:06:36:11 -0500] "GET /members/waddu.23/reactions?type=received&reaction_id=9 HTTP/1.1" 200 9680 "-" "Mozilla/5.0 (compatible; BLEXBot/1.0; +http://webmeup-crawler.com/)"
51.15.61.222 - - [22/Dec/2018:06:36:11 -0500] "GET / HTTP/1.1" 301 - "https://www.paladin.rip/" "HetrixTools Uptime Monitoring Bot. https://hetrix.tools/uptime-monitoring-bot.html"
51.15.61.222 - - [22/Dec/2018:06:36:12 -0500] "GET / HTTP/1.1" 200 15848 "https://paladin-extensions.com/" "HetrixTools Uptime Monitoring Bot. https://hetrix.tools/uptime-monitoring-bot.html"
46.4.68.227 - - [22/Dec/2018:06:36:18 -0500] "GET /members/waddu.23/trophies HTTP/1.1" 200 9747 "-" "Mozilla/5.0 (compatible; BLEXBot/1.0; +http://webmeup-crawler.com/)"
159.89.159.134 - - [22/Dec/2018:06:36:19 -0500] "GET / HTTP/1.1" 301 - "https://www.paladin.rip/" "HetrixTools Uptime Monitoring Bot. https://hetrix.tools/uptime-monitoring-bot.html"
159.89.159.134 - - [22/Dec/2018:06:36:20 -0500] "GET / HTTP/1.1" 200 15854 "https://paladin-extensions.com/" "HetrixTools Uptime Monitoring Bot. https://hetrix.tools/uptime-monitoring-bot.html"
46.4.68.227 - - [22/Dec/2018:06:36:20 -0500] "GET /members/xyte.20/ HTTP/1.1" 403 10202 "-" "Mozilla/5.0 (compatible; BLEXBot/1.0; +http://webmeup-crawler.com/)"
46.4.68.227 - - [22/Dec/2018:06:36:22 -0500] "GET /posts/59/ HTTP/1.1" 301 - "-" "Mozilla/5.0 (compatible; BLEXBot/1.0; +http://webmeup-crawler.com/)"
46.4.68.227 - - [22/Dec/2018:06:36:23 -0500] "GET /threads/quest-shin.33/ HTTP/1.1" 200 18322 "-" "Mozilla/5.0 (compatible; BLEXBot/1.0; +http://webmeup-crawler.com/)"
46.4.68.227 - - [22/Dec/2018:06:36:25 -0500] "GET /posts/60/ HTTP/1.1" 301 - "-" "Mozilla/5.0 (compatible; BLEXBot/1.0; +http://webmeup-crawler.com/)"
46.4.68.227 - - [22/Dec/2018:06:36:25 -0500] "GET /threads/quest-shin.33/ HTTP/1.1" 200 18326 "-" "Mozilla/5.0 (compatible; BLEXBot/1.0; +http://webmeup-crawler.com/)"
46.4.68.227 - - [22/Dec/2018:06:36:28 -0500] "GET /posts/61/ HTTP/1.1" 301 - "-" "Mozilla/5.0 (compatible; BLEXBot/1.0; +http://webmeup-crawler.com/)"
46.4.68.227 - - [22/Dec/2018:06:36:28 -0500] "GET /threads/quest-shin.33/ HTTP/1.1" 200 18325 "-" "Mozilla/5.0 (compatible; BLEXBot/1.0; +http://webmeup-crawler.com/)"
46.4.68.227 - - [22/Dec/2018:06:36:30 -0500] "GET /posts/63/ HTTP/1.1" 301 - "-" "Mozilla/5.0 (compatible; BLEXBot/1.0; +http://webmeup-crawler.com/)"
46.4.68.227 - - [22/Dec/2018:06:36:30 -0500] "GET /threads/quest-shin.33/ HTTP/1.1" 200 18321 "-" "Mozilla/5.0 (compatible; BLEXBot/1.0; +http://webmeup-crawler.com/)"
46.4.68.227 - - [22/Dec/2018:06:36:33 -0500] "GET /posts/68/ HTTP/1.1" 301 - "-" "Mozilla/5.0 (compatible; BLEXBot/1.0; +http://webmeup-crawler.com/)"
46.4.68.227 - - [22/Dec/2018:06:36:33 -0500] "GET /threads/quest-shin.33/ HTTP/1.1" 200 18327 "-" "Mozilla/5.0 (compatible; BLEXBot/1.0; +http://webmeup-crawler.com/)"
46.4.68.227 - - [22/Dec/2018:06:36:36 -0500] "GET /search/10/ HTTP/1.1" 200 10181 "-" "Mozilla/5.0 (compatible; BLEXBot/1.0; +http://webmeup-crawler.com/)"
46.4.68.227 - - [22/Dec/2018:06:36:38 -0500] "GET /search/4/ HTTP/1.1" 200 10583 "-" "Mozilla/5.0 (compatible; BLEXBot/1.0; +http://webmeup-crawler.com/)"
46.4.68.227 - - [22/Dec/2018:06:36:40 -0500] "GET /search/5/ HTTP/1.1" 200 10146 "-" "Mozilla/5.0 (compatible; BLEXBot/1.0; +http://webmeup-crawler.com/)"
46.4.68.227 - - [22/Dec/2018:06:36:43 -0500] "GET /search/6/ HTTP/1.1" 200 10179 "-" "Mozilla/5.0 (compatible; BLEXBot/1.0; +http://webmeup-crawler.com/)"
46.4.68.227 - - [22/Dec/2018:06:36:44 -0500] "GET /search/7/ HTTP/1.1" 200 10243 "-" "Mozilla/5.0 (compatible; BLEXBot/1.0; +http://webmeup-crawler.com/)"
46.4.68.227 - - [22/Dec/2018:06:36:47 -0500] "GET /search/8/ HTTP/1.1" 200 10130 "-" "Mozilla/5.0 (compatible; BLEXBot/1.0; +http://webmeup-crawler.com/)"
46.4.68.227 - - [22/Dec/2018:06:36:49 -0500] "GET /search/9/ HTTP/1.1" 200 10543 "-" "Mozilla/5.0 (compatible; BLEXBot/1.0; +http://webmeup-crawler.com/)"
46.4.68.227 - - [22/Dec/2018:06:36:51 -0500] "GET /search/member?user_id=14 HTTP/1.1" 200 9304 "-" "Mozilla/5.0 (compatible; BLEXBot/1.0; +http://webmeup-crawler.com/)"
46.4.68.227 - - [22/Dec/2018:06:36:54 -0500] "GET /search/member?user_id=17 HTTP/1.1" 200 9307 "-" "Mozilla/5.0 (compatible; BLEXBot/1.0; +http://webmeup-crawler.com/)"
46.4.68.227 - - [22/Dec/2018:06:36:56 -0500] "GET /search/member?user_id=23 HTTP/1.1" 200 9303 "-" "Mozilla/5.0 (compatible; BLEXBot/1.0; +http://webmeup-crawler.com/)"
46.4.68.227 - - [22/Dec/2018:06:36:58 -0500] "GET /search/member?user_id=27 HTTP/1.1" 200 9311 "-" "Mozilla/5.0 (compatible; BLEXBot/1.0; +http://webmeup-crawler.com/)"
46.4.68.227 - - [22/Dec/2018:06:37:00 -0500] "GET /threads/quest-shin.33/post-61 HTTP/1.1" 301 - "-" "Mozilla/5.0 (compatible; BLEXBot/1.0; +http://webmeup-crawler.com/)"
46.4.68.227 - - [22/Dec/2018:06:37:00 -0500] "GET /threads/quest-shin.33/ HTTP/1.1" 200 18325 "-" "Mozilla/5.0 (compatible; BLEXBot/1.0; +http://webmeup-crawler.com/)"
34.227.24.145 - - [22/Dec/2018:06:37:01 -0500] "GET / HTTP/1.1" 200 62736 "http://paladin-extensions.com/" "Mozilla/5.0 (Macintosh; Intel Mac OS X 10_13_4) AppleWebKit/537.36 (KHTML, like Gecko) Chrome/65.0.3325.181 Safari/537.36"
46.4.68.227 - - [22/Dec/2018:06:37:03 -0500] "GET /threads/quest-shin.33/post-63 HTTP/1.1" 301 - "-" "Mozilla/5.0 (compatible; BLEXBot/1.0; +http://webmeup-crawler.com/)"
46.4.68.227 - - [22/Dec/2018:06:37:03 -0500] "GET /threads/quest-shin.33/ HTTP/1.1" 200 18322 "-" "Mozilla/5.0 (compatible; BLEXBot/1.0; +http://webmeup-crawler.com/)"
95.179.139.97 - - [22/Dec/2018:06:37:04 -0500] "GET / HTTP/1.1" 301 - "https://www.paladin.rip/" "HetrixTools Uptime Monitoring Bot. https://hetrix.tools/uptime-monitoring-bot.html"
37.228.240.114 - - [22/Dec/2018:06:37:04 -0500] "GET / HTTP/1.1" 301 - "-" "Mozilla/5.0 (Windows NT 6.0; rv:34.0) Gecko/20100101 Firefox/34.0"
23.239.7.4 - - [22/Dec/2018:06:37:04 -0500] "GET / HTTP/1.1" 301 - "https://www.paladin.rip/" "HetrixTools Uptime Monitoring Bot. https://hetrix.tools/uptime-monitoring-bot.html"
23.239.7.4 - - [22/Dec/2018:06:37:04 -0500] "GET / HTTP/1.1" 200 15851 "https://paladin-extensions.com/" "HetrixTools Uptime Monitoring Bot. https://hetrix.tools/uptime-monitoring-bot.html"
95.179.139.97 - - [22/Dec/2018:06:37:05 -0500] "GET / HTTP/1.1" 200 15850 "https://paladin-extensions.com/" "HetrixTools Uptime Monitoring Bot. https://hetrix.tools/uptime-monitoring-bot.html"
46.4.68.227 - - [22/Dec/2018:06:37:06 -0500] "GET /threads/quest-shin.33/post-67 HTTP/1.1" 301 - "-" "Mozilla/5.0 (compatible; BLEXBot/1.0; +http://webmeup-crawler.com/)"
46.4.68.227 - - [22/Dec/2018:06:37:07 -0500] "GET /threads/quest-shin.33/ HTTP/1.1" 200 18325 "-" "Mozilla/5.0 (compatible; BLEXBot/1.0; +http://webmeup-crawler.com/)"
46.4.68.227 - - [22/Dec/2018:06:37:09 -0500] "GET /threads/vacnet-proofing.49/post-114 HTTP/1.1" 301 - "-" "Mozilla/5.0 (compatible; BLEXBot/1.0; +http://webmeup-crawler.com/)"
46.4.68.227 - - [22/Dec/2018:06:37:09 -0500] "GET /threads/vacnet-proofing.49/ HTTP/1.1" 200 14947 "-" "Mozilla/5.0 (compatible; BLEXBot/1.0; +http://webmeup-crawler.com/)"
138.197.17.201 - - [22/Dec/2018:06:37:12 -0500] "GET / HTTP/1.1" 301 - "https://www.paladin.rip/" "HetrixTools Uptime Monitoring Bot. https://hetrix.tools/uptime-monitoring-bot.html"
