174.3.135.102 - - [06/Feb/2019:22:15:33 -0500] "GET /proxy.php?image=https%3A%2F%2Fcdn.discordapp.com%2Fattachments%2F492142646912090114%2F541582337079771136%2FScreenshot_20190203-042443.png&hash=14482d93545848ba26942d682ad47b27 HTTP/1.1" 304 - "https://www.paladin-extensions.com/" "Mozilla/5.0 (Windows NT 10.0; Win64; x64) AppleWebKit/537.36 (KHTML, like Gecko) Chrome/71.0.3578.98 Safari/537.36"
174.3.135.102 - - [06/Feb/2019:22:15:33 -0500] "GET /proxy.php?image=https%3A%2F%2Fcdn.discordapp.com%2Fattachments%2F492142646912090114%2F541564546448621568%2Fimage0-25.jpg&hash=68e7dffefcc2c104ee655bdbab1e7916 HTTP/1.1" 304 - "https://www.paladin-extensions.com/" "Mozilla/5.0 (Windows NT 10.0; Win64; x64) AppleWebKit/537.36 (KHTML, like Gecko) Chrome/71.0.3578.98 Safari/537.36"
174.3.135.102 - - [06/Feb/2019:22:15:33 -0500] "GET /proxy.php?image=https%3A%2F%2Fi.imgur.com%2Fr0tCHeM.png&hash=58dd2bbfaf81cbfcd2d3e7fbdd81cb6c HTTP/1.1" 304 - "https://www.paladin-extensions.com/" "Mozilla/5.0 (Windows NT 10.0; Win64; x64) AppleWebKit/537.36 (KHTML, like Gecko) Chrome/71.0.3578.98 Safari/537.36"
174.3.135.102 - - [06/Feb/2019:22:15:33 -0500] "GET /proxy.php?image=https%3A%2F%2Fcdn.discordapp.com%2Fattachments%2F492142646912090114%2F541561138089820160%2Fterrorists-win_c_7219146.jpg&hash=1eed8987ec3094e94b17f49a40baf31b HTTP/1.1" 304 - "https://www.paladin-extensions.com/" "Mozilla/5.0 (Windows NT 10.0; Win64; x64) AppleWebKit/537.36 (KHTML, like Gecko) Chrome/71.0.3578.98 Safari/537.36"
174.3.135.102 - - [06/Feb/2019:22:15:33 -0500] "GET /proxy.php?image=https%3A%2F%2Fcdn.discordapp.com%2Fattachments%2F492142646912090114%2F541561296529653771%2FScreenshot_20190117-213756.png&hash=ddadf05cc4a19fc2124ed236a94bed90 HTTP/1.1" 304 - "https://www.paladin-extensions.com/" "Mozilla/5.0 (Windows NT 10.0; Win64; x64) AppleWebKit/537.36 (KHTML, like Gecko) Chrome/71.0.3578.98 Safari/537.36"
174.3.135.102 - - [06/Feb/2019:22:15:33 -0500] "GET /styles/uix_dark/images/favicon.png HTTP/1.1" 200 37099 "https://www.paladin-extensions.com/" "Mozilla/5.0 (Windows NT 10.0; Win64; x64) AppleWebKit/537.36 (KHTML, like Gecko) Chrome/71.0.3578.98 Safari/537.36"
174.3.135.102 - - [06/Feb/2019:22:15:34 -0500] "POST /job.php HTTP/1.1" 200 14 "https://www.paladin-extensions.com/" "Mozilla/5.0 (Windows NT 10.0; Win64; x64) AppleWebKit/537.36 (KHTML, like Gecko) Chrome/71.0.3578.98 Safari/537.36"
174.3.135.102 - - [06/Feb/2019:22:15:34 -0500] "GET /index.php?shoutbox/refresh&last_id=150&_xfRequestUri=%2F&_xfWithData=1&_xfToken=1549509333%2C6928a21029fae2fb6250e12ed1db62ae&_xfResponseType=json HTTP/1.1" 200 119 "https://www.paladin-extensions.com/" "Mozilla/5.0 (Windows NT 10.0; Win64; x64) AppleWebKit/537.36 (KHTML, like Gecko) Chrome/71.0.3578.98 Safari/537.36"
174.3.135.102 - - [06/Feb/2019:22:15:35 -0500] "GET /index.php?shoutbox/refresh&last_id=150&_xfRequestUri=%2F&_xfWithData=1&_xfToken=1549509333%2C6928a21029fae2fb6250e12ed1db62ae&_xfResponseType=json HTTP/1.1" 200 119 "https://www.paladin-extensions.com/" "Mozilla/5.0 (Windows NT 10.0; Win64; x64) AppleWebKit/537.36 (KHTML, like Gecko) Chrome/71.0.3578.98 Safari/537.36"
174.3.135.102 - - [06/Feb/2019:22:15:37 -0500] "GET /index.php?shoutbox/refresh&last_id=150&_xfRequestUri=%2F&_xfWithData=1&_xfToken=1549509333%2C6928a21029fae2fb6250e12ed1db62ae&_xfResponseType=json HTTP/1.1" 200 119 "https://www.paladin-extensions.com/" "Mozilla/5.0 (Windows NT 10.0; Win64; x64) AppleWebKit/537.36 (KHTML, like Gecko) Chrome/71.0.3578.98 Safari/537.36"
174.3.135.102 - - [06/Feb/2019:22:15:37 -0500] "GET /index.php?shoutbox/refresh&last_id=150&_xfRequestUri=%2F&_xfWithData=1&_xfToken=1549509333%2C6928a21029fae2fb6250e12ed1db62ae&_xfResponseType=json HTTP/1.1" 304 - "https://www.paladin-extensions.com/" "Mozilla/5.0 (Windows NT 10.0; Win64; x64) AppleWebKit/537.36 (KHTML, like Gecko) Chrome/71.0.3578.98 Safari/537.36"
174.3.135.102 - - [06/Feb/2019:22:15:38 -0500] "GET /index.php?shoutbox/refresh&last_id=150&_xfRequestUri=%2F&_xfWithData=1&_xfToken=1549509333%2C6928a21029fae2fb6250e12ed1db62ae&_xfResponseType=json HTTP/1.1" 200 119 "https://www.paladin-extensions.com/" "Mozilla/5.0 (Windows NT 10.0; Win64; x64) AppleWebKit/537.36 (KHTML, like Gecko) Chrome/71.0.3578.98 Safari/537.36"
174.3.135.102 - - [06/Feb/2019:22:15:39 -0500] "GET /index.php?shoutbox/refresh&last_id=150&_xfRequestUri=%2F&_xfWithData=1&_xfToken=1549509333%2C6928a21029fae2fb6250e12ed1db62ae&_xfResponseType=json HTTP/1.1" 200 119 "https://www.paladin-extensions.com/" "Mozilla/5.0 (Windows NT 10.0; Win64; x64) AppleWebKit/537.36 (KHTML, like Gecko) Chrome/71.0.3578.98 Safari/537.36"
174.3.135.102 - - [06/Feb/2019:22:15:40 -0500] "GET /index.php?shoutbox/refresh&last_id=150&_xfRequestUri=%2F&_xfWithData=1&_xfToken=1549509333%2C6928a21029fae2fb6250e12ed1db62ae&_xfResponseType=json HTTP/1.1" 200 119 "https://www.paladin-extensions.com/" "Mozilla/5.0 (Windows NT 10.0; Win64; x64) AppleWebKit/537.36 (KHTML, like Gecko) Chrome/71.0.3578.98 Safari/537.36"
174.3.135.102 - - [06/Feb/2019:22:15:41 -0500] "GET /index.php?shoutbox/refresh&last_id=150&_xfRequestUri=%2F&_xfWithData=1&_xfToken=1549509333%2C6928a21029fae2fb6250e12ed1db62ae&_xfResponseType=json HTTP/1.1" 200 119 "https://www.paladin-extensions.com/" "Mozilla/5.0 (Windows NT 10.0; Win64; x64) AppleWebKit/537.36 (KHTML, like Gecko) Chrome/71.0.3578.98 Safari/537.36"
174.3.135.102 - - [06/Feb/2019:22:15:42 -0500] "GET /index.php?shoutbox/refresh&last_id=150&_xfRequestUri=%2F&_xfWithData=1&_xfToken=1549509333%2C6928a21029fae2fb6250e12ed1db62ae&_xfResponseType=json HTTP/1.1" 200 119 "https://www.paladin-extensions.com/" "Mozilla/5.0 (Windows NT 10.0; Win64; x64) AppleWebKit/537.36 (KHTML, like Gecko) Chrome/71.0.3578.98 Safari/537.36"
174.3.135.102 - - [06/Feb/2019:22:15:43 -0500] "GET /index.php?shoutbox/refresh&last_id=150&_xfRequestUri=%2F&_xfWithData=1&_xfToken=1549509333%2C6928a21029fae2fb6250e12ed1db62ae&_xfResponseType=json HTTP/1.1" 200 119 "https://www.paladin-extensions.com/" "Mozilla/5.0 (Windows NT 10.0; Win64; x64) AppleWebKit/537.36 (KHTML, like Gecko) Chrome/71.0.3578.98 Safari/537.36"
174.3.135.102 - - [06/Feb/2019:22:15:44 -0500] "GET /index.php?shoutbox/refresh&last_id=150&_xfRequestUri=%2F&_xfWithData=1&_xfToken=1549509333%2C6928a21029fae2fb6250e12ed1db62ae&_xfResponseType=json HTTP/1.1" 200 119 "https://www.paladin-extensions.com/" "Mozilla/5.0 (Windows NT 10.0; Win64; x64) AppleWebKit/537.36 (KHTML, like Gecko) Chrome/71.0.3578.98 Safari/537.36"
174.3.135.102 - - [06/Feb/2019:22:15:46 -0500] "GET /index.php?shoutbox/refresh&last_id=150&_xfRequestUri=%2F&_xfWithData=1&_xfToken=1549509333%2C6928a21029fae2fb6250e12ed1db62ae&_xfResponseType=json HTTP/1.1" 200 119 "https://www.paladin-extensions.com/" "Mozilla/5.0 (Windows NT 10.0; Win64; x64) AppleWebKit/537.36 (KHTML, like Gecko) Chrome/71.0.3578.98 Safari/537.36"
174.3.135.102 - - [06/Feb/2019:22:15:46 -0500] "GET /index.php?shoutbox/refresh&last_id=150&_xfRequestUri=%2F&_xfWithData=1&_xfToken=1549509333%2C6928a21029fae2fb6250e12ed1db62ae&_xfResponseType=json HTTP/1.1" 200 119 "https://www.paladin-extensions.com/" "Mozilla/5.0 (Windows NT 10.0; Win64; x64) AppleWebKit/537.36 (KHTML, like Gecko) Chrome/71.0.3578.98 Safari/537.36"
174.3.135.102 - - [06/Feb/2019:22:15:47 -0500] "GET /index.php?shoutbox/refresh&last_id=150&_xfRequestUri=%2F&_xfWithData=1&_xfToken=1549509333%2C6928a21029fae2fb6250e12ed1db62ae&_xfResponseType=json HTTP/1.1" 304 - "https://www.paladin-extensions.com/" "Mozilla/5.0 (Windows NT 10.0; Win64; x64) AppleWebKit/537.36 (KHTML, like Gecko) Chrome/71.0.3578.98 Safari/537.36"
174.3.135.102 - - [06/Feb/2019:22:15:48 -0500] "GET /index.php?shoutbox/refresh&last_id=150&_xfRequestUri=%2F&_xfWithData=1&_xfToken=1549509333%2C6928a21029fae2fb6250e12ed1db62ae&_xfResponseType=json HTTP/1.1" 200 119 "https://www.paladin-extensions.com/" "Mozilla/5.0 (Windows NT 10.0; Win64; x64) AppleWebKit/537.36 (KHTML, like Gecko) Chrome/71.0.3578.98 Safari/537.36"
174.3.135.102 - - [06/Feb/2019:22:15:50 -0500] "GET /index.php?shoutbox/refresh&last_id=150&_xfRequestUri=%2F&_xfWithData=1&_xfToken=1549509333%2C6928a21029fae2fb6250e12ed1db62ae&_xfResponseType=json HTTP/1.1" 200 119 "https://www.paladin-extensions.com/" "Mozilla/5.0 (Windows NT 10.0; Win64; x64) AppleWebKit/537.36 (KHTML, like Gecko) Chrome/71.0.3578.98 Safari/537.36"
174.3.135.102 - - [06/Feb/2019:22:15:50 -0500] "GET /index.php?shoutbox/refresh&last_id=150&_xfRequestUri=%2F&_xfWithData=1&_xfToken=1549509333%2C6928a21029fae2fb6250e12ed1db62ae&_xfResponseType=json HTTP/1.1" 304 - "https://www.paladin-extensions.com/" "Mozilla/5.0 (Windows NT 10.0; Win64; x64) AppleWebKit/537.36 (KHTML, like Gecko) Chrome/71.0.3578.98 Safari/537.36"
174.3.135.102 - - [06/Feb/2019:22:15:51 -0500] "GET /index.php?shoutbox/refresh&last_id=150&_xfRequestUri=%2F&_xfWithData=1&_xfToken=1549509333%2C6928a21029fae2fb6250e12ed1db62ae&_xfResponseType=json HTTP/1.1" 200 119 "https://www.paladin-extensions.com/" "Mozilla/5.0 (Windows NT 10.0; Win64; x64) AppleWebKit/537.36 (KHTML, like Gecko) Chrome/71.0.3578.98 Safari/537.36"
174.3.135.102 - - [06/Feb/2019:22:15:52 -0500] "GET /index.php?shoutbox/refresh&last_id=150&_xfRequestUri=%2F&_xfWithData=1&_xfToken=1549509333%2C6928a21029fae2fb6250e12ed1db62ae&_xfResponseType=json HTTP/1.1" 304 - "https://www.paladin-extensions.com/" "Mozilla/5.0 (Windows NT 10.0; Win64; x64) AppleWebKit/537.36 (KHTML, like Gecko) Chrome/71.0.3578.98 Safari/537.36"
174.3.135.102 - - [06/Feb/2019:22:15:53 -0500] "GET /index.php?shoutbox/refresh&last_id=150&_xfRequestUri=%2F&_xfWithData=1&_xfToken=1549509333%2C6928a21029fae2fb6250e12ed1db62ae&_xfResponseType=json HTTP/1.1" 200 119 "https://www.paladin-extensions.com/" "Mozilla/5.0 (Windows NT 10.0; Win64; x64) AppleWebKit/537.36 (KHTML, like Gecko) Chrome/71.0.3578.98 Safari/537.36"
174.3.135.102 - - [06/Feb/2019:22:15:54 -0500] "GET /index.php?shoutbox/refresh&last_id=150&_xfRequestUri=%2F&_xfWithData=1&_xfToken=1549509333%2C6928a21029fae2fb6250e12ed1db62ae&_xfResponseType=json HTTP/1.1" 200 119 "https://www.paladin-extensions.com/" "Mozilla/5.0 (Windows NT 10.0; Win64; x64) AppleWebKit/537.36 (KHTML, like Gecko) Chrome/71.0.3578.98 Safari/537.36"
174.3.135.102 - - [06/Feb/2019:22:15:55 -0500] "GET /index.php?shoutbox/refresh&last_id=150&_xfRequestUri=%2F&_xfWithData=1&_xfToken=1549509333%2C6928a21029fae2fb6250e12ed1db62ae&_xfResponseType=json HTTP/1.1" 200 119 "https://www.paladin-extensions.com/" "Mozilla/5.0 (Windows NT 10.0; Win64; x64) AppleWebKit/537.36 (KHTML, like Gecko) Chrome/71.0.3578.98 Safari/537.36"
174.3.135.102 - - [06/Feb/2019:22:15:56 -0500] "GET /index.php?shoutbox/refresh&last_id=150&_xfRequestUri=%2F&_xfWithData=1&_xfToken=1549509333%2C6928a21029fae2fb6250e12ed1db62ae&_xfResponseType=json HTTP/1.1" 200 119 "https://www.paladin-extensions.com/" "Mozilla/5.0 (Windows NT 10.0; Win64; x64) AppleWebKit/537.36 (KHTML, like Gecko) Chrome/71.0.3578.98 Safari/537.36"
24.251.180.38 - - [06/Feb/2019:22:15:57 -0500] "GET /index.php HTTP/1.1" 301 - "https://www.paladin-extensions.com/admin.php" "Mozilla/5.0 (Windows NT 10.0; Win64; x64) AppleWebKit/537.36 (KHTML, like Gecko) Chrome/71.0.3578.98 Safari/537.36"
174.3.135.102 - - [06/Feb/2019:22:15:57 -0500] "GET /index.php?shoutbox/refresh&last_id=150&_xfRequestUri=%2F&_xfWithData=1&_xfToken=1549509333%2C6928a21029fae2fb6250e12ed1db62ae&_xfResponseType=json HTTP/1.1" 200 119 "https://www.paladin-extensions.com/" "Mozilla/5.0 (Windows NT 10.0; Win64; x64) AppleWebKit/537.36 (KHTML, like Gecko) Chrome/71.0.3578.98 Safari/537.36"
24.251.180.38 - - [06/Feb/2019:22:15:57 -0500] "GET / HTTP/1.1" 200 51017 "https://www.paladin-extensions.com/admin.php" "Mozilla/5.0 (Windows NT 10.0; Win64; x64) AppleWebKit/537.36 (KHTML, like Gecko) Chrome/71.0.3578.98 Safari/537.36"
24.251.180.38 - - [06/Feb/2019:22:15:58 -0500] "GET /proxy.php?image=https%3A%2F%2Fi.imgur.com%2Fr0tCHeM.png&hash=58dd2bbfaf81cbfcd2d3e7fbdd81cb6c HTTP/1.1" 304 - "https://www.paladin-extensions.com/" "Mozilla/5.0 (Windows NT 10.0; Win64; x64) AppleWebKit/537.36 (KHTML, like Gecko) Chrome/71.0.3578.98 Safari/537.36"
24.251.180.38 - - [06/Feb/2019:22:15:58 -0500] "GET /proxy.php?image=https%3A%2F%2Fcdn.discordapp.com%2Fattachments%2F492142646912090114%2F541564546448621568%2Fimage0-25.jpg&hash=68e7dffefcc2c104ee655bdbab1e7916 HTTP/1.1" 304 - "https://www.paladin-extensions.com/" "Mozilla/5.0 (Windows NT 10.0; Win64; x64) AppleWebKit/537.36 (KHTML, like Gecko) Chrome/71.0.3578.98 Safari/537.36"
24.251.180.38 - - [06/Feb/2019:22:15:58 -0500] "GET /proxy.php?image=https%3A%2F%2Fcdn.discordapp.com%2Fattachments%2F492142646912090114%2F541561296529653771%2FScreenshot_20190117-213756.png&hash=ddadf05cc4a19fc2124ed236a94bed90 HTTP/1.1" 304 - "https://www.paladin-extensions.com/" "Mozilla/5.0 (Windows NT 10.0; Win64; x64) AppleWebKit/537.36 (KHTML, like Gecko) Chrome/71.0.3578.98 Safari/537.36"
24.251.180.38 - - [06/Feb/2019:22:15:58 -0500] "GET /proxy.php?image=https%3A%2F%2Fcdn.discordapp.com%2Fattachments%2F492142646912090114%2F541582337079771136%2FScreenshot_20190203-042443.png&hash=14482d93545848ba26942d682ad47b27 HTTP/1.1" 304 - "https://www.paladin-extensions.com/" "Mozilla/5.0 (Windows NT 10.0; Win64; x64) AppleWebKit/537.36 (KHTML, like Gecko) Chrome/71.0.3578.98 Safari/537.36"
24.251.180.38 - - [06/Feb/2019:22:15:58 -0500] "GET /proxy.php?image=https%3A%2F%2Fcdn.discordapp.com%2Fattachments%2F492142646912090114%2F541561138089820160%2Fterrorists-win_c_7219146.jpg&hash=1eed8987ec3094e94b17f49a40baf31b HTTP/1.1" 304 - "https://www.paladin-extensions.com/" "Mozilla/5.0 (Windows NT 10.0; Win64; x64) AppleWebKit/537.36 (KHTML, like Gecko) Chrome/71.0.3578.98 Safari/537.36"
174.3.135.102 - - [06/Feb/2019:22:15:58 -0500] "GET /index.php?shoutbox/refresh&last_id=150&_xfRequestUri=%2F&_xfWithData=1&_xfToken=1549509333%2C6928a21029fae2fb6250e12ed1db62ae&_xfResponseType=json HTTP/1.1" 200 119 "https://www.paladin-extensions.com/" "Mozilla/5.0 (Windows NT 10.0; Win64; x64) AppleWebKit/537.36 (KHTML, like Gecko) Chrome/71.0.3578.98 Safari/537.36"
24.251.180.38 - - [06/Feb/2019:22:15:59 -0500] "GET /index.php?shoutbox/refresh&last_id=150&_xfRequestUri=%2F&_xfWithData=1&_xfToken=1549509357%2C35bb2dc4be2e9887dab8344ffcb8a069&_xfResponseType=json HTTP/1.1" 200 119 "https://www.paladin-extensions.com/" "Mozilla/5.0 (Windows NT 10.0; Win64; x64) AppleWebKit/537.36 (KHTML, like Gecko) Chrome/71.0.3578.98 Safari/537.36"
174.3.135.102 - - [06/Feb/2019:22:15:59 -0500] "GET /index.php?shoutbox/refresh&last_id=150&_xfRequestUri=%2F&_xfWithData=1&_xfToken=1549509333%2C6928a21029fae2fb6250e12ed1db62ae&_xfResponseType=json HTTP/1.1" 200 119 "https://www.paladin-extensions.com/" "Mozilla/5.0 (Windows NT 10.0; Win64; x64) AppleWebKit/537.36 (KHTML, like Gecko) Chrome/71.0.3578.98 Safari/537.36"
24.251.180.38 - - [06/Feb/2019:22:16:00 -0500] "GET /index.php?shoutbox/refresh&last_id=150&_xfRequestUri=%2F&_xfWithData=1&_xfToken=1549509357%2C35bb2dc4be2e9887dab8344ffcb8a069&_xfResponseType=json HTTP/1.1" 200 119 "https://www.paladin-extensions.com/" "Mozilla/5.0 (Windows NT 10.0; Win64; x64) AppleWebKit/537.36 (KHTML, like Gecko) Chrome/71.0.3578.98 Safari/537.36"
174.3.135.102 - - [06/Feb/2019:22:16:00 -0500] "GET /index.php?shoutbox/refresh&last_id=150&_xfRequestUri=%2F&_xfWithData=1&_xfToken=1549509333%2C6928a21029fae2fb6250e12ed1db62ae&_xfResponseType=json HTTP/1.1" 200 119 "https://www.paladin-extensions.com/" "Mozilla/5.0 (Windows NT 10.0; Win64; x64) AppleWebKit/537.36 (KHTML, like Gecko) Chrome/71.0.3578.98 Safari/537.36"
24.251.180.38 - - [06/Feb/2019:22:16:01 -0500] "GET /index.php?shoutbox/refresh&last_id=150&_xfRequestUri=%2F&_xfWithData=1&_xfToken=1549509357%2C35bb2dc4be2e9887dab8344ffcb8a069&_xfResponseType=json HTTP/1.1" 200 119 "https://www.paladin-extensions.com/" "Mozilla/5.0 (Windows NT 10.0; Win64; x64) AppleWebKit/537.36 (KHTML, like Gecko) Chrome/71.0.3578.98 Safari/537.36"
174.3.135.102 - - [06/Feb/2019:22:16:01 -0500] "GET /index.php?shoutbox/refresh&last_id=150&_xfRequestUri=%2F&_xfWithData=1&_xfToken=1549509333%2C6928a21029fae2fb6250e12ed1db62ae&_xfResponseType=json HTTP/1.1" 200 119 "https://www.paladin-extensions.com/" "Mozilla/5.0 (Windows NT 10.0; Win64; x64) AppleWebKit/537.36 (KHTML, like Gecko) Chrome/71.0.3578.98 Safari/537.36"
24.251.180.38 - - [06/Feb/2019:22:16:02 -0500] "GET /index.php?shoutbox/refresh&last_id=150&_xfRequestUri=%2F&_xfWithData=1&_xfToken=1549509357%2C35bb2dc4be2e9887dab8344ffcb8a069&_xfResponseType=json HTTP/1.1" 200 119 "https://www.paladin-extensions.com/" "Mozilla/5.0 (Windows NT 10.0; Win64; x64) AppleWebKit/537.36 (KHTML, like Gecko) Chrome/71.0.3578.98 Safari/537.36"
174.3.135.102 - - [06/Feb/2019:22:16:02 -0500] "GET /index.php?shoutbox/refresh&last_id=150&_xfRequestUri=%2F&_xfWithData=1&_xfToken=1549509333%2C6928a21029fae2fb6250e12ed1db62ae&_xfResponseType=json HTTP/1.1" 200 119 "https://www.paladin-extensions.com/" "Mozilla/5.0 (Windows NT 10.0; Win64; x64) AppleWebKit/537.36 (KHTML, like Gecko) Chrome/71.0.3578.98 Safari/537.36"
24.251.180.38 - - [06/Feb/2019:22:16:03 -0500] "GET /index.php?shoutbox/refresh&last_id=150&_xfRequestUri=%2F&_xfWithData=1&_xfToken=1549509357%2C35bb2dc4be2e9887dab8344ffcb8a069&_xfResponseType=json HTTP/1.1" 200 119 "https://www.paladin-extensions.com/" "Mozilla/5.0 (Windows NT 10.0; Win64; x64) AppleWebKit/537.36 (KHTML, like Gecko) Chrome/71.0.3578.98 Safari/537.36"
174.3.135.102 - - [06/Feb/2019:22:16:03 -0500] "GET /index.php?shoutbox/refresh&last_id=150&_xfRequestUri=%2F&_xfWithData=1&_xfToken=1549509333%2C6928a21029fae2fb6250e12ed1db62ae&_xfResponseType=json HTTP/1.1" 200 119 "https://www.paladin-extensions.com/" "Mozilla/5.0 (Windows NT 10.0; Win64; x64) AppleWebKit/537.36 (KHTML, like Gecko) Chrome/71.0.3578.98 Safari/537.36"
24.251.180.38 - - [06/Feb/2019:22:16:04 -0500] "GET /index.php?shoutbox/refresh&last_id=150&_xfRequestUri=%2F&_xfWithData=1&_xfToken=1549509357%2C35bb2dc4be2e9887dab8344ffcb8a069&_xfResponseType=json HTTP/1.1" 200 119 "https://www.paladin-extensions.com/" "Mozilla/5.0 (Windows NT 10.0; Win64; x64) AppleWebKit/537.36 (KHTML, like Gecko) Chrome/71.0.3578.98 Safari/537.36"
174.3.135.102 - - [06/Feb/2019:22:16:04 -0500] "GET /index.php?shoutbox/refresh&last_id=150&_xfRequestUri=%2F&_xfWithData=1&_xfToken=1549509333%2C6928a21029fae2fb6250e12ed1db62ae&_xfResponseType=json HTTP/1.1" 200 119 "https://www.paladin-extensions.com/" "Mozilla/5.0 (Windows NT 10.0; Win64; x64) AppleWebKit/537.36 (KHTML, like Gecko) Chrome/71.0.3578.98 Safari/537.36"
24.251.180.38 - - [06/Feb/2019:22:16:05 -0500] "GET /index.php?shoutbox/refresh&last_id=150&_xfRequestUri=%2F&_xfWithData=1&_xfToken=1549509357%2C35bb2dc4be2e9887dab8344ffcb8a069&_xfResponseType=json HTTP/1.1" 200 119 "https://www.paladin-extensions.com/" "Mozilla/5.0 (Windows NT 10.0; Win64; x64) AppleWebKit/537.36 (KHTML, like Gecko) Chrome/71.0.3578.98 Safari/537.36"
174.3.135.102 - - [06/Feb/2019:22:16:05 -0500] "GET /index.php?shoutbox/refresh&last_id=150&_xfRequestUri=%2F&_xfWithData=1&_xfToken=1549509333%2C6928a21029fae2fb6250e12ed1db62ae&_xfResponseType=json HTTP/1.1" 200 119 "https://www.paladin-extensions.com/" "Mozilla/5.0 (Windows NT 10.0; Win64; x64) AppleWebKit/537.36 (KHTML, like Gecko) Chrome/71.0.3578.98 Safari/537.36"
24.251.180.38 - - [06/Feb/2019:22:16:06 -0500] "GET /index.php?shoutbox/refresh&last_id=150&_xfRequestUri=%2F&_xfWithData=1&_xfToken=1549509357%2C35bb2dc4be2e9887dab8344ffcb8a069&_xfResponseType=json HTTP/1.1" 200 119 "https://www.paladin-extensions.com/" "Mozilla/5.0 (Windows NT 10.0; Win64; x64) AppleWebKit/537.36 (KHTML, like Gecko) Chrome/71.0.3578.98 Safari/537.36"
174.3.135.102 - - [06/Feb/2019:22:16:06 -0500] "GET /index.php?shoutbox/refresh&last_id=150&_xfRequestUri=%2F&_xfWithData=1&_xfToken=1549509333%2C6928a21029fae2fb6250e12ed1db62ae&_xfResponseType=json HTTP/1.1" 200 119 "https://www.paladin-extensions.com/" "Mozilla/5.0 (Windows NT 10.0; Win64; x64) AppleWebKit/537.36 (KHTML, like Gecko) Chrome/71.0.3578.98 Safari/537.36"
24.251.180.38 - - [06/Feb/2019:22:16:07 -0500] "GET /index.php?shoutbox/refresh&last_id=150&_xfRequestUri=%2F&_xfWithData=1&_xfToken=1549509357%2C35bb2dc4be2e9887dab8344ffcb8a069&_xfResponseType=json HTTP/1.1" 200 119 "https://www.paladin-extensions.com/" "Mozilla/5.0 (Windows NT 10.0; Win64; x64) AppleWebKit/537.36 (KHTML, like Gecko) Chrome/71.0.3578.98 Safari/537.36"
174.3.135.102 - - [06/Feb/2019:22:16:07 -0500] "GET /index.php?shoutbox/refresh&last_id=150&_xfRequestUri=%2F&_xfWithData=1&_xfToken=1549509333%2C6928a21029fae2fb6250e12ed1db62ae&_xfResponseType=json HTTP/1.1" 200 119 "https://www.paladin-extensions.com/" "Mozilla/5.0 (Windows NT 10.0; Win64; x64) AppleWebKit/537.36 (KHTML, like Gecko) Chrome/71.0.3578.98 Safari/537.36"
24.251.180.38 - - [06/Feb/2019:22:16:08 -0500] "GET /index.php?shoutbox/refresh&last_id=150&_xfRequestUri=%2F&_xfWithData=1&_xfToken=1549509357%2C35bb2dc4be2e9887dab8344ffcb8a069&_xfResponseType=json HTTP/1.1" 200 119 "https://www.paladin-extensions.com/" "Mozilla/5.0 (Windows NT 10.0; Win64; x64) AppleWebKit/537.36 (KHTML, like Gecko) Chrome/71.0.3578.98 Safari/537.36"
174.3.135.102 - - [06/Feb/2019:22:16:08 -0500] "GET /index.php?shoutbox/refresh&last_id=150&_xfRequestUri=%2F&_xfWithData=1&_xfToken=1549509333%2C6928a21029fae2fb6250e12ed1db62ae&_xfResponseType=json HTTP/1.1" 304 - "https://www.paladin-extensions.com/" "Mozilla/5.0 (Windows NT 10.0; Win64; x64) AppleWebKit/537.36 (KHTML, like Gecko) Chrome/71.0.3578.98 Safari/537.36"
24.251.180.38 - - [06/Feb/2019:22:16:09 -0500] "GET /index.php?shoutbox/refresh&last_id=150&_xfRequestUri=%2F&_xfWithData=1&_xfToken=1549509357%2C35bb2dc4be2e9887dab8344ffcb8a069&_xfResponseType=json HTTP/1.1" 200 119 "https://www.paladin-extensions.com/" "Mozilla/5.0 (Windows NT 10.0; Win64; x64) AppleWebKit/537.36 (KHTML, like Gecko) Chrome/71.0.3578.98 Safari/537.36"
174.3.135.102 - - [06/Feb/2019:22:16:10 -0500] "GET /index.php?shoutbox/refresh&last_id=150&_xfRequestUri=%2F&_xfWithData=1&_xfToken=1549509333%2C6928a21029fae2fb6250e12ed1db62ae&_xfResponseType=json HTTP/1.1" 200 119 "https://www.paladin-extensions.com/" "Mozilla/5.0 (Windows NT 10.0; Win64; x64) AppleWebKit/537.36 (KHTML, like Gecko) Chrome/71.0.3578.98 Safari/537.36"
24.251.180.38 - - [06/Feb/2019:22:16:10 -0500] "GET /index.php?shoutbox/refresh&last_id=150&_xfRequestUri=%2F&_xfWithData=1&_xfToken=1549509357%2C35bb2dc4be2e9887dab8344ffcb8a069&_xfResponseType=json HTTP/1.1" 200 119 "https://www.paladin-extensions.com/" "Mozilla/5.0 (Windows NT 10.0; Win64; x64) AppleWebKit/537.36 (KHTML, like Gecko) Chrome/71.0.3578.98 Safari/537.36"
174.3.135.102 - - [06/Feb/2019:22:16:11 -0500] "GET /index.php?shoutbox/refresh&last_id=150&_xfRequestUri=%2F&_xfWithData=1&_xfToken=1549509333%2C6928a21029fae2fb6250e12ed1db62ae&_xfResponseType=json HTTP/1.1" 200 119 "https://www.paladin-extensions.com/" "Mozilla/5.0 (Windows NT 10.0; Win64; x64) AppleWebKit/537.36 (KHTML, like Gecko) Chrome/71.0.3578.98 Safari/537.36"
24.251.180.38 - - [06/Feb/2019:22:16:11 -0500] "GET /index.php?shoutbox/refresh&last_id=150&_xfRequestUri=%2F&_xfWithData=1&_xfToken=1549509357%2C35bb2dc4be2e9887dab8344ffcb8a069&_xfResponseType=json HTTP/1.1" 200 119 "https://www.paladin-extensions.com/" "Mozilla/5.0 (Windows NT 10.0; Win64; x64) AppleWebKit/537.36 (KHTML, like Gecko) Chrome/71.0.3578.98 Safari/537.36"
174.3.135.102 - - [06/Feb/2019:22:16:11 -0500] "GET /index.php?shoutbox/refresh&last_id=150&_xfRequestUri=%2F&_xfWithData=1&_xfToken=1549509333%2C6928a21029fae2fb6250e12ed1db62ae&_xfResponseType=json HTTP/1.1" 200 119 "https://www.paladin-extensions.com/" "Mozilla/5.0 (Windows NT 10.0; Win64; x64) AppleWebKit/537.36 (KHTML, like Gecko) Chrome/71.0.3578.98 Safari/537.36"
24.251.180.38 - - [06/Feb/2019:22:16:12 -0500] "GET /index.php?shoutbox/refresh&last_id=150&_xfRequestUri=%2F&_xfWithData=1&_xfToken=1549509357%2C35bb2dc4be2e9887dab8344ffcb8a069&_xfResponseType=json HTTP/1.1" 200 119 "https://www.paladin-extensions.com/" "Mozilla/5.0 (Windows NT 10.0; Win64; x64) AppleWebKit/537.36 (KHTML, like Gecko) Chrome/71.0.3578.98 Safari/537.36"
174.3.135.102 - - [06/Feb/2019:22:16:12 -0500] "GET /index.php?shoutbox/refresh&last_id=150&_xfRequestUri=%2F&_xfWithData=1&_xfToken=1549509333%2C6928a21029fae2fb6250e12ed1db62ae&_xfResponseType=json HTTP/1.1" 200 119 "https://www.paladin-extensions.com/" "Mozilla/5.0 (Windows NT 10.0; Win64; x64) AppleWebKit/537.36 (KHTML, like Gecko) Chrome/71.0.3578.98 Safari/537.36"
24.251.180.38 - - [06/Feb/2019:22:16:13 -0500] "GET /index.php?shoutbox/refresh&last_id=150&_xfRequestUri=%2F&_xfWithData=1&_xfToken=1549509357%2C35bb2dc4be2e9887dab8344ffcb8a069&_xfResponseType=json HTTP/1.1" 200 119 "https://www.paladin-extensions.com/" "Mozilla/5.0 (Windows NT 10.0; Win64; x64) AppleWebKit/537.36 (KHTML, like Gecko) Chrome/71.0.3578.98 Safari/537.36"
174.3.135.102 - - [06/Feb/2019:22:16:13 -0500] "GET /index.php?shoutbox/refresh&last_id=150&_xfRequestUri=%2F&_xfWithData=1&_xfToken=1549509333%2C6928a21029fae2fb6250e12ed1db62ae&_xfResponseType=json HTTP/1.1" 200 119 "https://www.paladin-extensions.com/" "Mozilla/5.0 (Windows NT 10.0; Win64; x64) AppleWebKit/537.36 (KHTML, like Gecko) Chrome/71.0.3578.98 Safari/537.36"
24.251.180.38 - - [06/Feb/2019:22:16:14 -0500] "GET /index.php?shoutbox/refresh&last_id=150&_xfRequestUri=%2F&_xfWithData=1&_xfToken=1549509357%2C35bb2dc4be2e9887dab8344ffcb8a069&_xfResponseType=json HTTP/1.1" 200 119 "https://www.paladin-extensions.com/" "Mozilla/5.0 (Windows NT 10.0; Win64; x64) AppleWebKit/537.36 (KHTML, like Gecko) Chrome/71.0.3578.98 Safari/537.36"
174.3.135.102 - - [06/Feb/2019:22:16:14 -0500] "GET /index.php?shoutbox/refresh&last_id=150&_xfRequestUri=%2F&_xfWithData=1&_xfToken=1549509333%2C6928a21029fae2fb6250e12ed1db62ae&_xfResponseType=json HTTP/1.1" 304 - "https://www.paladin-extensions.com/" "Mozilla/5.0 (Windows NT 10.0; Win64; x64) AppleWebKit/537.36 (KHTML, like Gecko) Chrome/71.0.3578.98 Safari/537.36"
24.251.180.38 - - [06/Feb/2019:22:16:15 -0500] "GET /index.php?shoutbox/refresh&last_id=150&_xfRequestUri=%2F&_xfWithData=1&_xfToken=1549509357%2C35bb2dc4be2e9887dab8344ffcb8a069&_xfResponseType=json HTTP/1.1" 200 119 "https://www.paladin-extensions.com/" "Mozilla/5.0 (Windows NT 10.0; Win64; x64) AppleWebKit/537.36 (KHTML, like Gecko) Chrome/71.0.3578.98 Safari/537.36"
174.3.135.102 - - [06/Feb/2019:22:16:16 -0500] "GET /index.php?shoutbox/refresh&last_id=150&_xfRequestUri=%2F&_xfWithData=1&_xfToken=1549509333%2C6928a21029fae2fb6250e12ed1db62ae&_xfResponseType=json HTTP/1.1" 200 119 "https://www.paladin-extensions.com/" "Mozilla/5.0 (Windows NT 10.0; Win64; x64) AppleWebKit/537.36 (KHTML, like Gecko) Chrome/71.0.3578.98 Safari/537.36"
24.251.180.38 - - [06/Feb/2019:22:16:16 -0500] "GET /index.php?shoutbox/refresh&last_id=150&_xfRequestUri=%2F&_xfWithData=1&_xfToken=1549509357%2C35bb2dc4be2e9887dab8344ffcb8a069&_xfResponseType=json HTTP/1.1" 200 119 "https://www.paladin-extensions.com/" "Mozilla/5.0 (Windows NT 10.0; Win64; x64) AppleWebKit/537.36 (KHTML, like Gecko) Chrome/71.0.3578.98 Safari/537.36"
174.3.135.102 - - [06/Feb/2019:22:16:16 -0500] "GET /index.php?shoutbox/refresh&last_id=150&_xfRequestUri=%2F&_xfWithData=1&_xfToken=1549509333%2C6928a21029fae2fb6250e12ed1db62ae&_xfResponseType=json HTTP/1.1" 200 119 "https://www.paladin-extensions.com/" "Mozilla/5.0 (Windows NT 10.0; Win64; x64) AppleWebKit/537.36 (KHTML, like Gecko) Chrome/71.0.3578.98 Safari/537.36"
24.251.180.38 - - [06/Feb/2019:22:16:17 -0500] "GET /index.php?shoutbox/refresh&last_id=150&_xfRequestUri=%2F&_xfWithData=1&_xfToken=1549509357%2C35bb2dc4be2e9887dab8344ffcb8a069&_xfResponseType=json HTTP/1.1" 200 119 "https://www.paladin-extensions.com/" "Mozilla/5.0 (Windows NT 10.0; Win64; x64) AppleWebKit/537.36 (KHTML, like Gecko) Chrome/71.0.3578.98 Safari/537.36"
174.3.135.102 - - [06/Feb/2019:22:16:17 -0500] "GET /index.php?shoutbox/refresh&last_id=150&_xfRequestUri=%2F&_xfWithData=1&_xfToken=1549509333%2C6928a21029fae2fb6250e12ed1db62ae&_xfResponseType=json HTTP/1.1" 304 - "https://www.paladin-extensions.com/" "Mozilla/5.0 (Windows NT 10.0; Win64; x64) AppleWebKit/537.36 (KHTML, like Gecko) Chrome/71.0.3578.98 Safari/537.36"
24.251.180.38 - - [06/Feb/2019:22:16:18 -0500] "GET /index.php?shoutbox/refresh&last_id=150&_xfRequestUri=%2F&_xfWithData=1&_xfToken=1549509357%2C35bb2dc4be2e9887dab8344ffcb8a069&_xfResponseType=json HTTP/1.1" 200 119 "https://www.paladin-extensions.com/" "Mozilla/5.0 (Windows NT 10.0; Win64; x64) AppleWebKit/537.36 (KHTML, like Gecko) Chrome/71.0.3578.98 Safari/537.36"
174.3.135.102 - - [06/Feb/2019:22:16:18 -0500] "GET /index.php?shoutbox/refresh&last_id=150&_xfRequestUri=%2F&_xfWithData=1&_xfToken=1549509333%2C6928a21029fae2fb6250e12ed1db62ae&_xfResponseType=json HTTP/1.1" 200 119 "https://www.paladin-extensions.com/" "Mozilla/5.0 (Windows NT 10.0; Win64; x64) AppleWebKit/537.36 (KHTML, like Gecko) Chrome/71.0.3578.98 Safari/537.36"
24.251.180.38 - - [06/Feb/2019:22:16:19 -0500] "GET /index.php?shoutbox/refresh&last_id=150&_xfRequestUri=%2F&_xfWithData=1&_xfToken=1549509357%2C35bb2dc4be2e9887dab8344ffcb8a069&_xfResponseType=json HTTP/1.1" 200 119 "https://www.paladin-extensions.com/" "Mozilla/5.0 (Windows NT 10.0; Win64; x64) AppleWebKit/537.36 (KHTML, like Gecko) Chrome/71.0.3578.98 Safari/537.36"
174.3.135.102 - - [06/Feb/2019:22:16:19 -0500] "GET /index.php?shoutbox/refresh&last_id=150&_xfRequestUri=%2F&_xfWithData=1&_xfToken=1549509333%2C6928a21029fae2fb6250e12ed1db62ae&_xfResponseType=json HTTP/1.1" 304 - "https://www.paladin-extensions.com/" "Mozilla/5.0 (Windows NT 10.0; Win64; x64) AppleWebKit/537.36 (KHTML, like Gecko) Chrome/71.0.3578.98 Safari/537.36"
24.251.180.38 - - [06/Feb/2019:22:16:20 -0500] "GET /index.php?shoutbox/refresh&last_id=150&_xfRequestUri=%2F&_xfWithData=1&_xfToken=1549509357%2C35bb2dc4be2e9887dab8344ffcb8a069&_xfResponseType=json HTTP/1.1" 200 119 "https://www.paladin-extensions.com/" "Mozilla/5.0 (Windows NT 10.0; Win64; x64) AppleWebKit/537.36 (KHTML, like Gecko) Chrome/71.0.3578.98 Safari/537.36"
174.3.135.102 - - [06/Feb/2019:22:16:21 -0500] "GET /index.php?shoutbox/refresh&last_id=150&_xfRequestUri=%2F&_xfWithData=1&_xfToken=1549509333%2C6928a21029fae2fb6250e12ed1db62ae&_xfResponseType=json HTTP/1.1" 200 119 "https://www.paladin-extensions.com/" "Mozilla/5.0 (Windows NT 10.0; Win64; x64) AppleWebKit/537.36 (KHTML, like Gecko) Chrome/71.0.3578.98 Safari/537.36"
24.251.180.38 - - [06/Feb/2019:22:16:21 -0500] "GET /index.php?shoutbox/refresh&last_id=150&_xfRequestUri=%2F&_xfWithData=1&_xfToken=1549509357%2C35bb2dc4be2e9887dab8344ffcb8a069&_xfResponseType=json HTTP/1.1" 200 119 "https://www.paladin-extensions.com/" "Mozilla/5.0 (Windows NT 10.0; Win64; x64) AppleWebKit/537.36 (KHTML, like Gecko) Chrome/71.0.3578.98 Safari/537.36"
174.3.135.102 - - [06/Feb/2019:22:16:22 -0500] "GET /index.php?shoutbox/refresh&last_id=150&_xfRequestUri=%2F&_xfWithData=1&_xfToken=1549509333%2C6928a21029fae2fb6250e12ed1db62ae&_xfResponseType=json HTTP/1.1" 200 119 "https://www.paladin-extensions.com/" "Mozilla/5.0 (Windows NT 10.0; Win64; x64) AppleWebKit/537.36 (KHTML, like Gecko) Chrome/71.0.3578.98 Safari/537.36"
24.251.180.38 - - [06/Feb/2019:22:16:22 -0500] "GET /index.php?shoutbox/refresh&last_id=150&_xfRequestUri=%2F&_xfWithData=1&_xfToken=1549509357%2C35bb2dc4be2e9887dab8344ffcb8a069&_xfResponseType=json HTTP/1.1" 200 119 "https://www.paladin-extensions.com/" "Mozilla/5.0 (Windows NT 10.0; Win64; x64) AppleWebKit/537.36 (KHTML, like Gecko) Chrome/71.0.3578.98 Safari/537.36"
174.3.135.102 - - [06/Feb/2019:22:16:22 -0500] "GET /index.php?shoutbox/refresh&last_id=150&_xfRequestUri=%2F&_xfWithData=1&_xfToken=1549509333%2C6928a21029fae2fb6250e12ed1db62ae&_xfResponseType=json HTTP/1.1" 304 - "https://www.paladin-extensions.com/" "Mozilla/5.0 (Windows NT 10.0; Win64; x64) AppleWebKit/537.36 (KHTML, like Gecko) Chrome/71.0.3578.98 Safari/537.36"
24.251.180.38 - - [06/Feb/2019:22:16:23 -0500] "GET /index.php?shoutbox/refresh&last_id=150&_xfRequestUri=%2F&_xfWithData=1&_xfToken=1549509357%2C35bb2dc4be2e9887dab8344ffcb8a069&_xfResponseType=json HTTP/1.1" 200 119 "https://www.paladin-extensions.com/" "Mozilla/5.0 (Windows NT 10.0; Win64; x64) AppleWebKit/537.36 (KHTML, like Gecko) Chrome/71.0.3578.98 Safari/537.36"
174.3.135.102 - - [06/Feb/2019:22:16:23 -0500] "GET /index.php?shoutbox/refresh&last_id=150&_xfRequestUri=%2F&_xfWithData=1&_xfToken=1549509333%2C6928a21029fae2fb6250e12ed1db62ae&_xfResponseType=json HTTP/1.1" 200 119 "https://www.paladin-extensions.com/" "Mozilla/5.0 (Windows NT 10.0; Win64; x64) AppleWebKit/537.36 (KHTML, like Gecko) Chrome/71.0.3578.98 Safari/537.36"
24.251.180.38 - - [06/Feb/2019:22:16:24 -0500] "GET /index.php?shoutbox/refresh&last_id=150&_xfRequestUri=%2F&_xfWithData=1&_xfToken=1549509357%2C35bb2dc4be2e9887dab8344ffcb8a069&_xfResponseType=json HTTP/1.1" 200 119 "https://www.paladin-extensions.com/" "Mozilla/5.0 (Windows NT 10.0; Win64; x64) AppleWebKit/537.36 (KHTML, like Gecko) Chrome/71.0.3578.98 Safari/537.36"
174.3.135.102 - - [06/Feb/2019:22:16:24 -0500] "GET /index.php?shoutbox/refresh&last_id=150&_xfRequestUri=%2F&_xfWithData=1&_xfToken=1549509333%2C6928a21029fae2fb6250e12ed1db62ae&_xfResponseType=json HTTP/1.1" 200 119 "https://www.paladin-extensions.com/" "Mozilla/5.0 (Windows NT 10.0; Win64; x64) AppleWebKit/537.36 (KHTML, like Gecko) Chrome/71.0.3578.98 Safari/537.36"
24.251.180.38 - - [06/Feb/2019:22:16:25 -0500] "GET /index.php?shoutbox/refresh&last_id=150&_xfRequestUri=%2F&_xfWithData=1&_xfToken=1549509357%2C35bb2dc4be2e9887dab8344ffcb8a069&_xfResponseType=json HTTP/1.1" 200 119 "https://www.paladin-extensions.com/" "Mozilla/5.0 (Windows NT 10.0; Win64; x64) AppleWebKit/537.36 (KHTML, like Gecko) Chrome/71.0.3578.98 Safari/537.36"
174.3.135.102 - - [06/Feb/2019:22:16:25 -0500] "GET /index.php?shoutbox/refresh&last_id=150&_xfRequestUri=%2F&_xfWithData=1&_xfToken=1549509333%2C6928a21029fae2fb6250e12ed1db62ae&_xfResponseType=json HTTP/1.1" 304 - "https://www.paladin-extensions.com/" "Mozilla/5.0 (Windows NT 10.0; Win64; x64) AppleWebKit/537.36 (KHTML, like Gecko) Chrome/71.0.3578.98 Safari/537.36"
24.251.180.38 - - [06/Feb/2019:22:16:26 -0500] "GET /index.php?shoutbox/refresh&last_id=150&_xfRequestUri=%2F&_xfWithData=1&_xfToken=1549509357%2C35bb2dc4be2e9887dab8344ffcb8a069&_xfResponseType=json HTTP/1.1" 200 119 "https://www.paladin-extensions.com/" "Mozilla/5.0 (Windows NT 10.0; Win64; x64) AppleWebKit/537.36 (KHTML, like Gecko) Chrome/71.0.3578.98 Safari/537.36"
174.3.135.102 - - [06/Feb/2019:22:16:26 -0500] "GET /index.php?shoutbox/refresh&last_id=150&_xfRequestUri=%2F&_xfWithData=1&_xfToken=1549509333%2C6928a21029fae2fb6250e12ed1db62ae&_xfResponseType=json HTTP/1.1" 200 119 "https://www.paladin-extensions.com/" "Mozilla/5.0 (Windows NT 10.0; Win64; x64) AppleWebKit/537.36 (KHTML, like Gecko) Chrome/71.0.3578.98 Safari/537.36"
24.251.180.38 - - [06/Feb/2019:22:16:27 -0500] "GET /index.php?shoutbox/refresh&last_id=150&_xfRequestUri=%2F&_xfWithData=1&_xfToken=1549509357%2C35bb2dc4be2e9887dab8344ffcb8a069&_xfResponseType=json HTTP/1.1" 200 119 "https://www.paladin-extensions.com/" "Mozilla/5.0 (Windows NT 10.0; Win64; x64) AppleWebKit/537.36 (KHTML, like Gecko) Chrome/71.0.3578.98 Safari/537.36"
174.3.135.102 - - [06/Feb/2019:22:16:27 -0500] "GET /index.php?shoutbox/refresh&last_id=150&_xfRequestUri=%2F&_xfWithData=1&_xfToken=1549509333%2C6928a21029fae2fb6250e12ed1db62ae&_xfResponseType=json HTTP/1.1" 304 - "https://www.paladin-extensions.com/" "Mozilla/5.0 (Windows NT 10.0; Win64; x64) AppleWebKit/537.36 (KHTML, like Gecko) Chrome/71.0.3578.98 Safari/537.36"
24.251.180.38 - - [06/Feb/2019:22:16:28 -0500] "GET /index.php?shoutbox/refresh&last_id=150&_xfRequestUri=%2F&_xfWithData=1&_xfToken=1549509357%2C35bb2dc4be2e9887dab8344ffcb8a069&_xfResponseType=json HTTP/1.1" 200 119 "https://www.paladin-extensions.com/" "Mozilla/5.0 (Windows NT 10.0; Win64; x64) AppleWebKit/537.36 (KHTML, like Gecko) Chrome/71.0.3578.98 Safari/537.36"
174.3.135.102 - - [06/Feb/2019:22:16:28 -0500] "GET /index.php?shoutbox/refresh&last_id=150&_xfRequestUri=%2F&_xfWithData=1&_xfToken=1549509333%2C6928a21029fae2fb6250e12ed1db62ae&_xfResponseType=json HTTP/1.1" 200 119 "https://www.paladin-extensions.com/" "Mozilla/5.0 (Windows NT 10.0; Win64; x64) AppleWebKit/537.36 (KHTML, like Gecko) Chrome/71.0.3578.98 Safari/537.36"
24.251.180.38 - - [06/Feb/2019:22:16:29 -0500] "GET /index.php?shoutbox/refresh&last_id=150&_xfRequestUri=%2F&_xfWithData=1&_xfToken=1549509357%2C35bb2dc4be2e9887dab8344ffcb8a069&_xfResponseType=json HTTP/1.1" 200 119 "https://www.paladin-extensions.com/" "Mozilla/5.0 (Windows NT 10.0; Win64; x64) AppleWebKit/537.36 (KHTML, like Gecko) Chrome/71.0.3578.98 Safari/537.36"
174.3.135.102 - - [06/Feb/2019:22:16:29 -0500] "GET /index.php?shoutbox/refresh&last_id=150&_xfRequestUri=%2F&_xfWithData=1&_xfToken=1549509333%2C6928a21029fae2fb6250e12ed1db62ae&_xfResponseType=json HTTP/1.1" 200 119 "https://www.paladin-extensions.com/" "Mozilla/5.0 (Windows NT 10.0; Win64; x64) AppleWebKit/537.36 (KHTML, like Gecko) Chrome/71.0.3578.98 Safari/537.36"
24.251.180.38 - - [06/Feb/2019:22:16:30 -0500] "GET /index.php?shoutbox/refresh&last_id=150&_xfRequestUri=%2F&_xfWithData=1&_xfToken=1549509357%2C35bb2dc4be2e9887dab8344ffcb8a069&_xfResponseType=json HTTP/1.1" 200 119 "https://www.paladin-extensions.com/" "Mozilla/5.0 (Windows NT 10.0; Win64; x64) AppleWebKit/537.36 (KHTML, like Gecko) Chrome/71.0.3578.98 Safari/537.36"
174.3.135.102 - - [06/Feb/2019:22:16:30 -0500] "GET /index.php?shoutbox/refresh&last_id=150&_xfRequestUri=%2F&_xfWithData=1&_xfToken=1549509333%2C6928a21029fae2fb6250e12ed1db62ae&_xfResponseType=json HTTP/1.1" 200 119 "https://www.paladin-extensions.com/" "Mozilla/5.0 (Windows NT 10.0; Win64; x64) AppleWebKit/537.36 (KHTML, like Gecko) Chrome/71.0.3578.98 Safari/537.36"
24.251.180.38 - - [06/Feb/2019:22:16:31 -0500] "GET /posts/145/ HTTP/1.1" 301 - "https://www.paladin-extensions.com/" "Mozilla/5.0 (Windows NT 10.0; Win64; x64) AppleWebKit/537.36 (KHTML, like Gecko) Chrome/71.0.3578.98 Safari/537.36"
24.251.180.38 - - [06/Feb/2019:22:16:31 -0500] "GET /threads/bug-reporting-px-csgo.60/ HTTP/1.1" 200 26489 "https://www.paladin-extensions.com/" "Mozilla/5.0 (Windows NT 10.0; Win64; x64) AppleWebKit/537.36 (KHTML, like Gecko) Chrome/71.0.3578.98 Safari/537.36"
174.3.135.102 - - [06/Feb/2019:22:16:31 -0500] "GET /index.php?shoutbox/refresh&last_id=150&_xfRequestUri=%2F&_xfWithData=1&_xfToken=1549509333%2C6928a21029fae2fb6250e12ed1db62ae&_xfResponseType=json HTTP/1.1" 200 119 "https://www.paladin-extensions.com/" "Mozilla/5.0 (Windows NT 10.0; Win64; x64) AppleWebKit/537.36 (KHTML, like Gecko) Chrome/71.0.3578.98 Safari/537.36"
174.3.135.102 - - [06/Feb/2019:22:16:32 -0500] "GET /index.php?shoutbox/refresh&last_id=150&_xfRequestUri=%2F&_xfWithData=1&_xfToken=1549509333%2C6928a21029fae2fb6250e12ed1db62ae&_xfResponseType=json HTTP/1.1" 200 119 "https://www.paladin-extensions.com/" "Mozilla/5.0 (Windows NT 10.0; Win64; x64) AppleWebKit/537.36 (KHTML, like Gecko) Chrome/71.0.3578.98 Safari/537.36"
174.3.135.102 - - [06/Feb/2019:22:16:33 -0500] "GET /index.php?shoutbox/refresh&last_id=150&_xfRequestUri=%2F&_xfWithData=1&_xfToken=1549509333%2C6928a21029fae2fb6250e12ed1db62ae&_xfResponseType=json HTTP/1.1" 200 119 "https://www.paladin-extensions.com/" "Mozilla/5.0 (Windows NT 10.0; Win64; x64) AppleWebKit/537.36 (KHTML, like Gecko) Chrome/71.0.3578.98 Safari/537.36"
24.251.180.38 - - [06/Feb/2019:22:16:34 -0500] "GET /reactions/list/post/145?_xfRequestUri=%2Fthreads%2Fbug-reporting-px-csgo.60%2F&_xfWithData=1&_xfToken=1549509391%2C94abbaa409169339f0b73b955a1492bb&_xfResponseType=json HTTP/1.1" 200 9855 "https://www.paladin-extensions.com/threads/bug-reporting-px-csgo.60/" "Mozilla/5.0 (Windows NT 10.0; Win64; x64) AppleWebKit/537.36 (KHTML, like Gecko) Chrome/71.0.3578.98 Safari/537.36"
174.3.135.102 - - [06/Feb/2019:22:16:34 -0500] "GET /index.php?shoutbox/refresh&last_id=150&_xfRequestUri=%2F&_xfWithData=1&_xfToken=1549509333%2C6928a21029fae2fb6250e12ed1db62ae&_xfResponseType=json HTTP/1.1" 200 119 "https://www.paladin-extensions.com/" "Mozilla/5.0 (Windows NT 10.0; Win64; x64) AppleWebKit/537.36 (KHTML, like Gecko) Chrome/71.0.3578.98 Safari/537.36"
174.3.135.102 - - [06/Feb/2019:22:16:35 -0500] "GET /index.php?shoutbox/refresh&last_id=150&_xfRequestUri=%2F&_xfWithData=1&_xfToken=1549509333%2C6928a21029fae2fb6250e12ed1db62ae&_xfResponseType=json HTTP/1.1" 200 119 "https://www.paladin-extensions.com/" "Mozilla/5.0 (Windows NT 10.0; Win64; x64) AppleWebKit/537.36 (KHTML, like Gecko) Chrome/71.0.3578.98 Safari/537.36"
174.3.135.102 - - [06/Feb/2019:22:16:36 -0500] "GET /forums/news.2/ HTTP/1.1" 200 18295 "https://www.paladin-extensions.com/" "Mozilla/5.0 (Windows NT 10.0; Win64; x64) AppleWebKit/537.36 (KHTML, like Gecko) Chrome/71.0.3578.98 Safari/537.36"
174.3.135.102 - - [06/Feb/2019:22:16:36 -0500] "GET /js/xf/thread.min.js?_v=56a48e2b HTTP/1.1" 200 962 "https://www.paladin-extensions.com/forums/news.2/" "Mozilla/5.0 (Windows NT 10.0; Win64; x64) AppleWebKit/537.36 (KHTML, like Gecko) Chrome/71.0.3578.98 Safari/537.36"
174.3.135.102 - - [06/Feb/2019:22:16:36 -0500] "GET /js/xf/prefix_menu.min.js?_v=56a48e2b HTTP/1.1" 200 1958 "https://www.paladin-extensions.com/forums/news.2/" "Mozilla/5.0 (Windows NT 10.0; Win64; x64) AppleWebKit/537.36 (KHTML, like Gecko) Chrome/71.0.3578.98 Safari/537.36"
174.3.135.102 - - [06/Feb/2019:22:16:36 -0500] "GET /css.php?css=public%3Aandy_similarthreads.less%2Cpublic%3Aprefix_menu.less%2Cpublic%3Astructured_list.less%2Cpublic%3Ath_reactions.less%2Cpublic%3Aextra.less&s=8&l=1&d=1549226017&k=5fc5c360f795d116f6591b18ae8f7e6f815d6dde HTTP/1.1" 200 12461 "https://www.paladin-extensions.com/forums/news.2/" "Mozilla/5.0 (Windows NT 10.0; Win64; x64) AppleWebKit/537.36 (KHTML, like Gecko) Chrome/71.0.3578.98 Safari/537.36"
174.3.135.102 - - [06/Feb/2019:22:16:39 -0500] "POST /job.php HTTP/1.1" 200 14 "https://www.paladin-extensions.com/" "Mozilla/5.0 (Windows NT 10.0; Win64; x64) AppleWebKit/537.36 (KHTML, like Gecko) Chrome/71.0.3578.98 Safari/537.36"
174.3.135.102 - - [06/Feb/2019:22:16:40 -0500] "GET /index.php?shoutbox/refresh&last_id=150&_xfRequestUri=%2F&_xfWithData=1&_xfToken=1549509333%2C6928a21029fae2fb6250e12ed1db62ae&_xfResponseType=json HTTP/1.1" 200 119 "https://www.paladin-extensions.com/" "Mozilla/5.0 (Windows NT 10.0; Win64; x64) AppleWebKit/537.36 (KHTML, like Gecko) Chrome/71.0.3578.98 Safari/537.36"
174.3.135.102 - - [06/Feb/2019:22:16:41 -0500] "GET /index.php?shoutbox/refresh&last_id=150&_xfRequestUri=%2F&_xfWithData=1&_xfToken=1549509333%2C6928a21029fae2fb6250e12ed1db62ae&_xfResponseType=json HTTP/1.1" 200 119 "https://www.paladin-extensions.com/" "Mozilla/5.0 (Windows NT 10.0; Win64; x64) AppleWebKit/537.36 (KHTML, like Gecko) Chrome/71.0.3578.98 Safari/537.36"
174.3.135.102 - - [06/Feb/2019:22:16:42 -0500] "GET /index.php?shoutbox/refresh&last_id=150&_xfRequestUri=%2F&_xfWithData=1&_xfToken=1549509333%2C6928a21029fae2fb6250e12ed1db62ae&_xfResponseType=json HTTP/1.1" 200 119 "https://www.paladin-extensions.com/" "Mozilla/5.0 (Windows NT 10.0; Win64; x64) AppleWebKit/537.36 (KHTML, like Gecko) Chrome/71.0.3578.98 Safari/537.36"
174.3.135.102 - - [06/Feb/2019:22:16:43 -0500] "GET /index.php?shoutbox/refresh&last_id=150&_xfRequestUri=%2F&_xfWithData=1&_xfToken=1549509333%2C6928a21029fae2fb6250e12ed1db62ae&_xfResponseType=json HTTP/1.1" 200 119 "https://www.paladin-extensions.com/" "Mozilla/5.0 (Windows NT 10.0; Win64; x64) AppleWebKit/537.36 (KHTML, like Gecko) Chrome/71.0.3578.98 Safari/537.36"
174.3.135.102 - - [06/Feb/2019:22:16:44 -0500] "GET /index.php?shoutbox/refresh&last_id=150&_xfRequestUri=%2F&_xfWithData=1&_xfToken=1549509333%2C6928a21029fae2fb6250e12ed1db62ae&_xfResponseType=json HTTP/1.1" 200 119 "https://www.paladin-extensions.com/" "Mozilla/5.0 (Windows NT 10.0; Win64; x64) AppleWebKit/537.36 (KHTML, like Gecko) Chrome/71.0.3578.98 Safari/537.36"
174.3.135.102 - - [06/Feb/2019:22:16:45 -0500] "GET /index.php?shoutbox/refresh&last_id=150&_xfRequestUri=%2F&_xfWithData=1&_xfToken=1549509333%2C6928a21029fae2fb6250e12ed1db62ae&_xfResponseType=json HTTP/1.1" 200 119 "https://www.paladin-extensions.com/" "Mozilla/5.0 (Windows NT 10.0; Win64; x64) AppleWebKit/537.36 (KHTML, like Gecko) Chrome/71.0.3578.98 Safari/537.36"
174.3.135.102 - - [06/Feb/2019:22:16:45 -0500] "GET /account/alerts-popup?_xfRequestUri=%2F&_xfWithData=1&_xfToken=1549509333%2C6928a21029fae2fb6250e12ed1db62ae&_xfResponseType=json&_=1549509399851 HTTP/1.1" 200 3355 "https://www.paladin-extensions.com/" "Mozilla/5.0 (Windows NT 10.0; Win64; x64) AppleWebKit/537.36 (KHTML, like Gecko) Chrome/71.0.3578.98 Safari/537.36"
174.3.135.102 - - [06/Feb/2019:22:16:46 -0500] "GET /index.php?shoutbox/refresh&last_id=150&_xfRequestUri=%2F&_xfWithData=1&_xfToken=1549509333%2C6928a21029fae2fb6250e12ed1db62ae&_xfResponseType=json HTTP/1.1" 200 119 "https://www.paladin-extensions.com/" "Mozilla/5.0 (Windows NT 10.0; Win64; x64) AppleWebKit/537.36 (KHTML, like Gecko) Chrome/71.0.3578.98 Safari/537.36"
174.3.135.102 - - [06/Feb/2019:22:16:47 -0500] "GET /index.php?shoutbox/refresh&last_id=150&_xfRequestUri=%2F&_xfWithData=1&_xfToken=1549509333%2C6928a21029fae2fb6250e12ed1db62ae&_xfResponseType=json HTTP/1.1" 200 119 "https://www.paladin-extensions.com/" "Mozilla/5.0 (Windows NT 10.0; Win64; x64) AppleWebKit/537.36 (KHTML, like Gecko) Chrome/71.0.3578.98 Safari/537.36"
174.3.135.102 - - [06/Feb/2019:22:16:47 -0500] "GET /posts/145/ HTTP/1.1" 301 - "https://www.paladin-extensions.com/" "Mozilla/5.0 (Windows NT 10.0; Win64; x64) AppleWebKit/537.36 (KHTML, like Gecko) Chrome/71.0.3578.98 Safari/537.36"
174.3.135.102 - - [06/Feb/2019:22:16:48 -0500] "GET /threads/bug-reporting-px-csgo.60/ HTTP/1.1" 200 28616 "https://www.paladin-extensions.com/" "Mozilla/5.0 (Windows NT 10.0; Win64; x64) AppleWebKit/537.36 (KHTML, like Gecko) Chrome/71.0.3578.98 Safari/537.36"
174.3.135.102 - - [06/Feb/2019:22:16:48 -0500] "GET /index.php?shoutbox/refresh&last_id=150&_xfRequestUri=%2F&_xfWithData=1&_xfToken=1549509333%2C6928a21029fae2fb6250e12ed1db62ae&_xfResponseType=json HTTP/1.1" 200 119 "https://www.paladin-extensions.com/" "Mozilla/5.0 (Windows NT 10.0; Win64; x64) AppleWebKit/537.36 (KHTML, like Gecko) Chrome/71.0.3578.98 Safari/537.36"
174.3.135.102 - - [06/Feb/2019:22:16:48 -0500] "GET /css.php?css=public%3Aaloph_op_ribbon_style.less%2Cpublic%3Aattachments.less%2Cpublic%3Abb_code.less%2Cpublic%3Aeditor.less%2Cpublic%3Akl_em_froala_image.less%2Cpublic%3Akl_em_froala_special_characters.less%2Cpublic%3Akl_em_froala_table.less%2Cpublic%3Alightbox.less%2Cpublic%3Amessage.less%2Cpublic%3Amessage_macros_steam.less%2Cpublic%3Ashare_controls.less%2Cpublic%3Ath_reactions.less%2Cpublic%3Aextra.less&s=8&l=1&d=1549226017&k=b315973affddc61627f112accbb65895c2e794f9 HTTP/1.1" 200 33076 "https://www.paladin-extensions.com/threads/bug-reporting-px-csgo.60/" "Mozilla/5.0 (Windows NT 10.0; Win64; x64) AppleWebKit/537.36 (KHTML, like Gecko) Chrome/71.0.3578.98 Safari/537.36"
174.3.135.102 - - [06/Feb/2019:22:16:54 -0500] "GET / HTTP/1.1" 200 52182 "https://www.paladin-extensions.com/threads/bug-reporting-px-csgo.60/" "Mozilla/5.0 (Windows NT 10.0; Win64; x64) AppleWebKit/537.36 (KHTML, like Gecko) Chrome/71.0.3578.98 Safari/537.36"
174.3.135.102 - - [06/Feb/2019:22:16:54 -0500] "GET /proxy.php?image=https%3A%2F%2Fcdn.discordapp.com%2Fattachments%2F492142646912090114%2F541561138089820160%2Fterrorists-win_c_7219146.jpg&hash=1eed8987ec3094e94b17f49a40baf31b HTTP/1.1" 304 - "https://www.paladin-extensions.com/" "Mozilla/5.0 (Windows NT 10.0; Win64; x64) AppleWebKit/537.36 (KHTML, like Gecko) Chrome/71.0.3578.98 Safari/537.36"
174.3.135.102 - - [06/Feb/2019:22:16:54 -0500] "GET /proxy.php?image=https%3A%2F%2Fcdn.discordapp.com%2Fattachments%2F492142646912090114%2F541564546448621568%2Fimage0-25.jpg&hash=68e7dffefcc2c104ee655bdbab1e7916 HTTP/1.1" 304 - "https://www.paladin-extensions.com/" "Mozilla/5.0 (Windows NT 10.0; Win64; x64) AppleWebKit/537.36 (KHTML, like Gecko) Chrome/71.0.3578.98 Safari/537.36"
174.3.135.102 - - [06/Feb/2019:22:16:54 -0500] "GET /proxy.php?image=https%3A%2F%2Fcdn.discordapp.com%2Fattachments%2F492142646912090114%2F541561296529653771%2FScreenshot_20190117-213756.png&hash=ddadf05cc4a19fc2124ed236a94bed90 HTTP/1.1" 304 - "https://www.paladin-extensions.com/" "Mozilla/5.0 (Windows NT 10.0; Win64; x64) AppleWebKit/537.36 (KHTML, like Gecko) Chrome/71.0.3578.98 Safari/537.36"
174.3.135.102 - - [06/Feb/2019:22:16:54 -0500] "GET /proxy.php?image=https%3A%2F%2Fi.imgur.com%2Fr0tCHeM.png&hash=58dd2bbfaf81cbfcd2d3e7fbdd81cb6c HTTP/1.1" 304 - "https://www.paladin-extensions.com/" "Mozilla/5.0 (Windows NT 10.0; Win64; x64) AppleWebKit/537.36 (KHTML, like Gecko) Chrome/71.0.3578.98 Safari/537.36"
174.3.135.102 - - [06/Feb/2019:22:16:54 -0500] "GET /proxy.php?image=https%3A%2F%2Fcdn.discordapp.com%2Fattachments%2F492142646912090114%2F541582337079771136%2FScreenshot_20190203-042443.png&hash=14482d93545848ba26942d682ad47b27 HTTP/1.1" 304 - "https://www.paladin-extensions.com/" "Mozilla/5.0 (Windows NT 10.0; Win64; x64) AppleWebKit/537.36 (KHTML, like Gecko) Chrome/71.0.3578.98 Safari/537.36"
174.3.135.102 - - [06/Feb/2019:22:16:56 -0500] "GET /index.php?shoutbox/refresh&last_id=150&_xfRequestUri=%2F&_xfWithData=1&_xfToken=1549509414%2Ccba1c82126054fb2e3e0f3b3c115a569&_xfResponseType=json HTTP/1.1" 200 119 "https://www.paladin-extensions.com/" "Mozilla/5.0 (Windows NT 10.0; Win64; x64) AppleWebKit/537.36 (KHTML, like Gecko) Chrome/71.0.3578.98 Safari/537.36"
