54.224.15.99 - - [16/Jan/2019:07:22:00 -0500] "GET / HTTP/1.1" 503 38415 "http://paladin-extensions.com/" "Mozilla/5.0 (Macintosh; Intel Mac OS X 10_13_4) AppleWebKit/537.36 (KHTML, like Gecko) Chrome/65.0.3325.181 Safari/537.36"
54.224.15.99 - - [16/Jan/2019:07:41:57 -0500] "GET / HTTP/1.1" 503 38415 "http://paladin-extensions.com/" "Mozilla/5.0 (Macintosh; Intel Mac OS X 10_13_4) AppleWebKit/537.36 (KHTML, like Gecko) Chrome/65.0.3325.181 Safari/537.36"
66.249.79.114 - - [16/Jan/2019:07:58:58 -0500] "GET / HTTP/1.1" 301 - "-" "Mozilla/5.0 (Linux; Android 6.0.1; Nexus 5X Build/MMB29P) AppleWebKit/537.36 (KHTML, like Gecko) Chrome/41.0.2272.96 Mobile Safari/537.36 (compatible; Googlebot/2.1; +http://www.google.com/bot.html)"
66.249.79.220 - - [16/Jan/2019:07:59:14 -0500] "GET / HTTP/1.1" 503 10045 "-" "Mozilla/5.0 (Linux; Android 6.0.1; Nexus 5X Build/MMB29P) AppleWebKit/537.36 (KHTML, like Gecko) Chrome/41.0.2272.96 Mobile Safari/537.36 (compatible; Googlebot/2.1; +http://www.google.com/bot.html)"
54.224.15.99 - - [16/Jan/2019:08:02:29 -0500] "GET / HTTP/1.1" 503 38415 "http://paladin-extensions.com/" "Mozilla/5.0 (Macintosh; Intel Mac OS X 10_13_4) AppleWebKit/537.36 (KHTML, like Gecko) Chrome/65.0.3325.181 Safari/537.36"
46.229.168.129 - - [16/Jan/2019:08:04:49 -0500] "GET /robots.txt HTTP/1.1" 404 208 "-" "Mozilla/5.0 (compatible; SemrushBot/3~bl; +http://www.semrush.com/bot.html)"
46.229.168.152 - - [16/Jan/2019:08:04:50 -0500] "GET /members/waddu.23/trophies HTTP/1.1" 503 9941 "-" "Mozilla/5.0 (compatible; SemrushBot/3~bl; +http://www.semrush.com/bot.html)"
178.154.244.132 - - [16/Jan/2019:08:16:37 -0500] "GET /robots.txt HTTP/1.1" 404 208 "-" "Mozilla/5.0 (compatible; YandexBot/3.0; +http://yandex.com/bots)"
37.9.87.171 - - [16/Jan/2019:08:16:41 -0500] "GET /members/ HTTP/1.1" 503 9942 "-" "Mozilla/5.0 (compatible; YandexBot/3.0; +http://yandex.com/bots)"
93.158.161.96 - - [16/Jan/2019:08:16:44 -0500] "GET /members/ HTTP/1.1" 503 9939 "-" "Mozilla/5.0 (compatible; YandexBot/3.0; +http://yandex.com/bots)"
93.158.161.96 - - [16/Jan/2019:08:16:48 -0500] "GET /members/ HTTP/1.1" 503 9949 "-" "Mozilla/5.0 (compatible; YandexBot/3.0; +http://yandex.com/bots)"
18.209.103.133 - - [16/Jan/2019:08:22:12 -0500] "GET / HTTP/1.1" 503 38415 "http://paladin-extensions.com/" "Mozilla/5.0 (Macintosh; Intel Mac OS X 10_13_4) AppleWebKit/537.36 (KHTML, like Gecko) Chrome/65.0.3325.181 Safari/537.36"
141.8.144.23 - - [16/Jan/2019:08:23:19 -0500] "GET /help/cookies/ HTTP/1.1" 200 11757 "-" "Mozilla/5.0 (compatible; YandexBot/3.0; +http://yandex.com/bots)"
18.209.103.133 - - [16/Jan/2019:08:41:50 -0500] "GET / HTTP/1.1" 503 38415 "http://paladin-extensions.com/" "Mozilla/5.0 (Macintosh; Intel Mac OS X 10_13_4) AppleWebKit/537.36 (KHTML, like Gecko) Chrome/65.0.3325.181 Safari/537.36"
180.76.15.28 - - [16/Jan/2019:08:55:22 -0500] "GET /search/ HTTP/1.1" 503 38051 "-" "Mozilla/5.0 (compatible; Baiduspider/2.0; +http://www.baidu.com/search/spider.html)"
3.83.247.126 - - [16/Jan/2019:09:02:43 -0500] "GET / HTTP/1.1" 503 38415 "http://paladin-extensions.com/" "Mozilla/5.0 (Macintosh; Intel Mac OS X 10_13_4) AppleWebKit/537.36 (KHTML, like Gecko) Chrome/65.0.3325.181 Safari/537.36"
52.53.201.78 - - [16/Jan/2019:09:03:27 -0500] "GET / HTTP/1.1" 503 10045 "http://www.paladin-extensions.com/" "Mozilla/5.0 (Macintosh; Intel Mac OS X 10_12_6) AppleWebKit/537.36 (KHTML, like Gecko) Chrome/61.0.3163.100 Safari/537.36"
3.83.247.126 - - [16/Jan/2019:09:22:27 -0500] "GET / HTTP/1.1" 503 38415 "http://paladin-extensions.com/" "Mozilla/5.0 (Macintosh; Intel Mac OS X 10_13_4) AppleWebKit/537.36 (KHTML, like Gecko) Chrome/65.0.3325.181 Safari/537.36"
180.76.15.138 - - [16/Jan/2019:09:28:42 -0500] "GET /styles/uix_dark/fonts/icons/material-icons/css/materialdesignicons.min.css HTTP/1.1" 200 100102 "-" "Mozilla/5.0 (compatible; Baiduspider/2.0; +http://www.baidu.com/search/spider.html)"
18.209.103.133 - - [16/Jan/2019:09:42:42 -0500] "GET / HTTP/1.1" 503 38415 "http://paladin-extensions.com/" "Mozilla/5.0 (Macintosh; Intel Mac OS X 10_13_4) AppleWebKit/537.36 (KHTML, like Gecko) Chrome/65.0.3325.181 Safari/537.36"
66.249.79.220 - - [16/Jan/2019:09:49:40 -0500] "GET / HTTP/1.1" 503 10034 "-" "Mozilla/5.0 (compatible; Googlebot/2.1; +http://www.google.com/bot.html)"
180.76.15.30 - - [16/Jan/2019:10:02:02 -0500] "GET /search/?type=post HTTP/1.1" 503 38061 "-" "Mozilla/5.0 (compatible; Baiduspider/2.0; +http://www.baidu.com/search/spider.html)"
18.209.103.133 - - [16/Jan/2019:10:02:33 -0500] "GET / HTTP/1.1" 503 38415 "http://paladin-extensions.com/" "Mozilla/5.0 (Macintosh; Intel Mac OS X 10_13_4) AppleWebKit/537.36 (KHTML, like Gecko) Chrome/65.0.3325.181 Safari/537.36"
18.209.103.133 - - [16/Jan/2019:10:22:02 -0500] "GET / HTTP/1.1" 503 38415 "http://paladin-extensions.com/" "Mozilla/5.0 (Macintosh; Intel Mac OS X 10_13_4) AppleWebKit/537.36 (KHTML, like Gecko) Chrome/65.0.3325.181 Safari/537.36"
18.209.103.133 - - [16/Jan/2019:10:41:50 -0500] "GET / HTTP/1.1" 503 38415 "http://paladin-extensions.com/" "Mozilla/5.0 (Macintosh; Intel Mac OS X 10_13_4) AppleWebKit/537.36 (KHTML, like Gecko) Chrome/65.0.3325.181 Safari/537.36"
66.249.79.193 - - [16/Jan/2019:10:44:05 -0500] "GET / HTTP/1.1" 503 10047 "-" "Mozilla/5.0 (Linux; Android 6.0.1; Nexus 5X Build/MMB29P) AppleWebKit/537.36 (KHTML, like Gecko) Chrome/41.0.2272.96 Mobile Safari/537.36 (compatible; Googlebot/2.1; +http://www.google.com/bot.html)"
5.255.250.102 - - [16/Jan/2019:10:52:27 -0500] "GET /help/trophies/ HTTP/1.1" 200 10906 "-" "Mozilla/5.0 (compatible; YandexBot/3.0; +http://yandex.com/bots)"
3.83.247.126 - - [16/Jan/2019:11:02:51 -0500] "GET / HTTP/1.1" 503 38415 "http://paladin-extensions.com/" "Mozilla/5.0 (Macintosh; Intel Mac OS X 10_13_4) AppleWebKit/537.36 (KHTML, like Gecko) Chrome/65.0.3325.181 Safari/537.36"
46.229.168.138 - - [16/Jan/2019:11:08:52 -0500] "GET /robots.txt HTTP/1.1" 404 208 "-" "Mozilla/5.0 (compatible; SemrushBot/3~bl; +http://www.semrush.com/bot.html)"
46.229.168.133 - - [16/Jan/2019:11:08:52 -0500] "GET /posts/136/ HTTP/1.1" 503 9966 "-" "Mozilla/5.0 (compatible; SemrushBot/3~bl; +http://www.semrush.com/bot.html)"
37.9.87.170 - - [16/Jan/2019:11:12:02 -0500] "GET /forums/news.2/ HTTP/1.1" 503 9950 "-" "Mozilla/5.0 (compatible; YandexBot/3.0; +http://yandex.com/bots)"
178.154.244.132 - - [16/Jan/2019:11:12:05 -0500] "GET /forums/news.2/ HTTP/1.1" 503 9955 "-" "Mozilla/5.0 (compatible; YandexBot/3.0; +http://yandex.com/bots)"
178.154.244.132 - - [16/Jan/2019:11:12:08 -0500] "GET /forums/news.2/ HTTP/1.1" 503 9940 "-" "Mozilla/5.0 (compatible; YandexBot/3.0; +http://yandex.com/bots)"
3.83.247.126 - - [16/Jan/2019:11:22:40 -0500] "GET / HTTP/1.1" 503 38415 "http://paladin-extensions.com/" "Mozilla/5.0 (Macintosh; Intel Mac OS X 10_13_4) AppleWebKit/537.36 (KHTML, like Gecko) Chrome/65.0.3325.181 Safari/537.36"
18.209.103.133 - - [16/Jan/2019:11:42:45 -0500] "GET / HTTP/1.1" 503 38415 "http://paladin-extensions.com/" "Mozilla/5.0 (Macintosh; Intel Mac OS X 10_13_4) AppleWebKit/537.36 (KHTML, like Gecko) Chrome/65.0.3325.181 Safari/537.36"
18.209.103.133 - - [16/Jan/2019:12:02:20 -0500] "GET / HTTP/1.1" 503 38415 "http://paladin-extensions.com/" "Mozilla/5.0 (Macintosh; Intel Mac OS X 10_13_4) AppleWebKit/537.36 (KHTML, like Gecko) Chrome/65.0.3325.181 Safari/537.36"
180.76.15.31 - - [16/Jan/2019:12:03:50 -0500] "GET /forums/-/index.rss HTTP/1.1" 503 276 "-" "Mozilla/5.0 (compatible; Baiduspider/2.0; +http://www.baidu.com/search/spider.html)"
18.209.103.133 - - [16/Jan/2019:12:22:09 -0500] "GET / HTTP/1.1" 503 38415 "http://paladin-extensions.com/" "Mozilla/5.0 (Macintosh; Intel Mac OS X 10_13_4) AppleWebKit/537.36 (KHTML, like Gecko) Chrome/65.0.3325.181 Safari/537.36"
178.154.244.132 - - [16/Jan/2019:12:31:24 -0500] "GET /robots.txt HTTP/1.1" 404 208 "-" "Mozilla/5.0 (compatible; YandexBot/3.0; +http://yandex.com/bots)"
178.154.244.132 - - [16/Jan/2019:12:31:27 -0500] "GET /extensions/paladin-csgo-extension.2/ HTTP/1.1" 503 9917 "-" "Mozilla/5.0 (compatible; YandexBot/3.0; +http://yandex.com/bots)"
37.9.87.171 - - [16/Jan/2019:12:31:32 -0500] "GET /extensions/paladin-csgo-extension.2/ HTTP/1.1" 503 9918 "-" "Mozilla/5.0 (compatible; YandexBot/3.0; +http://yandex.com/bots)"
141.8.144.23 - - [16/Jan/2019:12:31:35 -0500] "GET /extensions/paladin-csgo-extension.2/ HTTP/1.1" 503 9918 "-" "Mozilla/5.0 (compatible; YandexBot/3.0; +http://yandex.com/bots)"
220.181.108.159 - - [16/Jan/2019:12:39:53 -0500] "GET /register/ HTTP/1.1" 503 38053 "-" "Mozilla/5.0 (compatible; Baiduspider/2.0; +http://www.baidu.com/search/spider.html)"
18.209.103.133 - - [16/Jan/2019:12:42:21 -0500] "GET / HTTP/1.1" 503 38415 "http://paladin-extensions.com/" "Mozilla/5.0 (Macintosh; Intel Mac OS X 10_13_4) AppleWebKit/537.36 (KHTML, like Gecko) Chrome/65.0.3325.181 Safari/537.36"
18.209.103.133 - - [16/Jan/2019:13:02:38 -0500] "GET / HTTP/1.1" 503 38415 "http://paladin-extensions.com/" "Mozilla/5.0 (Macintosh; Intel Mac OS X 10_13_4) AppleWebKit/537.36 (KHTML, like Gecko) Chrome/65.0.3325.181 Safari/537.36"
18.209.103.133 - - [16/Jan/2019:13:22:25 -0500] "GET / HTTP/1.1" 503 38415 "http://paladin-extensions.com/" "Mozilla/5.0 (Macintosh; Intel Mac OS X 10_13_4) AppleWebKit/537.36 (KHTML, like Gecko) Chrome/65.0.3325.181 Safari/537.36"
18.209.103.133 - - [16/Jan/2019:13:42:06 -0500] "GET / HTTP/1.1" 503 38415 "http://paladin-extensions.com/" "Mozilla/5.0 (Macintosh; Intel Mac OS X 10_13_4) AppleWebKit/537.36 (KHTML, like Gecko) Chrome/65.0.3325.181 Safari/537.36"
18.209.103.133 - - [16/Jan/2019:14:02:06 -0500] "GET / HTTP/1.1" 503 38415 "http://paladin-extensions.com/" "Mozilla/5.0 (Macintosh; Intel Mac OS X 10_13_4) AppleWebKit/537.36 (KHTML, like Gecko) Chrome/65.0.3325.181 Safari/537.36"
180.76.15.13 - - [16/Jan/2019:14:11:48 -0500] "GET /forums/media.22/ HTTP/1.1" 503 38700 "-" "Mozilla/5.0 (compatible; Baiduspider/2.0; +http://www.baidu.com/search/spider.html)"
18.209.103.133 - - [16/Jan/2019:14:22:06 -0500] "GET / HTTP/1.1" 503 38415 "http://paladin-extensions.com/" "Mozilla/5.0 (Macintosh; Intel Mac OS X 10_13_4) AppleWebKit/537.36 (KHTML, like Gecko) Chrome/65.0.3325.181 Safari/537.36"
3.83.247.126 - - [16/Jan/2019:14:42:08 -0500] "GET / HTTP/1.1" 503 38415 "http://paladin-extensions.com/" "Mozilla/5.0 (Macintosh; Intel Mac OS X 10_13_4) AppleWebKit/537.36 (KHTML, like Gecko) Chrome/65.0.3325.181 Safari/537.36"
180.76.15.26 - - [16/Jan/2019:14:45:08 -0500] "GET /posts/133/ HTTP/1.1" 503 38694 "-" "Mozilla/5.0 (compatible; Baiduspider/2.0; +http://www.baidu.com/search/spider.html)"
3.83.247.126 - - [16/Jan/2019:15:02:01 -0500] "GET / HTTP/1.1" 503 38415 "http://paladin-extensions.com/" "Mozilla/5.0 (Macintosh; Intel Mac OS X 10_13_4) AppleWebKit/537.36 (KHTML, like Gecko) Chrome/65.0.3325.181 Safari/537.36"
3.85.3.152 - - [16/Jan/2019:15:21:55 -0500] "GET / HTTP/1.1" 503 38415 "http://paladin-extensions.com/" "Mozilla/5.0 (Macintosh; Intel Mac OS X 10_13_4) AppleWebKit/537.36 (KHTML, like Gecko) Chrome/65.0.3325.181 Safari/537.36"
3.85.3.152 - - [16/Jan/2019:15:42:27 -0500] "GET / HTTP/1.1" 503 38415 "http://paladin-extensions.com/" "Mozilla/5.0 (Macintosh; Intel Mac OS X 10_13_4) AppleWebKit/537.36 (KHTML, like Gecko) Chrome/65.0.3325.181 Safari/537.36"
3.85.3.152 - - [16/Jan/2019:16:01:56 -0500] "GET / HTTP/1.1" 503 38415 "http://paladin-extensions.com/" "Mozilla/5.0 (Macintosh; Intel Mac OS X 10_13_4) AppleWebKit/537.36 (KHTML, like Gecko) Chrome/65.0.3325.181 Safari/537.36"
123.125.71.51 - - [16/Jan/2019:16:02:09 -0500] "GET /products/ HTTP/1.1" 503 38115 "-" "Mozilla/5.0 (compatible; Baiduspider/2.0; +http://www.baidu.com/search/spider.html)"
46.229.168.133 - - [16/Jan/2019:16:02:30 -0500] "GET /robots.txt HTTP/1.1" 404 208 "-" "Mozilla/5.0 (compatible; SemrushBot/3~bl; +http://www.semrush.com/bot.html)"
46.229.168.131 - - [16/Jan/2019:16:02:30 -0500] "GET /threads/member-only-discord-server.57/ HTTP/1.1" 503 9978 "-" "Mozilla/5.0 (compatible; SemrushBot/3~bl; +http://www.semrush.com/bot.html)"
46.229.168.131 - - [16/Jan/2019:16:02:33 -0500] "GET /sitemap.xml HTTP/1.1" 200 1208 "-" "Mozilla/5.0 (compatible; SemrushBot/3~bl; +http://www.semrush.com/bot.html)"
180.76.15.15 - - [16/Jan/2019:16:08:16 -0500] "GET /members/bhopfu1.1/ HTTP/1.1" 503 38442 "-" "Mozilla/5.0 (compatible; Baiduspider/2.0; +http://www.baidu.com/search/spider.html)"
3.85.3.152 - - [16/Jan/2019:16:21:53 -0500] "GET / HTTP/1.1" 503 38415 "http://paladin-extensions.com/" "Mozilla/5.0 (Macintosh; Intel Mac OS X 10_13_4) AppleWebKit/537.36 (KHTML, like Gecko) Chrome/65.0.3325.181 Safari/537.36"
3.85.3.152 - - [16/Jan/2019:16:42:09 -0500] "GET / HTTP/1.1" 503 38415 "http://paladin-extensions.com/" "Mozilla/5.0 (Macintosh; Intel Mac OS X 10_13_4) AppleWebKit/537.36 (KHTML, like Gecko) Chrome/65.0.3325.181 Safari/537.36"
46.229.168.142 - - [16/Jan/2019:16:58:34 -0500] "GET /history/ HTTP/1.1" 503 9947 "-" "Mozilla/5.0 (compatible; SemrushBot/3~bl; +http://www.semrush.com/bot.html)"
24.251.180.38 - - [16/Jan/2019:17:00:04 -0500] "GET / HTTP/1.1" 200 50456 "-" "Mozilla/5.0 (Windows NT 10.0; Win64; x64) AppleWebKit/537.36 (KHTML, like Gecko) Chrome/71.0.3578.98 Safari/537.36"
24.251.180.38 - - [16/Jan/2019:17:00:04 -0500] "GET /css.php?css=public%3Anormalize.css%2Cpublic%3Acore.less%2Cpublic%3Aapp.less&s=8&l=1&d=1547535223&k=edf6cfeed2b8b8213808b1692c79649ca17f77fa HTTP/1.1" 200 62084 "https://www.paladin-extensions.com/" "Mozilla/5.0 (Windows NT 10.0; Win64; x64) AppleWebKit/537.36 (KHTML, like Gecko) Chrome/71.0.3578.98 Safari/537.36"
24.251.180.38 - - [16/Jan/2019:17:00:04 -0500] "GET /css.php?css=public%3Aandy_countdown.less%2Cpublic%3Aeditor.less%2Cpublic%3Alightbox.less%2Cpublic%3Anode_list.less%2Cpublic%3Anotices.less%2Cpublic%3Asiropu_shoutbox.less%2Cpublic%3Ath_reactions.less%2Cpublic%3Ath_widget_post_thread_uix.less%2Cpublic%3Awidget_ah_discord.less%2Cpublic%3Aextra.less&s=8&l=1&d=1547535223&k=5b3cfc20e41cf2f1354f3067921ddb059a807c3c HTTP/1.1" 200 27408 "https://www.paladin-extensions.com/" "Mozilla/5.0 (Windows NT 10.0; Win64; x64) AppleWebKit/537.36 (KHTML, like Gecko) Chrome/71.0.3578.98 Safari/537.36"
24.251.180.38 - - [16/Jan/2019:17:00:05 -0500] "GET /proxy.php?image=https%3A%2F%2Fi.imgur.com%2Fr0tCHeM.png&hash=58dd2bbfaf81cbfcd2d3e7fbdd81cb6c HTTP/1.1" 304 - "https://www.paladin-extensions.com/" "Mozilla/5.0 (Windows NT 10.0; Win64; x64) AppleWebKit/537.36 (KHTML, like Gecko) Chrome/71.0.3578.98 Safari/537.36"
24.251.180.38 - - [16/Jan/2019:17:01:09 -0500] "GET / HTTP/1.1" 200 50450 "-" "Mozilla/5.0 (Windows NT 10.0; Win64; x64) AppleWebKit/537.36 (KHTML, like Gecko) Chrome/71.0.3578.98 Safari/537.36"
24.251.180.38 - - [16/Jan/2019:17:01:10 -0500] "GET /proxy.php?image=https%3A%2F%2Fi.imgur.com%2Fr0tCHeM.png&hash=58dd2bbfaf81cbfcd2d3e7fbdd81cb6c HTTP/1.1" 304 - "https://www.paladin-extensions.com/" "Mozilla/5.0 (Windows NT 10.0; Win64; x64) AppleWebKit/537.36 (KHTML, like Gecko) Chrome/71.0.3578.98 Safari/537.36"
24.251.180.38 - - [16/Jan/2019:17:01:10 -0500] "GET /styles/default/siropu/shoutbox/new.mp3 HTTP/1.1" 304 - "https://www.paladin-extensions.com/" "Mozilla/5.0 (Windows NT 10.0; Win64; x64) AppleWebKit/537.36 (KHTML, like Gecko) Chrome/71.0.3578.98 Safari/537.36"
24.251.180.38 - - [16/Jan/2019:17:01:11 -0500] "GET /index.php?shoutbox/refresh&last_id=140&_xfRequestUri=%2F&_xfWithData=1&_xfToken=1547676069%2C49cc41b3764dfd6a57844aaa7d7bec61&_xfResponseType=json HTTP/1.1" 200 119 "https://www.paladin-extensions.com/" "Mozilla/5.0 (Windows NT 10.0; Win64; x64) AppleWebKit/537.36 (KHTML, like Gecko) Chrome/71.0.3578.98 Safari/537.36"
24.251.180.38 - - [16/Jan/2019:17:01:10 -0500] "POST /job.php HTTP/1.1" 200 13 "https://www.paladin-extensions.com/" "Mozilla/5.0 (Windows NT 10.0; Win64; x64) AppleWebKit/537.36 (KHTML, like Gecko) Chrome/71.0.3578.98 Safari/537.36"
24.251.180.38 - - [16/Jan/2019:17:01:12 -0500] "POST /job.php HTTP/1.1" 200 14 "https://www.paladin-extensions.com/" "Mozilla/5.0 (Windows NT 10.0; Win64; x64) AppleWebKit/537.36 (KHTML, like Gecko) Chrome/71.0.3578.98 Safari/537.36"
24.251.180.38 - - [16/Jan/2019:17:01:12 -0500] "GET /index.php?shoutbox/refresh&last_id=140&_xfRequestUri=%2F&_xfWithData=1&_xfToken=1547676069%2C49cc41b3764dfd6a57844aaa7d7bec61&_xfResponseType=json HTTP/1.1" 200 119 "https://www.paladin-extensions.com/" "Mozilla/5.0 (Windows NT 10.0; Win64; x64) AppleWebKit/537.36 (KHTML, like Gecko) Chrome/71.0.3578.98 Safari/537.36"
24.251.180.38 - - [16/Jan/2019:17:01:13 -0500] "GET /index.php?shoutbox/refresh&last_id=140&_xfRequestUri=%2F&_xfWithData=1&_xfToken=1547676069%2C49cc41b3764dfd6a57844aaa7d7bec61&_xfResponseType=json HTTP/1.1" 200 119 "https://www.paladin-extensions.com/" "Mozilla/5.0 (Windows NT 10.0; Win64; x64) AppleWebKit/537.36 (KHTML, like Gecko) Chrome/71.0.3578.98 Safari/537.36"
24.251.180.38 - - [16/Jan/2019:17:01:15 -0500] "GET /index.php?shoutbox/refresh&last_id=140&_xfRequestUri=%2F&_xfWithData=1&_xfToken=1547676069%2C49cc41b3764dfd6a57844aaa7d7bec61&_xfResponseType=json HTTP/1.1" 200 119 "https://www.paladin-extensions.com/" "Mozilla/5.0 (Windows NT 10.0; Win64; x64) AppleWebKit/537.36 (KHTML, like Gecko) Chrome/71.0.3578.98 Safari/537.36"
24.251.180.38 - - [16/Jan/2019:17:01:15 -0500] "GET /index.php?shoutbox/refresh&last_id=140&_xfRequestUri=%2F&_xfWithData=1&_xfToken=1547676069%2C49cc41b3764dfd6a57844aaa7d7bec61&_xfResponseType=json HTTP/1.1" 304 - "https://www.paladin-extensions.com/" "Mozilla/5.0 (Windows NT 10.0; Win64; x64) AppleWebKit/537.36 (KHTML, like Gecko) Chrome/71.0.3578.98 Safari/537.36"
24.251.180.38 - - [16/Jan/2019:17:01:17 -0500] "GET /index.php?shoutbox/refresh&last_id=140&_xfRequestUri=%2F&_xfWithData=1&_xfToken=1547676069%2C49cc41b3764dfd6a57844aaa7d7bec61&_xfResponseType=json HTTP/1.1" 200 119 "https://www.paladin-extensions.com/" "Mozilla/5.0 (Windows NT 10.0; Win64; x64) AppleWebKit/537.36 (KHTML, like Gecko) Chrome/71.0.3578.98 Safari/537.36"
24.251.180.38 - - [16/Jan/2019:17:01:18 -0500] "GET /index.php?shoutbox/refresh&last_id=140&_xfRequestUri=%2F&_xfWithData=1&_xfToken=1547676069%2C49cc41b3764dfd6a57844aaa7d7bec61&_xfResponseType=json HTTP/1.1" 200 119 "https://www.paladin-extensions.com/" "Mozilla/5.0 (Windows NT 10.0; Win64; x64) AppleWebKit/537.36 (KHTML, like Gecko) Chrome/71.0.3578.98 Safari/537.36"
24.251.180.38 - - [16/Jan/2019:17:01:19 -0500] "GET /index.php?shoutbox/refresh&last_id=140&_xfRequestUri=%2F&_xfWithData=1&_xfToken=1547676069%2C49cc41b3764dfd6a57844aaa7d7bec61&_xfResponseType=json HTTP/1.1" 200 119 "https://www.paladin-extensions.com/" "Mozilla/5.0 (Windows NT 10.0; Win64; x64) AppleWebKit/537.36 (KHTML, like Gecko) Chrome/71.0.3578.98 Safari/537.36"
24.251.180.38 - - [16/Jan/2019:17:01:20 -0500] "GET /index.php?shoutbox/refresh&last_id=140&_xfRequestUri=%2F&_xfWithData=1&_xfToken=1547676069%2C49cc41b3764dfd6a57844aaa7d7bec61&_xfResponseType=json HTTP/1.1" 200 119 "https://www.paladin-extensions.com/" "Mozilla/5.0 (Windows NT 10.0; Win64; x64) AppleWebKit/537.36 (KHTML, like Gecko) Chrome/71.0.3578.98 Safari/537.36"
24.251.180.38 - - [16/Jan/2019:17:01:21 -0500] "GET /index.php?shoutbox/refresh&last_id=140&_xfRequestUri=%2F&_xfWithData=1&_xfToken=1547676069%2C49cc41b3764dfd6a57844aaa7d7bec61&_xfResponseType=json HTTP/1.1" 200 119 "https://www.paladin-extensions.com/" "Mozilla/5.0 (Windows NT 10.0; Win64; x64) AppleWebKit/537.36 (KHTML, like Gecko) Chrome/71.0.3578.98 Safari/537.36"
24.251.180.38 - - [16/Jan/2019:17:01:22 -0500] "GET /index.php?shoutbox/refresh&last_id=140&_xfRequestUri=%2F&_xfWithData=1&_xfToken=1547676069%2C49cc41b3764dfd6a57844aaa7d7bec61&_xfResponseType=json HTTP/1.1" 200 119 "https://www.paladin-extensions.com/" "Mozilla/5.0 (Windows NT 10.0; Win64; x64) AppleWebKit/537.36 (KHTML, like Gecko) Chrome/71.0.3578.98 Safari/537.36"
24.251.180.38 - - [16/Jan/2019:17:01:23 -0500] "GET /index.php?shoutbox/refresh&last_id=140&_xfRequestUri=%2F&_xfWithData=1&_xfToken=1547676069%2C49cc41b3764dfd6a57844aaa7d7bec61&_xfResponseType=json HTTP/1.1" 200 119 "https://www.paladin-extensions.com/" "Mozilla/5.0 (Windows NT 10.0; Win64; x64) AppleWebKit/537.36 (KHTML, like Gecko) Chrome/71.0.3578.98 Safari/537.36"
24.251.180.38 - - [16/Jan/2019:17:01:24 -0500] "GET /index.php?shoutbox/refresh&last_id=140&_xfRequestUri=%2F&_xfWithData=1&_xfToken=1547676069%2C49cc41b3764dfd6a57844aaa7d7bec61&_xfResponseType=json HTTP/1.1" 200 119 "https://www.paladin-extensions.com/" "Mozilla/5.0 (Windows NT 10.0; Win64; x64) AppleWebKit/537.36 (KHTML, like Gecko) Chrome/71.0.3578.98 Safari/537.36"
24.251.180.38 - - [16/Jan/2019:17:01:25 -0500] "GET /index.php?shoutbox/refresh&last_id=140&_xfRequestUri=%2F&_xfWithData=1&_xfToken=1547676069%2C49cc41b3764dfd6a57844aaa7d7bec61&_xfResponseType=json HTTP/1.1" 200 119 "https://www.paladin-extensions.com/" "Mozilla/5.0 (Windows NT 10.0; Win64; x64) AppleWebKit/537.36 (KHTML, like Gecko) Chrome/71.0.3578.98 Safari/537.36"
24.251.180.38 - - [16/Jan/2019:17:01:26 -0500] "GET /index.php?shoutbox/refresh&last_id=140&_xfRequestUri=%2F&_xfWithData=1&_xfToken=1547676069%2C49cc41b3764dfd6a57844aaa7d7bec61&_xfResponseType=json HTTP/1.1" 200 119 "https://www.paladin-extensions.com/" "Mozilla/5.0 (Windows NT 10.0; Win64; x64) AppleWebKit/537.36 (KHTML, like Gecko) Chrome/71.0.3578.98 Safari/537.36"
24.251.180.38 - - [16/Jan/2019:17:01:27 -0500] "GET /index.php?shoutbox/refresh&last_id=140&_xfRequestUri=%2F&_xfWithData=1&_xfToken=1547676069%2C49cc41b3764dfd6a57844aaa7d7bec61&_xfResponseType=json HTTP/1.1" 200 119 "https://www.paladin-extensions.com/" "Mozilla/5.0 (Windows NT 10.0; Win64; x64) AppleWebKit/537.36 (KHTML, like Gecko) Chrome/71.0.3578.98 Safari/537.36"
24.251.180.38 - - [16/Jan/2019:17:01:28 -0500] "GET /index.php?shoutbox/refresh&last_id=140&_xfRequestUri=%2F&_xfWithData=1&_xfToken=1547676069%2C49cc41b3764dfd6a57844aaa7d7bec61&_xfResponseType=json HTTP/1.1" 200 119 "https://www.paladin-extensions.com/" "Mozilla/5.0 (Windows NT 10.0; Win64; x64) AppleWebKit/537.36 (KHTML, like Gecko) Chrome/71.0.3578.98 Safari/537.36"
24.251.180.38 - - [16/Jan/2019:17:01:29 -0500] "GET /index.php?shoutbox/refresh&last_id=140&_xfRequestUri=%2F&_xfWithData=1&_xfToken=1547676069%2C49cc41b3764dfd6a57844aaa7d7bec61&_xfResponseType=json HTTP/1.1" 200 119 "https://www.paladin-extensions.com/" "Mozilla/5.0 (Windows NT 10.0; Win64; x64) AppleWebKit/537.36 (KHTML, like Gecko) Chrome/71.0.3578.98 Safari/537.36"
24.251.180.38 - - [16/Jan/2019:17:01:30 -0500] "GET /index.php?shoutbox/refresh&last_id=140&_xfRequestUri=%2F&_xfWithData=1&_xfToken=1547676069%2C49cc41b3764dfd6a57844aaa7d7bec61&_xfResponseType=json HTTP/1.1" 200 119 "https://www.paladin-extensions.com/" "Mozilla/5.0 (Windows NT 10.0; Win64; x64) AppleWebKit/537.36 (KHTML, like Gecko) Chrome/71.0.3578.98 Safari/537.36"
24.251.180.38 - - [16/Jan/2019:17:01:31 -0500] "GET /index.php?shoutbox/refresh&last_id=140&_xfRequestUri=%2F&_xfWithData=1&_xfToken=1547676069%2C49cc41b3764dfd6a57844aaa7d7bec61&_xfResponseType=json HTTP/1.1" 200 119 "https://www.paladin-extensions.com/" "Mozilla/5.0 (Windows NT 10.0; Win64; x64) AppleWebKit/537.36 (KHTML, like Gecko) Chrome/71.0.3578.98 Safari/537.36"
24.251.180.38 - - [16/Jan/2019:17:01:32 -0500] "GET /index.php?shoutbox/refresh&last_id=140&_xfRequestUri=%2F&_xfWithData=1&_xfToken=1547676069%2C49cc41b3764dfd6a57844aaa7d7bec61&_xfResponseType=json HTTP/1.1" 200 119 "https://www.paladin-extensions.com/" "Mozilla/5.0 (Windows NT 10.0; Win64; x64) AppleWebKit/537.36 (KHTML, like Gecko) Chrome/71.0.3578.98 Safari/537.36"
24.251.180.38 - - [16/Jan/2019:17:01:33 -0500] "GET /index.php?shoutbox/refresh&last_id=140&_xfRequestUri=%2F&_xfWithData=1&_xfToken=1547676069%2C49cc41b3764dfd6a57844aaa7d7bec61&_xfResponseType=json HTTP/1.1" 200 119 "https://www.paladin-extensions.com/" "Mozilla/5.0 (Windows NT 10.0; Win64; x64) AppleWebKit/537.36 (KHTML, like Gecko) Chrome/71.0.3578.98 Safari/537.36"
24.251.180.38 - - [16/Jan/2019:17:01:34 -0500] "GET /index.php?shoutbox/refresh&last_id=140&_xfRequestUri=%2F&_xfWithData=1&_xfToken=1547676069%2C49cc41b3764dfd6a57844aaa7d7bec61&_xfResponseType=json HTTP/1.1" 200 119 "https://www.paladin-extensions.com/" "Mozilla/5.0 (Windows NT 10.0; Win64; x64) AppleWebKit/537.36 (KHTML, like Gecko) Chrome/71.0.3578.98 Safari/537.36"
24.251.180.38 - - [16/Jan/2019:17:01:35 -0500] "GET /index.php?shoutbox/refresh&last_id=140&_xfRequestUri=%2F&_xfWithData=1&_xfToken=1547676069%2C49cc41b3764dfd6a57844aaa7d7bec61&_xfResponseType=json HTTP/1.1" 200 119 "https://www.paladin-extensions.com/" "Mozilla/5.0 (Windows NT 10.0; Win64; x64) AppleWebKit/537.36 (KHTML, like Gecko) Chrome/71.0.3578.98 Safari/537.36"
24.251.180.38 - - [16/Jan/2019:17:01:36 -0500] "GET /index.php?shoutbox/refresh&last_id=140&_xfRequestUri=%2F&_xfWithData=1&_xfToken=1547676069%2C49cc41b3764dfd6a57844aaa7d7bec61&_xfResponseType=json HTTP/1.1" 200 119 "https://www.paladin-extensions.com/" "Mozilla/5.0 (Windows NT 10.0; Win64; x64) AppleWebKit/537.36 (KHTML, like Gecko) Chrome/71.0.3578.98 Safari/537.36"
24.251.180.38 - - [16/Jan/2019:17:01:37 -0500] "GET /index.php?shoutbox/refresh&last_id=140&_xfRequestUri=%2F&_xfWithData=1&_xfToken=1547676069%2C49cc41b3764dfd6a57844aaa7d7bec61&_xfResponseType=json HTTP/1.1" 200 119 "https://www.paladin-extensions.com/" "Mozilla/5.0 (Windows NT 10.0; Win64; x64) AppleWebKit/537.36 (KHTML, like Gecko) Chrome/71.0.3578.98 Safari/537.36"
24.251.180.38 - - [16/Jan/2019:17:01:38 -0500] "GET /index.php?shoutbox/refresh&last_id=140&_xfRequestUri=%2F&_xfWithData=1&_xfToken=1547676069%2C49cc41b3764dfd6a57844aaa7d7bec61&_xfResponseType=json HTTP/1.1" 200 119 "https://www.paladin-extensions.com/" "Mozilla/5.0 (Windows NT 10.0; Win64; x64) AppleWebKit/537.36 (KHTML, like Gecko) Chrome/71.0.3578.98 Safari/537.36"
24.251.180.38 - - [16/Jan/2019:17:01:39 -0500] "GET /index.php?shoutbox/refresh&last_id=140&_xfRequestUri=%2F&_xfWithData=1&_xfToken=1547676069%2C49cc41b3764dfd6a57844aaa7d7bec61&_xfResponseType=json HTTP/1.1" 200 119 "https://www.paladin-extensions.com/" "Mozilla/5.0 (Windows NT 10.0; Win64; x64) AppleWebKit/537.36 (KHTML, like Gecko) Chrome/71.0.3578.98 Safari/537.36"
24.251.180.38 - - [16/Jan/2019:17:01:40 -0500] "GET /index.php?shoutbox/refresh&last_id=140&_xfRequestUri=%2F&_xfWithData=1&_xfToken=1547676069%2C49cc41b3764dfd6a57844aaa7d7bec61&_xfResponseType=json HTTP/1.1" 200 119 "https://www.paladin-extensions.com/" "Mozilla/5.0 (Windows NT 10.0; Win64; x64) AppleWebKit/537.36 (KHTML, like Gecko) Chrome/71.0.3578.98 Safari/537.36"
24.251.180.38 - - [16/Jan/2019:17:01:41 -0500] "GET /index.php?shoutbox/refresh&last_id=140&_xfRequestUri=%2F&_xfWithData=1&_xfToken=1547676069%2C49cc41b3764dfd6a57844aaa7d7bec61&_xfResponseType=json HTTP/1.1" 200 119 "https://www.paladin-extensions.com/" "Mozilla/5.0 (Windows NT 10.0; Win64; x64) AppleWebKit/537.36 (KHTML, like Gecko) Chrome/71.0.3578.98 Safari/537.36"
24.251.180.38 - - [16/Jan/2019:17:01:42 -0500] "GET /index.php?shoutbox/refresh&last_id=140&_xfRequestUri=%2F&_xfWithData=1&_xfToken=1547676069%2C49cc41b3764dfd6a57844aaa7d7bec61&_xfResponseType=json HTTP/1.1" 200 119 "https://www.paladin-extensions.com/" "Mozilla/5.0 (Windows NT 10.0; Win64; x64) AppleWebKit/537.36 (KHTML, like Gecko) Chrome/71.0.3578.98 Safari/537.36"
24.251.180.38 - - [16/Jan/2019:17:01:43 -0500] "GET /index.php?shoutbox/refresh&last_id=140&_xfRequestUri=%2F&_xfWithData=1&_xfToken=1547676069%2C49cc41b3764dfd6a57844aaa7d7bec61&_xfResponseType=json HTTP/1.1" 200 119 "https://www.paladin-extensions.com/" "Mozilla/5.0 (Windows NT 10.0; Win64; x64) AppleWebKit/537.36 (KHTML, like Gecko) Chrome/71.0.3578.98 Safari/537.36"
24.251.180.38 - - [16/Jan/2019:17:01:44 -0500] "GET /index.php?shoutbox/refresh&last_id=140&_xfRequestUri=%2F&_xfWithData=1&_xfToken=1547676069%2C49cc41b3764dfd6a57844aaa7d7bec61&_xfResponseType=json HTTP/1.1" 200 119 "https://www.paladin-extensions.com/" "Mozilla/5.0 (Windows NT 10.0; Win64; x64) AppleWebKit/537.36 (KHTML, like Gecko) Chrome/71.0.3578.98 Safari/537.36"
24.251.180.38 - - [16/Jan/2019:17:01:45 -0500] "GET /index.php?shoutbox/refresh&last_id=140&_xfRequestUri=%2F&_xfWithData=1&_xfToken=1547676069%2C49cc41b3764dfd6a57844aaa7d7bec61&_xfResponseType=json HTTP/1.1" 200 119 "https://www.paladin-extensions.com/" "Mozilla/5.0 (Windows NT 10.0; Win64; x64) AppleWebKit/537.36 (KHTML, like Gecko) Chrome/71.0.3578.98 Safari/537.36"
24.251.180.38 - - [16/Jan/2019:17:01:46 -0500] "GET /index.php?shoutbox/refresh&last_id=140&_xfRequestUri=%2F&_xfWithData=1&_xfToken=1547676069%2C49cc41b3764dfd6a57844aaa7d7bec61&_xfResponseType=json HTTP/1.1" 200 119 "https://www.paladin-extensions.com/" "Mozilla/5.0 (Windows NT 10.0; Win64; x64) AppleWebKit/537.36 (KHTML, like Gecko) Chrome/71.0.3578.98 Safari/537.36"
24.251.180.38 - - [16/Jan/2019:17:01:47 -0500] "GET /index.php?shoutbox/refresh&last_id=140&_xfRequestUri=%2F&_xfWithData=1&_xfToken=1547676069%2C49cc41b3764dfd6a57844aaa7d7bec61&_xfResponseType=json HTTP/1.1" 200 119 "https://www.paladin-extensions.com/" "Mozilla/5.0 (Windows NT 10.0; Win64; x64) AppleWebKit/537.36 (KHTML, like Gecko) Chrome/71.0.3578.98 Safari/537.36"
24.251.180.38 - - [16/Jan/2019:17:01:48 -0500] "GET /index.php?shoutbox/refresh&last_id=140&_xfRequestUri=%2F&_xfWithData=1&_xfToken=1547676069%2C49cc41b3764dfd6a57844aaa7d7bec61&_xfResponseType=json HTTP/1.1" 200 119 "https://www.paladin-extensions.com/" "Mozilla/5.0 (Windows NT 10.0; Win64; x64) AppleWebKit/537.36 (KHTML, like Gecko) Chrome/71.0.3578.98 Safari/537.36"
24.251.180.38 - - [16/Jan/2019:17:01:49 -0500] "GET /index.php?shoutbox/refresh&last_id=140&_xfRequestUri=%2F&_xfWithData=1&_xfToken=1547676069%2C49cc41b3764dfd6a57844aaa7d7bec61&_xfResponseType=json HTTP/1.1" 200 119 "https://www.paladin-extensions.com/" "Mozilla/5.0 (Windows NT 10.0; Win64; x64) AppleWebKit/537.36 (KHTML, like Gecko) Chrome/71.0.3578.98 Safari/537.36"
24.251.180.38 - - [16/Jan/2019:17:01:50 -0500] "GET /index.php?shoutbox/refresh&last_id=140&_xfRequestUri=%2F&_xfWithData=1&_xfToken=1547676069%2C49cc41b3764dfd6a57844aaa7d7bec61&_xfResponseType=json HTTP/1.1" 200 119 "https://www.paladin-extensions.com/" "Mozilla/5.0 (Windows NT 10.0; Win64; x64) AppleWebKit/537.36 (KHTML, like Gecko) Chrome/71.0.3578.98 Safari/537.36"
24.251.180.38 - - [16/Jan/2019:17:01:51 -0500] "GET /index.php?shoutbox/refresh&last_id=140&_xfRequestUri=%2F&_xfWithData=1&_xfToken=1547676069%2C49cc41b3764dfd6a57844aaa7d7bec61&_xfResponseType=json HTTP/1.1" 200 119 "https://www.paladin-extensions.com/" "Mozilla/5.0 (Windows NT 10.0; Win64; x64) AppleWebKit/537.36 (KHTML, like Gecko) Chrome/71.0.3578.98 Safari/537.36"
24.251.180.38 - - [16/Jan/2019:17:01:52 -0500] "GET /index.php?shoutbox/refresh&last_id=140&_xfRequestUri=%2F&_xfWithData=1&_xfToken=1547676069%2C49cc41b3764dfd6a57844aaa7d7bec61&_xfResponseType=json HTTP/1.1" 200 119 "https://www.paladin-extensions.com/" "Mozilla/5.0 (Windows NT 10.0; Win64; x64) AppleWebKit/537.36 (KHTML, like Gecko) Chrome/71.0.3578.98 Safari/537.36"
24.251.180.38 - - [16/Jan/2019:17:01:53 -0500] "GET /index.php?shoutbox/refresh&last_id=140&_xfRequestUri=%2F&_xfWithData=1&_xfToken=1547676069%2C49cc41b3764dfd6a57844aaa7d7bec61&_xfResponseType=json HTTP/1.1" 200 119 "https://www.paladin-extensions.com/" "Mozilla/5.0 (Windows NT 10.0; Win64; x64) AppleWebKit/537.36 (KHTML, like Gecko) Chrome/71.0.3578.98 Safari/537.36"
24.251.180.38 - - [16/Jan/2019:17:01:54 -0500] "GET /index.php?shoutbox/refresh&last_id=140&_xfRequestUri=%2F&_xfWithData=1&_xfToken=1547676069%2C49cc41b3764dfd6a57844aaa7d7bec61&_xfResponseType=json HTTP/1.1" 200 119 "https://www.paladin-extensions.com/" "Mozilla/5.0 (Windows NT 10.0; Win64; x64) AppleWebKit/537.36 (KHTML, like Gecko) Chrome/71.0.3578.98 Safari/537.36"
24.251.180.38 - - [16/Jan/2019:17:01:55 -0500] "GET /index.php?shoutbox/refresh&last_id=140&_xfRequestUri=%2F&_xfWithData=1&_xfToken=1547676069%2C49cc41b3764dfd6a57844aaa7d7bec61&_xfResponseType=json HTTP/1.1" 200 119 "https://www.paladin-extensions.com/" "Mozilla/5.0 (Windows NT 10.0; Win64; x64) AppleWebKit/537.36 (KHTML, like Gecko) Chrome/71.0.3578.98 Safari/537.36"
24.251.180.38 - - [16/Jan/2019:17:01:56 -0500] "GET /index.php?shoutbox/refresh&last_id=140&_xfRequestUri=%2F&_xfWithData=1&_xfToken=1547676069%2C49cc41b3764dfd6a57844aaa7d7bec61&_xfResponseType=json HTTP/1.1" 200 119 "https://www.paladin-extensions.com/" "Mozilla/5.0 (Windows NT 10.0; Win64; x64) AppleWebKit/537.36 (KHTML, like Gecko) Chrome/71.0.3578.98 Safari/537.36"
24.251.180.38 - - [16/Jan/2019:17:01:57 -0500] "GET /index.php?shoutbox/refresh&last_id=140&_xfRequestUri=%2F&_xfWithData=1&_xfToken=1547676069%2C49cc41b3764dfd6a57844aaa7d7bec61&_xfResponseType=json HTTP/1.1" 200 119 "https://www.paladin-extensions.com/" "Mozilla/5.0 (Windows NT 10.0; Win64; x64) AppleWebKit/537.36 (KHTML, like Gecko) Chrome/71.0.3578.98 Safari/537.36"
24.251.180.38 - - [16/Jan/2019:17:01:58 -0500] "GET /index.php?shoutbox/refresh&last_id=140&_xfRequestUri=%2F&_xfWithData=1&_xfToken=1547676069%2C49cc41b3764dfd6a57844aaa7d7bec61&_xfResponseType=json HTTP/1.1" 200 119 "https://www.paladin-extensions.com/" "Mozilla/5.0 (Windows NT 10.0; Win64; x64) AppleWebKit/537.36 (KHTML, like Gecko) Chrome/71.0.3578.98 Safari/537.36"
24.251.180.38 - - [16/Jan/2019:17:01:59 -0500] "GET /index.php?shoutbox/refresh&last_id=140&_xfRequestUri=%2F&_xfWithData=1&_xfToken=1547676069%2C49cc41b3764dfd6a57844aaa7d7bec61&_xfResponseType=json HTTP/1.1" 200 119 "https://www.paladin-extensions.com/" "Mozilla/5.0 (Windows NT 10.0; Win64; x64) AppleWebKit/537.36 (KHTML, like Gecko) Chrome/71.0.3578.98 Safari/537.36"
24.251.180.38 - - [16/Jan/2019:17:02:00 -0500] "GET /index.php?shoutbox/refresh&last_id=140&_xfRequestUri=%2F&_xfWithData=1&_xfToken=1547676069%2C49cc41b3764dfd6a57844aaa7d7bec61&_xfResponseType=json HTTP/1.1" 200 119 "https://www.paladin-extensions.com/" "Mozilla/5.0 (Windows NT 10.0; Win64; x64) AppleWebKit/537.36 (KHTML, like Gecko) Chrome/71.0.3578.98 Safari/537.36"
24.251.180.38 - - [16/Jan/2019:17:02:01 -0500] "GET /index.php?shoutbox/refresh&last_id=140&_xfRequestUri=%2F&_xfWithData=1&_xfToken=1547676069%2C49cc41b3764dfd6a57844aaa7d7bec61&_xfResponseType=json HTTP/1.1" 200 119 "https://www.paladin-extensions.com/" "Mozilla/5.0 (Windows NT 10.0; Win64; x64) AppleWebKit/537.36 (KHTML, like Gecko) Chrome/71.0.3578.98 Safari/537.36"
24.251.180.38 - - [16/Jan/2019:17:02:02 -0500] "GET /index.php?shoutbox/refresh&last_id=140&_xfRequestUri=%2F&_xfWithData=1&_xfToken=1547676069%2C49cc41b3764dfd6a57844aaa7d7bec61&_xfResponseType=json HTTP/1.1" 200 119 "https://www.paladin-extensions.com/" "Mozilla/5.0 (Windows NT 10.0; Win64; x64) AppleWebKit/537.36 (KHTML, like Gecko) Chrome/71.0.3578.98 Safari/537.36"
24.251.180.38 - - [16/Jan/2019:17:02:03 -0500] "GET /index.php?shoutbox/refresh&last_id=140&_xfRequestUri=%2F&_xfWithData=1&_xfToken=1547676069%2C49cc41b3764dfd6a57844aaa7d7bec61&_xfResponseType=json HTTP/1.1" 200 119 "https://www.paladin-extensions.com/" "Mozilla/5.0 (Windows NT 10.0; Win64; x64) AppleWebKit/537.36 (KHTML, like Gecko) Chrome/71.0.3578.98 Safari/537.36"
24.251.180.38 - - [16/Jan/2019:17:02:04 -0500] "GET /index.php?shoutbox/refresh&last_id=140&_xfRequestUri=%2F&_xfWithData=1&_xfToken=1547676069%2C49cc41b3764dfd6a57844aaa7d7bec61&_xfResponseType=json HTTP/1.1" 200 119 "https://www.paladin-extensions.com/" "Mozilla/5.0 (Windows NT 10.0; Win64; x64) AppleWebKit/537.36 (KHTML, like Gecko) Chrome/71.0.3578.98 Safari/537.36"
24.251.180.38 - - [16/Jan/2019:17:02:05 -0500] "GET /index.php?shoutbox/refresh&last_id=140&_xfRequestUri=%2F&_xfWithData=1&_xfToken=1547676069%2C49cc41b3764dfd6a57844aaa7d7bec61&_xfResponseType=json HTTP/1.1" 200 119 "https://www.paladin-extensions.com/" "Mozilla/5.0 (Windows NT 10.0; Win64; x64) AppleWebKit/537.36 (KHTML, like Gecko) Chrome/71.0.3578.98 Safari/537.36"
24.251.180.38 - - [16/Jan/2019:17:02:06 -0500] "GET /index.php?shoutbox/refresh&last_id=140&_xfRequestUri=%2F&_xfWithData=1&_xfToken=1547676069%2C49cc41b3764dfd6a57844aaa7d7bec61&_xfResponseType=json HTTP/1.1" 200 119 "https://www.paladin-extensions.com/" "Mozilla/5.0 (Windows NT 10.0; Win64; x64) AppleWebKit/537.36 (KHTML, like Gecko) Chrome/71.0.3578.98 Safari/537.36"
24.251.180.38 - - [16/Jan/2019:17:02:07 -0500] "GET /index.php?shoutbox/refresh&last_id=140&_xfRequestUri=%2F&_xfWithData=1&_xfToken=1547676069%2C49cc41b3764dfd6a57844aaa7d7bec61&_xfResponseType=json HTTP/1.1" 200 119 "https://www.paladin-extensions.com/" "Mozilla/5.0 (Windows NT 10.0; Win64; x64) AppleWebKit/537.36 (KHTML, like Gecko) Chrome/71.0.3578.98 Safari/537.36"
24.251.180.38 - - [16/Jan/2019:17:02:08 -0500] "GET /index.php?shoutbox/refresh&last_id=140&_xfRequestUri=%2F&_xfWithData=1&_xfToken=1547676069%2C49cc41b3764dfd6a57844aaa7d7bec61&_xfResponseType=json HTTP/1.1" 200 119 "https://www.paladin-extensions.com/" "Mozilla/5.0 (Windows NT 10.0; Win64; x64) AppleWebKit/537.36 (KHTML, like Gecko) Chrome/71.0.3578.98 Safari/537.36"
3.85.3.152 - - [16/Jan/2019:17:02:08 -0500] "GET / HTTP/1.1" 503 38398 "http://paladin-extensions.com/" "Mozilla/5.0 (Macintosh; Intel Mac OS X 10_13_4) AppleWebKit/537.36 (KHTML, like Gecko) Chrome/65.0.3325.181 Safari/537.36"
24.251.180.38 - - [16/Jan/2019:17:02:09 -0500] "GET /index.php?shoutbox/refresh&last_id=140&_xfRequestUri=%2F&_xfWithData=1&_xfToken=1547676069%2C49cc41b3764dfd6a57844aaa7d7bec61&_xfResponseType=json HTTP/1.1" 200 119 "https://www.paladin-extensions.com/" "Mozilla/5.0 (Windows NT 10.0; Win64; x64) AppleWebKit/537.36 (KHTML, like Gecko) Chrome/71.0.3578.98 Safari/537.36"
24.251.180.38 - - [16/Jan/2019:17:02:10 -0500] "GET /index.php?shoutbox/refresh&last_id=140&_xfRequestUri=%2F&_xfWithData=1&_xfToken=1547676069%2C49cc41b3764dfd6a57844aaa7d7bec61&_xfResponseType=json HTTP/1.1" 200 119 "https://www.paladin-extensions.com/" "Mozilla/5.0 (Windows NT 10.0; Win64; x64) AppleWebKit/537.36 (KHTML, like Gecko) Chrome/71.0.3578.98 Safari/537.36"
24.251.180.38 - - [16/Jan/2019:17:02:11 -0500] "GET /index.php?shoutbox/refresh&last_id=140&_xfRequestUri=%2F&_xfWithData=1&_xfToken=1547676069%2C49cc41b3764dfd6a57844aaa7d7bec61&_xfResponseType=json HTTP/1.1" 200 119 "https://www.paladin-extensions.com/" "Mozilla/5.0 (Windows NT 10.0; Win64; x64) AppleWebKit/537.36 (KHTML, like Gecko) Chrome/71.0.3578.98 Safari/537.36"
24.251.180.38 - - [16/Jan/2019:17:02:12 -0500] "GET /index.php?shoutbox/refresh&last_id=140&_xfRequestUri=%2F&_xfWithData=1&_xfToken=1547676069%2C49cc41b3764dfd6a57844aaa7d7bec61&_xfResponseType=json HTTP/1.1" 200 119 "https://www.paladin-extensions.com/" "Mozilla/5.0 (Windows NT 10.0; Win64; x64) AppleWebKit/537.36 (KHTML, like Gecko) Chrome/71.0.3578.98 Safari/537.36"
24.251.180.38 - - [16/Jan/2019:17:02:13 -0500] "GET /index.php?shoutbox/refresh&last_id=140&_xfRequestUri=%2F&_xfWithData=1&_xfToken=1547676069%2C49cc41b3764dfd6a57844aaa7d7bec61&_xfResponseType=json HTTP/1.1" 200 119 "https://www.paladin-extensions.com/" "Mozilla/5.0 (Windows NT 10.0; Win64; x64) AppleWebKit/537.36 (KHTML, like Gecko) Chrome/71.0.3578.98 Safari/537.36"
24.251.180.38 - - [16/Jan/2019:17:02:14 -0500] "GET /index.php?shoutbox/refresh&last_id=140&_xfRequestUri=%2F&_xfWithData=1&_xfToken=1547676069%2C49cc41b3764dfd6a57844aaa7d7bec61&_xfResponseType=json HTTP/1.1" 200 119 "https://www.paladin-extensions.com/" "Mozilla/5.0 (Windows NT 10.0; Win64; x64) AppleWebKit/537.36 (KHTML, like Gecko) Chrome/71.0.3578.98 Safari/537.36"
24.251.180.38 - - [16/Jan/2019:17:02:15 -0500] "GET /index.php?shoutbox/refresh&last_id=140&_xfRequestUri=%2F&_xfWithData=1&_xfToken=1547676069%2C49cc41b3764dfd6a57844aaa7d7bec61&_xfResponseType=json HTTP/1.1" 200 119 "https://www.paladin-extensions.com/" "Mozilla/5.0 (Windows NT 10.0; Win64; x64) AppleWebKit/537.36 (KHTML, like Gecko) Chrome/71.0.3578.98 Safari/537.36"
24.251.180.38 - - [16/Jan/2019:17:02:16 -0500] "GET /index.php?shoutbox/refresh&last_id=140&_xfRequestUri=%2F&_xfWithData=1&_xfToken=1547676069%2C49cc41b3764dfd6a57844aaa7d7bec61&_xfResponseType=json HTTP/1.1" 200 119 "https://www.paladin-extensions.com/" "Mozilla/5.0 (Windows NT 10.0; Win64; x64) AppleWebKit/537.36 (KHTML, like Gecko) Chrome/71.0.3578.98 Safari/537.36"
24.251.180.38 - - [16/Jan/2019:17:02:17 -0500] "GET /index.php?shoutbox/refresh&last_id=140&_xfRequestUri=%2F&_xfWithData=1&_xfToken=1547676069%2C49cc41b3764dfd6a57844aaa7d7bec61&_xfResponseType=json HTTP/1.1" 200 119 "https://www.paladin-extensions.com/" "Mozilla/5.0 (Windows NT 10.0; Win64; x64) AppleWebKit/537.36 (KHTML, like Gecko) Chrome/71.0.3578.98 Safari/537.36"
24.251.180.38 - - [16/Jan/2019:17:02:18 -0500] "GET /index.php?shoutbox/refresh&last_id=140&_xfRequestUri=%2F&_xfWithData=1&_xfToken=1547676069%2C49cc41b3764dfd6a57844aaa7d7bec61&_xfResponseType=json HTTP/1.1" 200 119 "https://www.paladin-extensions.com/" "Mozilla/5.0 (Windows NT 10.0; Win64; x64) AppleWebKit/537.36 (KHTML, like Gecko) Chrome/71.0.3578.98 Safari/537.36"
24.251.180.38 - - [16/Jan/2019:17:02:19 -0500] "GET /index.php?shoutbox/refresh&last_id=140&_xfRequestUri=%2F&_xfWithData=1&_xfToken=1547676069%2C49cc41b3764dfd6a57844aaa7d7bec61&_xfResponseType=json HTTP/1.1" 200 119 "https://www.paladin-extensions.com/" "Mozilla/5.0 (Windows NT 10.0; Win64; x64) AppleWebKit/537.36 (KHTML, like Gecko) Chrome/71.0.3578.98 Safari/537.36"
24.251.180.38 - - [16/Jan/2019:17:02:20 -0500] "GET /index.php?shoutbox/refresh&last_id=140&_xfRequestUri=%2F&_xfWithData=1&_xfToken=1547676069%2C49cc41b3764dfd6a57844aaa7d7bec61&_xfResponseType=json HTTP/1.1" 200 119 "https://www.paladin-extensions.com/" "Mozilla/5.0 (Windows NT 10.0; Win64; x64) AppleWebKit/537.36 (KHTML, like Gecko) Chrome/71.0.3578.98 Safari/537.36"
24.251.180.38 - - [16/Jan/2019:17:02:21 -0500] "GET /index.php?shoutbox/refresh&last_id=140&_xfRequestUri=%2F&_xfWithData=1&_xfToken=1547676069%2C49cc41b3764dfd6a57844aaa7d7bec61&_xfResponseType=json HTTP/1.1" 200 119 "https://www.paladin-extensions.com/" "Mozilla/5.0 (Windows NT 10.0; Win64; x64) AppleWebKit/537.36 (KHTML, like Gecko) Chrome/71.0.3578.98 Safari/537.36"
24.251.180.38 - - [16/Jan/2019:17:02:22 -0500] "GET /index.php?shoutbox/refresh&last_id=140&_xfRequestUri=%2F&_xfWithData=1&_xfToken=1547676069%2C49cc41b3764dfd6a57844aaa7d7bec61&_xfResponseType=json HTTP/1.1" 200 119 "https://www.paladin-extensions.com/" "Mozilla/5.0 (Windows NT 10.0; Win64; x64) AppleWebKit/537.36 (KHTML, like Gecko) Chrome/71.0.3578.98 Safari/537.36"
24.251.180.38 - - [16/Jan/2019:17:02:23 -0500] "GET /index.php?shoutbox/refresh&last_id=140&_xfRequestUri=%2F&_xfWithData=1&_xfToken=1547676069%2C49cc41b3764dfd6a57844aaa7d7bec61&_xfResponseType=json HTTP/1.1" 200 119 "https://www.paladin-extensions.com/" "Mozilla/5.0 (Windows NT 10.0; Win64; x64) AppleWebKit/537.36 (KHTML, like Gecko) Chrome/71.0.3578.98 Safari/537.36"
24.251.180.38 - - [16/Jan/2019:17:02:24 -0500] "GET /index.php?shoutbox/refresh&last_id=140&_xfRequestUri=%2F&_xfWithData=1&_xfToken=1547676069%2C49cc41b3764dfd6a57844aaa7d7bec61&_xfResponseType=json HTTP/1.1" 200 119 "https://www.paladin-extensions.com/" "Mozilla/5.0 (Windows NT 10.0; Win64; x64) AppleWebKit/537.36 (KHTML, like Gecko) Chrome/71.0.3578.98 Safari/537.36"
24.251.180.38 - - [16/Jan/2019:17:02:25 -0500] "GET /index.php?shoutbox/refresh&last_id=140&_xfRequestUri=%2F&_xfWithData=1&_xfToken=1547676069%2C49cc41b3764dfd6a57844aaa7d7bec61&_xfResponseType=json HTTP/1.1" 200 119 "https://www.paladin-extensions.com/" "Mozilla/5.0 (Windows NT 10.0; Win64; x64) AppleWebKit/537.36 (KHTML, like Gecko) Chrome/71.0.3578.98 Safari/537.36"
24.251.180.38 - - [16/Jan/2019:17:02:26 -0500] "GET /index.php?shoutbox/refresh&last_id=140&_xfRequestUri=%2F&_xfWithData=1&_xfToken=1547676069%2C49cc41b3764dfd6a57844aaa7d7bec61&_xfResponseType=json HTTP/1.1" 200 119 "https://www.paladin-extensions.com/" "Mozilla/5.0 (Windows NT 10.0; Win64; x64) AppleWebKit/537.36 (KHTML, like Gecko) Chrome/71.0.3578.98 Safari/537.36"
24.251.180.38 - - [16/Jan/2019:17:02:27 -0500] "GET /index.php?shoutbox/refresh&last_id=140&_xfRequestUri=%2F&_xfWithData=1&_xfToken=1547676069%2C49cc41b3764dfd6a57844aaa7d7bec61&_xfResponseType=json HTTP/1.1" 200 119 "https://www.paladin-extensions.com/" "Mozilla/5.0 (Windows NT 10.0; Win64; x64) AppleWebKit/537.36 (KHTML, like Gecko) Chrome/71.0.3578.98 Safari/537.36"
24.251.180.38 - - [16/Jan/2019:17:02:28 -0500] "GET /index.php?shoutbox/refresh&last_id=140&_xfRequestUri=%2F&_xfWithData=1&_xfToken=1547676069%2C49cc41b3764dfd6a57844aaa7d7bec61&_xfResponseType=json HTTP/1.1" 200 119 "https://www.paladin-extensions.com/" "Mozilla/5.0 (Windows NT 10.0; Win64; x64) AppleWebKit/537.36 (KHTML, like Gecko) Chrome/71.0.3578.98 Safari/537.36"
24.251.180.38 - - [16/Jan/2019:17:02:29 -0500] "GET /index.php?shoutbox/refresh&last_id=140&_xfRequestUri=%2F&_xfWithData=1&_xfToken=1547676069%2C49cc41b3764dfd6a57844aaa7d7bec61&_xfResponseType=json HTTP/1.1" 304 - "https://www.paladin-extensions.com/" "Mozilla/5.0 (Windows NT 10.0; Win64; x64) AppleWebKit/537.36 (KHTML, like Gecko) Chrome/71.0.3578.98 Safari/537.36"
24.251.180.38 - - [16/Jan/2019:17:02:30 -0500] "GET /index.php?shoutbox/refresh&last_id=140&_xfRequestUri=%2F&_xfWithData=1&_xfToken=1547676069%2C49cc41b3764dfd6a57844aaa7d7bec61&_xfResponseType=json HTTP/1.1" 200 119 "https://www.paladin-extensions.com/" "Mozilla/5.0 (Windows NT 10.0; Win64; x64) AppleWebKit/537.36 (KHTML, like Gecko) Chrome/71.0.3578.98 Safari/537.36"
24.251.180.38 - - [16/Jan/2019:17:02:31 -0500] "GET /index.php?shoutbox/refresh&last_id=140&_xfRequestUri=%2F&_xfWithData=1&_xfToken=1547676069%2C49cc41b3764dfd6a57844aaa7d7bec61&_xfResponseType=json HTTP/1.1" 200 119 "https://www.paladin-extensions.com/" "Mozilla/5.0 (Windows NT 10.0; Win64; x64) AppleWebKit/537.36 (KHTML, like Gecko) Chrome/71.0.3578.98 Safari/537.36"
24.251.180.38 - - [16/Jan/2019:17:02:32 -0500] "GET /index.php?shoutbox/refresh&last_id=140&_xfRequestUri=%2F&_xfWithData=1&_xfToken=1547676069%2C49cc41b3764dfd6a57844aaa7d7bec61&_xfResponseType=json HTTP/1.1" 200 119 "https://www.paladin-extensions.com/" "Mozilla/5.0 (Windows NT 10.0; Win64; x64) AppleWebKit/537.36 (KHTML, like Gecko) Chrome/71.0.3578.98 Safari/537.36"
24.251.180.38 - - [16/Jan/2019:17:02:33 -0500] "GET /index.php?shoutbox/refresh&last_id=140&_xfRequestUri=%2F&_xfWithData=1&_xfToken=1547676069%2C49cc41b3764dfd6a57844aaa7d7bec61&_xfResponseType=json HTTP/1.1" 200 119 "https://www.paladin-extensions.com/" "Mozilla/5.0 (Windows NT 10.0; Win64; x64) AppleWebKit/537.36 (KHTML, like Gecko) Chrome/71.0.3578.98 Safari/537.36"
24.251.180.38 - - [16/Jan/2019:17:02:34 -0500] "GET /index.php?shoutbox/refresh&last_id=140&_xfRequestUri=%2F&_xfWithData=1&_xfToken=1547676069%2C49cc41b3764dfd6a57844aaa7d7bec61&_xfResponseType=json HTTP/1.1" 200 119 "https://www.paladin-extensions.com/" "Mozilla/5.0 (Windows NT 10.0; Win64; x64) AppleWebKit/537.36 (KHTML, like Gecko) Chrome/71.0.3578.98 Safari/537.36"
24.251.180.38 - - [16/Jan/2019:17:02:35 -0500] "GET /index.php?shoutbox/refresh&last_id=140&_xfRequestUri=%2F&_xfWithData=1&_xfToken=1547676069%2C49cc41b3764dfd6a57844aaa7d7bec61&_xfResponseType=json HTTP/1.1" 200 119 "https://www.paladin-extensions.com/" "Mozilla/5.0 (Windows NT 10.0; Win64; x64) AppleWebKit/537.36 (KHTML, like Gecko) Chrome/71.0.3578.98 Safari/537.36"
24.251.180.38 - - [16/Jan/2019:17:02:36 -0500] "GET /index.php?shoutbox/refresh&last_id=140&_xfRequestUri=%2F&_xfWithData=1&_xfToken=1547676069%2C49cc41b3764dfd6a57844aaa7d7bec61&_xfResponseType=json HTTP/1.1" 200 119 "https://www.paladin-extensions.com/" "Mozilla/5.0 (Windows NT 10.0; Win64; x64) AppleWebKit/537.36 (KHTML, like Gecko) Chrome/71.0.3578.98 Safari/537.36"
24.251.180.38 - - [16/Jan/2019:17:02:37 -0500] "GET /index.php?shoutbox/refresh&last_id=140&_xfRequestUri=%2F&_xfWithData=1&_xfToken=1547676069%2C49cc41b3764dfd6a57844aaa7d7bec61&_xfResponseType=json HTTP/1.1" 200 119 "https://www.paladin-extensions.com/" "Mozilla/5.0 (Windows NT 10.0; Win64; x64) AppleWebKit/537.36 (KHTML, like Gecko) Chrome/71.0.3578.98 Safari/537.36"
24.251.180.38 - - [16/Jan/2019:17:02:38 -0500] "GET /index.php?shoutbox/refresh&last_id=140&_xfRequestUri=%2F&_xfWithData=1&_xfToken=1547676069%2C49cc41b3764dfd6a57844aaa7d7bec61&_xfResponseType=json HTTP/1.1" 200 119 "https://www.paladin-extensions.com/" "Mozilla/5.0 (Windows NT 10.0; Win64; x64) AppleWebKit/537.36 (KHTML, like Gecko) Chrome/71.0.3578.98 Safari/537.36"
24.251.180.38 - - [16/Jan/2019:17:02:39 -0500] "GET /index.php?shoutbox/refresh&last_id=140&_xfRequestUri=%2F&_xfWithData=1&_xfToken=1547676069%2C49cc41b3764dfd6a57844aaa7d7bec61&_xfResponseType=json HTTP/1.1" 200 119 "https://www.paladin-extensions.com/" "Mozilla/5.0 (Windows NT 10.0; Win64; x64) AppleWebKit/537.36 (KHTML, like Gecko) Chrome/71.0.3578.98 Safari/537.36"
24.251.180.38 - - [16/Jan/2019:17:02:40 -0500] "GET /index.php?shoutbox/refresh&last_id=140&_xfRequestUri=%2F&_xfWithData=1&_xfToken=1547676069%2C49cc41b3764dfd6a57844aaa7d7bec61&_xfResponseType=json HTTP/1.1" 200 119 "https://www.paladin-extensions.com/" "Mozilla/5.0 (Windows NT 10.0; Win64; x64) AppleWebKit/537.36 (KHTML, like Gecko) Chrome/71.0.3578.98 Safari/537.36"
24.251.180.38 - - [16/Jan/2019:17:02:41 -0500] "GET /index.php?shoutbox/refresh&last_id=140&_xfRequestUri=%2F&_xfWithData=1&_xfToken=1547676069%2C49cc41b3764dfd6a57844aaa7d7bec61&_xfResponseType=json HTTP/1.1" 200 119 "https://www.paladin-extensions.com/" "Mozilla/5.0 (Windows NT 10.0; Win64; x64) AppleWebKit/537.36 (KHTML, like Gecko) Chrome/71.0.3578.98 Safari/537.36"
24.251.180.38 - - [16/Jan/2019:17:02:42 -0500] "GET /index.php?shoutbox/refresh&last_id=140&_xfRequestUri=%2F&_xfWithData=1&_xfToken=1547676069%2C49cc41b3764dfd6a57844aaa7d7bec61&_xfResponseType=json HTTP/1.1" 200 119 "https://www.paladin-extensions.com/" "Mozilla/5.0 (Windows NT 10.0; Win64; x64) AppleWebKit/537.36 (KHTML, like Gecko) Chrome/71.0.3578.98 Safari/537.36"
