54.161.80.155 - - [04/Feb/2019:07:17:13 -0500] "GET / HTTP/1.1" 200 130000 "http://paladin-extensions.com/" "Mozilla/5.0 (Macintosh; Intel Mac OS X 10_13_4) AppleWebKit/537.36 (KHTML, like Gecko) Chrome/65.0.3325.181 Safari/537.36"
220.181.108.80 - - [04/Feb/2019:07:27:49 -0500] "GET /whats-new/posts/ HTTP/1.1" 303 - "-" "Mozilla/5.0 (compatible; Baiduspider/2.0; +http://www.baidu.com/search/spider.html)"
220.181.108.184 - - [04/Feb/2019:07:27:55 -0500] "GET /whats-new/posts/7/ HTTP/1.1" 200 43454 "-" "Mozilla/5.0 (compatible; Baiduspider/2.0; +http://www.baidu.com/search/spider.html)"
54.161.80.155 - - [04/Feb/2019:07:36:56 -0500] "GET / HTTP/1.1" 200 130000 "http://paladin-extensions.com/" "Mozilla/5.0 (Macintosh; Intel Mac OS X 10_13_4) AppleWebKit/537.36 (KHTML, like Gecko) Chrome/65.0.3325.181 Safari/537.36"
54.161.80.155 - - [04/Feb/2019:07:57:03 -0500] "GET / HTTP/1.1" 200 130000 "http://paladin-extensions.com/" "Mozilla/5.0 (Macintosh; Intel Mac OS X 10_13_4) AppleWebKit/537.36 (KHTML, like Gecko) Chrome/65.0.3325.181 Safari/537.36"
40.77.167.218 - - [04/Feb/2019:07:58:56 -0500] "GET /extensions/categories/premium-extensions.1/ HTTP/1.1" 301 - "-" "Mozilla/5.0 (compatible; bingbot/2.0; +http://www.bing.com/bingbot.htm)"
54.161.80.155 - - [04/Feb/2019:08:16:54 -0500] "GET / HTTP/1.1" 200 130000 "http://paladin-extensions.com/" "Mozilla/5.0 (Macintosh; Intel Mac OS X 10_13_4) AppleWebKit/537.36 (KHTML, like Gecko) Chrome/65.0.3325.181 Safari/537.36"
54.161.80.155 - - [04/Feb/2019:08:37:24 -0500] "GET / HTTP/1.1" 200 130000 "http://paladin-extensions.com/" "Mozilla/5.0 (Macintosh; Intel Mac OS X 10_13_4) AppleWebKit/537.36 (KHTML, like Gecko) Chrome/65.0.3325.181 Safari/537.36"
54.161.80.155 - - [04/Feb/2019:08:57:08 -0500] "GET / HTTP/1.1" 200 130000 "http://paladin-extensions.com/" "Mozilla/5.0 (Macintosh; Intel Mac OS X 10_13_4) AppleWebKit/537.36 (KHTML, like Gecko) Chrome/65.0.3325.181 Safari/537.36"
93.158.161.6 - - [04/Feb/2019:09:15:44 -0500] "GET /robots.txt HTTP/1.1" 404 58126 "-" "Mozilla/5.0 (compatible; YandexBot/3.0; +http://yandex.com/bots)"
77.88.47.14 - - [04/Feb/2019:09:15:48 -0500] "GET /threads/valentines-day-deal.61/post-142 HTTP/1.1" 301 - "-" "Mozilla/5.0 (compatible; YandexBot/3.0; +http://yandex.com/bots)"
54.161.80.155 - - [04/Feb/2019:09:17:10 -0500] "GET / HTTP/1.1" 200 130000 "http://paladin-extensions.com/" "Mozilla/5.0 (Macintosh; Intel Mac OS X 10_13_4) AppleWebKit/537.36 (KHTML, like Gecko) Chrome/65.0.3325.181 Safari/537.36"
54.161.80.155 - - [04/Feb/2019:09:37:12 -0500] "GET / HTTP/1.1" 200 130000 "http://paladin-extensions.com/" "Mozilla/5.0 (Macintosh; Intel Mac OS X 10_13_4) AppleWebKit/537.36 (KHTML, like Gecko) Chrome/65.0.3325.181 Safari/537.36"
157.55.39.59 - - [04/Feb/2019:09:41:22 -0500] "GET /reactions/list/resource_update/5 HTTP/1.1" 301 - "-" "Mozilla/5.0 (compatible; bingbot/2.0; +http://www.bing.com/bingbot.htm)"
54.244.105.106 - - [04/Feb/2019:09:52:46 -0500] "GET / HTTP/1.1" 200 38292 "-" "Mozilla/5.0 (Windows NT 10.0; Win64; x64)AppleWebKit/537.36 (KHTML, like Gecko) Chrome/66.0.3359.181 Safari/537.36"
54.244.105.106 - - [04/Feb/2019:09:52:47 -0500] "GET / HTTP/1.1" 301 - "-" "Mozilla/5.0 (Windows NT 10.0; Win64; x64)AppleWebKit/537.36 (KHTML, like Gecko) Chrome/66.0.3359.181 Safari/537.36"
54.244.105.106 - - [04/Feb/2019:09:52:47 -0500] "GET / HTTP/1.1" 200 38297 "-" "Mozilla/5.0 (Windows NT 10.0; Win64; x64)AppleWebKit/537.36 (KHTML, like Gecko) Chrome/66.0.3359.181 Safari/537.36"
54.161.80.155 - - [04/Feb/2019:09:56:58 -0500] "GET / HTTP/1.1" 200 130000 "http://paladin-extensions.com/" "Mozilla/5.0 (Macintosh; Intel Mac OS X 10_13_4) AppleWebKit/537.36 (KHTML, like Gecko) Chrome/65.0.3325.181 Safari/537.36"
157.55.39.39 - - [04/Feb/2019:09:58:50 -0500] "GET /robots.txt HTTP/1.1" 404 58133 "-" "Mozilla/5.0 (compatible; bingbot/2.0; +http://www.bing.com/bingbot.htm)"
157.55.39.39 - - [04/Feb/2019:09:58:50 -0500] "GET /robots.txt HTTP/1.1" 404 58133 "-" "Mozilla/5.0 (compatible; bingbot/2.0; +http://www.bing.com/bingbot.htm)"
54.161.80.155 - - [04/Feb/2019:10:17:21 -0500] "GET / HTTP/1.1" 200 130000 "http://paladin-extensions.com/" "Mozilla/5.0 (Macintosh; Intel Mac OS X 10_13_4) AppleWebKit/537.36 (KHTML, like Gecko) Chrome/65.0.3325.181 Safari/537.36"
54.161.80.155 - - [04/Feb/2019:10:37:08 -0500] "GET / HTTP/1.1" 200 130000 "http://paladin-extensions.com/" "Mozilla/5.0 (Macintosh; Intel Mac OS X 10_13_4) AppleWebKit/537.36 (KHTML, like Gecko) Chrome/65.0.3325.181 Safari/537.36"
46.229.168.148 - - [04/Feb/2019:10:38:41 -0500] "GET /robots.txt HTTP/1.1" 404 58139 "-" "Mozilla/5.0 (compatible; SemrushBot/3~bl; +http://www.semrush.com/bot.html)"
46.229.168.142 - - [04/Feb/2019:10:38:42 -0500] "GET /sitemap.xml HTTP/1.1" 200 1219 "-" "Mozilla/5.0 (compatible; SemrushBot/3~bl; +http://www.semrush.com/bot.html)"
46.229.168.137 - - [04/Feb/2019:10:38:43 -0500] "GET /members/proxy.33/reactions?reaction_id=3&type=received HTTP/1.1" 200 10192 "-" "Mozilla/5.0 (compatible; SemrushBot/3~bl; +http://www.semrush.com/bot.html)"
157.55.39.39 - - [04/Feb/2019:10:50:57 -0500] "GET /robots.txt HTTP/1.1" 404 58133 "-" "Mozilla/5.0 (compatible; bingbot/2.0; +http://www.bing.com/bingbot.htm)"
157.55.39.39 - - [04/Feb/2019:10:50:57 -0500] "GET /robots.txt HTTP/1.1" 404 58133 "-" "Mozilla/5.0 (compatible; bingbot/2.0; +http://www.bing.com/bingbot.htm)"
54.161.80.155 - - [04/Feb/2019:10:57:10 -0500] "GET / HTTP/1.1" 200 130000 "http://paladin-extensions.com/" "Mozilla/5.0 (Macintosh; Intel Mac OS X 10_13_4) AppleWebKit/537.36 (KHTML, like Gecko) Chrome/65.0.3325.181 Safari/537.36"
207.46.13.3 - - [04/Feb/2019:11:13:34 -0500] "GET /members/bigbongrip.11/ HTTP/1.1" 200 12704 "-" "Mozilla/5.0 (compatible; bingbot/2.0; +http://www.bing.com/bingbot.htm)"
54.161.80.155 - - [04/Feb/2019:11:17:36 -0500] "GET / HTTP/1.1" 200 130000 "http://paladin-extensions.com/" "Mozilla/5.0 (Macintosh; Intel Mac OS X 10_13_4) AppleWebKit/537.36 (KHTML, like Gecko) Chrome/65.0.3325.181 Safari/537.36"
54.161.80.155 - - [04/Feb/2019:11:37:06 -0500] "GET / HTTP/1.1" 200 130000 "http://paladin-extensions.com/" "Mozilla/5.0 (Macintosh; Intel Mac OS X 10_13_4) AppleWebKit/537.36 (KHTML, like Gecko) Chrome/65.0.3325.181 Safari/537.36"
40.77.167.218 - - [04/Feb/2019:11:40:51 -0500] "GET /members/?key=most_messages HTTP/1.1" 200 13011 "-" "Mozilla/5.0 (compatible; bingbot/2.0; +http://www.bing.com/bingbot.htm)"
46.229.168.144 - - [04/Feb/2019:11:48:17 -0500] "GET /robots.txt HTTP/1.1" 404 58139 "-" "Mozilla/5.0 (compatible; SemrushBot/3~bl; +http://www.semrush.com/bot.html)"
46.229.168.152 - - [04/Feb/2019:11:48:18 -0500] "GET /members/driftloom.37/reactions?reaction_id=23&type=received HTTP/1.1" 200 10200 "-" "Mozilla/5.0 (compatible; SemrushBot/3~bl; +http://www.semrush.com/bot.html)"
54.161.80.155 - - [04/Feb/2019:11:57:07 -0500] "GET / HTTP/1.1" 200 130000 "http://paladin-extensions.com/" "Mozilla/5.0 (Macintosh; Intel Mac OS X 10_13_4) AppleWebKit/537.36 (KHTML, like Gecko) Chrome/65.0.3325.181 Safari/537.36"
46.229.168.135 - - [04/Feb/2019:11:59:08 -0500] "GET /members/waddu.23/reactions?reaction_id=22&type=received HTTP/1.1" 200 10199 "-" "Mozilla/5.0 (compatible; SemrushBot/3~bl; +http://www.semrush.com/bot.html)"
3.81.36.240 - - [04/Feb/2019:12:17:11 -0500] "GET / HTTP/1.1" 200 130000 "http://paladin-extensions.com/" "Mozilla/5.0 (Macintosh; Intel Mac OS X 10_13_4) AppleWebKit/537.36 (KHTML, like Gecko) Chrome/65.0.3325.181 Safari/537.36"
46.229.168.149 - - [04/Feb/2019:12:26:28 -0500] "GET /members/jorgi.12/reactions?reaction_id=2&type=given HTTP/1.1" 200 10131 "-" "Mozilla/5.0 (compatible; SemrushBot/3~bl; +http://www.semrush.com/bot.html)"
172.221.47.109 - - [04/Feb/2019:12:29:42 -0500] "POST /auth/auth.php/ HTTP/1.1" 200 64 "-" "-"
172.221.47.109 - - [04/Feb/2019:12:29:43 -0500] "POST /auth/download.php/ HTTP/1.1" 200 4579308 "-" "-"
172.221.47.109 - - [04/Feb/2019:12:29:47 -0500] "POST /auth/auth.php/ HTTP/1.1" 200 64 "-" "-"
172.221.47.109 - - [04/Feb/2019:12:29:48 -0500] "POST /auth/extensions.php/ HTTP/1.1" 200 704 "-" "-"
172.221.47.109 - - [04/Feb/2019:12:29:48 -0500] "POST /auth/lastlaunch.php/ HTTP/1.1" 200 44 "-" "-"
172.221.47.109 - - [04/Feb/2019:12:29:51 -0500] "POST /auth/download.php/ HTTP/1.1" 200 5136876 "-" "-"
172.221.47.109 - - [04/Feb/2019:12:33:00 -0500] "POST /auth/auth.php/ HTTP/1.1" 200 64 "-" "-"
172.221.47.109 - - [04/Feb/2019:12:33:01 -0500] "POST /auth/download.php/ HTTP/1.1" 200 4480 "-" "-"
172.221.47.109 - - [04/Feb/2019:12:34:35 -0500] "POST /auth/auth.php/ HTTP/1.1" 200 64 "-" "-"
172.221.47.109 - - [04/Feb/2019:12:34:36 -0500] "POST /auth/download.php/ HTTP/1.1" 200 4578688 "-" "-"
172.221.47.109 - - [04/Feb/2019:12:34:40 -0500] "POST /auth/auth.php/ HTTP/1.1" 200 64 "-" "-"
172.221.47.109 - - [04/Feb/2019:12:34:41 -0500] "POST /auth/extensions.php/ HTTP/1.1" 200 704 "-" "-"
172.221.47.109 - - [04/Feb/2019:12:34:41 -0500] "POST /auth/lastlaunch.php/ HTTP/1.1" 200 44 "-" "-"
172.221.47.109 - - [04/Feb/2019:12:34:42 -0500] "POST /auth/download.php/ HTTP/1.1" 200 5137196 "-" "-"
172.221.47.109 - - [04/Feb/2019:12:35:53 -0500] "GET / HTTP/1.1" 200 48407 "-" "Mozilla/5.0 (Windows NT 10.0; Win64; x64) AppleWebKit/537.36 (KHTML, like Gecko) Chrome/71.0.3578.98 Safari/537.36"
172.221.47.109 - - [04/Feb/2019:12:35:53 -0500] "GET /js/xf/preamble-compiled.js?_v=56a48e2b HTTP/1.1" 200 7764 "https://www.paladin-extensions.com/" "Mozilla/5.0 (Windows NT 10.0; Win64; x64) AppleWebKit/537.36 (KHTML, like Gecko) Chrome/71.0.3578.98 Safari/537.36"
172.221.47.109 - - [04/Feb/2019:12:35:53 -0500] "GET /styles/uix_dark/fonts/icons/material-icons/css/materialdesignicons.min.css HTTP/1.1" 200 18636 "https://www.paladin-extensions.com/" "Mozilla/5.0 (Windows NT 10.0; Win64; x64) AppleWebKit/537.36 (KHTML, like Gecko) Chrome/71.0.3578.98 Safari/537.36"
172.221.47.109 - - [04/Feb/2019:12:35:53 -0500] "GET /styles/uix_dark/images/uix-logo.png HTTP/1.1" 200 109563 "https://www.paladin-extensions.com/" "Mozilla/5.0 (Windows NT 10.0; Win64; x64) AppleWebKit/537.36 (KHTML, like Gecko) Chrome/71.0.3578.98 Safari/537.36"
172.221.47.109 - - [04/Feb/2019:12:35:53 -0500] "GET /css.php?css=public%3Aandy_countdown.less%2Cpublic%3Aeditor.less%2Cpublic%3Alightbox.less%2Cpublic%3Anode_list.less%2Cpublic%3Asiropu_shoutbox.less%2Cpublic%3Ath_reactions.less%2Cpublic%3Ath_widget_post_thread_uix.less%2Cpublic%3Awidget_ah_discord.less%2Cpublic%3Aextra.less&s=8&l=1&d=1549226017&k=ec436b85afd8a5a199dc8d8d63a55ffd92837231 HTTP/1.1" 200 26587 "https://www.paladin-extensions.com/" "Mozilla/5.0 (Windows NT 10.0; Win64; x64) AppleWebKit/537.36 (KHTML, like Gecko) Chrome/71.0.3578.98 Safari/537.36"
172.221.47.109 - - [04/Feb/2019:12:35:53 -0500] "GET /styles/uix_dark/images/uix-brandmark.png HTTP/1.1" 200 112246 "https://www.paladin-extensions.com/" "Mozilla/5.0 (Windows NT 10.0; Win64; x64) AppleWebKit/537.36 (KHTML, like Gecko) Chrome/71.0.3578.98 Safari/537.36"
172.221.47.109 - - [04/Feb/2019:12:35:53 -0500] "GET /css.php?css=public%3Anormalize.css%2Cpublic%3Acore.less%2Cpublic%3Aapp.less&s=8&l=1&d=1549226017&k=edf6cfeed2b8b8213808b1692c79649ca17f77fa HTTP/1.1" 200 62092 "https://www.paladin-extensions.com/" "Mozilla/5.0 (Windows NT 10.0; Win64; x64) AppleWebKit/537.36 (KHTML, like Gecko) Chrome/71.0.3578.98 Safari/537.36"
172.221.47.109 - - [04/Feb/2019:12:35:54 -0500] "GET /js/vendor/vendor-compiled.js?_v=56a48e2b HTTP/1.1" 200 17856 "https://www.paladin-extensions.com/" "Mozilla/5.0 (Windows NT 10.0; Win64; x64) AppleWebKit/537.36 (KHTML, like Gecko) Chrome/71.0.3578.98 Safari/537.36"
172.221.47.109 - - [04/Feb/2019:12:35:54 -0500] "GET /js/xf/core-compiled.js?_v=56a48e2b HTTP/1.1" 200 47440 "https://www.paladin-extensions.com/" "Mozilla/5.0 (Windows NT 10.0; Win64; x64) AppleWebKit/537.36 (KHTML, like Gecko) Chrome/71.0.3578.98 Safari/537.36"
172.221.47.109 - - [04/Feb/2019:12:35:54 -0500] "GET /js/siropu/shoutbox/core.min.js?_v=56a48e2b HTTP/1.1" 200 2470 "https://www.paladin-extensions.com/" "Mozilla/5.0 (Windows NT 10.0; Win64; x64) AppleWebKit/537.36 (KHTML, like Gecko) Chrome/71.0.3578.98 Safari/537.36"
172.221.47.109 - - [04/Feb/2019:12:35:54 -0500] "GET /js/xf/lightbox-compiled.js?_v=56a48e2b HTTP/1.1" 200 14071 "https://www.paladin-extensions.com/" "Mozilla/5.0 (Windows NT 10.0; Win64; x64) AppleWebKit/537.36 (KHTML, like Gecko) Chrome/71.0.3578.98 Safari/537.36"
172.221.47.109 - - [04/Feb/2019:12:35:54 -0500] "GET /js/themehouse/uix_dark/ripple.min.js?_v=56a48e2b HTTP/1.1" 200 692 "https://www.paladin-extensions.com/" "Mozilla/5.0 (Windows NT 10.0; Win64; x64) AppleWebKit/537.36 (KHTML, like Gecko) Chrome/71.0.3578.98 Safari/537.36"
172.221.47.109 - - [04/Feb/2019:12:35:54 -0500] "GET /data/avatars/s/0/2.jpg?1515800046 HTTP/1.1" 200 1696 "https://www.paladin-extensions.com/" "Mozilla/5.0 (Windows NT 10.0; Win64; x64) AppleWebKit/537.36 (KHTML, like Gecko) Chrome/71.0.3578.98 Safari/537.36"
172.221.47.109 - - [04/Feb/2019:12:35:54 -0500] "GET /styles/uix_dark/fonts/icons/material-icons/fonts/materialdesignicons-webfont.woff2?v=2.3.54 HTTP/1.1" 200 125384 "https://www.paladin-extensions.com/styles/uix_dark/fonts/icons/material-icons/css/materialdesignicons.min.css" "Mozilla/5.0 (Windows NT 10.0; Win64; x64) AppleWebKit/537.36 (KHTML, like Gecko) Chrome/71.0.3578.98 Safari/537.36"
172.221.47.109 - - [04/Feb/2019:12:35:54 -0500] "GET /data/avatars/s/0/25.jpg?1544675776 HTTP/1.1" 200 1570 "https://www.paladin-extensions.com/" "Mozilla/5.0 (Windows NT 10.0; Win64; x64) AppleWebKit/537.36 (KHTML, like Gecko) Chrome/71.0.3578.98 Safari/537.36"
172.221.47.109 - - [04/Feb/2019:12:35:54 -0500] "GET /js/themehouse/global/20180112.min.js?_v=56a48e2b HTTP/1.1" 200 3938 "https://www.paladin-extensions.com/" "Mozilla/5.0 (Windows NT 10.0; Win64; x64) AppleWebKit/537.36 (KHTML, like Gecko) Chrome/71.0.3578.98 Safari/537.36"
172.221.47.109 - - [04/Feb/2019:12:35:54 -0500] "GET /styles/default/xenforo/smilies/emojione/sprite_sheet_emojione.png HTTP/1.1" 200 88702 "https://www.paladin-extensions.com/css.php?css=public%3Anormalize.css%2Cpublic%3Acore.less%2Cpublic%3Aapp.less&s=8&l=1&d=1549226017&k=edf6cfeed2b8b8213808b1692c79649ca17f77fa" "Mozilla/5.0 (Windows NT 10.0; Win64; x64) AppleWebKit/537.36 (KHTML, like Gecko) Chrome/71.0.3578.98 Safari/537.36"
172.221.47.109 - - [04/Feb/2019:12:35:54 -0500] "GET /data/avatars/s/0/4.jpg?1533106845 HTTP/1.1" 200 1596 "https://www.paladin-extensions.com/" "Mozilla/5.0 (Windows NT 10.0; Win64; x64) AppleWebKit/537.36 (KHTML, like Gecko) Chrome/71.0.3578.98 Safari/537.36"
172.221.47.109 - - [04/Feb/2019:12:35:54 -0500] "GET /data/avatars/s/0/15.jpg?1519322140 HTTP/1.1" 200 1416 "https://www.paladin-extensions.com/" "Mozilla/5.0 (Windows NT 10.0; Win64; x64) AppleWebKit/537.36 (KHTML, like Gecko) Chrome/71.0.3578.98 Safari/537.36"
172.221.47.109 - - [04/Feb/2019:12:35:54 -0500] "GET /data/avatars/s/0/32.jpg?1529285509 HTTP/1.1" 200 5274 "https://www.paladin-extensions.com/" "Mozilla/5.0 (Windows NT 10.0; Win64; x64) AppleWebKit/537.36 (KHTML, like Gecko) Chrome/71.0.3578.98 Safari/537.36"
172.221.47.109 - - [04/Feb/2019:12:35:54 -0500] "GET /data/avatars/s/0/1.jpg?1538028194 HTTP/1.1" 200 3345 "https://www.paladin-extensions.com/" "Mozilla/5.0 (Windows NT 10.0; Win64; x64) AppleWebKit/537.36 (KHTML, like Gecko) Chrome/71.0.3578.98 Safari/537.36"
172.221.47.109 - - [04/Feb/2019:12:35:54 -0500] "GET /data/avatars/s/0/26.jpg?1528514454 HTTP/1.1" 200 1722 "https://www.paladin-extensions.com/" "Mozilla/5.0 (Windows NT 10.0; Win64; x64) AppleWebKit/537.36 (KHTML, like Gecko) Chrome/71.0.3578.98 Safari/537.36"
172.221.47.109 - - [04/Feb/2019:12:35:54 -0500] "GET /data/avatars/s/0/8.jpg?1519456264 HTTP/1.1" 200 1973 "https://www.paladin-extensions.com/" "Mozilla/5.0 (Windows NT 10.0; Win64; x64) AppleWebKit/537.36 (KHTML, like Gecko) Chrome/71.0.3578.98 Safari/537.36"
172.221.47.109 - - [04/Feb/2019:12:35:54 -0500] "GET /js/themehouse/uix_dark/defer.min.js?_v=56a48e2b HTTP/1.1" 200 5041 "https://www.paladin-extensions.com/" "Mozilla/5.0 (Windows NT 10.0; Win64; x64) AppleWebKit/537.36 (KHTML, like Gecko) Chrome/71.0.3578.98 Safari/537.36"
172.221.47.109 - - [04/Feb/2019:12:35:54 -0500] "GET /data/avatars/s/0/12.jpg?1519321709 HTTP/1.1" 200 1785 "https://www.paladin-extensions.com/" "Mozilla/5.0 (Windows NT 10.0; Win64; x64) AppleWebKit/537.36 (KHTML, like Gecko) Chrome/71.0.3578.98 Safari/537.36"
172.221.47.109 - - [04/Feb/2019:12:35:54 -0500] "GET /js/themehouse/uix_dark/index.min.js?_v=56a48e2b HTTP/1.1" 200 2382 "https://www.paladin-extensions.com/" "Mozilla/5.0 (Windows NT 10.0; Win64; x64) AppleWebKit/537.36 (KHTML, like Gecko) Chrome/71.0.3578.98 Safari/537.36"
172.221.47.109 - - [04/Feb/2019:12:35:54 -0500] "GET /proxy.php?image=https%3A%2F%2Fi.imgur.com%2Fr0tCHeM.png&hash=58dd2bbfaf81cbfcd2d3e7fbdd81cb6c HTTP/1.1" 200 14887 "https://www.paladin-extensions.com/" "Mozilla/5.0 (Windows NT 10.0; Win64; x64) AppleWebKit/537.36 (KHTML, like Gecko) Chrome/71.0.3578.98 Safari/537.36"
172.221.47.109 - - [04/Feb/2019:12:35:54 -0500] "GET /proxy.php?image=https%3A%2F%2Fcdn.discordapp.com%2Fattachments%2F492142646912090114%2F541564546448621568%2Fimage0-25.jpg&hash=68e7dffefcc2c104ee655bdbab1e7916 HTTP/1.1" 200 538669 "https://www.paladin-extensions.com/" "Mozilla/5.0 (Windows NT 10.0; Win64; x64) AppleWebKit/537.36 (KHTML, like Gecko) Chrome/71.0.3578.98 Safari/537.36"
172.221.47.109 - - [04/Feb/2019:12:35:54 -0500] "GET /proxy.php?image=https%3A%2F%2Fcdn.discordapp.com%2Fattachments%2F492142646912090114%2F541561138089820160%2Fterrorists-win_c_7219146.jpg&hash=1eed8987ec3094e94b17f49a40baf31b HTTP/1.1" 200 121836 "https://www.paladin-extensions.com/" "Mozilla/5.0 (Windows NT 10.0; Win64; x64) AppleWebKit/537.36 (KHTML, like Gecko) Chrome/71.0.3578.98 Safari/537.36"
172.221.47.109 - - [04/Feb/2019:12:35:54 -0500] "GET /proxy.php?image=https%3A%2F%2Fcdn.discordapp.com%2Fattachments%2F492142646912090114%2F541561296529653771%2FScreenshot_20190117-213756.png&hash=ddadf05cc4a19fc2124ed236a94bed90 HTTP/1.1" 200 983975 "https://www.paladin-extensions.com/" "Mozilla/5.0 (Windows NT 10.0; Win64; x64) AppleWebKit/537.36 (KHTML, like Gecko) Chrome/71.0.3578.98 Safari/537.36"
172.221.47.109 - - [04/Feb/2019:12:35:54 -0500] "GET /styles/default/siropu/shoutbox/new.mp3 HTTP/1.1" 304 - "https://www.paladin-extensions.com/" "Mozilla/5.0 (Windows NT 10.0; Win64; x64) AppleWebKit/537.36 (KHTML, like Gecko) Chrome/71.0.3578.98 Safari/537.36"
172.221.47.109 - - [04/Feb/2019:12:35:54 -0500] "GET /proxy.php?image=https%3A%2F%2Fcdn.discordapp.com%2Fattachments%2F492142646912090114%2F541582337079771136%2FScreenshot_20190203-042443.png&hash=14482d93545848ba26942d682ad47b27 HTTP/1.1" 200 1732445 "https://www.paladin-extensions.com/" "Mozilla/5.0 (Windows NT 10.0; Win64; x64) AppleWebKit/537.36 (KHTML, like Gecko) Chrome/71.0.3578.98 Safari/537.36"
172.221.47.109 - - [04/Feb/2019:12:35:55 -0500] "GET /index.php?shoutbox/refresh&last_id=150&_xfRequestUri=%2F&_xfWithData=1&_xfToken=1549301753%2Cbb0535a318aabca5b3d4940f700b9c4d&_xfResponseType=json HTTP/1.1" 200 119 "https://www.paladin-extensions.com/" "Mozilla/5.0 (Windows NT 10.0; Win64; x64) AppleWebKit/537.36 (KHTML, like Gecko) Chrome/71.0.3578.98 Safari/537.36"
172.221.47.109 - - [04/Feb/2019:12:35:56 -0500] "GET /index.php?shoutbox/refresh&last_id=150&_xfRequestUri=%2F&_xfWithData=1&_xfToken=1549301753%2Cbb0535a318aabca5b3d4940f700b9c4d&_xfResponseType=json HTTP/1.1" 200 119 "https://www.paladin-extensions.com/" "Mozilla/5.0 (Windows NT 10.0; Win64; x64) AppleWebKit/537.36 (KHTML, like Gecko) Chrome/71.0.3578.98 Safari/537.36"
172.221.47.109 - - [04/Feb/2019:12:35:57 -0500] "GET /index.php?shoutbox/refresh&last_id=150&_xfRequestUri=%2F&_xfWithData=1&_xfToken=1549301753%2Cbb0535a318aabca5b3d4940f700b9c4d&_xfResponseType=json HTTP/1.1" 200 119 "https://www.paladin-extensions.com/" "Mozilla/5.0 (Windows NT 10.0; Win64; x64) AppleWebKit/537.36 (KHTML, like Gecko) Chrome/71.0.3578.98 Safari/537.36"
172.221.47.109 - - [04/Feb/2019:12:35:58 -0500] "GET /index.php?shoutbox/refresh&last_id=150&_xfRequestUri=%2F&_xfWithData=1&_xfToken=1549301753%2Cbb0535a318aabca5b3d4940f700b9c4d&_xfResponseType=json HTTP/1.1" 200 119 "https://www.paladin-extensions.com/" "Mozilla/5.0 (Windows NT 10.0; Win64; x64) AppleWebKit/537.36 (KHTML, like Gecko) Chrome/71.0.3578.98 Safari/537.36"
172.221.47.109 - - [04/Feb/2019:12:35:59 -0500] "GET /index.php?shoutbox/refresh&last_id=150&_xfRequestUri=%2F&_xfWithData=1&_xfToken=1549301753%2Cbb0535a318aabca5b3d4940f700b9c4d&_xfResponseType=json HTTP/1.1" 200 119 "https://www.paladin-extensions.com/" "Mozilla/5.0 (Windows NT 10.0; Win64; x64) AppleWebKit/537.36 (KHTML, like Gecko) Chrome/71.0.3578.98 Safari/537.36"
172.221.47.109 - - [04/Feb/2019:12:36:00 -0500] "GET /index.php?shoutbox/refresh&last_id=150&_xfRequestUri=%2F&_xfWithData=1&_xfToken=1549301753%2Cbb0535a318aabca5b3d4940f700b9c4d&_xfResponseType=json HTTP/1.1" 200 119 "https://www.paladin-extensions.com/" "Mozilla/5.0 (Windows NT 10.0; Win64; x64) AppleWebKit/537.36 (KHTML, like Gecko) Chrome/71.0.3578.98 Safari/537.36"
172.221.47.109 - - [04/Feb/2019:12:37:11 -0500] "POST /auth/auth.php/ HTTP/1.1" 200 64 "-" "-"
172.221.47.109 - - [04/Feb/2019:12:37:12 -0500] "POST /auth/download.php/ HTTP/1.1" 200 4480 "-" "-"
3.81.36.240 - - [04/Feb/2019:12:37:36 -0500] "GET / HTTP/1.1" 200 130245 "http://paladin-extensions.com/" "Mozilla/5.0 (Macintosh; Intel Mac OS X 10_13_4) AppleWebKit/537.36 (KHTML, like Gecko) Chrome/65.0.3325.181 Safari/537.36"
178.154.244.176 - - [04/Feb/2019:12:40:07 -0500] "GET /robots.txt HTTP/1.1" 404 58129 "-" "Mozilla/5.0 (compatible; YandexBot/3.0; +http://yandex.com/bots)"
141.8.144.28 - - [04/Feb/2019:12:40:11 -0500] "GET /members/naperone.42/ HTTP/1.1" 200 12650 "-" "Mozilla/5.0 (compatible; YandexBot/3.0; +http://yandex.com/bots)"
172.221.47.109 - - [04/Feb/2019:12:35:54 -0500] "POST /job.php HTTP/1.1" 503 38152 "https://www.paladin-extensions.com/" "Mozilla/5.0 (Windows NT 10.0; Win64; x64) AppleWebKit/537.36 (KHTML, like Gecko) Chrome/71.0.3578.98 Safari/537.36"
3.81.36.240 - - [04/Feb/2019:12:57:44 -0500] "GET / HTTP/1.1" 200 130000 "http://paladin-extensions.com/" "Mozilla/5.0 (Macintosh; Intel Mac OS X 10_13_4) AppleWebKit/537.36 (KHTML, like Gecko) Chrome/65.0.3325.181 Safari/537.36"
69.74.4.134 - - [04/Feb/2019:12:58:00 -0500] "GET /extensions/ HTTP/1.1" 200 12151 "-" "Mozilla/5.0 (Windows NT 10.0; Win64; x64) AppleWebKit/537.36 (KHTML, like Gecko) Chrome/69.0.3497.92 Safari/537.36"
69.74.4.134 - - [04/Feb/2019:12:58:00 -0500] "GET /styles/uix_dark/fonts/icons/material-icons/css/materialdesignicons.min.css HTTP/1.1" 200 18636 "https://www.paladin-extensions.com/extensions/" "Mozilla/5.0 (Windows NT 10.0; Win64; x64) AppleWebKit/537.36 (KHTML, like Gecko) Chrome/69.0.3497.92 Safari/537.36"
69.74.4.134 - - [04/Feb/2019:12:58:00 -0500] "GET /js/xf/preamble-compiled.js?_v=56a48e2b HTTP/1.1" 200 7764 "https://www.paladin-extensions.com/extensions/" "Mozilla/5.0 (Windows NT 10.0; Win64; x64) AppleWebKit/537.36 (KHTML, like Gecko) Chrome/69.0.3497.92 Safari/537.36"
69.74.4.134 - - [04/Feb/2019:12:58:00 -0500] "GET /styles/uix_dark/images/uix-logo.png HTTP/1.1" 200 109563 "https://www.paladin-extensions.com/extensions/" "Mozilla/5.0 (Windows NT 10.0; Win64; x64) AppleWebKit/537.36 (KHTML, like Gecko) Chrome/69.0.3497.92 Safari/537.36"
69.74.4.134 - - [04/Feb/2019:12:58:00 -0500] "GET /css.php?css=public%3Astructured_list.less%2Cpublic%3Aextra.less&s=8&l=1&d=1549226017&k=59061567c9202d8035dc3480d7635651656b43da HTTP/1.1" 200 2655 "https://www.paladin-extensions.com/extensions/" "Mozilla/5.0 (Windows NT 10.0; Win64; x64) AppleWebKit/537.36 (KHTML, like Gecko) Chrome/69.0.3497.92 Safari/537.36"
69.74.4.134 - - [04/Feb/2019:12:58:00 -0500] "GET /css.php?css=public%3Anormalize.css%2Cpublic%3Acore.less%2Cpublic%3Aapp.less&s=8&l=1&d=1549226017&k=edf6cfeed2b8b8213808b1692c79649ca17f77fa HTTP/1.1" 200 62092 "https://www.paladin-extensions.com/extensions/" "Mozilla/5.0 (Windows NT 10.0; Win64; x64) AppleWebKit/537.36 (KHTML, like Gecko) Chrome/69.0.3497.92 Safari/537.36"
69.74.4.134 - - [04/Feb/2019:12:58:00 -0500] "GET /js/vendor/vendor-compiled.js?_v=56a48e2b HTTP/1.1" 200 17856 "https://www.paladin-extensions.com/extensions/" "Mozilla/5.0 (Windows NT 10.0; Win64; x64) AppleWebKit/537.36 (KHTML, like Gecko) Chrome/69.0.3497.92 Safari/537.36"
69.74.4.134 - - [04/Feb/2019:12:58:01 -0500] "GET /js/xf/core-compiled.js?_v=56a48e2b HTTP/1.1" 200 47440 "https://www.paladin-extensions.com/extensions/" "Mozilla/5.0 (Windows NT 10.0; Win64; x64) AppleWebKit/537.36 (KHTML, like Gecko) Chrome/69.0.3497.92 Safari/537.36"
69.74.4.134 - - [04/Feb/2019:12:58:01 -0500] "GET /js/themehouse/uix_dark/ripple.min.js?_v=56a48e2b HTTP/1.1" 200 692 "https://www.paladin-extensions.com/extensions/" "Mozilla/5.0 (Windows NT 10.0; Win64; x64) AppleWebKit/537.36 (KHTML, like Gecko) Chrome/69.0.3497.92 Safari/537.36"
69.74.4.134 - - [04/Feb/2019:12:58:01 -0500] "GET /js/themehouse/uix_dark/defer.min.js?_v=56a48e2b HTTP/1.1" 200 5041 "https://www.paladin-extensions.com/extensions/" "Mozilla/5.0 (Windows NT 10.0; Win64; x64) AppleWebKit/537.36 (KHTML, like Gecko) Chrome/69.0.3497.92 Safari/537.36"
69.74.4.134 - - [04/Feb/2019:12:58:01 -0500] "GET /js/themehouse/uix_dark/index.min.js?_v=56a48e2b HTTP/1.1" 200 2382 "https://www.paladin-extensions.com/extensions/" "Mozilla/5.0 (Windows NT 10.0; Win64; x64) AppleWebKit/537.36 (KHTML, like Gecko) Chrome/69.0.3497.92 Safari/537.36"
69.74.4.134 - - [04/Feb/2019:12:58:01 -0500] "GET /data/xrpm/thumbnail/0/5-d4ec71d25d7815bf4b3e03c69f83fcc0.jpg?1514836800 HTTP/1.1" 200 104035 "https://www.paladin-extensions.com/extensions/" "Mozilla/5.0 (Windows NT 10.0; Win64; x64) AppleWebKit/537.36 (KHTML, like Gecko) Chrome/69.0.3497.92 Safari/537.36"
69.74.4.134 - - [04/Feb/2019:12:58:01 -0500] "GET /styles/uix_dark/fonts/icons/material-icons/fonts/materialdesignicons-webfont.woff2?v=2.3.54 HTTP/1.1" 200 125384 "https://www.paladin-extensions.com/styles/uix_dark/fonts/icons/material-icons/css/materialdesignicons.min.css" "Mozilla/5.0 (Windows NT 10.0; Win64; x64) AppleWebKit/537.36 (KHTML, like Gecko) Chrome/69.0.3497.92 Safari/537.36"
69.74.4.134 - - [04/Feb/2019:12:58:01 -0500] "GET /styles/uix_dark/images/uix-brandmark.png HTTP/1.1" 200 112246 "https://www.paladin-extensions.com/extensions/" "Mozilla/5.0 (Windows NT 10.0; Win64; x64) AppleWebKit/537.36 (KHTML, like Gecko) Chrome/69.0.3497.92 Safari/537.36"
69.74.4.134 - - [04/Feb/2019:12:58:01 -0500] "GET /data/xrpm/thumbnail/0/1-c3deb3e7e0d0baf495016252f351ebc8.jpg?1514836800 HTTP/1.1" 200 124350 "https://www.paladin-extensions.com/extensions/" "Mozilla/5.0 (Windows NT 10.0; Win64; x64) AppleWebKit/537.36 (KHTML, like Gecko) Chrome/69.0.3497.92 Safari/537.36"
69.74.4.134 - - [04/Feb/2019:12:58:01 -0500] "GET /data/xrpm/thumbnail/0/2-372d8126d788bd3125676c5682f1337e.jpg?1514836800 HTTP/1.1" 200 166961 "https://www.paladin-extensions.com/extensions/" "Mozilla/5.0 (Windows NT 10.0; Win64; x64) AppleWebKit/537.36 (KHTML, like Gecko) Chrome/69.0.3497.92 Safari/537.36"
69.74.4.134 - - [04/Feb/2019:12:58:01 -0500] "GET /data/xrpm/thumbnail/0/3-3775589e9c5acdf1ddba87a4f1e578f5.jpg?1514836800 HTTP/1.1" 200 145831 "https://www.paladin-extensions.com/extensions/" "Mozilla/5.0 (Windows NT 10.0; Win64; x64) AppleWebKit/537.36 (KHTML, like Gecko) Chrome/69.0.3497.92 Safari/537.36"
69.74.4.134 - - [04/Feb/2019:12:58:01 -0500] "GET /js/themehouse/global/20180112.min.js?_v=56a48e2b HTTP/1.1" 200 3938 "https://www.paladin-extensions.com/extensions/" "Mozilla/5.0 (Windows NT 10.0; Win64; x64) AppleWebKit/537.36 (KHTML, like Gecko) Chrome/69.0.3497.92 Safari/537.36"
69.74.4.134 - - [04/Feb/2019:12:58:01 -0500] "GET /styles/uix_dark/images/favicon.png HTTP/1.1" 200 37099 "https://www.paladin-extensions.com/extensions/" "Mozilla/5.0 (Windows NT 10.0; Win64; x64) AppleWebKit/537.36 (KHTML, like Gecko) Chrome/69.0.3497.92 Safari/537.36"
66.249.79.222 - - [04/Feb/2019:12:58:05 -0500] "GET /robots.txt HTTP/1.1" 404 58135 "-" "Mozilla/5.0 (compatible; Googlebot/2.1; +http://www.google.com/bot.html)"
69.74.4.134 - - [04/Feb/2019:12:58:03 -0500] "POST /job.php HTTP/1.1" 200 13 "https://www.paladin-extensions.com/extensions/" "Mozilla/5.0 (Windows NT 10.0; Win64; x64) AppleWebKit/537.36 (KHTML, like Gecko) Chrome/69.0.3497.92 Safari/537.36"
66.249.79.193 - - [04/Feb/2019:12:58:05 -0500] "GET /sitemap.php HTTP/1.1" 200 1288 "-" "Mozilla/5.0 (compatible; Googlebot/2.1; +http://www.google.com/bot.html)"
69.74.4.134 - - [04/Feb/2019:12:58:06 -0500] "POST /job.php HTTP/1.1" 200 14 "https://www.paladin-extensions.com/extensions/" "Mozilla/5.0 (Windows NT 10.0; Win64; x64) AppleWebKit/537.36 (KHTML, like Gecko) Chrome/69.0.3497.92 Safari/537.36"
69.74.4.134 - - [04/Feb/2019:12:58:18 -0500] "GET /extensions/px-csgo.1 HTTP/1.1" 200 14139 "https://www.paladin-extensions.com/extensions/" "Mozilla/5.0 (Windows NT 10.0; Win64; x64) AppleWebKit/537.36 (KHTML, like Gecko) Chrome/69.0.3497.92 Safari/537.36"
69.74.4.134 - - [04/Feb/2019:12:58:18 -0500] "GET /js/xf/lightbox-compiled.js?_v=56a48e2b HTTP/1.1" 200 14071 "https://www.paladin-extensions.com/extensions/px-csgo.1" "Mozilla/5.0 (Windows NT 10.0; Win64; x64) AppleWebKit/537.36 (KHTML, like Gecko) Chrome/69.0.3497.92 Safari/537.36"
69.74.4.134 - - [04/Feb/2019:12:58:18 -0500] "GET /css.php?css=public%3Akl_em_bb_code.less%2Cpublic%3Alightbox.less%2Cpublic%3Aextra.less&s=8&l=1&d=1549226017&k=bc4cdb7e3cbf5c3c44257f439782589a33f88cdc HTTP/1.1" 200 5956 "https://www.paladin-extensions.com/extensions/px-csgo.1" "Mozilla/5.0 (Windows NT 10.0; Win64; x64) AppleWebKit/537.36 (KHTML, like Gecko) Chrome/69.0.3497.92 Safari/537.36"
69.74.4.134 - - [04/Feb/2019:12:58:18 -0500] "GET /attachments/csgo-secondary-png.73/ HTTP/1.1" 200 1410523 "https://www.paladin-extensions.com/extensions/px-csgo.1" "Mozilla/5.0 (Windows NT 10.0; Win64; x64) AppleWebKit/537.36 (KHTML, like Gecko) Chrome/69.0.3497.92 Safari/537.36"
69.74.4.134 - - [04/Feb/2019:12:58:18 -0500] "GET /attachments/csgo-primary-png.61/ HTTP/1.1" 200 2418174 "https://www.paladin-extensions.com/extensions/px-csgo.1" "Mozilla/5.0 (Windows NT 10.0; Win64; x64) AppleWebKit/537.36 (KHTML, like Gecko) Chrome/69.0.3497.92 Safari/537.36"
3.81.36.240 - - [04/Feb/2019:13:17:53 -0500] "GET / HTTP/1.1" 200 130000 "http://paladin-extensions.com/" "Mozilla/5.0 (Macintosh; Intel Mac OS X 10_13_4) AppleWebKit/537.36 (KHTML, like Gecko) Chrome/65.0.3325.181 Safari/537.36"
46.229.168.139 - - [04/Feb/2019:13:29:31 -0500] "GET /robots.txt HTTP/1.1" 404 58139 "-" "Mozilla/5.0 (compatible; SemrushBot/3~bl; +http://www.semrush.com/bot.html)"
46.229.168.139 - - [04/Feb/2019:13:29:32 -0500] "GET /search/?type=post HTTP/1.1" 200 11316 "-" "Mozilla/5.0 (compatible; SemrushBot/3~bl; +http://www.semrush.com/bot.html)"
3.81.36.240 - - [04/Feb/2019:13:37:51 -0500] "GET / HTTP/1.1" 200 130000 "http://paladin-extensions.com/" "Mozilla/5.0 (Macintosh; Intel Mac OS X 10_13_4) AppleWebKit/537.36 (KHTML, like Gecko) Chrome/65.0.3325.181 Safari/537.36"
3.81.36.240 - - [04/Feb/2019:13:57:44 -0500] "GET / HTTP/1.1" 200 130000 "http://paladin-extensions.com/" "Mozilla/5.0 (Macintosh; Intel Mac OS X 10_13_4) AppleWebKit/537.36 (KHTML, like Gecko) Chrome/65.0.3325.181 Safari/537.36"
3.81.36.240 - - [04/Feb/2019:14:17:41 -0500] "GET / HTTP/1.1" 200 130000 "http://paladin-extensions.com/" "Mozilla/5.0 (Macintosh; Intel Mac OS X 10_13_4) AppleWebKit/537.36 (KHTML, like Gecko) Chrome/65.0.3325.181 Safari/537.36"
141.8.144.11 - - [04/Feb/2019:14:29:11 -0500] "GET /members/waddu.23/about HTTP/1.1" 200 10197 "-" "Mozilla/5.0 (compatible; YandexBot/3.0; +http://yandex.com/bots)"
40.77.167.32 - - [04/Feb/2019:14:33:42 -0500] "GET /members/skel.2/ HTTP/1.1" 200 13720 "-" "Mozilla/5.0 (compatible; bingbot/2.0; +http://www.bing.com/bingbot.htm)"
157.55.39.84 - - [04/Feb/2019:14:36:39 -0500] "GET /extensions/paladin-cs-go-extension.2/ HTTP/1.1" 200 13105 "-" "Mozilla/5.0 (compatible; bingbot/2.0; +http://www.bing.com/bingbot.htm)"
3.89.129.26 - - [04/Feb/2019:14:37:44 -0500] "GET / HTTP/1.1" 200 130000 "http://paladin-extensions.com/" "Mozilla/5.0 (Macintosh; Intel Mac OS X 10_13_4) AppleWebKit/537.36 (KHTML, like Gecko) Chrome/65.0.3325.181 Safari/537.36"
46.229.168.135 - - [04/Feb/2019:14:54:29 -0500] "GET /robots.txt HTTP/1.1" 404 58139 "-" "Mozilla/5.0 (compatible; SemrushBot/3~bl; +http://www.semrush.com/bot.html)"
46.229.168.133 - - [04/Feb/2019:14:54:30 -0500] "GET /members/jorgi.12/reactions?reaction_id=21&type=given HTTP/1.1" 200 10197 "-" "Mozilla/5.0 (compatible; SemrushBot/3~bl; +http://www.semrush.com/bot.html)"
3.81.36.240 - - [04/Feb/2019:14:57:28 -0500] "GET / HTTP/1.1" 200 130000 "http://paladin-extensions.com/" "Mozilla/5.0 (Macintosh; Intel Mac OS X 10_13_4) AppleWebKit/537.36 (KHTML, like Gecko) Chrome/65.0.3325.181 Safari/537.36"
46.229.168.138 - - [04/Feb/2019:15:04:09 -0500] "GET / HTTP/1.1" 200 38294 "-" "Mozilla/5.0 (compatible; SemrushBot/3~bl; +http://www.semrush.com/bot.html)"
3.81.36.240 - - [04/Feb/2019:15:17:28 -0500] "GET / HTTP/1.1" 200 130000 "http://paladin-extensions.com/" "Mozilla/5.0 (Macintosh; Intel Mac OS X 10_13_4) AppleWebKit/537.36 (KHTML, like Gecko) Chrome/65.0.3325.181 Safari/537.36"
207.46.13.180 - - [04/Feb/2019:15:26:47 -0500] "GET /extensions/paladin-rsix-extension.4/ HTTP/1.1" 200 12941 "-" "Mozilla/5.0 (compatible; bingbot/2.0; +http://www.bing.com/bingbot.htm)"
207.46.13.180 - - [04/Feb/2019:15:35:14 -0500] "GET /help/bb-codes/ HTTP/1.1" 301 - "-" "Mozilla/5.0 (compatible; bingbot/2.0; +http://www.bing.com/bingbot.htm)"
3.81.36.240 - - [04/Feb/2019:15:37:23 -0500] "GET / HTTP/1.1" 200 130000 "http://paladin-extensions.com/" "Mozilla/5.0 (Macintosh; Intel Mac OS X 10_13_4) AppleWebKit/537.36 (KHTML, like Gecko) Chrome/65.0.3325.181 Safari/537.36"
46.229.168.153 - - [04/Feb/2019:15:47:30 -0500] "GET /forums/-/index.rss HTTP/1.1" 200 773 "-" "Mozilla/5.0 (compatible; SemrushBot/3~bl; +http://www.semrush.com/bot.html)"
172.221.47.109 - - [04/Feb/2019:15:47:40 -0500] "POST /auth/auth.php/ HTTP/1.1" 200 64 "-" "-"
172.221.47.109 - - [04/Feb/2019:15:47:40 -0500] "POST /auth/download.php/ HTTP/1.1" 200 4579264 "-" "-"
172.221.47.109 - - [04/Feb/2019:15:47:46 -0500] "POST /auth/auth.php/ HTTP/1.1" 200 64 "-" "-"
172.221.47.109 - - [04/Feb/2019:15:47:46 -0500] "POST /auth/extensions.php/ HTTP/1.1" 200 704 "-" "-"
172.221.47.109 - - [04/Feb/2019:15:47:46 -0500] "POST /auth/lastlaunch.php/ HTTP/1.1" 200 44 "-" "-"
172.221.47.109 - - [04/Feb/2019:15:47:53 -0500] "POST /auth/download.php/ HTTP/1.1" 200 5136280 "-" "-"
3.81.36.240 - - [04/Feb/2019:15:57:22 -0500] "GET / HTTP/1.1" 200 130000 "http://paladin-extensions.com/" "Mozilla/5.0 (Macintosh; Intel Mac OS X 10_13_4) AppleWebKit/537.36 (KHTML, like Gecko) Chrome/65.0.3325.181 Safari/537.36"
172.221.47.109 - - [04/Feb/2019:16:02:54 -0500] "POST /auth/auth.php/ HTTP/1.1" 200 64 "-" "-"
172.221.47.109 - - [04/Feb/2019:16:02:55 -0500] "POST /auth/download.php/ HTTP/1.1" 200 4578796 "-" "-"
172.221.47.109 - - [04/Feb/2019:16:04:07 -0500] "POST /auth/auth.php/ HTTP/1.1" 200 64 "-" "-"
172.221.47.109 - - [04/Feb/2019:16:04:07 -0500] "POST /auth/download.php/ HTTP/1.1" 200 4578668 "-" "-"
172.221.47.109 - - [04/Feb/2019:16:04:13 -0500] "POST /auth/auth.php/ HTTP/1.1" 200 64 "-" "-"
172.221.47.109 - - [04/Feb/2019:16:04:13 -0500] "POST /auth/extensions.php/ HTTP/1.1" 200 704 "-" "-"
172.221.47.109 - - [04/Feb/2019:16:04:13 -0500] "POST /auth/lastlaunch.php/ HTTP/1.1" 200 44 "-" "-"
172.221.47.109 - - [04/Feb/2019:16:04:17 -0500] "POST /auth/download.php/ HTTP/1.1" 200 5135936 "-" "-"
66.249.79.193 - - [04/Feb/2019:16:04:53 -0500] "GET /extensions/featured HTTP/1.1" 404 9837 "-" "Mozilla/5.0 (compatible; Googlebot/2.1; +http://www.google.com/bot.html)"
172.221.47.109 - - [04/Feb/2019:16:06:47 -0500] "POST /auth/auth.php/ HTTP/1.1" 200 24 "-" "-"
172.221.47.109 - - [04/Feb/2019:16:07:06 -0500] "POST /auth/auth.php/ HTTP/1.1" 200 64 "-" "-"
172.221.47.109 - - [04/Feb/2019:16:07:06 -0500] "POST /auth/download.php/ HTTP/1.1" 200 4579180 "-" "-"
172.221.47.109 - - [04/Feb/2019:16:07:11 -0500] "POST /auth/auth.php/ HTTP/1.1" 200 64 "-" "-"
172.221.47.109 - - [04/Feb/2019:16:07:11 -0500] "POST /auth/extensions.php/ HTTP/1.1" 200 704 "-" "-"
172.221.47.109 - - [04/Feb/2019:16:07:12 -0500] "POST /auth/lastlaunch.php/ HTTP/1.1" 200 44 "-" "-"
172.221.47.109 - - [04/Feb/2019:16:07:13 -0500] "POST /auth/download.php/ HTTP/1.1" 200 5136728 "-" "-"
46.229.168.137 - - [04/Feb/2019:16:07:20 -0500] "GET /robots.txt HTTP/1.1" 404 58139 "-" "Mozilla/5.0 (compatible; SemrushBot/3~bl; +http://www.semrush.com/bot.html)"
46.229.168.154 - - [04/Feb/2019:16:07:20 -0500] "GET /members/zoom-zoom.28/ HTTP/1.1" 200 12672 "-" "Mozilla/5.0 (compatible; SemrushBot/3~bl; +http://www.semrush.com/bot.html)"
172.221.47.109 - - [04/Feb/2019:16:09:57 -0500] "POST /auth/auth.php/ HTTP/1.1" 200 64 "-" "-"
172.221.47.109 - - [04/Feb/2019:16:09:58 -0500] "POST /auth/download.php/ HTTP/1.1" 200 4480 "-" "-"
172.221.47.109 - - [04/Feb/2019:16:12:08 -0500] "GET / HTTP/1.1" 200 48450 "-" "Mozilla/5.0 (Windows NT 10.0; Win64; x64) AppleWebKit/537.36 (KHTML, like Gecko) Chrome/71.0.3578.98 Safari/537.36"
172.221.47.109 - - [04/Feb/2019:16:12:09 -0500] "GET /styles/uix_dark/fonts/icons/material-icons/css/materialdesignicons.min.css HTTP/1.1" 200 18636 "https://www.paladin-extensions.com/" "Mozilla/5.0 (Windows NT 10.0; Win64; x64) AppleWebKit/537.36 (KHTML, like Gecko) Chrome/71.0.3578.98 Safari/537.36"
172.221.47.109 - - [04/Feb/2019:16:12:09 -0500] "GET /styles/uix_dark/images/uix-logo.png HTTP/1.1" 200 109563 "https://www.paladin-extensions.com/" "Mozilla/5.0 (Windows NT 10.0; Win64; x64) AppleWebKit/537.36 (KHTML, like Gecko) Chrome/71.0.3578.98 Safari/537.36"
172.221.47.109 - - [04/Feb/2019:16:12:09 -0500] "GET /css.php?css=public%3Aandy_countdown.less%2Cpublic%3Aeditor.less%2Cpublic%3Alightbox.less%2Cpublic%3Anode_list.less%2Cpublic%3Asiropu_shoutbox.less%2Cpublic%3Ath_reactions.less%2Cpublic%3Ath_widget_post_thread_uix.less%2Cpublic%3Awidget_ah_discord.less%2Cpublic%3Aextra.less&s=8&l=1&d=1549226017&k=ec436b85afd8a5a199dc8d8d63a55ffd92837231 HTTP/1.1" 200 26587 "https://www.paladin-extensions.com/" "Mozilla/5.0 (Windows NT 10.0; Win64; x64) AppleWebKit/537.36 (KHTML, like Gecko) Chrome/71.0.3578.98 Safari/537.36"
172.221.47.109 - - [04/Feb/2019:16:12:09 -0500] "GET /styles/uix_dark/images/uix-brandmark.png HTTP/1.1" 200 112246 "https://www.paladin-extensions.com/" "Mozilla/5.0 (Windows NT 10.0; Win64; x64) AppleWebKit/537.36 (KHTML, like Gecko) Chrome/71.0.3578.98 Safari/537.36"
172.221.47.109 - - [04/Feb/2019:16:12:09 -0500] "GET /css.php?css=public%3Anormalize.css%2Cpublic%3Acore.less%2Cpublic%3Aapp.less&s=8&l=1&d=1549226017&k=edf6cfeed2b8b8213808b1692c79649ca17f77fa HTTP/1.1" 200 62092 "https://www.paladin-extensions.com/" "Mozilla/5.0 (Windows NT 10.0; Win64; x64) AppleWebKit/537.36 (KHTML, like Gecko) Chrome/71.0.3578.98 Safari/537.36"
172.221.47.109 - - [04/Feb/2019:16:12:09 -0500] "GET /data/avatars/s/0/25.jpg?1544675776 HTTP/1.1" 200 1570 "https://www.paladin-extensions.com/" "Mozilla/5.0 (Windows NT 10.0; Win64; x64) AppleWebKit/537.36 (KHTML, like Gecko) Chrome/71.0.3578.98 Safari/537.36"
172.221.47.109 - - [04/Feb/2019:16:12:09 -0500] "GET /data/avatars/s/0/1.jpg?1538028194 HTTP/1.1" 200 3345 "https://www.paladin-extensions.com/" "Mozilla/5.0 (Windows NT 10.0; Win64; x64) AppleWebKit/537.36 (KHTML, like Gecko) Chrome/71.0.3578.98 Safari/537.36"
172.221.47.109 - - [04/Feb/2019:16:12:09 -0500] "GET /data/avatars/s/0/2.jpg?1515800046 HTTP/1.1" 200 1696 "https://www.paladin-extensions.com/" "Mozilla/5.0 (Windows NT 10.0; Win64; x64) AppleWebKit/537.36 (KHTML, like Gecko) Chrome/71.0.3578.98 Safari/537.36"
172.221.47.109 - - [04/Feb/2019:16:12:09 -0500] "GET /data/avatars/s/0/4.jpg?1533106845 HTTP/1.1" 200 1596 "https://www.paladin-extensions.com/" "Mozilla/5.0 (Windows NT 10.0; Win64; x64) AppleWebKit/537.36 (KHTML, like Gecko) Chrome/71.0.3578.98 Safari/537.36"
172.221.47.109 - - [04/Feb/2019:16:12:09 -0500] "GET /data/avatars/s/0/8.jpg?1519456264 HTTP/1.1" 200 1973 "https://www.paladin-extensions.com/" "Mozilla/5.0 (Windows NT 10.0; Win64; x64) AppleWebKit/537.36 (KHTML, like Gecko) Chrome/71.0.3578.98 Safari/537.36"
172.221.47.109 - - [04/Feb/2019:16:12:09 -0500] "GET /data/avatars/s/0/12.jpg?1519321709 HTTP/1.1" 200 1785 "https://www.paladin-extensions.com/" "Mozilla/5.0 (Windows NT 10.0; Win64; x64) AppleWebKit/537.36 (KHTML, like Gecko) Chrome/71.0.3578.98 Safari/537.36"
172.221.47.109 - - [04/Feb/2019:16:12:09 -0500] "GET /data/avatars/s/0/15.jpg?1519322140 HTTP/1.1" 200 1416 "https://www.paladin-extensions.com/" "Mozilla/5.0 (Windows NT 10.0; Win64; x64) AppleWebKit/537.36 (KHTML, like Gecko) Chrome/71.0.3578.98 Safari/537.36"
172.221.47.109 - - [04/Feb/2019:16:12:09 -0500] "GET /data/avatars/s/0/26.jpg?1528514454 HTTP/1.1" 200 1722 "https://www.paladin-extensions.com/" "Mozilla/5.0 (Windows NT 10.0; Win64; x64) AppleWebKit/537.36 (KHTML, like Gecko) Chrome/71.0.3578.98 Safari/537.36"
172.221.47.109 - - [04/Feb/2019:16:12:09 -0500] "GET /styles/uix_dark/fonts/icons/material-icons/fonts/materialdesignicons-webfont.woff2?v=2.3.54 HTTP/1.1" 200 125384 "https://www.paladin-extensions.com/styles/uix_dark/fonts/icons/material-icons/css/materialdesignicons.min.css" "Mozilla/5.0 (Windows NT 10.0; Win64; x64) AppleWebKit/537.36 (KHTML, like Gecko) Chrome/71.0.3578.98 Safari/537.36"
172.221.47.109 - - [04/Feb/2019:16:12:09 -0500] "GET /data/avatars/s/0/32.jpg?1529285509 HTTP/1.1" 200 5274 "https://www.paladin-extensions.com/" "Mozilla/5.0 (Windows NT 10.0; Win64; x64) AppleWebKit/537.36 (KHTML, like Gecko) Chrome/71.0.3578.98 Safari/537.36"
172.221.47.109 - - [04/Feb/2019:16:12:09 -0500] "GET /styles/default/xenforo/smilies/emojione/sprite_sheet_emojione.png HTTP/1.1" 200 88702 "https://www.paladin-extensions.com/css.php?css=public%3Anormalize.css%2Cpublic%3Acore.less%2Cpublic%3Aapp.less&s=8&l=1&d=1549226017&k=edf6cfeed2b8b8213808b1692c79649ca17f77fa" "Mozilla/5.0 (Windows NT 10.0; Win64; x64) AppleWebKit/537.36 (KHTML, like Gecko) Chrome/71.0.3578.98 Safari/537.36"
172.221.47.109 - - [04/Feb/2019:16:12:09 -0500] "GET /proxy.php?image=https%3A%2F%2Fi.imgur.com%2Fr0tCHeM.png&hash=58dd2bbfaf81cbfcd2d3e7fbdd81cb6c HTTP/1.1" 200 14887 "https://www.paladin-extensions.com/" "Mozilla/5.0 (Windows NT 10.0; Win64; x64) AppleWebKit/537.36 (KHTML, like Gecko) Chrome/71.0.3578.98 Safari/537.36"
172.221.47.109 - - [04/Feb/2019:16:12:09 -0500] "GET /proxy.php?image=https%3A%2F%2Fcdn.discordapp.com%2Fattachments%2F492142646912090114%2F541561138089820160%2Fterrorists-win_c_7219146.jpg&hash=1eed8987ec3094e94b17f49a40baf31b HTTP/1.1" 200 121836 "https://www.paladin-extensions.com/" "Mozilla/5.0 (Windows NT 10.0; Win64; x64) AppleWebKit/537.36 (KHTML, like Gecko) Chrome/71.0.3578.98 Safari/537.36"
172.221.47.109 - - [04/Feb/2019:16:12:09 -0500] "GET /proxy.php?image=https%3A%2F%2Fcdn.discordapp.com%2Fattachments%2F492142646912090114%2F541561296529653771%2FScreenshot_20190117-213756.png&hash=ddadf05cc4a19fc2124ed236a94bed90 HTTP/1.1" 200 983975 "https://www.paladin-extensions.com/" "Mozilla/5.0 (Windows NT 10.0; Win64; x64) AppleWebKit/537.36 (KHTML, like Gecko) Chrome/71.0.3578.98 Safari/537.36"
172.221.47.109 - - [04/Feb/2019:16:12:09 -0500] "GET /proxy.php?image=https%3A%2F%2Fcdn.discordapp.com%2Fattachments%2F492142646912090114%2F541564546448621568%2Fimage0-25.jpg&hash=68e7dffefcc2c104ee655bdbab1e7916 HTTP/1.1" 200 538669 "https://www.paladin-extensions.com/" "Mozilla/5.0 (Windows NT 10.0; Win64; x64) AppleWebKit/537.36 (KHTML, like Gecko) Chrome/71.0.3578.98 Safari/537.36"
172.221.47.109 - - [04/Feb/2019:16:12:09 -0500] "GET /styles/uix_dark/images/favicon.png HTTP/1.1" 200 37099 "https://www.paladin-extensions.com/" "Mozilla/5.0 (Windows NT 10.0; Win64; x64) AppleWebKit/537.36 (KHTML, like Gecko) Chrome/71.0.3578.98 Safari/537.36"
172.221.47.109 - - [04/Feb/2019:16:12:09 -0500] "GET /proxy.php?image=https%3A%2F%2Fcdn.discordapp.com%2Fattachments%2F492142646912090114%2F541582337079771136%2FScreenshot_20190203-042443.png&hash=14482d93545848ba26942d682ad47b27 HTTP/1.1" 200 1732445 "https://www.paladin-extensions.com/" "Mozilla/5.0 (Windows NT 10.0; Win64; x64) AppleWebKit/537.36 (KHTML, like Gecko) Chrome/71.0.3578.98 Safari/537.36"
172.221.47.109 - - [04/Feb/2019:16:12:10 -0500] "GET /index.php?shoutbox/refresh&last_id=150&_xfRequestUri=%2F&_xfWithData=1&_xfToken=1549314728%2Caab55253f2aaaa636e3b1c956c7794ee&_xfResponseType=json HTTP/1.1" 200 119 "https://www.paladin-extensions.com/" "Mozilla/5.0 (Windows NT 10.0; Win64; x64) AppleWebKit/537.36 (KHTML, like Gecko) Chrome/71.0.3578.98 Safari/537.36"
172.221.47.109 - - [04/Feb/2019:16:12:11 -0500] "GET /index.php?shoutbox/refresh&last_id=150&_xfRequestUri=%2F&_xfWithData=1&_xfToken=1549314728%2Caab55253f2aaaa636e3b1c956c7794ee&_xfResponseType=json HTTP/1.1" 200 119 "https://www.paladin-extensions.com/" "Mozilla/5.0 (Windows NT 10.0; Win64; x64) AppleWebKit/537.36 (KHTML, like Gecko) Chrome/71.0.3578.98 Safari/537.36"
172.221.47.109 - - [04/Feb/2019:16:12:12 -0500] "GET /index.php?shoutbox/refresh&last_id=150&_xfRequestUri=%2F&_xfWithData=1&_xfToken=1549314728%2Caab55253f2aaaa636e3b1c956c7794ee&_xfResponseType=json HTTP/1.1" 200 119 "https://www.paladin-extensions.com/" "Mozilla/5.0 (Windows NT 10.0; Win64; x64) AppleWebKit/537.36 (KHTML, like Gecko) Chrome/71.0.3578.98 Safari/537.36"
172.221.47.109 - - [04/Feb/2019:16:12:13 -0500] "GET /index.php?shoutbox/refresh&last_id=150&_xfRequestUri=%2F&_xfWithData=1&_xfToken=1549314728%2Caab55253f2aaaa636e3b1c956c7794ee&_xfResponseType=json HTTP/1.1" 200 119 "https://www.paladin-extensions.com/" "Mozilla/5.0 (Windows NT 10.0; Win64; x64) AppleWebKit/537.36 (KHTML, like Gecko) Chrome/71.0.3578.98 Safari/537.36"
172.221.47.109 - - [04/Feb/2019:16:12:14 -0500] "GET /index.php?shoutbox/refresh&last_id=150&_xfRequestUri=%2F&_xfWithData=1&_xfToken=1549314728%2Caab55253f2aaaa636e3b1c956c7794ee&_xfResponseType=json HTTP/1.1" 200 119 "https://www.paladin-extensions.com/" "Mozilla/5.0 (Windows NT 10.0; Win64; x64) AppleWebKit/537.36 (KHTML, like Gecko) Chrome/71.0.3578.98 Safari/537.36"
172.221.47.109 - - [04/Feb/2019:16:12:15 -0500] "GET /index.php?shoutbox/refresh&last_id=150&_xfRequestUri=%2F&_xfWithData=1&_xfToken=1549314728%2Caab55253f2aaaa636e3b1c956c7794ee&_xfResponseType=json HTTP/1.1" 200 119 "https://www.paladin-extensions.com/" "Mozilla/5.0 (Windows NT 10.0; Win64; x64) AppleWebKit/537.36 (KHTML, like Gecko) Chrome/71.0.3578.98 Safari/537.36"
172.221.47.109 - - [04/Feb/2019:16:12:16 -0500] "GET /index.php?shoutbox/refresh&last_id=150&_xfRequestUri=%2F&_xfWithData=1&_xfToken=1549314728%2Caab55253f2aaaa636e3b1c956c7794ee&_xfResponseType=json HTTP/1.1" 200 119 "https://www.paladin-extensions.com/" "Mozilla/5.0 (Windows NT 10.0; Win64; x64) AppleWebKit/537.36 (KHTML, like Gecko) Chrome/71.0.3578.98 Safari/537.36"
172.221.47.109 - - [04/Feb/2019:16:12:17 -0500] "GET /index.php?shoutbox/refresh&last_id=150&_xfRequestUri=%2F&_xfWithData=1&_xfToken=1549314728%2Caab55253f2aaaa636e3b1c956c7794ee&_xfResponseType=json HTTP/1.1" 200 119 "https://www.paladin-extensions.com/" "Mozilla/5.0 (Windows NT 10.0; Win64; x64) AppleWebKit/537.36 (KHTML, like Gecko) Chrome/71.0.3578.98 Safari/537.36"
172.221.47.109 - - [04/Feb/2019:16:12:18 -0500] "GET /index.php?shoutbox/refresh&last_id=150&_xfRequestUri=%2F&_xfWithData=1&_xfToken=1549314728%2Caab55253f2aaaa636e3b1c956c7794ee&_xfResponseType=json HTTP/1.1" 200 119 "https://www.paladin-extensions.com/" "Mozilla/5.0 (Windows NT 10.0; Win64; x64) AppleWebKit/537.36 (KHTML, like Gecko) Chrome/71.0.3578.98 Safari/537.36"
172.221.47.109 - - [04/Feb/2019:16:12:19 -0500] "GET /threads/bug-reporting-px-csgo.60/ HTTP/1.1" 200 23097 "-" "Mozilla/5.0 (Windows NT 10.0; Win64; x64) AppleWebKit/537.36 (KHTML, like Gecko) Chrome/71.0.3578.98 Safari/537.36"
172.221.47.109 - - [04/Feb/2019:16:12:19 -0500] "GET /css.php?css=public%3Aaloph_op_ribbon_style.less%2Cpublic%3Aattachments.less%2Cpublic%3Aeditor.less%2Cpublic%3Akl_em_froala_image.less%2Cpublic%3Akl_em_froala_special_characters.less%2Cpublic%3Akl_em_froala_table.less%2Cpublic%3Alightbox.less%2Cpublic%3Amessage.less%2Cpublic%3Amessage_macros_steam.less%2Cpublic%3Ashare_controls.less%2Cpublic%3Ath_reactions.less%2Cpublic%3Aextra.less&s=8&l=1&d=1549226017&k=202d791956e8b826190cc53bbadefa4dbd632b4b HTTP/1.1" 200 31261 "https://www.paladin-extensions.com/threads/bug-reporting-px-csgo.60/" "Mozilla/5.0 (Windows NT 10.0; Win64; x64) AppleWebKit/537.36 (KHTML, like Gecko) Chrome/71.0.3578.98 Safari/537.36"
172.221.47.109 - - [04/Feb/2019:16:12:20 -0500] "GET /js/themehouse/reactions/react.js?_v=56a48e2b HTTP/1.1" 200 3499 "https://www.paladin-extensions.com/threads/bug-reporting-px-csgo.60/" "Mozilla/5.0 (Windows NT 10.0; Win64; x64) AppleWebKit/537.36 (KHTML, like Gecko) Chrome/71.0.3578.98 Safari/537.36"
172.221.47.109 - - [04/Feb/2019:16:12:20 -0500] "GET /js/editor-manager/hide-refresh.js?_v=56a48e2b HTTP/1.1" 200 385 "https://www.paladin-extensions.com/threads/bug-reporting-px-csgo.60/" "Mozilla/5.0 (Windows NT 10.0; Win64; x64) AppleWebKit/537.36 (KHTML, like Gecko) Chrome/71.0.3578.98 Safari/537.36"
172.221.47.109 - - [04/Feb/2019:16:12:20 -0500] "GET /js/editor-manager/base.min.js?_v=56a48e2b HTTP/1.1" 200 335 "https://www.paladin-extensions.com/threads/bug-reporting-px-csgo.60/" "Mozilla/5.0 (Windows NT 10.0; Win64; x64) AppleWebKit/537.36 (KHTML, like Gecko) Chrome/71.0.3578.98 Safari/537.36"
