162.213.41.93 - - [07/Dec/2018:04:33:55 -0500] "GET /styles/uix_dark/fonts/icons/material-icons/fonts/materialdesignicons-webfont.woff2?v=2.3.54 HTTP/1.1" 200 125384 "https://www.paladin-extensions.com/styles/uix_dark/fonts/icons/material-icons/css/materialdesignicons.min.css" "Mozilla/5.0 (Windows NT 6.1; Win64; x64; rv:63.0) Gecko/20100101 Firefox/63.0"
162.213.41.93 - - [07/Dec/2018:04:34:18 -0500] "GET /test.php HTTP/1.1" 200 24 "-" "Mozilla/5.0 (Windows NT 10.0; Win64; x64; rv:63.0) Gecko/20100101 Firefox/63.0"
24.251.180.38 - - [07/Dec/2018:04:35:14 -0500] "POST /admin.php?templates/account_upgrades.1717/save HTTP/1.1" 200 360 "https://www.paladin-extensions.com/admin.php?templates/account_upgrades.1717/edit&style_id=8" "Mozilla/5.0 (Windows NT 10.0; Win64; x64) AppleWebKit/537.36 (KHTML, like Gecko) Chrome/70.0.3538.110 Safari/537.36"
24.251.180.38 - - [07/Dec/2018:04:35:15 -0500] "GET /account/upgrades HTTP/1.1" 200 13180 "-" "Mozilla/5.0 (Windows NT 10.0; Win64; x64) AppleWebKit/537.36 (KHTML, like Gecko) Chrome/70.0.3538.110 Safari/537.36"
24.251.180.38 - - [07/Dec/2018:04:35:16 -0500] "GET /css.php?css=public%3Anormalize.css%2Cpublic%3Acore.less%2Cpublic%3Aapp.less&s=8&l=1&d=1544175314&k=56a8f8f98ae4201a1d95aad9f134c20bd812cfeb HTTP/1.1" 200 54163 "https://www.paladin-extensions.com/account/upgrades" "Mozilla/5.0 (Windows NT 10.0; Win64; x64) AppleWebKit/537.36 (KHTML, like Gecko) Chrome/70.0.3538.110 Safari/537.36"
51.15.61.222 - - [07/Dec/2018:04:35:27 -0500] "GET / HTTP/1.1" 301 - "https://www.paladin.rip/" "HetrixTools Uptime Monitoring Bot. https://hetrix.tools/uptime-monitoring-bot.html"
51.15.61.222 - - [07/Dec/2018:04:35:28 -0500] "GET / HTTP/1.1" 200 13500 "https://paladin-extensions.com/" "HetrixTools Uptime Monitoring Bot. https://hetrix.tools/uptime-monitoring-bot.html"
23.239.7.4 - - [07/Dec/2018:04:35:35 -0500] "GET / HTTP/1.1" 301 - "https://www.paladin.rip/" "HetrixTools Uptime Monitoring Bot. https://hetrix.tools/uptime-monitoring-bot.html"
23.239.7.4 - - [07/Dec/2018:04:35:36 -0500] "GET / HTTP/1.1" 200 13509 "https://paladin-extensions.com/" "HetrixTools Uptime Monitoring Bot. https://hetrix.tools/uptime-monitoring-bot.html"
162.213.41.93 - - [07/Dec/2018:04:35:55 -0500] "GET /favicon.ico HTTP/1.1" 404 38646 "-" "Mozilla/5.0 (Windows NT 10.0; Win64; x64; rv:63.0) Gecko/20100101 Firefox/63.0"
162.213.41.93 - - [07/Dec/2018:04:34:19 -0500] "GET /favicon.ico HTTP/1.1" 404 21386 "-" "Mozilla/5.0 (Windows NT 10.0; Win64; x64; rv:63.0) Gecko/20100101 Firefox/63.0"
52.23.120.125 - - [07/Dec/2018:04:36:05 -0500] "GET / HTTP/1.1" 301 - "https://www.paladin.rip/" "HetrixTools Uptime Monitoring Bot. https://hetrix.tools/uptime-monitoring-bot.html"
52.23.120.125 - - [07/Dec/2018:04:36:05 -0500] "GET / HTTP/1.1" 200 13505 "https://paladin-extensions.com/" "HetrixTools Uptime Monitoring Bot. https://hetrix.tools/uptime-monitoring-bot.html"
162.213.41.93 - - [07/Dec/2018:04:34:20 -0500] "GET /robots.txt HTTP/1.1" 404 38645 "-" "Mozilla/5.0 (Windows NT 10.0; Win64; x64; rv:63.0) Gecko/20100101 Firefox/63.0"
162.213.41.93 - - [07/Dec/2018:04:34:22 -0500] "GET /favicon.ico HTTP/1.1" 404 21386 "-" "Mozilla/5.0 (Windows NT 10.0; Win64; x64; rv:63.0) Gecko/20100101 Firefox/63.0"
162.213.41.93 - - [07/Dec/2018:04:34:23 -0500] "GET /favicon.ico HTTP/1.1" 404 21386 "-" "Mozilla/5.0 (Windows NT 10.0; Win64; x64; rv:63.0) Gecko/20100101 Firefox/63.0"
159.89.159.134 - - [07/Dec/2018:04:36:11 -0500] "GET / HTTP/1.1" 301 - "https://www.paladin.rip/" "HetrixTools Uptime Monitoring Bot. https://hetrix.tools/uptime-monitoring-bot.html"
159.89.159.134 - - [07/Dec/2018:04:36:11 -0500] "GET / HTTP/1.1" 200 13506 "https://paladin-extensions.com/" "HetrixTools Uptime Monitoring Bot. https://hetrix.tools/uptime-monitoring-bot.html"
51.15.61.222 - - [07/Dec/2018:04:35:11 -0500] "GET / HTTP/1.1" 301 - "https://www.paladin.rip/" "HetrixTools Uptime Monitoring Bot. https://hetrix.tools/uptime-monitoring-bot.html"
162.213.41.93 - - [07/Dec/2018:04:35:55 -0500] "GET /robots.txt HTTP/1.1" 404 38645 "-" "Mozilla/5.0 (Windows NT 10.0; Win64; x64; rv:63.0) Gecko/20100101 Firefox/63.0"
24.251.180.38 - - [07/Dec/2018:04:36:27 -0500] "GET /admin.php?user-groups/ HTTP/1.1" 200 8384 "https://www.paladin-extensions.com/admin.php?templates/account_upgrades.1717/edit&style_id=8" "Mozilla/5.0 (Windows NT 10.0; Win64; x64) AppleWebKit/537.36 (KHTML, like Gecko) Chrome/70.0.3538.110 Safari/537.36"
24.251.180.38 - - [07/Dec/2018:04:36:27 -0500] "GET /css.php?css=public%3Aextra.less&s=0&l=1&d=1544175314&k=fe6ce56901c5fea24d12bc200f15f2a0f53e2afc HTTP/1.1" 200 65 "https://www.paladin-extensions.com/admin.php?user-groups/" "Mozilla/5.0 (Windows NT 10.0; Win64; x64) AppleWebKit/537.36 (KHTML, like Gecko) Chrome/70.0.3538.110 Safari/537.36"
24.251.180.38 - - [07/Dec/2018:04:36:27 -0500] "GET /css.php?css=public%3Anormalize.css%2Cpublic%3Acore.less%2Cadmin%3Aapp.less&s=0&l=1&d=1544175314&k=70b79d3dcfe250a225cb76ad610c6941d61ef51c HTTP/1.1" 200 34067 "https://www.paladin-extensions.com/admin.php?user-groups/" "Mozilla/5.0 (Windows NT 10.0; Win64; x64) AppleWebKit/537.36 (KHTML, like Gecko) Chrome/70.0.3538.110 Safari/537.36"
24.251.180.38 - - [07/Dec/2018:04:36:28 -0500] "POST /job.php HTTP/1.1" 200 14 "https://www.paladin-extensions.com/admin.php?user-groups/" "Mozilla/5.0 (Windows NT 10.0; Win64; x64) AppleWebKit/537.36 (KHTML, like Gecko) Chrome/70.0.3538.110 Safari/537.36"
162.213.41.93 - - [07/Dec/2018:04:36:36 -0500] "GET /favicon.ico HTTP/1.1" 404 38644 "-" "Mozilla/5.0 (X11; Ubuntu; Linux x86_64; rv:63.0) Gecko/20100101 Firefox/63.0"
24.251.180.38 - - [07/Dec/2018:04:36:41 -0500] "GET /admin.php?user-upgrades/ HTTP/1.1" 200 10010 "https://www.paladin-extensions.com/admin.php?user-groups/" "Mozilla/5.0 (Windows NT 10.0; Win64; x64) AppleWebKit/537.36 (KHTML, like Gecko) Chrome/70.0.3538.110 Safari/537.36"
24.251.180.38 - - [07/Dec/2018:04:36:43 -0500] "GET /admin.php?user-upgrades/premium-pack.7/edit HTTP/1.1" 200 12167 "https://www.paladin-extensions.com/admin.php?user-upgrades/" "Mozilla/5.0 (Windows NT 10.0; Win64; x64) AppleWebKit/537.36 (KHTML, like Gecko) Chrome/70.0.3538.110 Safari/537.36"
95.179.139.97 - - [07/Dec/2018:04:36:19 -0500] "GET / HTTP/1.1" 301 - "https://www.paladin.rip/" "HetrixTools Uptime Monitoring Bot. https://hetrix.tools/uptime-monitoring-bot.html"
162.213.41.93 - - [07/Dec/2018:04:37:38 -0500] "GET /test.php HTTP/1.1" 200 24 "-" "Mozilla/5.0 (X11; Ubuntu; Linux x86_64; rv:62.0) Gecko/20100101 Firefox/62.0"
162.213.41.93 - - [07/Dec/2018:04:37:38 -0500] "GET /robots.txt HTTP/1.1" 404 38643 "-" "Mozilla/5.0 (X11; Ubuntu; Linux x86_64; rv:62.0) Gecko/20100101 Firefox/62.0"
162.213.41.93 - - [07/Dec/2018:04:37:38 -0500] "GET /robots.txt HTTP/1.1" 404 38643 "-" "Mozilla/5.0 (X11; Ubuntu; Linux x86_64; rv:62.0) Gecko/20100101 Firefox/62.0"
162.213.41.93 - - [07/Dec/2018:04:37:40 -0500] "GET / HTTP/1.1" 200 13510 "-" "Mozilla/5.0 (Windows NT 6.1; WOW64) AppleWebKit/537.36 (KHTML, like Gecko) Chrome/69.0.3497.100 Safari/537.36 OPR/56.0.3051.116"
162.213.41.93 - - [07/Dec/2018:04:37:41 -0500] "GET /css.php?css=public%3Anormalize.css%2Cpublic%3Acore.less%2Cpublic%3Aapp.less&s=8&l=1&d=1544175314&k=56a8f8f98ae4201a1d95aad9f134c20bd812cfeb HTTP/1.1" 200 54163 "https://www.paladin-extensions.com/" "Mozilla/5.0 (Windows NT 6.1; WOW64) AppleWebKit/537.36 (KHTML, like Gecko) Chrome/69.0.3497.100 Safari/537.36 OPR/56.0.3051.116"
162.213.41.93 - - [07/Dec/2018:04:37:41 -0500] "GET /css.php?css=public%3Aandy_countdown.less%2Cpublic%3Anode_list.less%2Cpublic%3Ath_widget_post_thread_uix.less%2Cpublic%3Auix_welcomeSection.less%2Cpublic%3Aextra.less&s=8&l=1&d=1544175314&k=d985b0940cc7aeb768cf0736f22a8641e7dc7f73 HTTP/1.1" 200 2765 "https://www.paladin-extensions.com/" "Mozilla/5.0 (Windows NT 6.1; WOW64) AppleWebKit/537.36 (KHTML, like Gecko) Chrome/69.0.3497.100 Safari/537.36 OPR/56.0.3051.116"
24.251.180.38 - - [07/Dec/2018:04:37:42 -0500] "GET /admin.php?templates/account_upgrades.1717/edit&style_id=8 HTTP/1.1" 200 10780 "https://www.paladin-extensions.com/admin.php?styles/paladin-extensions.8/templates&type=public" "Mozilla/5.0 (Windows NT 10.0; Win64; x64) AppleWebKit/537.36 (KHTML, like Gecko) Chrome/70.0.3538.110 Safari/537.36"
162.213.41.93 - - [07/Dec/2018:04:37:42 -0500] "GET /styles/uix_dark/images/favicon.png HTTP/1.1" 200 46879 "https://www.paladin-extensions.com/" "Mozilla/5.0 (Windows NT 6.1; WOW64) AppleWebKit/537.36 (KHTML, like Gecko) Chrome/69.0.3497.100 Safari/537.36 OPR/56.0.3051.116"
162.213.41.93 - - [07/Dec/2018:04:37:42 -0500] "POST /job.php HTTP/1.1" 200 14 "https://www.paladin-extensions.com/" "Mozilla/5.0 (Windows NT 6.1; WOW64) AppleWebKit/537.36 (KHTML, like Gecko) Chrome/69.0.3497.100 Safari/537.36 OPR/56.0.3051.116"
24.251.180.38 - - [07/Dec/2018:04:37:42 -0500] "GET /css.php?css=public%3Acode_editor.less%2Cpublic%3Aextra.less&s=0&l=1&d=1544175314&k=e6fab94341ba525a4d38ab366b26f4d933ac93f4 HTTP/1.1" 200 2524 "https://www.paladin-extensions.com/admin.php?templates/account_upgrades.1717/edit&style_id=8" "Mozilla/5.0 (Windows NT 10.0; Win64; x64) AppleWebKit/537.36 (KHTML, like Gecko) Chrome/70.0.3538.110 Safari/537.36"
24.251.180.38 - - [07/Dec/2018:04:37:42 -0500] "POST /job.php HTTP/1.1" 200 14 "https://www.paladin-extensions.com/admin.php?templates/account_upgrades.1717/edit&style_id=8" "Mozilla/5.0 (Windows NT 10.0; Win64; x64) AppleWebKit/537.36 (KHTML, like Gecko) Chrome/70.0.3538.110 Safari/537.36"
162.213.41.93 - - [07/Dec/2018:04:37:45 -0500] "GET /test.php HTTP/1.1" 200 24 "https://web.flock.com/hash_2_2_225/client_base/apps/group_conversation/index.html" "Mozilla/5.0 (X11; Ubuntu; Linux x86_64; rv:63.0) Gecko/20100101 Firefox/63.0"
24.251.180.38 - - [07/Dec/2018:04:37:45 -0500] "POST /admin.php?templates/account_upgrades.1717/save HTTP/1.1" 200 360 "https://www.paladin-extensions.com/admin.php?templates/account_upgrades.1717/edit&style_id=8" "Mozilla/5.0 (Windows NT 10.0; Win64; x64) AppleWebKit/537.36 (KHTML, like Gecko) Chrome/70.0.3538.110 Safari/537.36"
162.213.41.93 - - [07/Dec/2018:04:37:45 -0500] "GET /favicon.ico HTTP/1.1" 404 38644 "-" "Mozilla/5.0 (X11; Ubuntu; Linux x86_64; rv:63.0) Gecko/20100101 Firefox/63.0"
24.251.180.38 - - [07/Dec/2018:04:37:46 -0500] "GET /account/upgrades HTTP/1.1" 200 13191 "-" "Mozilla/5.0 (Windows NT 10.0; Win64; x64) AppleWebKit/537.36 (KHTML, like Gecko) Chrome/70.0.3538.110 Safari/537.36"
24.251.180.38 - - [07/Dec/2018:04:37:46 -0500] "GET /css.php?css=public%3Alightslider.less%2Cpublic%3Anotices.less%2Cpublic%3Aextra.less&s=8&l=1&d=1544175465&k=6ea7aea0c3194c1116858b7e7c5b0941398c6926 HTTP/1.1" 200 3014 "https://www.paladin-extensions.com/account/upgrades" "Mozilla/5.0 (Windows NT 10.0; Win64; x64) AppleWebKit/537.36 (KHTML, like Gecko) Chrome/70.0.3538.110 Safari/537.36"
162.213.41.93 - - [07/Dec/2018:04:37:46 -0500] "GET /test.php HTTP/1.1" 200 24 "https://web.flock.com/hash_2_2_225/client_base/apps/group_conversation/index.html" "Mozilla/5.0 (X11; Ubuntu; Linux x86_64; rv:63.0) Gecko/20100101 Firefox/63.0"
24.251.180.38 - - [07/Dec/2018:04:37:46 -0500] "GET /css.php?css=public%3Anormalize.css%2Cpublic%3Acore.less%2Cpublic%3Aapp.less&s=8&l=1&d=1544175465&k=56a8f8f98ae4201a1d95aad9f134c20bd812cfeb HTTP/1.1" 200 54163 "https://www.paladin-extensions.com/account/upgrades" "Mozilla/5.0 (Windows NT 10.0; Win64; x64) AppleWebKit/537.36 (KHTML, like Gecko) Chrome/70.0.3538.110 Safari/537.36"
162.213.41.93 - - [07/Dec/2018:04:37:47 -0500] "GET /favicon.ico HTTP/1.1" 404 38644 "-" "Mozilla/5.0 (X11; Ubuntu; Linux x86_64; rv:63.0) Gecko/20100101 Firefox/63.0"
24.251.180.38 - - [07/Dec/2018:04:37:47 -0500] "GET /styles/uix_dark/images/favicon.png HTTP/1.1" 200 46879 "https://www.paladin-extensions.com/account/upgrades" "Mozilla/5.0 (Windows NT 10.0; Win64; x64) AppleWebKit/537.36 (KHTML, like Gecko) Chrome/70.0.3538.110 Safari/537.36"
24.251.180.38 - - [07/Dec/2018:04:37:49 -0500] "GET /account/upgrades HTTP/1.1" 200 13189 "-" "Mozilla/5.0 (Windows NT 10.0; Win64; x64) AppleWebKit/537.36 (KHTML, like Gecko) Chrome/70.0.3538.110 Safari/537.36"
24.251.180.38 - - [07/Dec/2018:04:37:49 -0500] "GET /styles/uix_dark/images/favicon.png HTTP/1.1" 200 46879 "https://www.paladin-extensions.com/account/upgrades" "Mozilla/5.0 (Windows NT 10.0; Win64; x64) AppleWebKit/537.36 (KHTML, like Gecko) Chrome/70.0.3538.110 Safari/537.36"
162.213.41.93 - - [07/Dec/2018:04:37:53 -0500] "GET / HTTP/1.1" 200 13495 "-" "Mozilla/5.0 (Windows NT 6.1; WOW64) AppleWebKit/537.36 (KHTML, like Gecko) Chrome/69.0.3497.100 Safari/537.36 OPR/56.0.3051.116"
162.213.41.93 - - [07/Dec/2018:04:37:54 -0500] "GET /css.php?css=public%3Anormalize.css%2Cpublic%3Acore.less%2Cpublic%3Aapp.less&s=8&l=1&d=1544175465&k=56a8f8f98ae4201a1d95aad9f134c20bd812cfeb HTTP/1.1" 200 54163 "https://www.paladin-extensions.com/" "Mozilla/5.0 (Windows NT 6.1; WOW64) AppleWebKit/537.36 (KHTML, like Gecko) Chrome/69.0.3497.100 Safari/537.36 OPR/56.0.3051.116"
162.213.41.93 - - [07/Dec/2018:04:37:54 -0500] "GET /css.php?css=public%3Aandy_countdown.less%2Cpublic%3Anode_list.less%2Cpublic%3Ath_widget_post_thread_uix.less%2Cpublic%3Auix_welcomeSection.less%2Cpublic%3Aextra.less&s=8&l=1&d=1544175465&k=d985b0940cc7aeb768cf0736f22a8641e7dc7f73 HTTP/1.1" 200 2765 "https://www.paladin-extensions.com/" "Mozilla/5.0 (Windows NT 6.1; WOW64) AppleWebKit/537.36 (KHTML, like Gecko) Chrome/69.0.3497.100 Safari/537.36 OPR/56.0.3051.116"
162.213.41.93 - - [07/Dec/2018:04:37:54 -0500] "GET /styles/uix_dark/images/favicon.png HTTP/1.1" 200 46879 "https://www.paladin-extensions.com/" "Mozilla/5.0 (Windows NT 6.1; WOW64) AppleWebKit/537.36 (KHTML, like Gecko) Chrome/69.0.3497.100 Safari/537.36 OPR/56.0.3051.116"
162.213.41.93 - - [07/Dec/2018:04:38:00 -0500] "GET / HTTP/1.1" 200 13495 "-" "Mozilla/5.0 (Windows NT 6.1; Win64; x64) AppleWebKit/537.36 (KHTML, like Gecko) Chrome/70.0.3538.110 Safari/537.36"
162.213.41.93 - - [07/Dec/2018:04:38:01 -0500] "GET /js/xf/preamble-compiled.js?_v=69cb4042 HTTP/1.1" 200 7764 "https://www.paladin-extensions.com/" "Mozilla/5.0 (Windows NT 6.1; Win64; x64) AppleWebKit/537.36 (KHTML, like Gecko) Chrome/70.0.3538.110 Safari/537.36"
162.213.41.93 - - [07/Dec/2018:04:38:01 -0500] "GET /styles/uix_dark/fonts/icons/material-icons/css/materialdesignicons.min.css HTTP/1.1" 200 18636 "https://www.paladin-extensions.com/" "Mozilla/5.0 (Windows NT 6.1; Win64; x64) AppleWebKit/537.36 (KHTML, like Gecko) Chrome/70.0.3538.110 Safari/537.36"
162.213.41.93 - - [07/Dec/2018:04:38:01 -0500] "GET /styles/uix_dark/images/uix-logo.png HTTP/1.1" 200 135144 "https://www.paladin-extensions.com/" "Mozilla/5.0 (Windows NT 6.1; Win64; x64) AppleWebKit/537.36 (KHTML, like Gecko) Chrome/70.0.3538.110 Safari/537.36"
162.213.41.93 - - [07/Dec/2018:04:38:01 -0500] "GET /css.php?css=public%3Aandy_countdown.less%2Cpublic%3Anode_list.less%2Cpublic%3Ath_widget_post_thread_uix.less%2Cpublic%3Auix_welcomeSection.less%2Cpublic%3Aextra.less&s=8&l=1&d=1544175465&k=d985b0940cc7aeb768cf0736f22a8641e7dc7f73 HTTP/1.1" 200 2765 "https://www.paladin-extensions.com/" "Mozilla/5.0 (Windows NT 6.1; Win64; x64) AppleWebKit/537.36 (KHTML, like Gecko) Chrome/70.0.3538.110 Safari/537.36"
162.213.41.93 - - [07/Dec/2018:04:38:01 -0500] "GET /css.php?css=public%3Anormalize.css%2Cpublic%3Acore.less%2Cpublic%3Aapp.less&s=8&l=1&d=1544175465&k=56a8f8f98ae4201a1d95aad9f134c20bd812cfeb HTTP/1.1" 200 54163 "https://www.paladin-extensions.com/" "Mozilla/5.0 (Windows NT 6.1; Win64; x64) AppleWebKit/537.36 (KHTML, like Gecko) Chrome/70.0.3538.110 Safari/537.36"
162.213.41.93 - - [07/Dec/2018:04:38:01 -0500] "GET /js/xf/countdown.js HTTP/1.1" 200 18450 "https://www.paladin-extensions.com/" "Mozilla/5.0 (Windows NT 6.1; Win64; x64) AppleWebKit/537.36 (KHTML, like Gecko) Chrome/70.0.3538.110 Safari/537.36"
162.213.41.93 - - [07/Dec/2018:04:38:02 -0500] "GET /js/themehouse/uix_dark/ripple.min.js?_v=69cb4042 HTTP/1.1" 200 692 "https://www.paladin-extensions.com/" "Mozilla/5.0 (Windows NT 6.1; Win64; x64) AppleWebKit/537.36 (KHTML, like Gecko) Chrome/70.0.3538.110 Safari/537.36"
162.213.41.93 - - [07/Dec/2018:04:38:02 -0500] "GET /js/vendor/vendor-compiled.js?_v=69cb4042 HTTP/1.1" 200 17905 "https://www.paladin-extensions.com/" "Mozilla/5.0 (Windows NT 6.1; Win64; x64) AppleWebKit/537.36 (KHTML, like Gecko) Chrome/70.0.3538.110 Safari/537.36"
162.213.41.93 - - [07/Dec/2018:04:38:02 -0500] "GET /js/themehouse/global/20180112.min.js?_v=69cb4042 HTTP/1.1" 200 3938 "https://www.paladin-extensions.com/" "Mozilla/5.0 (Windows NT 6.1; Win64; x64) AppleWebKit/537.36 (KHTML, like Gecko) Chrome/70.0.3538.110 Safari/537.36"
162.213.41.93 - - [07/Dec/2018:04:38:02 -0500] "GET /data/avatars/s/0/12.jpg?1519321709 HTTP/1.1" 200 1785 "https://www.paladin-extensions.com/" "Mozilla/5.0 (Windows NT 6.1; Win64; x64) AppleWebKit/537.36 (KHTML, like Gecko) Chrome/70.0.3538.110 Safari/537.36"
162.213.41.93 - - [07/Dec/2018:04:38:02 -0500] "GET /styles/uix_dark/images/welcome-banner.png HTTP/1.1" 200 78598 "https://www.paladin-extensions.com/css.php?css=public%3Aandy_countdown.less%2Cpublic%3Anode_list.less%2Cpublic%3Ath_widget_post_thread_uix.less%2Cpublic%3Auix_welcomeSection.less%2Cpublic%3Aextra.less&s=8&l=1&d=1544175465&k=d985b0940cc7aeb768cf0736f22a8641e7dc7f73" "Mozilla/5.0 (Windows NT 6.1; Win64; x64) AppleWebKit/537.36 (KHTML, like Gecko) Chrome/70.0.3538.110 Safari/537.36"
162.213.41.93 - - [07/Dec/2018:04:38:02 -0500] "GET /js/xf/core-compiled.js?_v=69cb4042 HTTP/1.1" 200 46841 "https://www.paladin-extensions.com/" "Mozilla/5.0 (Windows NT 6.1; Win64; x64) AppleWebKit/537.36 (KHTML, like Gecko) Chrome/70.0.3538.110 Safari/537.36"
162.213.41.93 - - [07/Dec/2018:04:38:02 -0500] "GET /styles/uix_dark/images/uix-brandmark.png HTTP/1.1" 200 139974 "https://www.paladin-extensions.com/" "Mozilla/5.0 (Windows NT 6.1; Win64; x64) AppleWebKit/537.36 (KHTML, like Gecko) Chrome/70.0.3538.110 Safari/537.36"
162.213.41.93 - - [07/Dec/2018:04:38:02 -0500] "GET /data/avatars/s/0/1.jpg?1538028194 HTTP/1.1" 200 3345 "https://www.paladin-extensions.com/" "Mozilla/5.0 (Windows NT 6.1; Win64; x64) AppleWebKit/537.36 (KHTML, like Gecko) Chrome/70.0.3538.110 Safari/537.36"
162.213.41.93 - - [07/Dec/2018:04:38:02 -0500] "GET /js/themehouse/uix_dark/index.min.js?_v=69cb4042 HTTP/1.1" 200 2382 "https://www.paladin-extensions.com/" "Mozilla/5.0 (Windows NT 6.1; Win64; x64) AppleWebKit/537.36 (KHTML, like Gecko) Chrome/70.0.3538.110 Safari/537.36"
162.213.41.93 - - [07/Dec/2018:04:38:02 -0500] "GET /js/themehouse/uix_dark/defer.min.js?_v=69cb4042 HTTP/1.1" 200 5041 "https://www.paladin-extensions.com/" "Mozilla/5.0 (Windows NT 6.1; Win64; x64) AppleWebKit/537.36 (KHTML, like Gecko) Chrome/70.0.3538.110 Safari/537.36"
162.213.41.93 - - [07/Dec/2018:04:38:02 -0500] "GET /styles/uix_dark/fonts/icons/material-icons/fonts/materialdesignicons-webfont.woff2?v=2.3.54 HTTP/1.1" 200 125384 "https://www.paladin-extensions.com/styles/uix_dark/fonts/icons/material-icons/css/materialdesignicons.min.css" "Mozilla/5.0 (Windows NT 6.1; Win64; x64) AppleWebKit/537.36 (KHTML, like Gecko) Chrome/70.0.3538.110 Safari/537.36"
96.126.106.201 - - [07/Dec/2018:04:38:08 -0500] "GET / HTTP/1.1" 301 - "https://www.paladin.rip/" "HetrixTools Uptime Monitoring Bot. https://hetrix.tools/uptime-monitoring-bot.html"
96.126.106.201 - - [07/Dec/2018:04:38:09 -0500] "GET / HTTP/1.1" 200 13496 "https://paladin-extensions.com/" "HetrixTools Uptime Monitoring Bot. https://hetrix.tools/uptime-monitoring-bot.html"
96.126.106.201 - - [07/Dec/2018:04:38:10 -0500] "GET / HTTP/1.1" 301 - "https://www.paladin.rip/" "HetrixTools Uptime Monitoring Bot. https://hetrix.tools/uptime-monitoring-bot.html"
96.126.106.201 - - [07/Dec/2018:04:38:10 -0500] "GET / HTTP/1.1" 200 13533 "https://paladin-extensions.com/" "HetrixTools Uptime Monitoring Bot. https://hetrix.tools/uptime-monitoring-bot.html"
96.126.106.201 - - [07/Dec/2018:04:38:11 -0500] "GET / HTTP/1.1" 301 - "https://www.paladin.rip/" "HetrixTools Uptime Monitoring Bot. https://hetrix.tools/uptime-monitoring-bot.html"
96.126.106.201 - - [07/Dec/2018:04:38:12 -0500] "GET / HTTP/1.1" 200 13499 "https://paladin-extensions.com/" "HetrixTools Uptime Monitoring Bot. https://hetrix.tools/uptime-monitoring-bot.html"
149.28.212.239 - - [07/Dec/2018:04:38:16 -0500] "GET / HTTP/1.1" 301 - "https://www.paladin.rip/" "HetrixTools Uptime Monitoring Bot. https://hetrix.tools/uptime-monitoring-bot.html"
149.28.212.239 - - [07/Dec/2018:04:38:16 -0500] "GET / HTTP/1.1" 200 13498 "https://paladin-extensions.com/" "HetrixTools Uptime Monitoring Bot. https://hetrix.tools/uptime-monitoring-bot.html"
149.28.212.239 - - [07/Dec/2018:04:38:17 -0500] "GET / HTTP/1.1" 301 - "https://www.paladin.rip/" "HetrixTools Uptime Monitoring Bot. https://hetrix.tools/uptime-monitoring-bot.html"
149.28.212.239 - - [07/Dec/2018:04:38:17 -0500] "GET / HTTP/1.1" 200 13497 "https://paladin-extensions.com/" "HetrixTools Uptime Monitoring Bot. https://hetrix.tools/uptime-monitoring-bot.html"
149.28.212.239 - - [07/Dec/2018:04:38:17 -0500] "GET / HTTP/1.1" 301 - "https://www.paladin.rip/" "HetrixTools Uptime Monitoring Bot. https://hetrix.tools/uptime-monitoring-bot.html"
149.28.212.239 - - [07/Dec/2018:04:38:18 -0500] "GET / HTTP/1.1" 200 13497 "https://paladin-extensions.com/" "HetrixTools Uptime Monitoring Bot. https://hetrix.tools/uptime-monitoring-bot.html"
51.15.61.222 - - [07/Dec/2018:04:38:19 -0500] "GET / HTTP/1.1" 301 - "https://www.paladin.rip/" "HetrixTools Uptime Monitoring Bot. https://hetrix.tools/uptime-monitoring-bot.html"
51.15.61.222 - - [07/Dec/2018:04:38:20 -0500] "GET / HTTP/1.1" 200 13496 "https://paladin-extensions.com/" "HetrixTools Uptime Monitoring Bot. https://hetrix.tools/uptime-monitoring-bot.html"
51.15.61.222 - - [07/Dec/2018:04:38:21 -0500] "GET / HTTP/1.1" 301 - "https://www.paladin.rip/" "HetrixTools Uptime Monitoring Bot. https://hetrix.tools/uptime-monitoring-bot.html"
51.15.61.222 - - [07/Dec/2018:04:38:22 -0500] "GET / HTTP/1.1" 200 13495 "https://paladin-extensions.com/" "HetrixTools Uptime Monitoring Bot. https://hetrix.tools/uptime-monitoring-bot.html"
51.15.61.222 - - [07/Dec/2018:04:38:23 -0500] "GET / HTTP/1.1" 301 - "https://www.paladin.rip/" "HetrixTools Uptime Monitoring Bot. https://hetrix.tools/uptime-monitoring-bot.html"
51.15.61.222 - - [07/Dec/2018:04:38:24 -0500] "GET / HTTP/1.1" 200 13500 "https://paladin-extensions.com/" "HetrixTools Uptime Monitoring Bot. https://hetrix.tools/uptime-monitoring-bot.html"
162.213.41.93 - - [07/Dec/2018:04:38:27 -0500] "GET /test.php HTTP/1.1" 200 24 "-" "Mozilla/5.0 (Windows NT 6.1; Win64; x64) AppleWebKit/537.36 (KHTML, like Gecko) Chrome/70.0.3538.110 Safari/537.36"
162.213.41.93 - - [07/Dec/2018:04:38:29 -0500] "GET / HTTP/1.1" 200 13495 "-" "Mozilla/5.0 (Windows NT 6.1; Win64; x64) AppleWebKit/537.36 (KHTML, like Gecko) Chrome/70.0.3538.110 Safari/537.36"
162.213.41.93 - - [07/Dec/2018:04:38:29 -0500] "GET /styles/uix_dark/fonts/icons/material-icons/css/materialdesignicons.min.css HTTP/1.1" 200 18636 "https://www.paladin-extensions.com/" "Mozilla/5.0 (Windows NT 6.1; Win64; x64) AppleWebKit/537.36 (KHTML, like Gecko) Chrome/70.0.3538.110 Safari/537.36"
162.213.41.93 - - [07/Dec/2018:04:38:29 -0500] "GET /css.php?css=public%3Aandy_countdown.less%2Cpublic%3Anode_list.less%2Cpublic%3Ath_widget_post_thread_uix.less%2Cpublic%3Auix_welcomeSection.less%2Cpublic%3Aextra.less&s=8&l=1&d=1544175465&k=d985b0940cc7aeb768cf0736f22a8641e7dc7f73 HTTP/1.1" 200 2765 "https://www.paladin-extensions.com/" "Mozilla/5.0 (Windows NT 6.1; Win64; x64) AppleWebKit/537.36 (KHTML, like Gecko) Chrome/70.0.3538.110 Safari/537.36"
162.213.41.93 - - [07/Dec/2018:04:38:29 -0500] "GET /css.php?css=public%3Anormalize.css%2Cpublic%3Acore.less%2Cpublic%3Aapp.less&s=8&l=1&d=1544175465&k=56a8f8f98ae4201a1d95aad9f134c20bd812cfeb HTTP/1.1" 200 54163 "https://www.paladin-extensions.com/" "Mozilla/5.0 (Windows NT 6.1; Win64; x64) AppleWebKit/537.36 (KHTML, like Gecko) Chrome/70.0.3538.110 Safari/537.36"
162.213.41.93 - - [07/Dec/2018:04:38:30 -0500] "GET /styles/uix_dark/fonts/icons/material-icons/fonts/materialdesignicons-webfont.woff2?v=2.3.54 HTTP/1.1" 200 125384 "https://www.paladin-extensions.com/styles/uix_dark/fonts/icons/material-icons/css/materialdesignicons.min.css" "Mozilla/5.0 (Windows NT 6.1; Win64; x64) AppleWebKit/537.36 (KHTML, like Gecko) Chrome/70.0.3538.110 Safari/537.36"
162.213.41.93 - - [07/Dec/2018:04:38:31 -0500] "GET /styles/uix_dark/images/favicon.png HTTP/1.1" 200 46879 "https://www.paladin-extensions.com/" "Mozilla/5.0 (Windows NT 6.1; Win64; x64) AppleWebKit/537.36 (KHTML, like Gecko) Chrome/70.0.3538.110 Safari/537.36"
24.251.180.38 - - [07/Dec/2018:04:38:35 -0500] "GET /account/visitor-menu?_xfRequestUri=%2Faccount%2Fupgrades&_xfWithData=1&_xfToken=1544175469%2C4c982e8406f3e5673fb454124e9dc455&_xfResponseType=json HTTP/1.1" 200 4218 "https://www.paladin-extensions.com/account/upgrades" "Mozilla/5.0 (Windows NT 10.0; Win64; x64) AppleWebKit/537.36 (KHTML, like Gecko) Chrome/70.0.3538.110 Safari/537.36"
24.251.180.38 - - [07/Dec/2018:04:38:35 -0500] "GET /css.php?css=public:th_reactions.less&s=8&l=1&d=1544175465 HTTP/1.1" 200 9709 "https://www.paladin-extensions.com/account/upgrades" "Mozilla/5.0 (Windows NT 10.0; Win64; x64) AppleWebKit/537.36 (KHTML, like Gecko) Chrome/70.0.3538.110 Safari/537.36"
24.251.180.38 - - [07/Dec/2018:04:38:37 -0500] "GET /logout/?t=1544175515%2C1fded788a0dc70119dfa7bffeb2fb7e2 HTTP/1.1" 303 - "https://www.paladin-extensions.com/account/upgrades" "Mozilla/5.0 (Windows NT 10.0; Win64; x64) AppleWebKit/537.36 (KHTML, like Gecko) Chrome/70.0.3538.110 Safari/537.36"
24.251.180.38 - - [07/Dec/2018:04:38:37 -0500] "GET / HTTP/1.1" 200 13497 "https://www.paladin-extensions.com/account/upgrades" "Mozilla/5.0 (Windows NT 10.0; Win64; x64) AppleWebKit/537.36 (KHTML, like Gecko) Chrome/70.0.3538.110 Safari/537.36"
24.251.180.38 - - [07/Dec/2018:04:38:37 -0500] "GET /css.php?css=public%3Aandy_countdown.less%2Cpublic%3Anode_list.less%2Cpublic%3Ath_widget_post_thread_uix.less%2Cpublic%3Auix_welcomeSection.less%2Cpublic%3Aextra.less&s=8&l=1&d=1544175465&k=d985b0940cc7aeb768cf0736f22a8641e7dc7f73 HTTP/1.1" 200 2765 "https://www.paladin-extensions.com/" "Mozilla/5.0 (Windows NT 10.0; Win64; x64) AppleWebKit/537.36 (KHTML, like Gecko) Chrome/70.0.3538.110 Safari/537.36"
24.251.180.38 - - [07/Dec/2018:04:38:37 -0500] "GET /styles/uix_dark/images/welcome-banner.png HTTP/1.1" 200 78598 "https://www.paladin-extensions.com/css.php?css=public%3Aandy_countdown.less%2Cpublic%3Anode_list.less%2Cpublic%3Ath_widget_post_thread_uix.less%2Cpublic%3Auix_welcomeSection.less%2Cpublic%3Aextra.less&s=8&l=1&d=1544175465&k=d985b0940cc7aeb768cf0736f22a8641e7dc7f73" "Mozilla/5.0 (Windows NT 10.0; Win64; x64) AppleWebKit/537.36 (KHTML, like Gecko) Chrome/70.0.3538.110 Safari/537.36"
24.251.180.38 - - [07/Dec/2018:04:38:38 -0500] "GET /login/?_xfRequestUri=%2F&_xfWithData=1&_xfToken=1544175517%2Ccbb4cc18f867bfc55862f733190afe25&_xfResponseType=json HTTP/1.1" 200 2876 "https://www.paladin-extensions.com/" "Mozilla/5.0 (Windows NT 10.0; Win64; x64) AppleWebKit/537.36 (KHTML, like Gecko) Chrome/70.0.3538.110 Safari/537.36"
24.251.180.38 - - [07/Dec/2018:04:38:38 -0500] "GET /js/xf/login_signup.min.js?_v=69cb4042 HTTP/1.1" 200 1927 "https://www.paladin-extensions.com/" "Mozilla/5.0 (Windows NT 10.0; Win64; x64) AppleWebKit/537.36 (KHTML, like Gecko) Chrome/70.0.3538.110 Safari/537.36"
24.251.180.38 - - [07/Dec/2018:04:38:39 -0500] "POST /login/login HTTP/1.1" 303 - "https://www.paladin-extensions.com/" "Mozilla/5.0 (Windows NT 10.0; Win64; x64) AppleWebKit/537.36 (KHTML, like Gecko) Chrome/70.0.3538.110 Safari/537.36"
24.251.180.38 - - [07/Dec/2018:04:38:39 -0500] "GET / HTTP/1.1" 200 24967 "https://www.paladin-extensions.com/" "Mozilla/5.0 (Windows NT 10.0; Win64; x64) AppleWebKit/537.36 (KHTML, like Gecko) Chrome/70.0.3538.110 Safari/537.36"
24.251.180.38 - - [07/Dec/2018:04:38:39 -0500] "GET /proxy.php?image=https%3A%2F%2Fi.imgur.com%2Fr0tCHeM.png&hash=a03d2b5f8380cd2ff938cef4f2dadcec HTTP/1.1" 304 - "https://www.paladin-extensions.com/" "Mozilla/5.0 (Windows NT 10.0; Win64; x64) AppleWebKit/537.36 (KHTML, like Gecko) Chrome/70.0.3538.110 Safari/537.36"
24.251.180.38 - - [07/Dec/2018:04:38:39 -0500] "GET /css.php?css=public%3Aandy_countdown.less%2Cpublic%3Alightbox.less%2Cpublic%3Anode_list.less%2Cpublic%3Asiropu_shoutbox.less%2Cpublic%3Ath_reactions.less%2Cpublic%3Ath_widget_post_thread_uix.less%2Cpublic%3Aextra.less&s=8&l=1&d=1544175465&k=b19c0990550e46e3b7f8bee562a1ad3152b6c340 HTTP/1.1" 200 17042 "https://www.paladin-extensions.com/" "Mozilla/5.0 (Windows NT 10.0; Win64; x64) AppleWebKit/537.36 (KHTML, like Gecko) Chrome/70.0.3538.110 Safari/537.36"
24.251.180.38 - - [07/Dec/2018:04:38:40 -0500] "GET /account/upgrades HTTP/1.1" 200 13234 "https://www.paladin-extensions.com/" "Mozilla/5.0 (Windows NT 10.0; Win64; x64) AppleWebKit/537.36 (KHTML, like Gecko) Chrome/70.0.3538.110 Safari/537.36"
24.251.180.38 - - [07/Dec/2018:04:38:41 -0500] "GET /admin.php HTTP/1.1" 200 2516 "https://www.paladin-extensions.com/account/upgrades" "Mozilla/5.0 (Windows NT 10.0; Win64; x64) AppleWebKit/537.36 (KHTML, like Gecko) Chrome/70.0.3538.110 Safari/537.36"
24.251.180.38 - - [07/Dec/2018:04:38:42 -0500] "GET /css.php?css=public%3Aextra.less&s=0&l=1&d=1544175465&k=fe6ce56901c5fea24d12bc200f15f2a0f53e2afc HTTP/1.1" 200 65 "https://www.paladin-extensions.com/admin.php" "Mozilla/5.0 (Windows NT 10.0; Win64; x64) AppleWebKit/537.36 (KHTML, like Gecko) Chrome/70.0.3538.110 Safari/537.36"
24.251.180.38 - - [07/Dec/2018:04:38:42 -0500] "GET /css.php?css=public%3Anormalize.css%2Cpublic%3Acore.less%2Cadmin%3Aapp.less&s=0&l=1&d=1544175465&k=70b79d3dcfe250a225cb76ad610c6941d61ef51c HTTP/1.1" 200 34067 "https://www.paladin-extensions.com/admin.php" "Mozilla/5.0 (Windows NT 10.0; Win64; x64) AppleWebKit/537.36 (KHTML, like Gecko) Chrome/70.0.3538.110 Safari/537.36"
24.251.180.38 - - [07/Dec/2018:04:38:44 -0500] "POST /admin.php?login/login HTTP/1.1" 200 167 "https://www.paladin-extensions.com/admin.php" "Mozilla/5.0 (Windows NT 10.0; Win64; x64) AppleWebKit/537.36 (KHTML, like Gecko) Chrome/70.0.3538.110 Safari/537.36"
24.251.180.38 - - [07/Dec/2018:04:38:44 -0500] "GET /admin.php HTTP/1.1" 200 15751 "https://www.paladin-extensions.com/admin.php" "Mozilla/5.0 (Windows NT 10.0; Win64; x64) AppleWebKit/537.36 (KHTML, like Gecko) Chrome/70.0.3538.110 Safari/537.36"
24.251.180.38 - - [07/Dec/2018:04:38:44 -0500] "GET /admin.php?add-ons/ahDiscordWidget/icon HTTP/1.1" 200 9679 "https://www.paladin-extensions.com/admin.php" "Mozilla/5.0 (Windows NT 10.0; Win64; x64) AppleWebKit/537.36 (KHTML, like Gecko) Chrome/70.0.3538.110 Safari/537.36"
24.251.180.38 - - [07/Dec/2018:04:38:44 -0500] "GET /admin.php?add-ons/KL-AutoMergeDoublePost/icon HTTP/1.1" 200 85028 "https://www.paladin-extensions.com/admin.php" "Mozilla/5.0 (Windows NT 10.0; Win64; x64) AppleWebKit/537.36 (KHTML, like Gecko) Chrome/70.0.3538.110 Safari/537.36"
24.251.180.38 - - [07/Dec/2018:04:38:44 -0500] "GET /css.php?css=admin%3Aaddon_list.less%2Cadmin%3Aandy_admin_notes.less%2Cadmin%3Astats.less%2Cpublic%3Achartist.css%2Cpublic%3Aextra.less&s=0&l=1&d=1544175465&k=0a5712f5b9bcf0ae15760d8b5c6dc2591cd12082 HTTP/1.1" 200 2552 "https://www.paladin-extensions.com/admin.php" "Mozilla/5.0 (Windows NT 10.0; Win64; x64) AppleWebKit/537.36 (KHTML, like Gecko) Chrome/70.0.3538.110 Safari/537.36"
24.251.180.38 - - [07/Dec/2018:04:38:45 -0500] "GET /admin.php?add-ons/ThemeHouse-Bookmarks/icon HTTP/1.1" 200 7188 "https://www.paladin-extensions.com/admin.php" "Mozilla/5.0 (Windows NT 10.0; Win64; x64) AppleWebKit/537.36 (KHTML, like Gecko) Chrome/70.0.3538.110 Safari/537.36"
24.251.180.38 - - [07/Dec/2018:04:38:45 -0500] "GET /admin.php?add-ons/ThemeHouse-Reactions/icon HTTP/1.1" 200 12988 "https://www.paladin-extensions.com/admin.php" "Mozilla/5.0 (Windows NT 10.0; Win64; x64) AppleWebKit/537.36 (KHTML, like Gecko) Chrome/70.0.3538.110 Safari/537.36"
24.251.180.38 - - [07/Dec/2018:04:38:45 -0500] "GET /admin.php?add-ons/Andy-EmailLog/icon HTTP/1.1" 200 3399 "https://www.paladin-extensions.com/admin.php" "Mozilla/5.0 (Windows NT 10.0; Win64; x64) AppleWebKit/537.36 (KHTML, like Gecko) Chrome/70.0.3538.110 Safari/537.36"
24.251.180.38 - - [07/Dec/2018:04:38:45 -0500] "GET /admin.php?add-ons/Andy-MemberNotes/icon HTTP/1.1" 200 3936 "https://www.paladin-extensions.com/admin.php" "Mozilla/5.0 (Windows NT 10.0; Win64; x64) AppleWebKit/537.36 (KHTML, like Gecko) Chrome/70.0.3538.110 Safari/537.36"
24.251.180.38 - - [07/Dec/2018:04:38:45 -0500] "GET /admin.php?add-ons/Andy-AdminNotes/icon HTTP/1.1" 200 3937 "https://www.paladin-extensions.com/admin.php" "Mozilla/5.0 (Windows NT 10.0; Win64; x64) AppleWebKit/537.36 (KHTML, like Gecko) Chrome/70.0.3538.110 Safari/537.36"
24.251.180.38 - - [07/Dec/2018:04:38:45 -0500] "GET /admin.php?add-ons/XenConcept-WarningLogs/icon HTTP/1.1" 200 27385 "https://www.paladin-extensions.com/admin.php" "Mozilla/5.0 (Windows NT 10.0; Win64; x64) AppleWebKit/537.36 (KHTML, like Gecko) Chrome/70.0.3538.110 Safari/537.36"
24.251.180.38 - - [07/Dec/2018:04:38:45 -0500] "GET /admin.php?add-ons/ThemeHouse-UIX/icon HTTP/1.1" 200 7593 "https://www.paladin-extensions.com/admin.php" "Mozilla/5.0 (Windows NT 10.0; Win64; x64) AppleWebKit/537.36 (KHTML, like Gecko) Chrome/70.0.3538.110 Safari/537.36"
24.251.180.38 - - [07/Dec/2018:04:38:45 -0500] "GET /admin.php?add-ons/Andy-ConversationView/icon HTTP/1.1" 200 3440 "https://www.paladin-extensions.com/admin.php" "Mozilla/5.0 (Windows NT 10.0; Win64; x64) AppleWebKit/537.36 (KHTML, like Gecko) Chrome/70.0.3538.110 Safari/537.36"
24.251.180.38 - - [07/Dec/2018:04:38:45 -0500] "GET /admin.php?add-ons/Andy-SimilarThreads/icon HTTP/1.1" 200 2891 "https://www.paladin-extensions.com/admin.php" "Mozilla/5.0 (Windows NT 10.0; Win64; x64) AppleWebKit/537.36 (KHTML, like Gecko) Chrome/70.0.3538.110 Safari/537.36"
24.251.180.38 - - [07/Dec/2018:04:38:45 -0500] "GET /admin.php?add-ons/XenConcept-LoginAsUser/icon HTTP/1.1" 200 27226 "https://www.paladin-extensions.com/admin.php" "Mozilla/5.0 (Windows NT 10.0; Win64; x64) AppleWebKit/537.36 (KHTML, like Gecko) Chrome/70.0.3538.110 Safari/537.36"
24.251.180.38 - - [07/Dec/2018:04:38:45 -0500] "GET /admin.php?add-ons/Andy-DeletePosts/icon HTTP/1.1" 200 3349 "https://www.paladin-extensions.com/admin.php" "Mozilla/5.0 (Windows NT 10.0; Win64; x64) AppleWebKit/537.36 (KHTML, like Gecko) Chrome/70.0.3538.110 Safari/537.36"
24.251.180.38 - - [07/Dec/2018:04:38:45 -0500] "GET /admin.php?add-ons/Andy-History/icon HTTP/1.1" 200 3046 "https://www.paladin-extensions.com/admin.php" "Mozilla/5.0 (Windows NT 10.0; Win64; x64) AppleWebKit/537.36 (KHTML, like Gecko) Chrome/70.0.3538.110 Safari/537.36"
24.251.180.38 - - [07/Dec/2018:04:38:45 -0500] "GET /admin.php?add-ons/GoogleSearch/icon HTTP/1.1" 200 28013 "https://www.paladin-extensions.com/admin.php" "Mozilla/5.0 (Windows NT 10.0; Win64; x64) AppleWebKit/537.36 (KHTML, like Gecko) Chrome/70.0.3538.110 Safari/537.36"
24.251.180.38 - - [07/Dec/2018:04:38:45 -0500] "POST /job.php HTTP/1.1" 200 14 "https://www.paladin-extensions.com/admin.php" "Mozilla/5.0 (Windows NT 10.0; Win64; x64) AppleWebKit/537.36 (KHTML, like Gecko) Chrome/70.0.3538.110 Safari/537.36"
24.251.180.38 - - [07/Dec/2018:04:38:45 -0500] "GET /admin.php?add-ons/xFv-ThreadStarter/icon HTTP/1.1" 200 7500 "https://www.paladin-extensions.com/admin.php" "Mozilla/5.0 (Windows NT 10.0; Win64; x64) AppleWebKit/537.36 (KHTML, like Gecko) Chrome/70.0.3538.110 Safari/537.36"
24.251.180.38 - - [07/Dec/2018:04:38:45 -0500] "GET /admin.php?add-ons/Andy-Countdown/icon HTTP/1.1" 200 3323 "https://www.paladin-extensions.com/admin.php" "Mozilla/5.0 (Windows NT 10.0; Win64; x64) AppleWebKit/537.36 (KHTML, like Gecko) Chrome/70.0.3538.110 Safari/537.36"
24.251.180.38 - - [07/Dec/2018:04:38:45 -0500] "GET /admin.php?add-ons/NF-GiftUpgrades/icon HTTP/1.1" 200 27227 "https://www.paladin-extensions.com/admin.php" "Mozilla/5.0 (Windows NT 10.0; Win64; x64) AppleWebKit/537.36 (KHTML, like Gecko) Chrome/70.0.3538.110 Safari/537.36"
24.251.180.38 - - [07/Dec/2018:04:38:45 -0500] "GET /admin.php?add-ons/Andy-InactiveMembers/icon HTTP/1.1" 200 3646 "https://www.paladin-extensions.com/admin.php" "Mozilla/5.0 (Windows NT 10.0; Win64; x64) AppleWebKit/537.36 (KHTML, like Gecko) Chrome/70.0.3538.110 Safari/537.36"
24.251.180.38 - - [07/Dec/2018:04:38:45 -0500] "GET /admin.php?add-ons/XFRM/icon HTTP/1.1" 200 1279 "https://www.paladin-extensions.com/admin.php" "Mozilla/5.0 (Windows NT 10.0; Win64; x64) AppleWebKit/537.36 (KHTML, like Gecko) Chrome/70.0.3538.110 Safari/537.36"
24.251.180.38 - - [07/Dec/2018:04:38:51 -0500] "GET /admin.php?user-upgrades/ HTTP/1.1" 200 10010 "https://www.paladin-extensions.com/admin.php" "Mozilla/5.0 (Windows NT 10.0; Win64; x64) AppleWebKit/537.36 (KHTML, like Gecko) Chrome/70.0.3538.110 Safari/537.36"
24.251.180.38 - - [07/Dec/2018:04:39:03 -0500] "GET / HTTP/1.1" 200 24993 "https://www.paladin-extensions.com/account/upgrades" "Mozilla/5.0 (Windows NT 10.0; Win64; x64) AppleWebKit/537.36 (KHTML, like Gecko) Chrome/70.0.3538.110 Safari/537.36"
24.251.180.38 - - [07/Dec/2018:04:39:04 -0500] "GET /proxy.php?image=https%3A%2F%2Fi.imgur.com%2Fr0tCHeM.png&hash=a03d2b5f8380cd2ff938cef4f2dadcec HTTP/1.1" 304 - "https://www.paladin-extensions.com/" "Mozilla/5.0 (Windows NT 10.0; Win64; x64) AppleWebKit/537.36 (KHTML, like Gecko) Chrome/70.0.3538.110 Safari/537.36"
24.251.180.38 - - [07/Dec/2018:04:39:05 -0500] "POST /index.php?shoutbox/refresh HTTP/1.1" 200 119 "https://www.paladin-extensions.com/" "Mozilla/5.0 (Windows NT 10.0; Win64; x64) AppleWebKit/537.36 (KHTML, like Gecko) Chrome/70.0.3538.110 Safari/537.36"
24.251.180.38 - - [07/Dec/2018:04:39:06 -0500] "GET /members/aicha.8/?tooltip=true&_xfRequestUri=%2F&_xfWithData=1&_xfToken=1544175544%2C74564c853fc495c6a3e38443cbdebc1e&_xfResponseType=json HTTP/1.1" 200 5600 "https://www.paladin-extensions.com/" "Mozilla/5.0 (Windows NT 10.0; Win64; x64) AppleWebKit/537.36 (KHTML, like Gecko) Chrome/70.0.3538.110 Safari/537.36"
24.251.180.38 - - [07/Dec/2018:04:39:06 -0500] "GET /css.php?css=public:member_tooltip.less&s=8&l=1&d=1544175465 HTTP/1.1" 200 505 "https://www.paladin-extensions.com/" "Mozilla/5.0 (Windows NT 10.0; Win64; x64) AppleWebKit/537.36 (KHTML, like Gecko) Chrome/70.0.3538.110 Safari/537.36"
24.251.180.38 - - [07/Dec/2018:04:39:06 -0500] "POST /index.php?shoutbox/refresh HTTP/1.1" 200 119 "https://www.paladin-extensions.com/" "Mozilla/5.0 (Windows NT 10.0; Win64; x64) AppleWebKit/537.36 (KHTML, like Gecko) Chrome/70.0.3538.110 Safari/537.36"
149.28.212.239 - - [07/Dec/2018:04:39:07 -0500] "GET / HTTP/1.1" 301 - "https://www.paladin.rip/" "HetrixTools Uptime Monitoring Bot. https://hetrix.tools/uptime-monitoring-bot.html"
24.251.180.38 - - [07/Dec/2018:04:39:07 -0500] "GET /misc/login-as-user?user_id=8&_xfRequestUri=%2F&_xfWithData=1&_xfToken=1544175544%2C74564c853fc495c6a3e38443cbdebc1e&_xfResponseType=json HTTP/1.1" 200 2469 "https://www.paladin-extensions.com/" "Mozilla/5.0 (Windows NT 10.0; Win64; x64) AppleWebKit/537.36 (KHTML, like Gecko) Chrome/70.0.3538.110 Safari/537.36"
24.251.180.38 - - [07/Dec/2018:04:39:07 -0500] "POST /index.php?shoutbox/refresh HTTP/1.1" 200 119 "https://www.paladin-extensions.com/" "Mozilla/5.0 (Windows NT 10.0; Win64; x64) AppleWebKit/537.36 (KHTML, like Gecko) Chrome/70.0.3538.110 Safari/537.36"
24.251.180.38 - - [07/Dec/2018:04:39:07 -0500] "GET /css.php?css=public:select2.less&s=8&l=1&d=1544175465 HTTP/1.1" 200 1313 "https://www.paladin-extensions.com/" "Mozilla/5.0 (Windows NT 10.0; Win64; x64) AppleWebKit/537.36 (KHTML, like Gecko) Chrome/70.0.3538.110 Safari/537.36"
149.28.212.239 - - [07/Dec/2018:04:39:07 -0500] "GET / HTTP/1.1" 200 13501 "https://paladin-extensions.com/" "HetrixTools Uptime Monitoring Bot. https://hetrix.tools/uptime-monitoring-bot.html"
24.251.180.38 - - [07/Dec/2018:04:39:08 -0500] "POST /index.php?shoutbox/refresh HTTP/1.1" 200 119 "https://www.paladin-extensions.com/" "Mozilla/5.0 (Windows NT 10.0; Win64; x64) AppleWebKit/537.36 (KHTML, like Gecko) Chrome/70.0.3538.110 Safari/537.36"
24.251.180.38 - - [07/Dec/2018:04:39:08 -0500] "POST /misc/login-as-user HTTP/1.1" 200 187 "https://www.paladin-extensions.com/" "Mozilla/5.0 (Windows NT 10.0; Win64; x64) AppleWebKit/537.36 (KHTML, like Gecko) Chrome/70.0.3538.110 Safari/537.36"
24.251.180.38 - - [07/Dec/2018:04:39:08 -0500] "GET / HTTP/1.1" 200 15890 "https://www.paladin-extensions.com/" "Mozilla/5.0 (Windows NT 10.0; Win64; x64) AppleWebKit/537.36 (KHTML, like Gecko) Chrome/70.0.3538.110 Safari/537.36"
24.251.180.38 - - [07/Dec/2018:04:39:09 -0500] "GET /css.php?css=public%3Aandy_countdown.less%2Cpublic%3Anode_list.less%2Cpublic%3Ath_reactions.less%2Cpublic%3Ath_widget_post_thread_uix.less%2Cpublic%3Aextra.less&s=8&l=1&d=1544175465&k=b8427d04c50b68619d7bc689b3fd57d03266de7f HTTP/1.1" 200 11770 "https://www.paladin-extensions.com/" "Mozilla/5.0 (Windows NT 10.0; Win64; x64) AppleWebKit/537.36 (KHTML, like Gecko) Chrome/70.0.3538.110 Safari/537.36"
24.251.180.38 - - [07/Dec/2018:04:39:09 -0500] "GET /account/upgrades HTTP/1.1" 200 13173 "https://www.paladin-extensions.com/" "Mozilla/5.0 (Windows NT 10.0; Win64; x64) AppleWebKit/537.36 (KHTML, like Gecko) Chrome/70.0.3538.110 Safari/537.36"
24.251.180.38 - - [07/Dec/2018:04:39:12 -0500] "GET /account/visitor-menu?_xfRequestUri=%2Faccount%2Fupgrades&_xfWithData=1&_xfToken=1544175549%2C153afd6e4bad5e7c1f97f9a6384f6495&_xfResponseType=json HTTP/1.1" 200 4302 "https://www.paladin-extensions.com/account/upgrades" "Mozilla/5.0 (Windows NT 10.0; Win64; x64) AppleWebKit/537.36 (KHTML, like Gecko) Chrome/70.0.3538.110 Safari/537.36"
24.251.180.38 - - [07/Dec/2018:04:39:13 -0500] "GET /logout/?t=1544175552%2Caa3c3c1f671c46a1a45e30e02a33a4bc HTTP/1.1" 303 - "https://www.paladin-extensions.com/account/upgrades" "Mozilla/5.0 (Windows NT 10.0; Win64; x64) AppleWebKit/537.36 (KHTML, like Gecko) Chrome/70.0.3538.110 Safari/537.36"
24.251.180.38 - - [07/Dec/2018:04:39:13 -0500] "GET / HTTP/1.1" 200 13498 "https://www.paladin-extensions.com/account/upgrades" "Mozilla/5.0 (Windows NT 10.0; Win64; x64) AppleWebKit/537.36 (KHTML, like Gecko) Chrome/70.0.3538.110 Safari/537.36"
138.197.17.201 - - [07/Dec/2018:04:39:14 -0500] "GET / HTTP/1.1" 301 - "https://www.paladin.rip/" "HetrixTools Uptime Monitoring Bot. https://hetrix.tools/uptime-monitoring-bot.html"
138.197.17.201 - - [07/Dec/2018:04:39:14 -0500] "GET / HTTP/1.1" 200 13499 "https://paladin-extensions.com/" "HetrixTools Uptime Monitoring Bot. https://hetrix.tools/uptime-monitoring-bot.html"
24.251.180.38 - - [07/Dec/2018:04:39:15 -0500] "GET /login/?_xfRequestUri=%2F&_xfWithData=1&_xfToken=1544175553%2C12f06844aad2c5c4b91c02e90ba06c1c&_xfResponseType=json HTTP/1.1" 200 2876 "https://www.paladin-extensions.com/" "Mozilla/5.0 (Windows NT 10.0; Win64; x64) AppleWebKit/537.36 (KHTML, like Gecko) Chrome/70.0.3538.110 Safari/537.36"
24.251.180.38 - - [07/Dec/2018:04:39:16 -0500] "POST /login/login HTTP/1.1" 303 - "https://www.paladin-extensions.com/" "Mozilla/5.0 (Windows NT 10.0; Win64; x64) AppleWebKit/537.36 (KHTML, like Gecko) Chrome/70.0.3538.110 Safari/537.36"
24.251.180.38 - - [07/Dec/2018:04:39:16 -0500] "GET / HTTP/1.1" 200 24981 "https://www.paladin-extensions.com/" "Mozilla/5.0 (Windows NT 10.0; Win64; x64) AppleWebKit/537.36 (KHTML, like Gecko) Chrome/70.0.3538.110 Safari/537.36"
24.251.180.38 - - [07/Dec/2018:04:39:16 -0500] "GET /proxy.php?image=https%3A%2F%2Fi.imgur.com%2Fr0tCHeM.png&hash=a03d2b5f8380cd2ff938cef4f2dadcec HTTP/1.1" 304 - "https://www.paladin-extensions.com/" "Mozilla/5.0 (Windows NT 10.0; Win64; x64) AppleWebKit/537.36 (KHTML, like Gecko) Chrome/70.0.3538.110 Safari/537.36"
51.15.61.222 - - [07/Dec/2018:04:39:17 -0500] "GET / HTTP/1.1" 301 - "https://www.paladin.rip/" "HetrixTools Uptime Monitoring Bot. https://hetrix.tools/uptime-monitoring-bot.html"
51.15.61.222 - - [07/Dec/2018:04:39:18 -0500] "GET / HTTP/1.1" 200 13499 "https://paladin-extensions.com/" "HetrixTools Uptime Monitoring Bot. https://hetrix.tools/uptime-monitoring-bot.html"
24.251.180.38 - - [07/Dec/2018:04:39:24 -0500] "GET / HTTP/1.1" 200 24999 "-" "Mozilla/5.0 (Windows NT 10.0; Win64; x64) AppleWebKit/537.36 (KHTML, like Gecko) Chrome/70.0.3538.110 Safari/537.36"
24.251.180.38 - - [07/Dec/2018:04:39:24 -0500] "GET /proxy.php?image=https%3A%2F%2Fi.imgur.com%2Fr0tCHeM.png&hash=a03d2b5f8380cd2ff938cef4f2dadcec HTTP/1.1" 304 - "https://www.paladin-extensions.com/" "Mozilla/5.0 (Windows NT 10.0; Win64; x64) AppleWebKit/537.36 (KHTML, like Gecko) Chrome/70.0.3538.110 Safari/537.36"
24.251.180.38 - - [07/Dec/2018:04:39:25 -0500] "POST /index.php?shoutbox/refresh HTTP/1.1" 200 119 "https://www.paladin-extensions.com/" "Mozilla/5.0 (Windows NT 10.0; Win64; x64) AppleWebKit/537.36 (KHTML, like Gecko) Chrome/70.0.3538.110 Safari/537.36"
24.251.180.38 - - [07/Dec/2018:04:39:26 -0500] "POST /index.php?shoutbox/refresh HTTP/1.1" 200 119 "https://www.paladin-extensions.com/" "Mozilla/5.0 (Windows NT 10.0; Win64; x64) AppleWebKit/537.36 (KHTML, like Gecko) Chrome/70.0.3538.110 Safari/537.36"
24.251.180.38 - - [07/Dec/2018:04:39:27 -0500] "GET /members/robitussin.32/?tooltip=true&_xfRequestUri=%2F&_xfWithData=1&_xfToken=1544175564%2Cfb12fcfb98cc7040ce365a161ed0767e&_xfResponseType=json HTTP/1.1" 200 5867 "https://www.paladin-extensions.com/" "Mozilla/5.0 (Windows NT 10.0; Win64; x64) AppleWebKit/537.36 (KHTML, like Gecko) Chrome/70.0.3538.110 Safari/537.36"
24.251.180.38 - - [07/Dec/2018:04:39:27 -0500] "POST /index.php?shoutbox/refresh HTTP/1.1" 200 119 "https://www.paladin-extensions.com/" "Mozilla/5.0 (Windows NT 10.0; Win64; x64) AppleWebKit/537.36 (KHTML, like Gecko) Chrome/70.0.3538.110 Safari/537.36"
24.251.180.38 - - [07/Dec/2018:04:39:28 -0500] "GET /misc/login-as-user?user_id=32&_xfRequestUri=%2F&_xfWithData=1&_xfToken=1544175564%2Cfb12fcfb98cc7040ce365a161ed0767e&_xfResponseType=json HTTP/1.1" 200 2474 "https://www.paladin-extensions.com/" "Mozilla/5.0 (Windows NT 10.0; Win64; x64) AppleWebKit/537.36 (KHTML, like Gecko) Chrome/70.0.3538.110 Safari/537.36"
24.251.180.38 - - [07/Dec/2018:04:39:28 -0500] "POST /index.php?shoutbox/refresh HTTP/1.1" 200 119 "https://www.paladin-extensions.com/" "Mozilla/5.0 (Windows NT 10.0; Win64; x64) AppleWebKit/537.36 (KHTML, like Gecko) Chrome/70.0.3538.110 Safari/537.36"
24.251.180.38 - - [07/Dec/2018:04:39:29 -0500] "POST /misc/login-as-user HTTP/1.1" 200 187 "https://www.paladin-extensions.com/" "Mozilla/5.0 (Windows NT 10.0; Win64; x64) AppleWebKit/537.36 (KHTML, like Gecko) Chrome/70.0.3538.110 Safari/537.36"
24.251.180.38 - - [07/Dec/2018:04:39:29 -0500] "GET / HTTP/1.1" 200 15910 "https://www.paladin-extensions.com/" "Mozilla/5.0 (Windows NT 10.0; Win64; x64) AppleWebKit/537.36 (KHTML, like Gecko) Chrome/70.0.3538.110 Safari/537.36"
24.251.180.38 - - [07/Dec/2018:04:39:30 -0500] "GET /account/upgrades HTTP/1.1" 200 13184 "https://www.paladin-extensions.com/" "Mozilla/5.0 (Windows NT 10.0; Win64; x64) AppleWebKit/537.36 (KHTML, like Gecko) Chrome/70.0.3538.110 Safari/537.36"
95.179.139.97 - - [07/Dec/2018:04:40:10 -0500] "GET / HTTP/1.1" 301 - "https://www.paladin.rip/" "HetrixTools Uptime Monitoring Bot. https://hetrix.tools/uptime-monitoring-bot.html"
95.179.139.97 - - [07/Dec/2018:04:40:11 -0500] "GET / HTTP/1.1" 200 13508 "https://paladin-extensions.com/" "HetrixTools Uptime Monitoring Bot. https://hetrix.tools/uptime-monitoring-bot.html"
24.251.180.38 - - [07/Dec/2018:04:40:13 -0500] "GET / HTTP/1.1" 200 15895 "https://www.paladin-extensions.com/account/upgrades" "Mozilla/5.0 (Windows NT 10.0; Win64; x64) AppleWebKit/537.36 (KHTML, like Gecko) Chrome/70.0.3538.110 Safari/537.36"
24.251.180.38 - - [07/Dec/2018:04:40:13 -0500] "POST /job.php HTTP/1.1" 200 14 "https://www.paladin-extensions.com/" "Mozilla/5.0 (Windows NT 10.0; Win64; x64) AppleWebKit/537.36 (KHTML, like Gecko) Chrome/70.0.3538.110 Safari/537.36"
159.89.159.134 - - [07/Dec/2018:04:40:13 -0500] "GET / HTTP/1.1" 301 - "https://www.paladin.rip/" "HetrixTools Uptime Monitoring Bot. https://hetrix.tools/uptime-monitoring-bot.html"
159.89.159.134 - - [07/Dec/2018:04:40:14 -0500] "GET / HTTP/1.1" 200 13499 "https://paladin-extensions.com/" "HetrixTools Uptime Monitoring Bot. https://hetrix.tools/uptime-monitoring-bot.html"
52.23.120.125 - - [07/Dec/2018:04:40:21 -0500] "GET / HTTP/1.1" 301 - "https://www.paladin.rip/" "HetrixTools Uptime Monitoring Bot. https://hetrix.tools/uptime-monitoring-bot.html"
52.23.120.125 - - [07/Dec/2018:04:40:22 -0500] "GET / HTTP/1.1" 200 13511 "https://paladin-extensions.com/" "HetrixTools Uptime Monitoring Bot. https://hetrix.tools/uptime-monitoring-bot.html"
96.126.106.201 - - [07/Dec/2018:04:41:03 -0500] "GET / HTTP/1.1" 301 - "https://www.paladin.rip/" "HetrixTools Uptime Monitoring Bot. https://hetrix.tools/uptime-monitoring-bot.html"
96.126.106.201 - - [07/Dec/2018:04:41:04 -0500] "GET / HTTP/1.1" 200 13506 "https://paladin-extensions.com/" "HetrixTools Uptime Monitoring Bot. https://hetrix.tools/uptime-monitoring-bot.html"
95.179.139.97 - - [07/Dec/2018:04:41:05 -0500] "GET / HTTP/1.1" 301 - "https://www.paladin.rip/" "HetrixTools Uptime Monitoring Bot. https://hetrix.tools/uptime-monitoring-bot.html"
95.179.139.97 - - [07/Dec/2018:04:41:06 -0500] "GET / HTTP/1.1" 200 13507 "https://paladin-extensions.com/" "HetrixTools Uptime Monitoring Bot. https://hetrix.tools/uptime-monitoring-bot.html"
149.28.212.239 - - [07/Dec/2018:04:41:15 -0500] "GET / HTTP/1.1" 301 - "https://www.paladin.rip/" "HetrixTools Uptime Monitoring Bot. https://hetrix.tools/uptime-monitoring-bot.html"
