3.93.145.62 - - [30/Jan/2019:07:07:13 -0500] "GET / HTTP/1.1" 200 122509 "http://paladin-extensions.com/" "Mozilla/5.0 (Macintosh; Intel Mac OS X 10_13_4) AppleWebKit/537.36 (KHTML, like Gecko) Chrome/65.0.3325.181 Safari/537.36"
3.93.145.62 - - [30/Jan/2019:07:27:33 -0500] "GET / HTTP/1.1" 200 122509 "http://paladin-extensions.com/" "Mozilla/5.0 (Macintosh; Intel Mac OS X 10_13_4) AppleWebKit/537.36 (KHTML, like Gecko) Chrome/65.0.3325.181 Safari/537.36"
180.76.15.30 - - [30/Jan/2019:07:37:24 -0500] "GET /forums/media.22/ HTTP/1.1" 200 47175 "-" "Mozilla/5.0 (compatible; Baiduspider/2.0; +http://www.baidu.com/search/spider.html)"
46.229.168.132 - - [30/Jan/2019:07:43:22 -0500] "GET /robots.txt HTTP/1.1" 404 58142 "-" "Mozilla/5.0 (compatible; SemrushBot/3~bl; +http://www.semrush.com/bot.html)"
46.229.168.137 - - [30/Jan/2019:07:43:22 -0500] "GET /members/theoddone.16/ HTTP/1.1" 200 12769 "-" "Mozilla/5.0 (compatible; SemrushBot/3~bl; +http://www.semrush.com/bot.html)"
3.93.145.62 - - [30/Jan/2019:07:47:33 -0500] "GET / HTTP/1.1" 200 122509 "http://paladin-extensions.com/" "Mozilla/5.0 (Macintosh; Intel Mac OS X 10_13_4) AppleWebKit/537.36 (KHTML, like Gecko) Chrome/65.0.3325.181 Safari/537.36"
207.46.13.7 - - [30/Jan/2019:07:50:22 -0500] "GET /help/cookies/ HTTP/1.1" 200 12134 "-" "Mozilla/5.0 (compatible; bingbot/2.0; +http://www.bing.com/bingbot.htm)"
3.93.145.62 - - [30/Jan/2019:08:07:13 -0500] "GET / HTTP/1.1" 200 122509 "http://paladin-extensions.com/" "Mozilla/5.0 (Macintosh; Intel Mac OS X 10_13_4) AppleWebKit/537.36 (KHTML, like Gecko) Chrome/65.0.3325.181 Safari/537.36"
3.93.145.62 - - [30/Jan/2019:08:27:43 -0500] "GET / HTTP/1.1" 200 122509 "http://paladin-extensions.com/" "Mozilla/5.0 (Macintosh; Intel Mac OS X 10_13_4) AppleWebKit/537.36 (KHTML, like Gecko) Chrome/65.0.3325.181 Safari/537.36"
3.93.145.62 - - [30/Jan/2019:08:47:38 -0500] "GET / HTTP/1.1" 200 122509 "http://paladin-extensions.com/" "Mozilla/5.0 (Macintosh; Intel Mac OS X 10_13_4) AppleWebKit/537.36 (KHTML, like Gecko) Chrome/65.0.3325.181 Safari/537.36"
52.53.201.78 - - [30/Jan/2019:08:53:38 -0500] "GET / HTTP/1.1" 200 37222 "http://www.paladin-extensions.com/" "Mozilla/5.0 (Macintosh; Intel Mac OS X 10_12_6) AppleWebKit/537.36 (KHTML, like Gecko) Chrome/61.0.3163.100 Safari/537.36"
3.93.145.62 - - [30/Jan/2019:09:07:27 -0500] "GET / HTTP/1.1" 200 122509 "http://paladin-extensions.com/" "Mozilla/5.0 (Macintosh; Intel Mac OS X 10_13_4) AppleWebKit/537.36 (KHTML, like Gecko) Chrome/65.0.3325.181 Safari/537.36"
66.249.79.222 - - [30/Jan/2019:09:21:41 -0500] "GET /js/themehouse/uix_dark/defer.min.js?_v=8cdd3a6e HTTP/1.1" 200 5041 "https://www.paladin-extensions.com/extensions/categories/premium-extensions.1/" "Mozilla/5.0 (Linux; Android 6.0.1; Nexus 5X Build/MMB29P) AppleWebKit/537.36 (KHTML, like Gecko) Chrome/41.0.2272.96 Mobile Safari/537.36 (compatible; Googlebot/2.1; +http://www.google.com/bot.html)"
3.93.145.62 - - [30/Jan/2019:09:27:30 -0500] "GET / HTTP/1.1" 200 122509 "http://paladin-extensions.com/" "Mozilla/5.0 (Macintosh; Intel Mac OS X 10_13_4) AppleWebKit/537.36 (KHTML, like Gecko) Chrome/65.0.3325.181 Safari/537.36"
3.93.145.62 - - [30/Jan/2019:09:47:53 -0500] "GET / HTTP/1.1" 200 122509 "http://paladin-extensions.com/" "Mozilla/5.0 (Macintosh; Intel Mac OS X 10_13_4) AppleWebKit/537.36 (KHTML, like Gecko) Chrome/65.0.3325.181 Safari/537.36"
3.88.237.92 - - [30/Jan/2019:10:07:33 -0500] "GET / HTTP/1.1" 200 122509 "http://paladin-extensions.com/" "Mozilla/5.0 (Macintosh; Intel Mac OS X 10_13_4) AppleWebKit/537.36 (KHTML, like Gecko) Chrome/65.0.3325.181 Safari/537.36"
3.93.145.62 - - [30/Jan/2019:10:27:41 -0500] "GET / HTTP/1.1" 200 122509 "http://paladin-extensions.com/" "Mozilla/5.0 (Macintosh; Intel Mac OS X 10_13_4) AppleWebKit/537.36 (KHTML, like Gecko) Chrome/65.0.3325.181 Safari/537.36"
3.93.145.62 - - [30/Jan/2019:10:47:43 -0500] "GET / HTTP/1.1" 200 122509 "http://paladin-extensions.com/" "Mozilla/5.0 (Macintosh; Intel Mac OS X 10_13_4) AppleWebKit/537.36 (KHTML, like Gecko) Chrome/65.0.3325.181 Safari/537.36"
180.76.15.6 - - [30/Jan/2019:11:04:17 -0500] "GET /history/ HTTP/1.1" 200 39069 "-" "Mozilla/5.0 (compatible; Baiduspider/2.0; +http://www.baidu.com/search/spider.html)"
3.93.43.189 - - [30/Jan/2019:11:07:34 -0500] "GET / HTTP/1.1" 200 122509 "http://paladin-extensions.com/" "Mozilla/5.0 (Macintosh; Intel Mac OS X 10_13_4) AppleWebKit/537.36 (KHTML, like Gecko) Chrome/65.0.3325.181 Safari/537.36"
157.55.39.65 - - [30/Jan/2019:11:12:06 -0500] "GET /members/sugkun.15/ HTTP/1.1" 200 12753 "-" "Mozilla/5.0 (compatible; bingbot/2.0; +http://www.bing.com/bingbot.htm)"
3.93.145.62 - - [30/Jan/2019:11:28:07 -0500] "GET / HTTP/1.1" 200 122509 "http://paladin-extensions.com/" "Mozilla/5.0 (Macintosh; Intel Mac OS X 10_13_4) AppleWebKit/537.36 (KHTML, like Gecko) Chrome/65.0.3325.181 Safari/537.36"
174.3.135.102 - - [30/Jan/2019:12:12:03 -0500] "GET / HTTP/1.1" 200 49981 "-" "Mozilla/5.0 (Windows NT 10.0; Win64; x64) AppleWebKit/537.36 (KHTML, like Gecko) Chrome/71.0.3578.98 Safari/537.36"
174.3.135.102 - - [30/Jan/2019:12:12:08 -0500] "GET /styles/uix_dark/fonts/icons/material-icons/css/materialdesignicons.min.css HTTP/1.1" 200 18636 "https://www.paladin-extensions.com/" "Mozilla/5.0 (Windows NT 10.0; Win64; x64) AppleWebKit/537.36 (KHTML, like Gecko) Chrome/71.0.3578.98 Safari/537.36"
174.3.135.102 - - [30/Jan/2019:12:12:08 -0500] "GET /styles/uix_dark/images/uix-logo.png HTTP/1.1" 200 109563 "https://www.paladin-extensions.com/" "Mozilla/5.0 (Windows NT 10.0; Win64; x64) AppleWebKit/537.36 (KHTML, like Gecko) Chrome/71.0.3578.98 Safari/537.36"
174.3.135.102 - - [30/Jan/2019:12:12:08 -0500] "GET /styles/uix_dark/images/uix-brandmark.png HTTP/1.1" 200 112246 "https://www.paladin-extensions.com/" "Mozilla/5.0 (Windows NT 10.0; Win64; x64) AppleWebKit/537.36 (KHTML, like Gecko) Chrome/71.0.3578.98 Safari/537.36"
174.3.135.102 - - [30/Jan/2019:12:12:08 -0500] "GET /js/xf/preamble-compiled.js?_v=56a48e2b HTTP/1.1" 200 7764 "https://www.paladin-extensions.com/" "Mozilla/5.0 (Windows NT 10.0; Win64; x64) AppleWebKit/537.36 (KHTML, like Gecko) Chrome/71.0.3578.98 Safari/537.36"
174.3.135.102 - - [30/Jan/2019:12:12:08 -0500] "GET /css.php?css=public%3Aandy_countdown.less%2Cpublic%3Aeditor.less%2Cpublic%3Alightbox.less%2Cpublic%3Anode_list.less%2Cpublic%3Asiropu_shoutbox.less%2Cpublic%3Ath_reactions.less%2Cpublic%3Ath_widget_post_thread_uix.less%2Cpublic%3Awidget_ah_discord.less%2Cpublic%3Aextra.less&s=8&l=1&d=1548726991&k=ec436b85afd8a5a199dc8d8d63a55ffd92837231 HTTP/1.1" 200 26587 "https://www.paladin-extensions.com/" "Mozilla/5.0 (Windows NT 10.0; Win64; x64) AppleWebKit/537.36 (KHTML, like Gecko) Chrome/71.0.3578.98 Safari/537.36"
174.3.135.102 - - [30/Jan/2019:12:12:08 -0500] "GET /css.php?css=public%3Anormalize.css%2Cpublic%3Acore.less%2Cpublic%3Aapp.less&s=8&l=1&d=1548726991&k=edf6cfeed2b8b8213808b1692c79649ca17f77fa HTTP/1.1" 200 62092 "https://www.paladin-extensions.com/" "Mozilla/5.0 (Windows NT 10.0; Win64; x64) AppleWebKit/537.36 (KHTML, like Gecko) Chrome/71.0.3578.98 Safari/537.36"
174.3.135.102 - - [30/Jan/2019:12:12:17 -0500] "GET /data/avatars/s/0/4.jpg?1533106845 HTTP/1.1" 200 1596 "https://www.paladin-extensions.com/" "Mozilla/5.0 (Windows NT 10.0; Win64; x64) AppleWebKit/537.36 (KHTML, like Gecko) Chrome/71.0.3578.98 Safari/537.36"
174.3.135.102 - - [30/Jan/2019:12:12:17 -0500] "GET /data/avatars/s/0/15.jpg?1519322140 HTTP/1.1" 200 1416 "https://www.paladin-extensions.com/" "Mozilla/5.0 (Windows NT 10.0; Win64; x64) AppleWebKit/537.36 (KHTML, like Gecko) Chrome/71.0.3578.98 Safari/537.36"
174.3.135.102 - - [30/Jan/2019:12:12:17 -0500] "GET /js/siropu/shoutbox/core.min.js?_v=56a48e2b HTTP/1.1" 200 2470 "https://www.paladin-extensions.com/" "Mozilla/5.0 (Windows NT 10.0; Win64; x64) AppleWebKit/537.36 (KHTML, like Gecko) Chrome/71.0.3578.98 Safari/537.36"
174.3.135.102 - - [30/Jan/2019:12:12:17 -0500] "GET /data/avatars/s/0/26.jpg?1528514454 HTTP/1.1" 200 1722 "https://www.paladin-extensions.com/" "Mozilla/5.0 (Windows NT 10.0; Win64; x64) AppleWebKit/537.36 (KHTML, like Gecko) Chrome/71.0.3578.98 Safari/537.36"
174.3.135.102 - - [30/Jan/2019:12:12:17 -0500] "GET /js/themehouse/uix_dark/defer.min.js?_v=56a48e2b HTTP/1.1" 200 5041 "https://www.paladin-extensions.com/" "Mozilla/5.0 (Windows NT 10.0; Win64; x64) AppleWebKit/537.36 (KHTML, like Gecko) Chrome/71.0.3578.98 Safari/537.36"
174.3.135.102 - - [30/Jan/2019:12:12:17 -0500] "GET /js/themehouse/global/20180112.min.js?_v=56a48e2b HTTP/1.1" 200 3938 "https://www.paladin-extensions.com/" "Mozilla/5.0 (Windows NT 10.0; Win64; x64) AppleWebKit/537.36 (KHTML, like Gecko) Chrome/71.0.3578.98 Safari/537.36"
174.3.135.102 - - [30/Jan/2019:12:12:17 -0500] "GET /js/vendor/vendor-compiled.js?_v=56a48e2b HTTP/1.1" 200 17856 "https://www.paladin-extensions.com/" "Mozilla/5.0 (Windows NT 10.0; Win64; x64) AppleWebKit/537.36 (KHTML, like Gecko) Chrome/71.0.3578.98 Safari/537.36"
174.3.135.102 - - [30/Jan/2019:12:12:17 -0500] "GET /styles/default/xenforo/smilies/emojione/sprite_sheet_emojione.png HTTP/1.1" 200 88702 "https://www.paladin-extensions.com/css.php?css=public%3Anormalize.css%2Cpublic%3Acore.less%2Cpublic%3Aapp.less&s=8&l=1&d=1548726991&k=edf6cfeed2b8b8213808b1692c79649ca17f77fa" "Mozilla/5.0 (Windows NT 10.0; Win64; x64) AppleWebKit/537.36 (KHTML, like Gecko) Chrome/71.0.3578.98 Safari/537.36"
174.3.135.102 - - [30/Jan/2019:12:12:17 -0500] "GET /js/themehouse/uix_dark/ripple.min.js?_v=56a48e2b HTTP/1.1" 200 692 "https://www.paladin-extensions.com/" "Mozilla/5.0 (Windows NT 10.0; Win64; x64) AppleWebKit/537.36 (KHTML, like Gecko) Chrome/71.0.3578.98 Safari/537.36"
174.3.135.102 - - [30/Jan/2019:12:12:17 -0500] "GET /data/avatars/s/0/8.jpg?1519456264 HTTP/1.1" 200 1973 "https://www.paladin-extensions.com/" "Mozilla/5.0 (Windows NT 10.0; Win64; x64) AppleWebKit/537.36 (KHTML, like Gecko) Chrome/71.0.3578.98 Safari/537.36"
174.3.135.102 - - [30/Jan/2019:12:12:17 -0500] "GET /data/avatars/s/0/1.jpg?1538028194 HTTP/1.1" 200 3345 "https://www.paladin-extensions.com/" "Mozilla/5.0 (Windows NT 10.0; Win64; x64) AppleWebKit/537.36 (KHTML, like Gecko) Chrome/71.0.3578.98 Safari/537.36"
174.3.135.102 - - [30/Jan/2019:12:12:17 -0500] "GET /js/xf/core-compiled.js?_v=56a48e2b HTTP/1.1" 200 47440 "https://www.paladin-extensions.com/" "Mozilla/5.0 (Windows NT 10.0; Win64; x64) AppleWebKit/537.36 (KHTML, like Gecko) Chrome/71.0.3578.98 Safari/537.36"
174.3.135.102 - - [30/Jan/2019:12:12:17 -0500] "GET /data/avatars/s/0/2.jpg?1515800046 HTTP/1.1" 200 1696 "https://www.paladin-extensions.com/" "Mozilla/5.0 (Windows NT 10.0; Win64; x64) AppleWebKit/537.36 (KHTML, like Gecko) Chrome/71.0.3578.98 Safari/537.36"
174.3.135.102 - - [30/Jan/2019:12:12:17 -0500] "GET /data/avatars/s/0/12.jpg?1519321709 HTTP/1.1" 200 1785 "https://www.paladin-extensions.com/" "Mozilla/5.0 (Windows NT 10.0; Win64; x64) AppleWebKit/537.36 (KHTML, like Gecko) Chrome/71.0.3578.98 Safari/537.36"
174.3.135.102 - - [30/Jan/2019:12:12:17 -0500] "GET /js/themehouse/uix_dark/index.min.js?_v=56a48e2b HTTP/1.1" 200 2382 "https://www.paladin-extensions.com/" "Mozilla/5.0 (Windows NT 10.0; Win64; x64) AppleWebKit/537.36 (KHTML, like Gecko) Chrome/71.0.3578.98 Safari/537.36"
174.3.135.102 - - [30/Jan/2019:12:12:17 -0500] "GET /js/xf/lightbox-compiled.js?_v=56a48e2b HTTP/1.1" 200 14071 "https://www.paladin-extensions.com/" "Mozilla/5.0 (Windows NT 10.0; Win64; x64) AppleWebKit/537.36 (KHTML, like Gecko) Chrome/71.0.3578.98 Safari/537.36"
174.3.135.102 - - [30/Jan/2019:12:12:17 -0500] "GET /data/avatars/s/0/32.jpg?1529285509 HTTP/1.1" 200 5274 "https://www.paladin-extensions.com/" "Mozilla/5.0 (Windows NT 10.0; Win64; x64) AppleWebKit/537.36 (KHTML, like Gecko) Chrome/71.0.3578.98 Safari/537.36"
174.3.135.102 - - [30/Jan/2019:12:12:17 -0500] "GET /styles/uix_dark/fonts/icons/material-icons/fonts/materialdesignicons-webfont.woff2?v=2.3.54 HTTP/1.1" 200 125384 "https://www.paladin-extensions.com/styles/uix_dark/fonts/icons/material-icons/css/materialdesignicons.min.css" "Mozilla/5.0 (Windows NT 10.0; Win64; x64) AppleWebKit/537.36 (KHTML, like Gecko) Chrome/71.0.3578.98 Safari/537.36"
174.3.135.102 - - [30/Jan/2019:12:12:17 -0500] "GET /proxy.php?image=https%3A%2F%2Fi.imgur.com%2Fr0tCHeM.png&hash=58dd2bbfaf81cbfcd2d3e7fbdd81cb6c HTTP/1.1" 200 14887 "https://www.paladin-extensions.com/" "Mozilla/5.0 (Windows NT 10.0; Win64; x64) AppleWebKit/537.36 (KHTML, like Gecko) Chrome/71.0.3578.98 Safari/537.36"
3.93.145.62 - - [30/Jan/2019:12:27:26 -0500] "GET / HTTP/1.1" 200 122509 "http://paladin-extensions.com/" "Mozilla/5.0 (Macintosh; Intel Mac OS X 10_13_4) AppleWebKit/537.36 (KHTML, like Gecko) Chrome/65.0.3325.181 Safari/537.36"
93.158.161.131 - - [30/Jan/2019:12:27:58 -0500] "GET /robots.txt HTTP/1.1" 404 58131 "-" "Mozilla/5.0 (compatible; YandexBot/3.0; +http://yandex.com/bots)"
37.9.87.157 - - [30/Jan/2019:12:28:01 -0500] "GET /search/24/ HTTP/1.1" 404 9844 "-" "Mozilla/5.0 (compatible; YandexBot/3.0; +http://yandex.com/bots)"
5.255.250.156 - - [30/Jan/2019:12:40:52 -0500] "GET /search/member?user_id=30 HTTP/1.1" 200 9843 "-" "Mozilla/5.0 (compatible; YandexBot/3.0; +http://yandex.com/bots)"
180.76.15.25 - - [30/Jan/2019:12:59:59 -0500] "GET /js/themehouse/uix_dark/defer.min.js HTTP/1.1" 200 27370 "-" "Mozilla/5.0 (compatible; Baiduspider/2.0; +http://www.baidu.com/search/spider.html)"
3.93.145.62 - - [30/Jan/2019:13:07:07 -0500] "GET / HTTP/1.1" 200 122509 "http://paladin-extensions.com/" "Mozilla/5.0 (Macintosh; Intel Mac OS X 10_13_4) AppleWebKit/537.36 (KHTML, like Gecko) Chrome/65.0.3325.181 Safari/537.36"
3.93.145.62 - - [30/Jan/2019:13:27:08 -0500] "GET / HTTP/1.1" 200 122509 "http://paladin-extensions.com/" "Mozilla/5.0 (Macintosh; Intel Mac OS X 10_13_4) AppleWebKit/537.36 (KHTML, like Gecko) Chrome/65.0.3325.181 Safari/537.36"
3.93.145.62 - - [30/Jan/2019:13:46:44 -0500] "GET / HTTP/1.1" 200 122509 "http://paladin-extensions.com/" "Mozilla/5.0 (Macintosh; Intel Mac OS X 10_13_4) AppleWebKit/537.36 (KHTML, like Gecko) Chrome/65.0.3325.181 Safari/537.36"
3.93.145.62 - - [30/Jan/2019:14:07:23 -0500] "GET / HTTP/1.1" 200 122509 "http://paladin-extensions.com/" "Mozilla/5.0 (Macintosh; Intel Mac OS X 10_13_4) AppleWebKit/537.36 (KHTML, like Gecko) Chrome/65.0.3325.181 Safari/537.36"
180.76.15.16 - - [30/Jan/2019:14:19:11 -0500] "GET /extensions/categories/1 HTTP/1.1" 301 - "-" "Mozilla/5.0 (compatible; Baiduspider/2.0; +http://www.baidu.com/search/spider.html)"
180.76.15.16 - - [30/Jan/2019:14:19:12 -0500] "GET /extensions/categories/game-extensions.1/ HTTP/1.1" 200 56324 "-" "Mozilla/5.0 (compatible; Baiduspider/2.0; +http://www.baidu.com/search/spider.html)"
3.93.145.62 - - [30/Jan/2019:14:26:56 -0500] "GET / HTTP/1.1" 200 122509 "http://paladin-extensions.com/" "Mozilla/5.0 (Macintosh; Intel Mac OS X 10_13_4) AppleWebKit/537.36 (KHTML, like Gecko) Chrome/65.0.3325.181 Safari/537.36"
3.84.90.99 - - [30/Jan/2019:14:47:46 -0500] "GET / HTTP/1.1" 200 122509 "http://paladin-extensions.com/" "Mozilla/5.0 (Macintosh; Intel Mac OS X 10_13_4) AppleWebKit/537.36 (KHTML, like Gecko) Chrome/65.0.3325.181 Safari/537.36"
3.84.90.99 - - [30/Jan/2019:15:07:20 -0500] "GET / HTTP/1.1" 200 122509 "http://paladin-extensions.com/" "Mozilla/5.0 (Macintosh; Intel Mac OS X 10_13_4) AppleWebKit/537.36 (KHTML, like Gecko) Chrome/65.0.3325.181 Safari/537.36"
3.84.90.99 - - [30/Jan/2019:15:27:30 -0500] "GET / HTTP/1.1" 200 122509 "http://paladin-extensions.com/" "Mozilla/5.0 (Macintosh; Intel Mac OS X 10_13_4) AppleWebKit/537.36 (KHTML, like Gecko) Chrome/65.0.3325.181 Safari/537.36"
3.84.90.99 - - [30/Jan/2019:15:47:09 -0500] "GET / HTTP/1.1" 200 122509 "http://paladin-extensions.com/" "Mozilla/5.0 (Macintosh; Intel Mac OS X 10_13_4) AppleWebKit/537.36 (KHTML, like Gecko) Chrome/65.0.3325.181 Safari/537.36"
5.255.250.58 - - [30/Jan/2019:16:02:04 -0500] "GET /robots.txt HTTP/1.1" 404 58129 "-" "Mozilla/5.0 (compatible; YandexBot/3.0; +http://yandex.com/bots)"
100.43.85.125 - - [30/Jan/2019:16:02:08 -0500] "GET /members/skel.2/about HTTP/1.1" 200 11044 "-" "Mozilla/5.0 (compatible; YandexBot/3.0; +http://yandex.com/bots)"
3.84.90.99 - - [30/Jan/2019:16:07:23 -0500] "GET / HTTP/1.1" 200 122509 "http://paladin-extensions.com/" "Mozilla/5.0 (Macintosh; Intel Mac OS X 10_13_4) AppleWebKit/537.36 (KHTML, like Gecko) Chrome/65.0.3325.181 Safari/537.36"
3.84.90.99 - - [30/Jan/2019:16:27:30 -0500] "GET / HTTP/1.1" 200 122509 "http://paladin-extensions.com/" "Mozilla/5.0 (Macintosh; Intel Mac OS X 10_13_4) AppleWebKit/537.36 (KHTML, like Gecko) Chrome/65.0.3325.181 Safari/537.36"
3.84.90.99 - - [30/Jan/2019:16:47:01 -0500] "GET / HTTP/1.1" 200 122509 "http://paladin-extensions.com/" "Mozilla/5.0 (Macintosh; Intel Mac OS X 10_13_4) AppleWebKit/537.36 (KHTML, like Gecko) Chrome/65.0.3325.181 Safari/537.36"
46.229.168.133 - - [30/Jan/2019:16:59:36 -0500] "GET /robots.txt HTTP/1.1" 404 58142 "-" "Mozilla/5.0 (compatible; SemrushBot/3~bl; +http://www.semrush.com/bot.html)"
46.229.168.141 - - [30/Jan/2019:16:59:36 -0500] "GET /members/jorgi.12/reactions?reaction_id=3&type=given HTTP/1.1" 200 10209 "-" "Mozilla/5.0 (compatible; SemrushBot/3~bl; +http://www.semrush.com/bot.html)"
3.84.90.99 - - [30/Jan/2019:17:07:34 -0500] "GET / HTTP/1.1" 200 122509 "http://paladin-extensions.com/" "Mozilla/5.0 (Macintosh; Intel Mac OS X 10_13_4) AppleWebKit/537.36 (KHTML, like Gecko) Chrome/65.0.3325.181 Safari/537.36"
3.84.90.99 - - [30/Jan/2019:17:27:14 -0500] "GET / HTTP/1.1" 200 122509 "http://paladin-extensions.com/" "Mozilla/5.0 (Macintosh; Intel Mac OS X 10_13_4) AppleWebKit/537.36 (KHTML, like Gecko) Chrome/65.0.3325.181 Safari/537.36"
180.76.15.142 - - [30/Jan/2019:17:27:18 -0500] "GET /threads/discord-and-steam-integration.56/post-135 HTTP/1.1" 301 - "-" "Mozilla/5.0 (compatible; Baiduspider/2.0; +http://www.baidu.com/search/spider.html)"
180.76.15.12 - - [30/Jan/2019:17:27:19 -0500] "GET /threads/discord-and-steam-integration.56/ HTTP/1.1" 200 56285 "-" "Mozilla/5.0 (compatible; Baiduspider/2.0; +http://www.baidu.com/search/spider.html)"
3.84.90.99 - - [30/Jan/2019:17:47:03 -0500] "GET / HTTP/1.1" 200 122509 "http://paladin-extensions.com/" "Mozilla/5.0 (Macintosh; Intel Mac OS X 10_13_4) AppleWebKit/537.36 (KHTML, like Gecko) Chrome/65.0.3325.181 Safari/537.36"
180.76.15.16 - - [30/Jan/2019:18:00:39 -0500] "GET /members/bhopfu1.1/ HTTP/1.1" 200 55879 "-" "Mozilla/5.0 (compatible; Baiduspider/2.0; +http://www.baidu.com/search/spider.html)"
196.52.84.38 - - [30/Jan/2019:18:01:37 -0500] "GET /help/ HTTP/1.0" 200 41953 "-" "Mozilla/5.0 (Windows NT 6.1; Win64; x64) AppleWebKit/537.36 (KHTML, like Gecko) Chrome/62.0.3202.94 Safari/537.36"
3.84.90.99 - - [30/Jan/2019:18:07:04 -0500] "GET / HTTP/1.1" 200 122509 "http://paladin-extensions.com/" "Mozilla/5.0 (Macintosh; Intel Mac OS X 10_13_4) AppleWebKit/537.36 (KHTML, like Gecko) Chrome/65.0.3325.181 Safari/537.36"
66.249.79.220 - - [30/Jan/2019:18:23:23 -0500] "GET /robots.txt HTTP/1.1" 404 58138 "-" "Mozilla/5.0 (compatible; Googlebot/2.1; +http://www.google.com/bot.html)"
66.249.79.222 - - [30/Jan/2019:18:23:24 -0500] "GET /css.php?css=public%3Alightbox.less%2Cpublic%3Ashare_controls.less%2Cpublic%3Ath_reactions.less%2Cpublic%3Axfrm.less%2Cpublic%3Aextra.less&s=8&l=1&d=1544409308&k=0e0bf87627f010ec0dc3dce345dca0e6cbb6a62e HTTP/1.1" 200 15574 "https://www.paladin-extensions.com/extensions/paladin-csgo-extension.2/" "Mozilla/5.0 (Linux; Android 6.0.1; Nexus 5X Build/MMB29P) AppleWebKit/537.36 (KHTML, like Gecko) Chrome/41.0.2272.96 Mobile Safari/537.36 (compatible; Googlebot/2.1; +http://www.google.com/bot.html)"
3.84.90.99 - - [30/Jan/2019:18:26:57 -0500] "GET / HTTP/1.1" 200 122509 "http://paladin-extensions.com/" "Mozilla/5.0 (Macintosh; Intel Mac OS X 10_13_4) AppleWebKit/537.36 (KHTML, like Gecko) Chrome/65.0.3325.181 Safari/537.36"
5.255.250.102 - - [30/Jan/2019:18:46:22 -0500] "GET /extensions/px-rsix.3/changelog HTTP/1.1" 404 9871 "-" "Mozilla/5.0 (compatible; YandexBot/3.0; +http://yandex.com/bots)"
3.84.90.99 - - [30/Jan/2019:18:47:05 -0500] "GET / HTTP/1.1" 200 122509 "http://paladin-extensions.com/" "Mozilla/5.0 (Macintosh; Intel Mac OS X 10_13_4) AppleWebKit/537.36 (KHTML, like Gecko) Chrome/65.0.3325.181 Safari/537.36"
66.249.79.222 - - [30/Jan/2019:19:02:40 -0500] "POST /job.php HTTP/1.1" 200 13 "https://www.paladin-extensions.com/categories/public-area.1/" "Mozilla/5.0 AppleWebKit/537.36 (KHTML, like Gecko; compatible; Googlebot/2.1; +http://www.google.com/bot.html) Safari/537.36"
3.84.90.99 - - [30/Jan/2019:19:07:00 -0500] "GET / HTTP/1.1" 200 122509 "http://paladin-extensions.com/" "Mozilla/5.0 (Macintosh; Intel Mac OS X 10_13_4) AppleWebKit/537.36 (KHTML, like Gecko) Chrome/65.0.3325.181 Safari/537.36"
3.84.90.99 - - [30/Jan/2019:19:26:55 -0500] "GET / HTTP/1.1" 200 122509 "http://paladin-extensions.com/" "Mozilla/5.0 (Macintosh; Intel Mac OS X 10_13_4) AppleWebKit/537.36 (KHTML, like Gecko) Chrome/65.0.3325.181 Safari/537.36"
138.246.253.5 - - [30/Jan/2019:19:28:33 -0500] "HEAD / HTTP/1.1" 301 - "-" "Mozilla/5.0 (Windows NT 6.1; Win64; x64) AppleWebKit/537.36 (KHTML, like Gecko) Chrome/40.0.2214.85 Safari/537.36"
3.84.90.99 - - [30/Jan/2019:19:46:57 -0500] "GET / HTTP/1.1" 200 122509 "http://paladin-extensions.com/" "Mozilla/5.0 (Macintosh; Intel Mac OS X 10_13_4) AppleWebKit/537.36 (KHTML, like Gecko) Chrome/65.0.3325.181 Safari/537.36"
40.77.167.70 - - [30/Jan/2019:19:51:41 -0500] "GET /threads/ques-tion.47/latest HTTP/1.1" 301 - "-" "Mozilla/5.0 (compatible; bingbot/2.0; +http://www.bing.com/bingbot.htm)"
100.43.85.106 - - [30/Jan/2019:19:52:51 -0500] "GET /robots.txt HTTP/1.1" 404 58129 "-" "Mozilla/5.0 (compatible; YandexBot/3.0; +http://yandex.com/bots)"
77.88.47.79 - - [30/Jan/2019:19:52:55 -0500] "GET /styles/uix_dark/images/favicon.png HTTP/1.1" 200 37099 "-" "Mozilla/5.0 (compatible; YandexBot/3.0; +http://yandex.com/bots)"
3.84.90.99 - - [30/Jan/2019:20:07:12 -0500] "GET / HTTP/1.1" 200 122509 "http://paladin-extensions.com/" "Mozilla/5.0 (Macintosh; Intel Mac OS X 10_13_4) AppleWebKit/537.36 (KHTML, like Gecko) Chrome/65.0.3325.181 Safari/537.36"
180.76.15.25 - - [30/Jan/2019:20:13:57 -0500] "GET /members/ HTTP/1.1" 200 65235 "-" "Mozilla/5.0 (compatible; Baiduspider/2.0; +http://www.baidu.com/search/spider.html)"
66.249.79.193 - - [30/Jan/2019:20:14:18 -0500] "GET /categories/public-area.1/ HTTP/1.1" 200 11103 "-" "Mozilla/5.0 (compatible; Googlebot/2.1; +http://www.google.com/bot.html)"
66.249.79.222 - - [30/Jan/2019:20:14:20 -0500] "GET /js/xf/preamble-compiled.js?_v=56a48e2b HTTP/1.1" 200 7764 "https://www.paladin-extensions.com/categories/public-area.1/" "Mozilla/5.0 AppleWebKit/537.36 (KHTML, like Gecko; compatible; Googlebot/2.1; +http://www.google.com/bot.html) Safari/537.36"
66.249.79.193 - - [30/Jan/2019:20:14:20 -0500] "GET /js/vendor/vendor-compiled.js?_v=56a48e2b HTTP/1.1" 200 17856 "https://www.paladin-extensions.com/categories/public-area.1/" "Mozilla/5.0 AppleWebKit/537.36 (KHTML, like Gecko; compatible; Googlebot/2.1; +http://www.google.com/bot.html) Safari/537.36"
66.249.79.222 - - [30/Jan/2019:20:14:21 -0500] "GET /js/themehouse/uix_dark/ripple.min.js?_v=56a48e2b HTTP/1.1" 200 692 "https://www.paladin-extensions.com/categories/public-area.1/" "Mozilla/5.0 AppleWebKit/537.36 (KHTML, like Gecko; compatible; Googlebot/2.1; +http://www.google.com/bot.html) Safari/537.36"
66.249.79.220 - - [30/Jan/2019:20:14:21 -0500] "GET /js/themehouse/uix_dark/defer.min.js?_v=56a48e2b HTTP/1.1" 200 5041 "https://www.paladin-extensions.com/categories/public-area.1/" "Mozilla/5.0 AppleWebKit/537.36 (KHTML, like Gecko; compatible; Googlebot/2.1; +http://www.google.com/bot.html) Safari/537.36"
66.249.79.222 - - [30/Jan/2019:20:14:22 -0500] "GET /css.php?css=public%3Anode_list.less%2Cpublic%3Aextra.less&s=8&l=1&d=1547424000&k=691862172922347a2f67bfaa3967b08caa0fd93a HTTP/1.1" 200 2294 "https://www.paladin-extensions.com/categories/public-area.1/" "Mozilla/5.0 AppleWebKit/537.36 (KHTML, like Gecko; compatible; Googlebot/2.1; +http://www.google.com/bot.html) Safari/537.36"
66.249.79.222 - - [30/Jan/2019:20:14:22 -0500] "GET /js/themehouse/global/20180112.min.js?_v=56a48e2b HTTP/1.1" 200 3938 "https://www.paladin-extensions.com/categories/public-area.1/" "Mozilla/5.0 AppleWebKit/537.36 (KHTML, like Gecko; compatible; Googlebot/2.1; +http://www.google.com/bot.html) Safari/537.36"
66.249.79.220 - - [30/Jan/2019:20:14:23 -0500] "GET /js/themehouse/uix_dark/index.min.js?_v=56a48e2b HTTP/1.1" 200 2382 "https://www.paladin-extensions.com/categories/public-area.1/" "Mozilla/5.0 AppleWebKit/537.36 (KHTML, like Gecko; compatible; Googlebot/2.1; +http://www.google.com/bot.html) Safari/537.36"
66.249.79.220 - - [30/Jan/2019:20:14:23 -0500] "GET /js/xf/core-compiled.js?_v=56a48e2b HTTP/1.1" 200 47440 "https://www.paladin-extensions.com/categories/public-area.1/" "Mozilla/5.0 AppleWebKit/537.36 (KHTML, like Gecko; compatible; Googlebot/2.1; +http://www.google.com/bot.html) Safari/537.36"
3.84.90.99 - - [30/Jan/2019:20:26:50 -0500] "GET / HTTP/1.1" 200 122509 "http://paladin-extensions.com/" "Mozilla/5.0 (Macintosh; Intel Mac OS X 10_13_4) AppleWebKit/537.36 (KHTML, like Gecko) Chrome/65.0.3325.181 Safari/537.36"
3.84.90.99 - - [30/Jan/2019:20:46:54 -0500] "GET / HTTP/1.1" 200 122509 "http://paladin-extensions.com/" "Mozilla/5.0 (Macintosh; Intel Mac OS X 10_13_4) AppleWebKit/537.36 (KHTML, like Gecko) Chrome/65.0.3325.181 Safari/537.36"
180.76.15.8 - - [30/Jan/2019:20:47:20 -0500] "GET / HTTP/1.1" 200 122509 "-" "Mozilla/5.0 (compatible; Baiduspider/2.0; +http://www.baidu.com/search/spider.html)"
3.84.90.99 - - [30/Jan/2019:21:07:05 -0500] "GET / HTTP/1.1" 200 122509 "http://paladin-extensions.com/" "Mozilla/5.0 (Macintosh; Intel Mac OS X 10_13_4) AppleWebKit/537.36 (KHTML, like Gecko) Chrome/65.0.3325.181 Safari/537.36"
3.84.90.99 - - [30/Jan/2019:21:27:05 -0500] "GET / HTTP/1.1" 200 122509 "http://paladin-extensions.com/" "Mozilla/5.0 (Macintosh; Intel Mac OS X 10_13_4) AppleWebKit/537.36 (KHTML, like Gecko) Chrome/65.0.3325.181 Safari/537.36"
46.229.168.143 - - [30/Jan/2019:21:39:13 -0500] "GET /robots.txt HTTP/1.1" 404 58141 "-" "Mozilla/5.0 (compatible; SemrushBot/3~bl; +http://www.semrush.com/bot.html)"
46.229.168.153 - - [30/Jan/2019:21:39:13 -0500] "GET /members/jorgi.12/reactions?reaction_id=6&type=received HTTP/1.1" 200 10210 "-" "Mozilla/5.0 (compatible; SemrushBot/3~bl; +http://www.semrush.com/bot.html)"
3.84.90.99 - - [30/Jan/2019:21:47:04 -0500] "GET / HTTP/1.1" 200 122509 "http://paladin-extensions.com/" "Mozilla/5.0 (Macintosh; Intel Mac OS X 10_13_4) AppleWebKit/537.36 (KHTML, like Gecko) Chrome/65.0.3325.181 Safari/537.36"
3.84.90.99 - - [30/Jan/2019:22:07:24 -0500] "GET / HTTP/1.1" 200 122509 "http://paladin-extensions.com/" "Mozilla/5.0 (Macintosh; Intel Mac OS X 10_13_4) AppleWebKit/537.36 (KHTML, like Gecko) Chrome/65.0.3325.181 Safari/537.36"
3.88.1.167 - - [30/Jan/2019:22:27:30 -0500] "GET / HTTP/1.1" 200 122509 "http://paladin-extensions.com/" "Mozilla/5.0 (Macintosh; Intel Mac OS X 10_13_4) AppleWebKit/537.36 (KHTML, like Gecko) Chrome/65.0.3325.181 Safari/537.36"
3.88.1.167 - - [30/Jan/2019:22:47:04 -0500] "GET / HTTP/1.1" 200 122509 "http://paladin-extensions.com/" "Mozilla/5.0 (Macintosh; Intel Mac OS X 10_13_4) AppleWebKit/537.36 (KHTML, like Gecko) Chrome/65.0.3325.181 Safari/537.36"
40.77.167.40 - - [30/Jan/2019:22:51:34 -0500] "GET /members/penguin.10/ HTTP/1.1" 301 - "-" "Mozilla/5.0 (compatible; bingbot/2.0; +http://www.bing.com/bingbot.htm)"
3.88.1.167 - - [30/Jan/2019:23:07:12 -0500] "GET / HTTP/1.1" 200 122509 "http://paladin-extensions.com/" "Mozilla/5.0 (Macintosh; Intel Mac OS X 10_13_4) AppleWebKit/537.36 (KHTML, like Gecko) Chrome/65.0.3325.181 Safari/537.36"
3.88.1.167 - - [30/Jan/2019:23:27:11 -0500] "GET / HTTP/1.1" 200 122509 "http://paladin-extensions.com/" "Mozilla/5.0 (Macintosh; Intel Mac OS X 10_13_4) AppleWebKit/537.36 (KHTML, like Gecko) Chrome/65.0.3325.181 Safari/537.36"
24.251.180.38 - - [30/Jan/2019:23:29:39 -0500] "GET / HTTP/1.1" 200 50033 "-" "Mozilla/5.0 (Windows NT 10.0; Win64; x64) AppleWebKit/537.36 (KHTML, like Gecko) Chrome/71.0.3578.98 Safari/537.36"
24.251.180.38 - - [30/Jan/2019:23:29:41 -0500] "GET /styles/uix_dark/fonts/icons/material-icons/css/materialdesignicons.min.css HTTP/1.1" 304 - "https://www.paladin-extensions.com/" "Mozilla/5.0 (Windows NT 10.0; Win64; x64) AppleWebKit/537.36 (KHTML, like Gecko) Chrome/71.0.3578.98 Safari/537.36"
24.251.180.38 - - [30/Jan/2019:23:29:41 -0500] "GET /js/xf/preamble-compiled.js?_v=56a48e2b HTTP/1.1" 304 - "https://www.paladin-extensions.com/" "Mozilla/5.0 (Windows NT 10.0; Win64; x64) AppleWebKit/537.36 (KHTML, like Gecko) Chrome/71.0.3578.98 Safari/537.36"
24.251.180.38 - - [30/Jan/2019:23:29:41 -0500] "GET /js/vendor/vendor-compiled.js?_v=56a48e2b HTTP/1.1" 304 - "https://www.paladin-extensions.com/" "Mozilla/5.0 (Windows NT 10.0; Win64; x64) AppleWebKit/537.36 (KHTML, like Gecko) Chrome/71.0.3578.98 Safari/537.36"
24.251.180.38 - - [30/Jan/2019:23:29:41 -0500] "GET /js/xf/core-compiled.js?_v=56a48e2b HTTP/1.1" 304 - "https://www.paladin-extensions.com/" "Mozilla/5.0 (Windows NT 10.0; Win64; x64) AppleWebKit/537.36 (KHTML, like Gecko) Chrome/71.0.3578.98 Safari/537.36"
24.251.180.38 - - [30/Jan/2019:23:29:41 -0500] "GET /js/siropu/shoutbox/core.min.js?_v=56a48e2b HTTP/1.1" 304 - "https://www.paladin-extensions.com/" "Mozilla/5.0 (Windows NT 10.0; Win64; x64) AppleWebKit/537.36 (KHTML, like Gecko) Chrome/71.0.3578.98 Safari/537.36"
24.251.180.38 - - [30/Jan/2019:23:29:41 -0500] "GET /js/xf/lightbox-compiled.js?_v=56a48e2b HTTP/1.1" 304 - "https://www.paladin-extensions.com/" "Mozilla/5.0 (Windows NT 10.0; Win64; x64) AppleWebKit/537.36 (KHTML, like Gecko) Chrome/71.0.3578.98 Safari/537.36"
24.251.180.38 - - [30/Jan/2019:23:29:41 -0500] "GET /js/themehouse/uix_dark/ripple.min.js?_v=56a48e2b HTTP/1.1" 304 - "https://www.paladin-extensions.com/" "Mozilla/5.0 (Windows NT 10.0; Win64; x64) AppleWebKit/537.36 (KHTML, like Gecko) Chrome/71.0.3578.98 Safari/537.36"
24.251.180.38 - - [30/Jan/2019:23:29:41 -0500] "GET /js/themehouse/uix_dark/index.min.js?_v=56a48e2b HTTP/1.1" 304 - "https://www.paladin-extensions.com/" "Mozilla/5.0 (Windows NT 10.0; Win64; x64) AppleWebKit/537.36 (KHTML, like Gecko) Chrome/71.0.3578.98 Safari/537.36"
24.251.180.38 - - [30/Jan/2019:23:29:41 -0500] "GET /js/themehouse/global/20180112.min.js?_v=56a48e2b HTTP/1.1" 304 - "https://www.paladin-extensions.com/" "Mozilla/5.0 (Windows NT 10.0; Win64; x64) AppleWebKit/537.36 (KHTML, like Gecko) Chrome/71.0.3578.98 Safari/537.36"
24.251.180.38 - - [30/Jan/2019:23:29:41 -0500] "GET /js/themehouse/uix_dark/defer.min.js?_v=56a48e2b HTTP/1.1" 304 - "https://www.paladin-extensions.com/" "Mozilla/5.0 (Windows NT 10.0; Win64; x64) AppleWebKit/537.36 (KHTML, like Gecko) Chrome/71.0.3578.98 Safari/537.36"
24.251.180.38 - - [30/Jan/2019:23:29:41 -0500] "GET /proxy.php?image=https%3A%2F%2Fi.imgur.com%2Fr0tCHeM.png&hash=58dd2bbfaf81cbfcd2d3e7fbdd81cb6c HTTP/1.1" 304 - "https://www.paladin-extensions.com/" "Mozilla/5.0 (Windows NT 10.0; Win64; x64) AppleWebKit/537.36 (KHTML, like Gecko) Chrome/71.0.3578.98 Safari/537.36"
24.251.180.38 - - [30/Jan/2019:23:29:42 -0500] "GET /styles/default/siropu/shoutbox/new.mp3 HTTP/1.1" 304 - "https://www.paladin-extensions.com/" "Mozilla/5.0 (Windows NT 10.0; Win64; x64) AppleWebKit/537.36 (KHTML, like Gecko) Chrome/71.0.3578.98 Safari/537.36"
24.251.180.38 - - [30/Jan/2019:23:29:43 -0500] "GET /index.php?shoutbox/refresh&last_id=139&_xfRequestUri=%2F&_xfWithData=1&_xfToken=1548908980%2Cf8df91ec155f494d01b35fa2401fcc67&_xfResponseType=json HTTP/1.1" 200 119 "https://www.paladin-extensions.com/" "Mozilla/5.0 (Windows NT 10.0; Win64; x64) AppleWebKit/537.36 (KHTML, like Gecko) Chrome/71.0.3578.98 Safari/537.36"
24.251.180.38 - - [30/Jan/2019:23:29:42 -0500] "POST /job.php HTTP/1.1" 200 13 "https://www.paladin-extensions.com/" "Mozilla/5.0 (Windows NT 10.0; Win64; x64) AppleWebKit/537.36 (KHTML, like Gecko) Chrome/71.0.3578.98 Safari/537.36"
24.251.180.38 - - [30/Jan/2019:23:29:44 -0500] "GET /extensions/ HTTP/1.1" 200 14836 "https://www.paladin-extensions.com/" "Mozilla/5.0 (Windows NT 10.0; Win64; x64) AppleWebKit/537.36 (KHTML, like Gecko) Chrome/71.0.3578.98 Safari/537.36"
24.251.180.38 - - [30/Jan/2019:23:29:44 -0500] "GET /data/xrpm/thumbnail/0/1-c3deb3e7e0d0baf495016252f351ebc8.jpg?1514836800 HTTP/1.1" 304 - "https://www.paladin-extensions.com/extensions/" "Mozilla/5.0 (Windows NT 10.0; Win64; x64) AppleWebKit/537.36 (KHTML, like Gecko) Chrome/71.0.3578.98 Safari/537.36"
24.251.180.38 - - [30/Jan/2019:23:29:44 -0500] "GET /data/xrpm/thumbnail/0/2-372d8126d788bd3125676c5682f1337e.jpg?1514836800 HTTP/1.1" 304 - "https://www.paladin-extensions.com/extensions/" "Mozilla/5.0 (Windows NT 10.0; Win64; x64) AppleWebKit/537.36 (KHTML, like Gecko) Chrome/71.0.3578.98 Safari/537.36"
24.251.180.38 - - [30/Jan/2019:23:29:44 -0500] "GET /data/xrpm/thumbnail/0/5-d4ec71d25d7815bf4b3e03c69f83fcc0.jpg?1514836800 HTTP/1.1" 304 - "https://www.paladin-extensions.com/extensions/" "Mozilla/5.0 (Windows NT 10.0; Win64; x64) AppleWebKit/537.36 (KHTML, like Gecko) Chrome/71.0.3578.98 Safari/537.36"
24.251.180.38 - - [30/Jan/2019:23:29:44 -0500] "GET /data/xrpm/thumbnail/0/3-3775589e9c5acdf1ddba87a4f1e578f5.jpg?1514836800 HTTP/1.1" 304 - "https://www.paladin-extensions.com/extensions/" "Mozilla/5.0 (Windows NT 10.0; Win64; x64) AppleWebKit/537.36 (KHTML, like Gecko) Chrome/71.0.3578.98 Safari/537.36"
24.251.180.38 - - [30/Jan/2019:23:29:44 -0500] "POST /job.php HTTP/1.1" 200 13 "https://www.paladin-extensions.com/" "Mozilla/5.0 (Windows NT 10.0; Win64; x64) AppleWebKit/537.36 (KHTML, like Gecko) Chrome/71.0.3578.98 Safari/537.36"
24.251.180.38 - - [30/Jan/2019:23:29:44 -0500] "POST /job.php HTTP/1.1" 200 13 "https://www.paladin-extensions.com/extensions/" "Mozilla/5.0 (Windows NT 10.0; Win64; x64) AppleWebKit/537.36 (KHTML, like Gecko) Chrome/71.0.3578.98 Safari/537.36"
24.251.180.38 - - [30/Jan/2019:23:29:44 -0500] "POST /job.php HTTP/1.1" 200 13 "https://www.paladin-extensions.com/extensions/" "Mozilla/5.0 (Windows NT 10.0; Win64; x64) AppleWebKit/537.36 (KHTML, like Gecko) Chrome/71.0.3578.98 Safari/537.36"
24.251.180.38 - - [30/Jan/2019:23:29:45 -0500] "POST /job.php HTTP/1.1" 200 13 "https://www.paladin-extensions.com/extensions/" "Mozilla/5.0 (Windows NT 10.0; Win64; x64) AppleWebKit/537.36 (KHTML, like Gecko) Chrome/71.0.3578.98 Safari/537.36"
24.251.180.38 - - [30/Jan/2019:23:29:45 -0500] "POST /job.php HTTP/1.1" 200 13 "https://www.paladin-extensions.com/extensions/" "Mozilla/5.0 (Windows NT 10.0; Win64; x64) AppleWebKit/537.36 (KHTML, like Gecko) Chrome/71.0.3578.98 Safari/537.36"
24.251.180.38 - - [30/Jan/2019:23:29:45 -0500] "POST /job.php HTTP/1.1" 200 13 "https://www.paladin-extensions.com/extensions/" "Mozilla/5.0 (Windows NT 10.0; Win64; x64) AppleWebKit/537.36 (KHTML, like Gecko) Chrome/71.0.3578.98 Safari/537.36"
24.251.180.38 - - [30/Jan/2019:23:29:46 -0500] "POST /job.php HTTP/1.1" 200 13 "https://www.paladin-extensions.com/extensions/" "Mozilla/5.0 (Windows NT 10.0; Win64; x64) AppleWebKit/537.36 (KHTML, like Gecko) Chrome/71.0.3578.98 Safari/537.36"
24.251.180.38 - - [30/Jan/2019:23:29:46 -0500] "GET /extensions/px-csgo.1 HTTP/1.1" 200 15934 "https://www.paladin-extensions.com/extensions/" "Mozilla/5.0 (Windows NT 10.0; Win64; x64) AppleWebKit/537.36 (KHTML, like Gecko) Chrome/71.0.3578.98 Safari/537.36"
24.251.180.38 - - [30/Jan/2019:23:29:46 -0500] "GET /attachments/csgo-primary-png.61/ HTTP/1.1" 304 - "https://www.paladin-extensions.com/extensions/px-csgo.1" "Mozilla/5.0 (Windows NT 10.0; Win64; x64) AppleWebKit/537.36 (KHTML, like Gecko) Chrome/71.0.3578.98 Safari/537.36"
24.251.180.38 - - [30/Jan/2019:23:29:46 -0500] "POST /job.php HTTP/1.1" 200 14 "https://www.paladin-extensions.com/extensions/px-csgo.1" "Mozilla/5.0 (Windows NT 10.0; Win64; x64) AppleWebKit/537.36 (KHTML, like Gecko) Chrome/71.0.3578.98 Safari/537.36"
24.251.180.38 - - [30/Jan/2019:23:29:46 -0500] "POST /job.php HTTP/1.1" 200 13 "https://www.paladin-extensions.com/extensions/" "Mozilla/5.0 (Windows NT 10.0; Win64; x64) AppleWebKit/537.36 (KHTML, like Gecko) Chrome/71.0.3578.98 Safari/537.36"
24.251.180.38 - - [30/Jan/2019:23:41:28 -0500] "GET /members/ HTTP/1.1" 200 15341 "https://www.paladin-extensions.com/extensions/px-csgo.1" "Mozilla/5.0 (Windows NT 10.0; Win64; x64) AppleWebKit/537.36 (KHTML, like Gecko) Chrome/71.0.3578.98 Safari/537.36"
24.251.180.38 - - [30/Jan/2019:23:41:29 -0500] "GET /data/avatars/s/0/40.jpg?1544305808 HTTP/1.1" 304 - "https://www.paladin-extensions.com/members/" "Mozilla/5.0 (Windows NT 10.0; Win64; x64) AppleWebKit/537.36 (KHTML, like Gecko) Chrome/71.0.3578.98 Safari/537.36"
24.251.180.38 - - [30/Jan/2019:23:41:29 -0500] "GET /css.php?css=public%3Amember.less%2Cpublic%3Aextra.less&s=8&l=1&d=1548726991&k=777a01b33344a152a707c0f93155c2f7047ba3fe HTTP/1.1" 200 954 "https://www.paladin-extensions.com/members/" "Mozilla/5.0 (Windows NT 10.0; Win64; x64) AppleWebKit/537.36 (KHTML, like Gecko) Chrome/71.0.3578.98 Safari/537.36"
24.251.180.38 - - [30/Jan/2019:23:41:29 -0500] "GET /data/avatars/s/0/39.jpg?1544302529 HTTP/1.1" 304 - "https://www.paladin-extensions.com/members/" "Mozilla/5.0 (Windows NT 10.0; Win64; x64) AppleWebKit/537.36 (KHTML, like Gecko) Chrome/71.0.3578.98 Safari/537.36"
24.251.180.38 - - [30/Jan/2019:23:41:29 -0500] "GET /data/avatars/s/0/31.jpg?1529006484 HTTP/1.1" 304 - "https://www.paladin-extensions.com/members/" "Mozilla/5.0 (Windows NT 10.0; Win64; x64) AppleWebKit/537.36 (KHTML, like Gecko) Chrome/71.0.3578.98 Safari/537.36"
24.251.180.38 - - [30/Jan/2019:23:41:29 -0500] "GET /data/avatars/s/0/25.jpg?1544675776 HTTP/1.1" 304 - "https://www.paladin-extensions.com/members/" "Mozilla/5.0 (Windows NT 10.0; Win64; x64) AppleWebKit/537.36 (KHTML, like Gecko) Chrome/71.0.3578.98 Safari/537.36"
24.251.180.38 - - [30/Jan/2019:23:41:29 -0500] "GET /data/avatars/s/0/10.jpg?1529466006 HTTP/1.1" 304 - "https://www.paladin-extensions.com/members/" "Mozilla/5.0 (Windows NT 10.0; Win64; x64) AppleWebKit/537.36 (KHTML, like Gecko) Chrome/71.0.3578.98 Safari/537.36"
24.251.180.38 - - [30/Jan/2019:23:41:29 -0500] "POST /job.php HTTP/1.1" 200 13 "https://www.paladin-extensions.com/members/" "Mozilla/5.0 (Windows NT 10.0; Win64; x64) AppleWebKit/537.36 (KHTML, like Gecko) Chrome/71.0.3578.98 Safari/537.36"
24.251.180.38 - - [30/Jan/2019:23:41:30 -0500] "POST /job.php HTTP/1.1" 200 13 "https://www.paladin-extensions.com/members/" "Mozilla/5.0 (Windows NT 10.0; Win64; x64) AppleWebKit/537.36 (KHTML, like Gecko) Chrome/71.0.3578.98 Safari/537.36"
24.251.180.38 - - [30/Jan/2019:23:41:31 -0500] "POST /job.php HTTP/1.1" 200 13 "https://www.paladin-extensions.com/members/" "Mozilla/5.0 (Windows NT 10.0; Win64; x64) AppleWebKit/537.36 (KHTML, like Gecko) Chrome/71.0.3578.98 Safari/537.36"
24.251.180.38 - - [30/Jan/2019:23:41:31 -0500] "POST /job.php HTTP/1.1" 200 13 "https://www.paladin-extensions.com/members/" "Mozilla/5.0 (Windows NT 10.0; Win64; x64) AppleWebKit/537.36 (KHTML, like Gecko) Chrome/71.0.3578.98 Safari/537.36"
24.251.180.38 - - [30/Jan/2019:23:41:31 -0500] "POST /job.php HTTP/1.1" 200 13 "https://www.paladin-extensions.com/members/" "Mozilla/5.0 (Windows NT 10.0; Win64; x64) AppleWebKit/537.36 (KHTML, like Gecko) Chrome/71.0.3578.98 Safari/537.36"
24.251.180.38 - - [30/Jan/2019:23:41:31 -0500] "GET /members/bhopfu1.1/?tooltip=true&_xfRequestUri=%2Fmembers%2F&_xfWithData=1&_xfToken=1548909689%2Ca69bdd3a4789ffca8c3631c7eb6391f4&_xfResponseType=json HTTP/1.1" 200 4688 "https://www.paladin-extensions.com/members/" "Mozilla/5.0 (Windows NT 10.0; Win64; x64) AppleWebKit/537.36 (KHTML, like Gecko) Chrome/71.0.3578.98 Safari/537.36"
24.251.180.38 - - [30/Jan/2019:23:41:31 -0500] "POST /job.php HTTP/1.1" 200 13 "https://www.paladin-extensions.com/members/" "Mozilla/5.0 (Windows NT 10.0; Win64; x64) AppleWebKit/537.36 (KHTML, like Gecko) Chrome/71.0.3578.98 Safari/537.36"
24.251.180.38 - - [30/Jan/2019:23:41:32 -0500] "POST /job.php HTTP/1.1" 200 13 "https://www.paladin-extensions.com/members/" "Mozilla/5.0 (Windows NT 10.0; Win64; x64) AppleWebKit/537.36 (KHTML, like Gecko) Chrome/71.0.3578.98 Safari/537.36"
24.251.180.38 - - [30/Jan/2019:23:41:32 -0500] "POST /job.php HTTP/1.1" 200 13 "https://www.paladin-extensions.com/members/" "Mozilla/5.0 (Windows NT 10.0; Win64; x64) AppleWebKit/537.36 (KHTML, like Gecko) Chrome/71.0.3578.98 Safari/537.36"
24.251.180.38 - - [30/Jan/2019:23:41:32 -0500] "POST /job.php HTTP/1.1" 200 13 "https://www.paladin-extensions.com/members/" "Mozilla/5.0 (Windows NT 10.0; Win64; x64) AppleWebKit/537.36 (KHTML, like Gecko) Chrome/71.0.3578.98 Safari/537.36"
24.251.180.38 - - [30/Jan/2019:23:41:33 -0500] "POST /job.php HTTP/1.1" 200 13 "https://www.paladin-extensions.com/members/" "Mozilla/5.0 (Windows NT 10.0; Win64; x64) AppleWebKit/537.36 (KHTML, like Gecko) Chrome/71.0.3578.98 Safari/537.36"
24.251.180.38 - - [30/Jan/2019:23:41:35 -0500] "GET /steam/active-players/ HTTP/1.1" 303 - "https://www.paladin-extensions.com/members/" "Mozilla/5.0 (Windows NT 10.0; Win64; x64) AppleWebKit/537.36 (KHTML, like Gecko) Chrome/71.0.3578.98 Safari/537.36"
24.251.180.38 - - [30/Jan/2019:23:41:35 -0500] "GET / HTTP/1.1" 200 50037 "https://www.paladin-extensions.com/members/" "Mozilla/5.0 (Windows NT 10.0; Win64; x64) AppleWebKit/537.36 (KHTML, like Gecko) Chrome/71.0.3578.98 Safari/537.36"
24.251.180.38 - - [30/Jan/2019:23:41:35 -0500] "GET /proxy.php?image=https%3A%2F%2Fi.imgur.com%2Fr0tCHeM.png&hash=58dd2bbfaf81cbfcd2d3e7fbdd81cb6c HTTP/1.1" 304 - "https://www.paladin-extensions.com/" "Mozilla/5.0 (Windows NT 10.0; Win64; x64) AppleWebKit/537.36 (KHTML, like Gecko) Chrome/71.0.3578.98 Safari/537.36"
24.251.180.38 - - [30/Jan/2019:23:41:36 -0500] "POST /job.php HTTP/1.1" 200 14 "https://www.paladin-extensions.com/" "Mozilla/5.0 (Windows NT 10.0; Win64; x64) AppleWebKit/537.36 (KHTML, like Gecko) Chrome/71.0.3578.98 Safari/537.36"
24.251.180.38 - - [30/Jan/2019:23:41:37 -0500] "POST /job.php HTTP/1.1" 200 14 "https://www.paladin-extensions.com/members/" "Mozilla/5.0 (Windows NT 10.0; Win64; x64) AppleWebKit/537.36 (KHTML, like Gecko) Chrome/71.0.3578.98 Safari/537.36"
24.251.180.38 - - [30/Jan/2019:23:41:33 -0500] "POST /job.php HTTP/1.1" 200 13 "https://www.paladin-extensions.com/members/" "Mozilla/5.0 (Windows NT 10.0; Win64; x64) AppleWebKit/537.36 (KHTML, like Gecko) Chrome/71.0.3578.98 Safari/537.36"
24.251.180.38 - - [30/Jan/2019:23:41:37 -0500] "GET /steam/active-players/ HTTP/1.1" 303 - "https://www.paladin-extensions.com/members/" "Mozilla/5.0 (Windows NT 10.0; Win64; x64) AppleWebKit/537.36 (KHTML, like Gecko) Chrome/71.0.3578.98 Safari/537.36"
24.251.180.38 - - [30/Jan/2019:23:41:38 -0500] "GET / HTTP/1.1" 200 50031 "https://www.paladin-extensions.com/members/" "Mozilla/5.0 (Windows NT 10.0; Win64; x64) AppleWebKit/537.36 (KHTML, like Gecko) Chrome/71.0.3578.98 Safari/537.36"
24.251.180.38 - - [30/Jan/2019:23:41:38 -0500] "GET /proxy.php?image=https%3A%2F%2Fi.imgur.com%2Fr0tCHeM.png&hash=58dd2bbfaf81cbfcd2d3e7fbdd81cb6c HTTP/1.1" 304 - "https://www.paladin-extensions.com/" "Mozilla/5.0 (Windows NT 10.0; Win64; x64) AppleWebKit/537.36 (KHTML, like Gecko) Chrome/71.0.3578.98 Safari/537.36"
24.251.180.38 - - [30/Jan/2019:23:41:38 -0500] "POST /job.php HTTP/1.1" 200 13 "https://www.paladin-extensions.com/" "Mozilla/5.0 (Windows NT 10.0; Win64; x64) AppleWebKit/537.36 (KHTML, like Gecko) Chrome/71.0.3578.98 Safari/537.36"
24.251.180.38 - - [30/Jan/2019:23:41:38 -0500] "POST /job.php HTTP/1.1" 200 13 "https://www.paladin-extensions.com/" "Mozilla/5.0 (Windows NT 10.0; Win64; x64) AppleWebKit/537.36 (KHTML, like Gecko) Chrome/71.0.3578.98 Safari/537.36"
24.251.180.38 - - [30/Jan/2019:23:41:39 -0500] "POST /job.php HTTP/1.1" 200 13 "https://www.paladin-extensions.com/" "Mozilla/5.0 (Windows NT 10.0; Win64; x64) AppleWebKit/537.36 (KHTML, like Gecko) Chrome/71.0.3578.98 Safari/537.36"
24.251.180.38 - - [30/Jan/2019:23:41:39 -0500] "GET /index.php?shoutbox/refresh&last_id=139&_xfRequestUri=%2F&_xfWithData=1&_xfToken=1548909698%2C06aa13cef9d8fa763cfaf962fc5dff44&_xfResponseType=json HTTP/1.1" 200 119 "https://www.paladin-extensions.com/" "Mozilla/5.0 (Windows NT 10.0; Win64; x64) AppleWebKit/537.36 (KHTML, like Gecko) Chrome/71.0.3578.98 Safari/537.36"
24.251.180.38 - - [30/Jan/2019:23:41:39 -0500] "GET /admin.php HTTP/1.1" 200 2692 "https://www.paladin-extensions.com/" "Mozilla/5.0 (Windows NT 10.0; Win64; x64) AppleWebKit/537.36 (KHTML, like Gecko) Chrome/71.0.3578.98 Safari/537.36"
24.251.180.38 - - [30/Jan/2019:23:41:39 -0500] "POST /job.php HTTP/1.1" 200 13 "https://www.paladin-extensions.com/" "Mozilla/5.0 (Windows NT 10.0; Win64; x64) AppleWebKit/537.36 (KHTML, like Gecko) Chrome/71.0.3578.98 Safari/537.36"
24.251.180.38 - - [30/Jan/2019:23:41:39 -0500] "GET /js/vendor/jquery/jquery-3.2.1.min.js?_v=56a48e2b HTTP/1.1" 304 - "https://www.paladin-extensions.com/admin.php" "Mozilla/5.0 (Windows NT 10.0; Win64; x64) AppleWebKit/537.36 (KHTML, like Gecko) Chrome/71.0.3578.98 Safari/537.36"
24.251.180.38 - - [30/Jan/2019:23:41:39 -0500] "GET /js/xf/admin.min.js?_v=56a48e2b HTTP/1.1" 304 - "https://www.paladin-extensions.com/admin.php" "Mozilla/5.0 (Windows NT 10.0; Win64; x64) AppleWebKit/537.36 (KHTML, like Gecko) Chrome/71.0.3578.98 Safari/537.36"
24.251.180.38 - - [30/Jan/2019:23:41:39 -0500] "GET /styles/default/xenforo/xenforo-logo.png HTTP/1.1" 200 2070 "https://www.paladin-extensions.com/admin.php" "Mozilla/5.0 (Windows NT 10.0; Win64; x64) AppleWebKit/537.36 (KHTML, like Gecko) Chrome/71.0.3578.98 Safari/537.36"
24.251.180.38 - - [30/Jan/2019:23:41:39 -0500] "POST /job.php HTTP/1.1" 200 13 "https://www.paladin-extensions.com/" "Mozilla/5.0 (Windows NT 10.0; Win64; x64) AppleWebKit/537.36 (KHTML, like Gecko) Chrome/71.0.3578.98 Safari/537.36"
24.251.180.38 - - [30/Jan/2019:23:41:40 -0500] "GET /favicon.ico HTTP/1.1" 404 58218 "https://www.paladin-extensions.com/admin.php" "Mozilla/5.0 (Windows NT 10.0; Win64; x64) AppleWebKit/537.36 (KHTML, like Gecko) Chrome/71.0.3578.98 Safari/537.36"
24.251.180.38 - - [30/Jan/2019:23:41:40 -0500] "POST /job.php HTTP/1.1" 200 13 "https://www.paladin-extensions.com/admin.php" "Mozilla/5.0 (Windows NT 10.0; Win64; x64) AppleWebKit/537.36 (KHTML, like Gecko) Chrome/71.0.3578.98 Safari/537.36"
24.251.180.38 - - [30/Jan/2019:23:41:40 -0500] "POST /job.php HTTP/1.1" 200 14 "https://www.paladin-extensions.com/admin.php" "Mozilla/5.0 (Windows NT 10.0; Win64; x64) AppleWebKit/537.36 (KHTML, like Gecko) Chrome/71.0.3578.98 Safari/537.36"
24.251.180.38 - - [30/Jan/2019:23:41:40 -0500] "POST /job.php HTTP/1.1" 200 13 "https://www.paladin-extensions.com/" "Mozilla/5.0 (Windows NT 10.0; Win64; x64) AppleWebKit/537.36 (KHTML, like Gecko) Chrome/71.0.3578.98 Safari/537.36"
24.251.180.38 - - [30/Jan/2019:23:41:41 -0500] "POST /admin.php?login/login HTTP/1.1" 200 167 "https://www.paladin-extensions.com/admin.php" "Mozilla/5.0 (Windows NT 10.0; Win64; x64) AppleWebKit/537.36 (KHTML, like Gecko) Chrome/71.0.3578.98 Safari/537.36"
24.251.180.38 - - [30/Jan/2019:23:41:41 -0500] "GET /index.php?shoutbox/refresh&last_id=139&_xfRequestUri=%2F&_xfWithData=1&_xfToken=1548909698%2C06aa13cef9d8fa763cfaf962fc5dff44&_xfResponseType=json HTTP/1.1" 200 119 "https://www.paladin-extensions.com/" "Mozilla/5.0 (Windows NT 10.0; Win64; x64) AppleWebKit/537.36 (KHTML, like Gecko) Chrome/71.0.3578.98 Safari/537.36"
24.251.180.38 - - [30/Jan/2019:23:41:41 -0500] "POST /job.php HTTP/1.1" 200 13 "https://www.paladin-extensions.com/" "Mozilla/5.0 (Windows NT 10.0; Win64; x64) AppleWebKit/537.36 (KHTML, like Gecko) Chrome/71.0.3578.98 Safari/537.36"
24.251.180.38 - - [30/Jan/2019:23:41:41 -0500] "GET /admin.php HTTP/1.1" 200 253634 "https://www.paladin-extensions.com/admin.php" "Mozilla/5.0 (Windows NT 10.0; Win64; x64) AppleWebKit/537.36 (KHTML, like Gecko) Chrome/71.0.3578.98 Safari/537.36"
24.251.180.38 - - [30/Jan/2019:23:41:42 -0500] "GET /index.php?shoutbox/refresh&last_id=139&_xfRequestUri=%2F&_xfWithData=1&_xfToken=1548909698%2C06aa13cef9d8fa763cfaf962fc5dff44&_xfResponseType=json HTTP/1.1" 200 119 "https://www.paladin-extensions.com/" "Mozilla/5.0 (Windows NT 10.0; Win64; x64) AppleWebKit/537.36 (KHTML, like Gecko) Chrome/71.0.3578.98 Safari/537.36"
24.251.180.38 - - [30/Jan/2019:23:41:42 -0500] "POST /job.php HTTP/1.1" 200 13 "https://www.paladin-extensions.com/" "Mozilla/5.0 (Windows NT 10.0; Win64; x64) AppleWebKit/537.36 (KHTML, like Gecko) Chrome/71.0.3578.98 Safari/537.36"
24.251.180.38 - - [30/Jan/2019:23:41:42 -0500] "GET /js/xf/stats-compiled.js?_v=56a48e2b HTTP/1.1" 304 - "https://www.paladin-extensions.com/admin.php" "Mozilla/5.0 (Windows NT 10.0; Win64; x64) AppleWebKit/537.36 (KHTML, like Gecko) Chrome/71.0.3578.98 Safari/537.36"
24.251.180.38 - - [30/Jan/2019:23:41:43 -0500] "POST /job.php HTTP/1.1" 200 13 "https://www.paladin-extensions.com/admin.php" "Mozilla/5.0 (Windows NT 10.0; Win64; x64) AppleWebKit/537.36 (KHTML, like Gecko) Chrome/71.0.3578.98 Safari/537.36"
24.251.180.38 - - [30/Jan/2019:23:41:43 -0500] "GET /index.php?shoutbox/refresh&last_id=139&_xfRequestUri=%2F&_xfWithData=1&_xfToken=1548909698%2C06aa13cef9d8fa763cfaf962fc5dff44&_xfResponseType=json HTTP/1.1" 200 119 "https://www.paladin-extensions.com/" "Mozilla/5.0 (Windows NT 10.0; Win64; x64) AppleWebKit/537.36 (KHTML, like Gecko) Chrome/71.0.3578.98 Safari/537.36"
24.251.180.38 - - [30/Jan/2019:23:41:43 -0500] "POST /job.php HTTP/1.1" 200 13 "https://www.paladin-extensions.com/" "Mozilla/5.0 (Windows NT 10.0; Win64; x64) AppleWebKit/537.36 (KHTML, like Gecko) Chrome/71.0.3578.98 Safari/537.36"
