180.76.15.143 - - [06/Feb/2019:07:23:01 -0500] "GET /members/jorgi.12/ HTTP/1.1" 200 56107 "-" "Mozilla/5.0 (compatible; Baiduspider/2.0; +http://www.baidu.com/search/spider.html)"
178.154.244.132 - - [06/Feb/2019:07:23:51 -0500] "GET /members/inverse.44/trophies HTTP/1.1" 200 10259 "-" "Mozilla/5.0 (compatible; YandexBot/3.0; +http://yandex.com/bots)"
54.92.247.146 - - [06/Feb/2019:07:27:22 -0500] "GET / HTTP/1.1" 200 130000 "http://paladin-extensions.com/" "Mozilla/5.0 (Macintosh; Intel Mac OS X 10_13_4) AppleWebKit/537.36 (KHTML, like Gecko) Chrome/65.0.3325.181 Safari/537.36"
3.81.168.38 - - [06/Feb/2019:07:47:53 -0500] "GET / HTTP/1.1" 200 130000 "http://paladin-extensions.com/" "Mozilla/5.0 (Macintosh; Intel Mac OS X 10_13_4) AppleWebKit/537.36 (KHTML, like Gecko) Chrome/65.0.3325.181 Safari/537.36"
100.43.85.182 - - [06/Feb/2019:07:48:20 -0500] "GET /members/peachy.46/reaction-stats HTTP/1.1" 200 10799 "-" "Mozilla/5.0 (compatible; YandexBot/3.0; +http://yandex.com/bots)"
93.158.161.110 - - [06/Feb/2019:07:53:09 -0500] "GET /members/pumpfake.31/about HTTP/1.1" 200 10374 "-" "Mozilla/5.0 (compatible; YandexBot/3.0; +http://yandex.com/bots)"
54.92.247.146 - - [06/Feb/2019:08:07:01 -0500] "GET / HTTP/1.1" 200 130000 "http://paladin-extensions.com/" "Mozilla/5.0 (Macintosh; Intel Mac OS X 10_13_4) AppleWebKit/537.36 (KHTML, like Gecko) Chrome/65.0.3325.181 Safari/537.36"
207.46.13.96 - - [06/Feb/2019:08:15:04 -0500] "GET /styles/themehouse/reactions/agree.svg HTTP/1.1" 200 844 "-" "Mozilla/5.0 (compatible; bingbot/2.0; +http://www.bing.com/bingbot.htm)"
3.81.168.38 - - [06/Feb/2019:08:27:35 -0500] "GET / HTTP/1.1" 200 130000 "http://paladin-extensions.com/" "Mozilla/5.0 (Macintosh; Intel Mac OS X 10_13_4) AppleWebKit/537.36 (KHTML, like Gecko) Chrome/65.0.3325.181 Safari/537.36"
54.92.247.146 - - [06/Feb/2019:08:47:14 -0500] "GET / HTTP/1.1" 200 130000 "http://paladin-extensions.com/" "Mozilla/5.0 (Macintosh; Intel Mac OS X 10_13_4) AppleWebKit/537.36 (KHTML, like Gecko) Chrome/65.0.3325.181 Safari/537.36"
157.55.39.133 - - [06/Feb/2019:08:47:20 -0500] "GET /styles/themehouse/reactions/happy.svg HTTP/1.1" 200 1792 "-" "Mozilla/5.0 (compatible; bingbot/2.0; +http://www.bing.com/bingbot.htm)"
141.8.144.28 - - [06/Feb/2019:09:06:25 -0500] "GET /forums/media.22/ HTTP/1.1" 200 12012 "-" "Mozilla/5.0 (compatible; YandexBot/3.0; +http://yandex.com/bots)"
3.81.168.38 - - [06/Feb/2019:09:07:18 -0500] "GET / HTTP/1.1" 200 130000 "http://paladin-extensions.com/" "Mozilla/5.0 (Macintosh; Intel Mac OS X 10_13_4) AppleWebKit/537.36 (KHTML, like Gecko) Chrome/65.0.3325.181 Safari/537.36"
5.255.250.54 - - [06/Feb/2019:09:17:03 -0500] "GET /search/member?user_id=4 HTTP/1.1" 303 - "-" "Mozilla/5.0 (compatible; YandexBot/3.0; +http://yandex.com/bots)"
100.43.85.164 - - [06/Feb/2019:09:17:06 -0500] "GET /search/11/ HTTP/1.1" 200 10735 "-" "Mozilla/5.0 (compatible; YandexBot/3.0; +http://yandex.com/bots)"
77.88.47.14 - - [06/Feb/2019:09:17:31 -0500] "GET /members/zzzobobo.35/ HTTP/1.1" 200 12681 "-" "Mozilla/5.0 (compatible; YandexBot/3.0; +http://yandex.com/bots)"
37.9.87.171 - - [06/Feb/2019:09:20:19 -0500] "GET /profile-posts/3/ HTTP/1.1" 301 - "-" "Mozilla/5.0 (compatible; YandexBot/3.0; +http://yandex.com/bots)"
93.158.166.144 - - [06/Feb/2019:09:20:22 -0500] "GET /profile-posts/3/ HTTP/1.1" 301 - "-" "Mozilla/5.0 (compatible; YandexBot/3.0; +http://yandex.com/bots)"
54.92.247.146 - - [06/Feb/2019:09:27:23 -0500] "GET / HTTP/1.1" 200 130000 "http://paladin-extensions.com/" "Mozilla/5.0 (Macintosh; Intel Mac OS X 10_13_4) AppleWebKit/537.36 (KHTML, like Gecko) Chrome/65.0.3325.181 Safari/537.36"
54.92.247.146 - - [06/Feb/2019:09:47:19 -0500] "GET / HTTP/1.1" 200 130000 "http://paladin-extensions.com/" "Mozilla/5.0 (Macintosh; Intel Mac OS X 10_13_4) AppleWebKit/537.36 (KHTML, like Gecko) Chrome/65.0.3325.181 Safari/537.36"
46.229.168.136 - - [06/Feb/2019:09:48:14 -0500] "GET /robots.txt HTTP/1.1" 404 58142 "-" "Mozilla/5.0 (compatible; SemrushBot/3~bl; +http://www.semrush.com/bot.html)"
46.229.168.150 - - [06/Feb/2019:09:48:14 -0500] "GET /members/zoom-zoom.28/reactions?reaction_id=9&type=given HTTP/1.1" 200 10197 "-" "Mozilla/5.0 (compatible; SemrushBot/3~bl; +http://www.semrush.com/bot.html)"
52.53.201.78 - - [06/Feb/2019:09:56:31 -0500] "GET / HTTP/1.1" 200 38290 "http://www.paladin-extensions.com/" "Mozilla/5.0 (Macintosh; Intel Mac OS X 10_12_6) AppleWebKit/537.36 (KHTML, like Gecko) Chrome/61.0.3163.100 Safari/537.36"
54.92.247.146 - - [06/Feb/2019:10:07:08 -0500] "GET / HTTP/1.1" 200 130000 "http://paladin-extensions.com/" "Mozilla/5.0 (Macintosh; Intel Mac OS X 10_13_4) AppleWebKit/537.36 (KHTML, like Gecko) Chrome/65.0.3325.181 Safari/537.36"
66.249.79.193 - - [06/Feb/2019:10:23:32 -0500] "GET /js/xf/captcha.min.js?_v=560cc2ea HTTP/1.1" 200 1985 "https://www.paladin-extensions.com/lost-password/" "Mozilla/5.0 AppleWebKit/537.36 (KHTML, like Gecko; compatible; Googlebot/2.1; +http://www.google.com/bot.html) Safari/537.36"
66.249.79.220 - - [06/Feb/2019:10:23:35 -0500] "GET /js/themehouse/global/20180112.min.js?_v=560cc2ea HTTP/1.1" 200 3938 "https://www.paladin-extensions.com/lost-password/" "Mozilla/5.0 AppleWebKit/537.36 (KHTML, like Gecko; compatible; Googlebot/2.1; +http://www.google.com/bot.html) Safari/537.36"
66.249.79.222 - - [06/Feb/2019:10:23:36 -0500] "GET /css.php?css=public%3Anormalize.css%2Cpublic%3Acore.less%2Cpublic%3Aapp.less&s=8&l=1&d=1544303730&k=56a8f8f98ae4201a1d95aad9f134c20bd812cfeb HTTP/1.1" 200 62092 "https://www.paladin-extensions.com/lost-password/" "Mozilla/5.0 AppleWebKit/537.36 (KHTML, like Gecko; compatible; Googlebot/2.1; +http://www.google.com/bot.html) Safari/537.36"
54.92.247.146 - - [06/Feb/2019:10:27:22 -0500] "GET / HTTP/1.1" 200 130000 "http://paladin-extensions.com/" "Mozilla/5.0 (Macintosh; Intel Mac OS X 10_13_4) AppleWebKit/537.36 (KHTML, like Gecko) Chrome/65.0.3325.181 Safari/537.36"
3.81.168.38 - - [06/Feb/2019:10:47:12 -0500] "GET / HTTP/1.1" 200 130000 "http://paladin-extensions.com/" "Mozilla/5.0 (Macintosh; Intel Mac OS X 10_13_4) AppleWebKit/537.36 (KHTML, like Gecko) Chrome/65.0.3325.181 Safari/537.36"
180.76.15.9 - - [06/Feb/2019:10:49:35 -0500] "GET /posts/133/ HTTP/1.1" 301 - "-" "Mozilla/5.0 (compatible; Baiduspider/2.0; +http://www.baidu.com/search/spider.html)"
180.76.15.153 - - [06/Feb/2019:10:49:35 -0500] "GET /threads/cant-buy-pubg-or-rainbow-six.54/ HTTP/1.1" 200 58982 "-" "Mozilla/5.0 (compatible; Baiduspider/2.0; +http://www.baidu.com/search/spider.html)"
3.81.168.38 - - [06/Feb/2019:11:07:32 -0500] "GET / HTTP/1.1" 200 130000 "http://paladin-extensions.com/" "Mozilla/5.0 (Macintosh; Intel Mac OS X 10_13_4) AppleWebKit/537.36 (KHTML, like Gecko) Chrome/65.0.3325.181 Safari/537.36"
54.92.247.146 - - [06/Feb/2019:11:29:40 -0500] "GET / HTTP/1.1" 200 130000 "http://paladin-extensions.com/" "Mozilla/5.0 (Macintosh; Intel Mac OS X 10_13_4) AppleWebKit/537.36 (KHTML, like Gecko) Chrome/65.0.3325.181 Safari/537.36"
138.246.253.5 - - [06/Feb/2019:11:48:24 -0500] "HEAD / HTTP/1.1" 301 - "-" "Mozilla/5.0 (Windows NT 6.1; Win64; x64) AppleWebKit/537.36 (KHTML, like Gecko) Chrome/40.0.2214.85 Safari/537.36"
3.80.185.210 - - [06/Feb/2019:11:52:21 -0500] "GET / HTTP/1.1" 200 130000 "http://paladin-extensions.com/" "Mozilla/5.0 (Macintosh; Intel Mac OS X 10_13_4) AppleWebKit/537.36 (KHTML, like Gecko) Chrome/65.0.3325.181 Safari/537.36"
3.80.185.210 - - [06/Feb/2019:12:12:23 -0500] "GET / HTTP/1.1" 200 130000 "http://paladin-extensions.com/" "Mozilla/5.0 (Macintosh; Intel Mac OS X 10_13_4) AppleWebKit/537.36 (KHTML, like Gecko) Chrome/65.0.3325.181 Safari/537.36"
52.34.4.13 - - [06/Feb/2019:12:31:53 -0500] "GET / HTTP/1.1" 200 38300 "-" "Mozilla/5.0 (Windows NT 10.0; Win64; x64)AppleWebKit/537.36 (KHTML, like Gecko) Chrome/66.0.3359.181 Safari/537.36"
52.34.4.13 - - [06/Feb/2019:12:31:54 -0500] "GET / HTTP/1.1" 301 - "-" "Mozilla/5.0 (Windows NT 10.0; Win64; x64)AppleWebKit/537.36 (KHTML, like Gecko) Chrome/66.0.3359.181 Safari/537.36"
52.34.4.13 - - [06/Feb/2019:12:31:56 -0500] "GET / HTTP/1.1" 200 38305 "-" "Mozilla/5.0 (Windows NT 10.0; Win64; x64)AppleWebKit/537.36 (KHTML, like Gecko) Chrome/66.0.3359.181 Safari/537.36"
3.80.255.246 - - [06/Feb/2019:12:32:46 -0500] "GET / HTTP/1.1" 200 130000 "http://paladin-extensions.com/" "Mozilla/5.0 (Macintosh; Intel Mac OS X 10_13_4) AppleWebKit/537.36 (KHTML, like Gecko) Chrome/65.0.3325.181 Safari/537.36"
3.80.185.210 - - [06/Feb/2019:12:57:31 -0500] "GET / HTTP/1.1" 200 130000 "http://paladin-extensions.com/" "Mozilla/5.0 (Macintosh; Intel Mac OS X 10_13_4) AppleWebKit/537.36 (KHTML, like Gecko) Chrome/65.0.3325.181 Safari/537.36"
3.80.185.210 - - [06/Feb/2019:13:17:35 -0500] "GET / HTTP/1.1" 200 130000 "http://paladin-extensions.com/" "Mozilla/5.0 (Macintosh; Intel Mac OS X 10_13_4) AppleWebKit/537.36 (KHTML, like Gecko) Chrome/65.0.3325.181 Safari/537.36"
3.80.185.210 - - [06/Feb/2019:13:57:36 -0500] "GET / HTTP/1.1" 200 130000 "http://paladin-extensions.com/" "Mozilla/5.0 (Macintosh; Intel Mac OS X 10_13_4) AppleWebKit/537.36 (KHTML, like Gecko) Chrome/65.0.3325.181 Safari/537.36"
220.181.108.181 - - [06/Feb/2019:14:03:27 -0500] "GET /threads/2/ HTTP/1.1" 301 - "-" "Mozilla/5.0 (compatible; Baiduspider/2.0; +http://www.baidu.com/search/spider.html)"
220.181.108.109 - - [06/Feb/2019:14:03:30 -0500] "GET /threads/frequently-asked-questions.2/ HTTP/1.1" 200 62831 "-" "Mozilla/5.0 (compatible; Baiduspider/2.0; +http://www.baidu.com/search/spider.html)"
196.52.84.59 - - [06/Feb/2019:14:15:05 -0500] "GET /help/ HTTP/1.0" 200 41934 "-" "Mozilla/5.0 (Windows NT 10.0; Win64; x64) AppleWebKit/537.36 (KHTML, like Gecko) Chrome/71.0.3578.98 Safari/537.36"
52.90.190.196 - - [06/Feb/2019:14:17:59 -0500] "GET / HTTP/1.1" 200 130000 "http://paladin-extensions.com/" "Mozilla/5.0 (Macintosh; Intel Mac OS X 10_13_4) AppleWebKit/537.36 (KHTML, like Gecko) Chrome/65.0.3325.181 Safari/537.36"
3.80.185.210 - - [06/Feb/2019:14:42:28 -0500] "GET / HTTP/1.1" 200 130000 "http://paladin-extensions.com/" "Mozilla/5.0 (Macintosh; Intel Mac OS X 10_13_4) AppleWebKit/537.36 (KHTML, like Gecko) Chrome/65.0.3325.181 Safari/537.36"
157.55.39.36 - - [06/Feb/2019:14:49:02 -0500] "GET /robots.txt HTTP/1.1" 404 58136 "-" "Mozilla/5.0 (compatible; bingbot/2.0; +http://www.bing.com/bingbot.htm)"
157.55.39.36 - - [06/Feb/2019:14:49:02 -0500] "GET /robots.txt HTTP/1.1" 404 58136 "-" "Mozilla/5.0 (compatible; bingbot/2.0; +http://www.bing.com/bingbot.htm)"
207.46.13.133 - - [06/Feb/2019:14:49:07 -0500] "GET /whats-new/posts/ HTTP/1.1" 303 - "-" "Mozilla/5.0 (compatible; bingbot/2.0; +http://www.bing.com/bingbot.htm)"
207.46.13.133 - - [06/Feb/2019:14:49:08 -0500] "GET /whats-new/posts/8/ HTTP/1.1" 200 11267 "-" "Mozilla/5.0 (compatible; bingbot/2.0; +http://www.bing.com/bingbot.htm)"
180.76.15.19 - - [06/Feb/2019:14:51:25 -0500] "GET /history/ HTTP/1.1" 200 39050 "-" "Mozilla/5.0 (compatible; Baiduspider/2.0; +http://www.baidu.com/search/spider.html)"
3.80.185.210 - - [06/Feb/2019:15:02:40 -0500] "GET / HTTP/1.1" 200 130000 "http://paladin-extensions.com/" "Mozilla/5.0 (Macintosh; Intel Mac OS X 10_13_4) AppleWebKit/537.36 (KHTML, like Gecko) Chrome/65.0.3325.181 Safari/537.36"
66.249.79.193 - - [06/Feb/2019:15:19:01 -0500] "GET /css.php?css=public%3Ath_reactions.less%2Cpublic%3Athreactions_profile.less%2Cpublic%3Aextra.less&s=8&l=1&d=1544330071&k=9b0dd74e0a1d7ebde9bc74fa01c443c3499aed31 HTTP/1.1" 200 10050 "https://www.paladin-extensions.com/members/intra.14/reaction-stats" "Mozilla/5.0 AppleWebKit/537.36 (KHTML, like Gecko; compatible; Googlebot/2.1; +http://www.google.com/bot.html) Safari/537.36"
3.80.185.210 - - [06/Feb/2019:15:21:57 -0500] "GET / HTTP/1.1" 200 130000 "http://paladin-extensions.com/" "Mozilla/5.0 (Macintosh; Intel Mac OS X 10_13_4) AppleWebKit/537.36 (KHTML, like Gecko) Chrome/65.0.3325.181 Safari/537.36"
46.229.168.142 - - [06/Feb/2019:15:41:39 -0500] "GET /robots.txt HTTP/1.1" 404 58142 "-" "Mozilla/5.0 (compatible; SemrushBot/3~bl; +http://www.semrush.com/bot.html)"
46.229.168.147 - - [06/Feb/2019:15:41:39 -0500] "GET /members/proxy.33/trophies HTTP/1.1" 200 10509 "-" "Mozilla/5.0 (compatible; SemrushBot/3~bl; +http://www.semrush.com/bot.html)"
3.80.185.210 - - [06/Feb/2019:15:41:57 -0500] "GET / HTTP/1.1" 200 130000 "http://paladin-extensions.com/" "Mozilla/5.0 (Macintosh; Intel Mac OS X 10_13_4) AppleWebKit/537.36 (KHTML, like Gecko) Chrome/65.0.3325.181 Safari/537.36"
157.55.39.112 - - [06/Feb/2019:15:45:56 -0500] "GET /extensions/categories/free-extensions.2/ HTTP/1.1" 301 - "-" "Mozilla/5.0 (compatible; bingbot/2.0; +http://www.bing.com/bingbot.htm)"
3.80.185.210 - - [06/Feb/2019:16:02:04 -0500] "GET / HTTP/1.1" 200 130000 "http://paladin-extensions.com/" "Mozilla/5.0 (Macintosh; Intel Mac OS X 10_13_4) AppleWebKit/537.36 (KHTML, like Gecko) Chrome/65.0.3325.181 Safari/537.36"
3.80.185.210 - - [06/Feb/2019:16:22:26 -0500] "GET / HTTP/1.1" 200 130000 "http://paladin-extensions.com/" "Mozilla/5.0 (Macintosh; Intel Mac OS X 10_13_4) AppleWebKit/537.36 (KHTML, like Gecko) Chrome/65.0.3325.181 Safari/537.36"
3.80.185.210 - - [06/Feb/2019:16:41:50 -0500] "GET / HTTP/1.1" 200 130000 "http://paladin-extensions.com/" "Mozilla/5.0 (Macintosh; Intel Mac OS X 10_13_4) AppleWebKit/537.36 (KHTML, like Gecko) Chrome/65.0.3325.181 Safari/537.36"
180.76.15.25 - - [06/Feb/2019:16:51:14 -0500] "GET /threads/discord-and-steam-integration.56/post-135 HTTP/1.1" 301 - "-" "Mozilla/5.0 (compatible; Baiduspider/2.0; +http://www.baidu.com/search/spider.html)"
180.76.15.9 - - [06/Feb/2019:16:51:15 -0500] "GET /threads/discord-and-steam-integration.56/ HTTP/1.1" 200 56266 "-" "Mozilla/5.0 (compatible; Baiduspider/2.0; +http://www.baidu.com/search/spider.html)"
3.80.185.210 - - [06/Feb/2019:17:01:35 -0500] "GET / HTTP/1.1" 200 130000 "http://paladin-extensions.com/" "Mozilla/5.0 (Macintosh; Intel Mac OS X 10_13_4) AppleWebKit/537.36 (KHTML, like Gecko) Chrome/65.0.3325.181 Safari/537.36"
196.52.84.59 - - [06/Feb/2019:17:08:25 -0500] "GET /help/ HTTP/1.0" 200 41934 "-" "Mozilla/5.0 (Windows NT 10.0; Win64; x64) AppleWebKit/537.36 (KHTML, like Gecko) Chrome/71.0.3578.98 Safari/537.36"
3.80.185.210 - - [06/Feb/2019:17:22:01 -0500] "GET / HTTP/1.1" 200 130000 "http://paladin-extensions.com/" "Mozilla/5.0 (Macintosh; Intel Mac OS X 10_13_4) AppleWebKit/537.36 (KHTML, like Gecko) Chrome/65.0.3325.181 Safari/537.36"
178.154.244.132 - - [06/Feb/2019:17:42:15 -0500] "GET /robots.txt HTTP/1.1" 404 58132 "-" "Mozilla/5.0 (compatible; YandexBot/3.0; +http://yandex.com/bots)"
3.80.185.210 - - [06/Feb/2019:17:42:16 -0500] "GET / HTTP/1.1" 200 130000 "http://paladin-extensions.com/" "Mozilla/5.0 (Macintosh; Intel Mac OS X 10_13_4) AppleWebKit/537.36 (KHTML, like Gecko) Chrome/65.0.3325.181 Safari/537.36"
178.154.244.132 - - [06/Feb/2019:17:42:19 -0500] "GET /help/cookies/ HTTP/1.1" 200 12131 "-" "Mozilla/5.0 (compatible; YandexBot/3.0; +http://yandex.com/bots)"
93.158.161.96 - - [06/Feb/2019:17:48:50 -0500] "GET /members/terry-davis.4/trophies HTTP/1.1" 200 10871 "-" "Mozilla/5.0 (compatible; YandexBot/3.0; +http://yandex.com/bots)"
3.80.185.210 - - [06/Feb/2019:18:01:49 -0500] "GET / HTTP/1.1" 200 130000 "http://paladin-extensions.com/" "Mozilla/5.0 (Macintosh; Intel Mac OS X 10_13_4) AppleWebKit/537.36 (KHTML, like Gecko) Chrome/65.0.3325.181 Safari/537.36"
3.80.185.210 - - [06/Feb/2019:18:21:49 -0500] "GET / HTTP/1.1" 200 130000 "http://paladin-extensions.com/" "Mozilla/5.0 (Macintosh; Intel Mac OS X 10_13_4) AppleWebKit/537.36 (KHTML, like Gecko) Chrome/65.0.3325.181 Safari/537.36"
180.76.15.14 - - [06/Feb/2019:18:40:20 -0500] "GET /forums/media.22/ HTTP/1.1" 200 47156 "-" "Mozilla/5.0 (compatible; Baiduspider/2.0; +http://www.baidu.com/search/spider.html)"
3.80.185.210 - - [06/Feb/2019:18:41:45 -0500] "GET / HTTP/1.1" 200 130000 "http://paladin-extensions.com/" "Mozilla/5.0 (Macintosh; Intel Mac OS X 10_13_4) AppleWebKit/537.36 (KHTML, like Gecko) Chrome/65.0.3325.181 Safari/537.36"
174.3.135.102 - - [06/Feb/2019:18:56:51 -0500] "GET / HTTP/1.1" 200 51883 "-" "Mozilla/5.0 (Windows NT 10.0; Win64; x64) AppleWebKit/537.36 (KHTML, like Gecko) Chrome/71.0.3578.98 Safari/537.36"
174.3.135.102 - - [06/Feb/2019:18:56:52 -0500] "GET /proxy.php?image=https%3A%2F%2Fcdn.discordapp.com%2Fattachments%2F492142646912090114%2F541561138089820160%2Fterrorists-win_c_7219146.jpg&hash=1eed8987ec3094e94b17f49a40baf31b HTTP/1.1" 304 - "https://www.paladin-extensions.com/" "Mozilla/5.0 (Windows NT 10.0; Win64; x64) AppleWebKit/537.36 (KHTML, like Gecko) Chrome/71.0.3578.98 Safari/537.36"
174.3.135.102 - - [06/Feb/2019:18:56:52 -0500] "GET /proxy.php?image=https%3A%2F%2Fi.imgur.com%2Fr0tCHeM.png&hash=58dd2bbfaf81cbfcd2d3e7fbdd81cb6c HTTP/1.1" 304 - "https://www.paladin-extensions.com/" "Mozilla/5.0 (Windows NT 10.0; Win64; x64) AppleWebKit/537.36 (KHTML, like Gecko) Chrome/71.0.3578.98 Safari/537.36"
174.3.135.102 - - [06/Feb/2019:18:56:52 -0500] "GET /proxy.php?image=https%3A%2F%2Fcdn.discordapp.com%2Fattachments%2F492142646912090114%2F541564546448621568%2Fimage0-25.jpg&hash=68e7dffefcc2c104ee655bdbab1e7916 HTTP/1.1" 304 - "https://www.paladin-extensions.com/" "Mozilla/5.0 (Windows NT 10.0; Win64; x64) AppleWebKit/537.36 (KHTML, like Gecko) Chrome/71.0.3578.98 Safari/537.36"
174.3.135.102 - - [06/Feb/2019:18:56:52 -0500] "GET /proxy.php?image=https%3A%2F%2Fcdn.discordapp.com%2Fattachments%2F492142646912090114%2F541561296529653771%2FScreenshot_20190117-213756.png&hash=ddadf05cc4a19fc2124ed236a94bed90 HTTP/1.1" 304 - "https://www.paladin-extensions.com/" "Mozilla/5.0 (Windows NT 10.0; Win64; x64) AppleWebKit/537.36 (KHTML, like Gecko) Chrome/71.0.3578.98 Safari/537.36"
174.3.135.102 - - [06/Feb/2019:18:56:52 -0500] "GET /proxy.php?image=https%3A%2F%2Fcdn.discordapp.com%2Fattachments%2F492142646912090114%2F541582337079771136%2FScreenshot_20190203-042443.png&hash=14482d93545848ba26942d682ad47b27 HTTP/1.1" 304 - "https://www.paladin-extensions.com/" "Mozilla/5.0 (Windows NT 10.0; Win64; x64) AppleWebKit/537.36 (KHTML, like Gecko) Chrome/71.0.3578.98 Safari/537.36"
174.3.135.102 - - [06/Feb/2019:18:56:53 -0500] "GET /styles/default/siropu/shoutbox/new.mp3 HTTP/1.1" 304 - "https://www.paladin-extensions.com/" "Mozilla/5.0 (Windows NT 10.0; Win64; x64) AppleWebKit/537.36 (KHTML, like Gecko) Chrome/71.0.3578.98 Safari/537.36"
174.3.135.102 - - [06/Feb/2019:18:56:54 -0500] "GET /index.php?shoutbox/refresh&last_id=150&_xfRequestUri=%2F&_xfWithData=1&_xfToken=1549497412%2C1cf82d3a0588cf651adcf7dcdcbc0fe1&_xfResponseType=json HTTP/1.1" 200 119 "https://www.paladin-extensions.com/" "Mozilla/5.0 (Windows NT 10.0; Win64; x64) AppleWebKit/537.36 (KHTML, like Gecko) Chrome/71.0.3578.98 Safari/537.36"
174.3.135.102 - - [06/Feb/2019:18:56:55 -0500] "GET /index.php?shoutbox/refresh&last_id=150&_xfRequestUri=%2F&_xfWithData=1&_xfToken=1549497412%2C1cf82d3a0588cf651adcf7dcdcbc0fe1&_xfResponseType=json HTTP/1.1" 200 119 "https://www.paladin-extensions.com/" "Mozilla/5.0 (Windows NT 10.0; Win64; x64) AppleWebKit/537.36 (KHTML, like Gecko) Chrome/71.0.3578.98 Safari/537.36"
174.3.135.102 - - [06/Feb/2019:18:56:56 -0500] "GET /index.php?shoutbox/refresh&last_id=150&_xfRequestUri=%2F&_xfWithData=1&_xfToken=1549497412%2C1cf82d3a0588cf651adcf7dcdcbc0fe1&_xfResponseType=json HTTP/1.1" 200 119 "https://www.paladin-extensions.com/" "Mozilla/5.0 (Windows NT 10.0; Win64; x64) AppleWebKit/537.36 (KHTML, like Gecko) Chrome/71.0.3578.98 Safari/537.36"
174.3.135.102 - - [06/Feb/2019:18:56:57 -0500] "GET /index.php?shoutbox/refresh&last_id=150&_xfRequestUri=%2F&_xfWithData=1&_xfToken=1549497412%2C1cf82d3a0588cf651adcf7dcdcbc0fe1&_xfResponseType=json HTTP/1.1" 200 119 "https://www.paladin-extensions.com/" "Mozilla/5.0 (Windows NT 10.0; Win64; x64) AppleWebKit/537.36 (KHTML, like Gecko) Chrome/71.0.3578.98 Safari/537.36"
174.3.135.102 - - [06/Feb/2019:18:56:58 -0500] "GET /index.php?shoutbox/refresh&last_id=150&_xfRequestUri=%2F&_xfWithData=1&_xfToken=1549497412%2C1cf82d3a0588cf651adcf7dcdcbc0fe1&_xfResponseType=json HTTP/1.1" 200 119 "https://www.paladin-extensions.com/" "Mozilla/5.0 (Windows NT 10.0; Win64; x64) AppleWebKit/537.36 (KHTML, like Gecko) Chrome/71.0.3578.98 Safari/537.36"
174.3.135.102 - - [06/Feb/2019:18:56:58 -0500] "GET /posts/145/ HTTP/1.1" 301 - "https://www.paladin-extensions.com/" "Mozilla/5.0 (Windows NT 10.0; Win64; x64) AppleWebKit/537.36 (KHTML, like Gecko) Chrome/71.0.3578.98 Safari/537.36"
174.3.135.102 - - [06/Feb/2019:18:56:59 -0500] "GET /threads/bug-reporting-px-csgo.60/ HTTP/1.1" 200 28579 "https://www.paladin-extensions.com/" "Mozilla/5.0 (Windows NT 10.0; Win64; x64) AppleWebKit/537.36 (KHTML, like Gecko) Chrome/71.0.3578.98 Safari/537.36"
174.3.135.102 - - [06/Feb/2019:18:56:59 -0500] "GET /index.php?shoutbox/refresh&last_id=150&_xfRequestUri=%2F&_xfWithData=1&_xfToken=1549497412%2C1cf82d3a0588cf651adcf7dcdcbc0fe1&_xfResponseType=json HTTP/1.1" 200 119 "https://www.paladin-extensions.com/" "Mozilla/5.0 (Windows NT 10.0; Win64; x64) AppleWebKit/537.36 (KHTML, like Gecko) Chrome/71.0.3578.98 Safari/537.36"
174.3.135.102 - - [06/Feb/2019:18:56:59 -0500] "GET /css.php?css=public%3Aaloph_op_ribbon_style.less%2Cpublic%3Aattachments.less%2Cpublic%3Abb_code.less%2Cpublic%3Aeditor.less%2Cpublic%3Akl_em_froala_image.less%2Cpublic%3Akl_em_froala_special_characters.less%2Cpublic%3Akl_em_froala_table.less%2Cpublic%3Alightbox.less%2Cpublic%3Amessage.less%2Cpublic%3Amessage_macros_steam.less%2Cpublic%3Ashare_controls.less%2Cpublic%3Ath_reactions.less%2Cpublic%3Aextra.less&s=8&l=1&d=1549226017&k=b315973affddc61627f112accbb65895c2e794f9 HTTP/1.1" 200 33076 "https://www.paladin-extensions.com/threads/bug-reporting-px-csgo.60/" "Mozilla/5.0 (Windows NT 10.0; Win64; x64) AppleWebKit/537.36 (KHTML, like Gecko) Chrome/71.0.3578.98 Safari/537.36"
174.3.135.102 - - [06/Feb/2019:18:56:59 -0500] "POST /job.php HTTP/1.1" 200 14 "https://www.paladin-extensions.com/threads/bug-reporting-px-csgo.60/" "Mozilla/5.0 (Windows NT 10.0; Win64; x64) AppleWebKit/537.36 (KHTML, like Gecko) Chrome/71.0.3578.98 Safari/537.36"
174.3.135.102 - - [06/Feb/2019:18:57:05 -0500] "GET /members/bhopfu1.1/?tooltip=true&_xfRequestUri=%2Fthreads%2Fbug-reporting-px-csgo.60%2F&_xfWithData=1&_xfToken=1549497419%2C308ba362fbffb8fe3e93f2f8372174a2&_xfResponseType=json HTTP/1.1" 200 5539 "https://www.paladin-extensions.com/threads/bug-reporting-px-csgo.60/" "Mozilla/5.0 (Windows NT 10.0; Win64; x64) AppleWebKit/537.36 (KHTML, like Gecko) Chrome/71.0.3578.98 Safari/537.36"
174.3.135.102 - - [06/Feb/2019:18:57:05 -0500] "GET /css.php?css=public:member_tooltip.less&s=8&l=1&d=1549226017 HTTP/1.1" 200 503 "https://www.paladin-extensions.com/threads/bug-reporting-px-csgo.60/" "Mozilla/5.0 (Windows NT 10.0; Win64; x64) AppleWebKit/537.36 (KHTML, like Gecko) Chrome/71.0.3578.98 Safari/537.36"
174.3.135.102 - - [06/Feb/2019:18:56:53 -0500] "POST /job.php HTTP/1.1" 503 38152 "https://www.paladin-extensions.com/" "Mozilla/5.0 (Windows NT 10.0; Win64; x64) AppleWebKit/537.36 (KHTML, like Gecko) Chrome/71.0.3578.98 Safari/537.36"
54.236.44.7 - - [06/Feb/2019:19:02:20 -0500] "GET / HTTP/1.1" 200 131756 "http://paladin-extensions.com/" "Mozilla/5.0 (Macintosh; Intel Mac OS X 10_13_4) AppleWebKit/537.36 (KHTML, like Gecko) Chrome/65.0.3325.181 Safari/537.36"
54.236.44.7 - - [06/Feb/2019:19:22:32 -0500] "GET / HTTP/1.1" 200 130000 "http://paladin-extensions.com/" "Mozilla/5.0 (Macintosh; Intel Mac OS X 10_13_4) AppleWebKit/537.36 (KHTML, like Gecko) Chrome/65.0.3325.181 Safari/537.36"
54.236.44.7 - - [06/Feb/2019:19:42:22 -0500] "GET / HTTP/1.1" 200 130000 "http://paladin-extensions.com/" "Mozilla/5.0 (Macintosh; Intel Mac OS X 10_13_4) AppleWebKit/537.36 (KHTML, like Gecko) Chrome/65.0.3325.181 Safari/537.36"
180.76.15.7 - - [06/Feb/2019:19:46:59 -0500] "GET /js/xf/core-compiled.js HTTP/1.1" 200 160952 "-" "Mozilla/5.0 (compatible; Baiduspider/2.0; +http://www.baidu.com/search/spider.html)"
54.236.44.7 - - [06/Feb/2019:20:02:32 -0500] "GET / HTTP/1.1" 200 130000 "http://paladin-extensions.com/" "Mozilla/5.0 (Macintosh; Intel Mac OS X 10_13_4) AppleWebKit/537.36 (KHTML, like Gecko) Chrome/65.0.3325.181 Safari/537.36"
54.236.44.7 - - [06/Feb/2019:20:22:19 -0500] "GET / HTTP/1.1" 200 130000 "http://paladin-extensions.com/" "Mozilla/5.0 (Macintosh; Intel Mac OS X 10_13_4) AppleWebKit/537.36 (KHTML, like Gecko) Chrome/65.0.3325.181 Safari/537.36"
3.82.121.104 - - [06/Feb/2019:20:42:19 -0500] "GET / HTTP/1.1" 200 130000 "http://paladin-extensions.com/" "Mozilla/5.0 (Macintosh; Intel Mac OS X 10_13_4) AppleWebKit/537.36 (KHTML, like Gecko) Chrome/65.0.3325.181 Safari/537.36"
24.251.180.38 - - [06/Feb/2019:21:01:30 -0500] "GET / HTTP/1.1" 200 50831 "-" "Mozilla/5.0 (Windows NT 10.0; Win64; x64) AppleWebKit/537.36 (KHTML, like Gecko) Chrome/71.0.3578.98 Safari/537.36"
24.251.180.38 - - [06/Feb/2019:21:01:31 -0500] "GET /js/xf/preamble-compiled.js?_v=56a48e2b HTTP/1.1" 200 7764 "https://www.paladin-extensions.com/" "Mozilla/5.0 (Windows NT 10.0; Win64; x64) AppleWebKit/537.36 (KHTML, like Gecko) Chrome/71.0.3578.98 Safari/537.36"
24.251.180.38 - - [06/Feb/2019:21:01:31 -0500] "GET /styles/uix_dark/fonts/icons/material-icons/css/materialdesignicons.min.css HTTP/1.1" 200 18636 "https://www.paladin-extensions.com/" "Mozilla/5.0 (Windows NT 10.0; Win64; x64) AppleWebKit/537.36 (KHTML, like Gecko) Chrome/71.0.3578.98 Safari/537.36"
24.251.180.38 - - [06/Feb/2019:21:01:31 -0500] "GET /styles/uix_dark/images/uix-logo.png HTTP/1.1" 200 109563 "https://www.paladin-extensions.com/" "Mozilla/5.0 (Windows NT 10.0; Win64; x64) AppleWebKit/537.36 (KHTML, like Gecko) Chrome/71.0.3578.98 Safari/537.36"
24.251.180.38 - - [06/Feb/2019:21:01:31 -0500] "GET /styles/uix_dark/images/uix-brandmark.png HTTP/1.1" 200 112246 "https://www.paladin-extensions.com/" "Mozilla/5.0 (Windows NT 10.0; Win64; x64) AppleWebKit/537.36 (KHTML, like Gecko) Chrome/71.0.3578.98 Safari/537.36"
24.251.180.38 - - [06/Feb/2019:21:01:31 -0500] "GET /css.php?css=public%3Aandy_countdown.less%2Cpublic%3Aeditor.less%2Cpublic%3Alightbox.less%2Cpublic%3Anode_list.less%2Cpublic%3Asiropu_shoutbox.less%2Cpublic%3Ath_reactions.less%2Cpublic%3Ath_widget_post_thread_uix.less%2Cpublic%3Awidget_ah_discord.less%2Cpublic%3Aextra.less&s=8&l=1&d=1549226017&k=ec436b85afd8a5a199dc8d8d63a55ffd92837231 HTTP/1.1" 200 26587 "https://www.paladin-extensions.com/" "Mozilla/5.0 (Windows NT 10.0; Win64; x64) AppleWebKit/537.36 (KHTML, like Gecko) Chrome/71.0.3578.98 Safari/537.36"
24.251.180.38 - - [06/Feb/2019:21:01:31 -0500] "GET /css.php?css=public%3Anormalize.css%2Cpublic%3Acore.less%2Cpublic%3Aapp.less&s=8&l=1&d=1549226017&k=edf6cfeed2b8b8213808b1692c79649ca17f77fa HTTP/1.1" 200 62092 "https://www.paladin-extensions.com/" "Mozilla/5.0 (Windows NT 10.0; Win64; x64) AppleWebKit/537.36 (KHTML, like Gecko) Chrome/71.0.3578.98 Safari/537.36"
24.251.180.38 - - [06/Feb/2019:21:01:32 -0500] "GET /js/vendor/vendor-compiled.js?_v=56a48e2b HTTP/1.1" 200 17856 "https://www.paladin-extensions.com/" "Mozilla/5.0 (Windows NT 10.0; Win64; x64) AppleWebKit/537.36 (KHTML, like Gecko) Chrome/71.0.3578.98 Safari/537.36"
24.251.180.38 - - [06/Feb/2019:21:01:32 -0500] "GET /data/avatars/s/0/26.jpg?1528514454 HTTP/1.1" 200 1722 "https://www.paladin-extensions.com/" "Mozilla/5.0 (Windows NT 10.0; Win64; x64) AppleWebKit/537.36 (KHTML, like Gecko) Chrome/71.0.3578.98 Safari/537.36"
24.251.180.38 - - [06/Feb/2019:21:01:32 -0500] "GET /data/avatars/s/0/25.jpg?1544675776 HTTP/1.1" 200 1570 "https://www.paladin-extensions.com/" "Mozilla/5.0 (Windows NT 10.0; Win64; x64) AppleWebKit/537.36 (KHTML, like Gecko) Chrome/71.0.3578.98 Safari/537.36"
24.251.180.38 - - [06/Feb/2019:21:01:32 -0500] "GET /js/xf/core-compiled.js?_v=56a48e2b HTTP/1.1" 200 47440 "https://www.paladin-extensions.com/" "Mozilla/5.0 (Windows NT 10.0; Win64; x64) AppleWebKit/537.36 (KHTML, like Gecko) Chrome/71.0.3578.98 Safari/537.36"
24.251.180.38 - - [06/Feb/2019:21:01:32 -0500] "GET /data/avatars/s/0/12.jpg?1519321709 HTTP/1.1" 200 1785 "https://www.paladin-extensions.com/" "Mozilla/5.0 (Windows NT 10.0; Win64; x64) AppleWebKit/537.36 (KHTML, like Gecko) Chrome/71.0.3578.98 Safari/537.36"
24.251.180.38 - - [06/Feb/2019:21:01:32 -0500] "GET /js/themehouse/uix_dark/index.min.js?_v=56a48e2b HTTP/1.1" 200 2382 "https://www.paladin-extensions.com/" "Mozilla/5.0 (Windows NT 10.0; Win64; x64) AppleWebKit/537.36 (KHTML, like Gecko) Chrome/71.0.3578.98 Safari/537.36"
24.251.180.38 - - [06/Feb/2019:21:01:32 -0500] "GET /data/avatars/s/0/8.jpg?1519456264 HTTP/1.1" 200 1973 "https://www.paladin-extensions.com/" "Mozilla/5.0 (Windows NT 10.0; Win64; x64) AppleWebKit/537.36 (KHTML, like Gecko) Chrome/71.0.3578.98 Safari/537.36"
24.251.180.38 - - [06/Feb/2019:21:01:32 -0500] "GET /js/themehouse/uix_dark/defer.min.js?_v=56a48e2b HTTP/1.1" 200 5041 "https://www.paladin-extensions.com/" "Mozilla/5.0 (Windows NT 10.0; Win64; x64) AppleWebKit/537.36 (KHTML, like Gecko) Chrome/71.0.3578.98 Safari/537.36"
24.251.180.38 - - [06/Feb/2019:21:01:32 -0500] "GET /data/avatars/s/0/1.jpg?1538028194 HTTP/1.1" 200 3345 "https://www.paladin-extensions.com/" "Mozilla/5.0 (Windows NT 10.0; Win64; x64) AppleWebKit/537.36 (KHTML, like Gecko) Chrome/71.0.3578.98 Safari/537.36"
24.251.180.38 - - [06/Feb/2019:21:01:32 -0500] "GET /js/themehouse/uix_dark/ripple.min.js?_v=56a48e2b HTTP/1.1" 200 692 "https://www.paladin-extensions.com/" "Mozilla/5.0 (Windows NT 10.0; Win64; x64) AppleWebKit/537.36 (KHTML, like Gecko) Chrome/71.0.3578.98 Safari/537.36"
24.251.180.38 - - [06/Feb/2019:21:01:32 -0500] "GET /data/avatars/s/0/2.jpg?1515800046 HTTP/1.1" 200 1696 "https://www.paladin-extensions.com/" "Mozilla/5.0 (Windows NT 10.0; Win64; x64) AppleWebKit/537.36 (KHTML, like Gecko) Chrome/71.0.3578.98 Safari/537.36"
24.251.180.38 - - [06/Feb/2019:21:01:32 -0500] "GET /js/xf/lightbox-compiled.js?_v=56a48e2b HTTP/1.1" 200 14071 "https://www.paladin-extensions.com/" "Mozilla/5.0 (Windows NT 10.0; Win64; x64) AppleWebKit/537.36 (KHTML, like Gecko) Chrome/71.0.3578.98 Safari/537.36"
24.251.180.38 - - [06/Feb/2019:21:01:32 -0500] "GET /data/avatars/s/0/4.jpg?1533106845 HTTP/1.1" 200 1596 "https://www.paladin-extensions.com/" "Mozilla/5.0 (Windows NT 10.0; Win64; x64) AppleWebKit/537.36 (KHTML, like Gecko) Chrome/71.0.3578.98 Safari/537.36"
24.251.180.38 - - [06/Feb/2019:21:01:32 -0500] "GET /styles/uix_dark/fonts/icons/material-icons/fonts/materialdesignicons-webfont.woff2?v=2.3.54 HTTP/1.1" 200 125384 "https://www.paladin-extensions.com/styles/uix_dark/fonts/icons/material-icons/css/materialdesignicons.min.css" "Mozilla/5.0 (Windows NT 10.0; Win64; x64) AppleWebKit/537.36 (KHTML, like Gecko) Chrome/71.0.3578.98 Safari/537.36"
24.251.180.38 - - [06/Feb/2019:21:01:32 -0500] "GET /js/themehouse/global/20180112.min.js?_v=56a48e2b HTTP/1.1" 200 3938 "https://www.paladin-extensions.com/" "Mozilla/5.0 (Windows NT 10.0; Win64; x64) AppleWebKit/537.36 (KHTML, like Gecko) Chrome/71.0.3578.98 Safari/537.36"
24.251.180.38 - - [06/Feb/2019:21:01:32 -0500] "GET /data/avatars/s/0/32.jpg?1529285509 HTTP/1.1" 200 5274 "https://www.paladin-extensions.com/" "Mozilla/5.0 (Windows NT 10.0; Win64; x64) AppleWebKit/537.36 (KHTML, like Gecko) Chrome/71.0.3578.98 Safari/537.36"
24.251.180.38 - - [06/Feb/2019:21:01:32 -0500] "GET /data/avatars/s/0/15.jpg?1519322140 HTTP/1.1" 200 1416 "https://www.paladin-extensions.com/" "Mozilla/5.0 (Windows NT 10.0; Win64; x64) AppleWebKit/537.36 (KHTML, like Gecko) Chrome/71.0.3578.98 Safari/537.36"
24.251.180.38 - - [06/Feb/2019:21:01:32 -0500] "GET /js/siropu/shoutbox/core.min.js?_v=56a48e2b HTTP/1.1" 200 2470 "https://www.paladin-extensions.com/" "Mozilla/5.0 (Windows NT 10.0; Win64; x64) AppleWebKit/537.36 (KHTML, like Gecko) Chrome/71.0.3578.98 Safari/537.36"
24.251.180.38 - - [06/Feb/2019:21:01:32 -0500] "GET /styles/default/xenforo/smilies/emojione/sprite_sheet_emojione.png HTTP/1.1" 200 88702 "https://www.paladin-extensions.com/css.php?css=public%3Anormalize.css%2Cpublic%3Acore.less%2Cpublic%3Aapp.less&s=8&l=1&d=1549226017&k=edf6cfeed2b8b8213808b1692c79649ca17f77fa" "Mozilla/5.0 (Windows NT 10.0; Win64; x64) AppleWebKit/537.36 (KHTML, like Gecko) Chrome/71.0.3578.98 Safari/537.36"
24.251.180.38 - - [06/Feb/2019:21:01:32 -0500] "GET /proxy.php?image=https%3A%2F%2Fcdn.discordapp.com%2Fattachments%2F492142646912090114%2F541564546448621568%2Fimage0-25.jpg&hash=68e7dffefcc2c104ee655bdbab1e7916 HTTP/1.1" 200 538669 "https://www.paladin-extensions.com/" "Mozilla/5.0 (Windows NT 10.0; Win64; x64) AppleWebKit/537.36 (KHTML, like Gecko) Chrome/71.0.3578.98 Safari/537.36"
24.251.180.38 - - [06/Feb/2019:21:01:32 -0500] "GET /proxy.php?image=https%3A%2F%2Fi.imgur.com%2Fr0tCHeM.png&hash=58dd2bbfaf81cbfcd2d3e7fbdd81cb6c HTTP/1.1" 200 14887 "https://www.paladin-extensions.com/" "Mozilla/5.0 (Windows NT 10.0; Win64; x64) AppleWebKit/537.36 (KHTML, like Gecko) Chrome/71.0.3578.98 Safari/537.36"
24.251.180.38 - - [06/Feb/2019:21:01:32 -0500] "GET /proxy.php?image=https%3A%2F%2Fcdn.discordapp.com%2Fattachments%2F492142646912090114%2F541561138089820160%2Fterrorists-win_c_7219146.jpg&hash=1eed8987ec3094e94b17f49a40baf31b HTTP/1.1" 200 121836 "https://www.paladin-extensions.com/" "Mozilla/5.0 (Windows NT 10.0; Win64; x64) AppleWebKit/537.36 (KHTML, like Gecko) Chrome/71.0.3578.98 Safari/537.36"
24.251.180.38 - - [06/Feb/2019:21:01:32 -0500] "GET /proxy.php?image=https%3A%2F%2Fcdn.discordapp.com%2Fattachments%2F492142646912090114%2F541561296529653771%2FScreenshot_20190117-213756.png&hash=ddadf05cc4a19fc2124ed236a94bed90 HTTP/1.1" 200 983975 "https://www.paladin-extensions.com/" "Mozilla/5.0 (Windows NT 10.0; Win64; x64) AppleWebKit/537.36 (KHTML, like Gecko) Chrome/71.0.3578.98 Safari/537.36"
24.251.180.38 - - [06/Feb/2019:21:01:32 -0500] "GET /styles/default/siropu/shoutbox/new.mp3 HTTP/1.1" 304 - "https://www.paladin-extensions.com/" "Mozilla/5.0 (Windows NT 10.0; Win64; x64) AppleWebKit/537.36 (KHTML, like Gecko) Chrome/71.0.3578.98 Safari/537.36"
24.251.180.38 - - [06/Feb/2019:21:01:32 -0500] "GET /proxy.php?image=https%3A%2F%2Fcdn.discordapp.com%2Fattachments%2F492142646912090114%2F541582337079771136%2FScreenshot_20190203-042443.png&hash=14482d93545848ba26942d682ad47b27 HTTP/1.1" 200 1732445 "https://www.paladin-extensions.com/" "Mozilla/5.0 (Windows NT 10.0; Win64; x64) AppleWebKit/537.36 (KHTML, like Gecko) Chrome/71.0.3578.98 Safari/537.36"
24.251.180.38 - - [06/Feb/2019:21:01:33 -0500] "GET /index.php?shoutbox/refresh&last_id=150&_xfRequestUri=%2F&_xfWithData=1&_xfToken=1549504891%2C2fe596a51dd9237ea0e2eb529e89a2a4&_xfResponseType=json HTTP/1.1" 200 119 "https://www.paladin-extensions.com/" "Mozilla/5.0 (Windows NT 10.0; Win64; x64) AppleWebKit/537.36 (KHTML, like Gecko) Chrome/71.0.3578.98 Safari/537.36"
24.251.180.38 - - [06/Feb/2019:21:01:34 -0500] "GET /index.php?shoutbox/refresh&last_id=150&_xfRequestUri=%2F&_xfWithData=1&_xfToken=1549504891%2C2fe596a51dd9237ea0e2eb529e89a2a4&_xfResponseType=json HTTP/1.1" 200 119 "https://www.paladin-extensions.com/" "Mozilla/5.0 (Windows NT 10.0; Win64; x64) AppleWebKit/537.36 (KHTML, like Gecko) Chrome/71.0.3578.98 Safari/537.36"
24.251.180.38 - - [06/Feb/2019:21:01:35 -0500] "GET /index.php?shoutbox/refresh&last_id=150&_xfRequestUri=%2F&_xfWithData=1&_xfToken=1549504891%2C2fe596a51dd9237ea0e2eb529e89a2a4&_xfResponseType=json HTTP/1.1" 200 119 "https://www.paladin-extensions.com/" "Mozilla/5.0 (Windows NT 10.0; Win64; x64) AppleWebKit/537.36 (KHTML, like Gecko) Chrome/71.0.3578.98 Safari/537.36"
24.251.180.38 - - [06/Feb/2019:21:01:35 -0500] "GET /posts/145/ HTTP/1.1" 301 - "https://www.paladin-extensions.com/" "Mozilla/5.0 (Windows NT 10.0; Win64; x64) AppleWebKit/537.36 (KHTML, like Gecko) Chrome/71.0.3578.98 Safari/537.36"
24.251.180.38 - - [06/Feb/2019:21:01:36 -0500] "GET /threads/bug-reporting-px-csgo.60/ HTTP/1.1" 200 26715 "https://www.paladin-extensions.com/" "Mozilla/5.0 (Windows NT 10.0; Win64; x64) AppleWebKit/537.36 (KHTML, like Gecko) Chrome/71.0.3578.98 Safari/537.36"
24.251.180.38 - - [06/Feb/2019:21:01:36 -0500] "GET /index.php?shoutbox/refresh&last_id=150&_xfRequestUri=%2F&_xfWithData=1&_xfToken=1549504891%2C2fe596a51dd9237ea0e2eb529e89a2a4&_xfResponseType=json HTTP/1.1" 200 119 "https://www.paladin-extensions.com/" "Mozilla/5.0 (Windows NT 10.0; Win64; x64) AppleWebKit/537.36 (KHTML, like Gecko) Chrome/71.0.3578.98 Safari/537.36"
24.251.180.38 - - [06/Feb/2019:21:01:36 -0500] "GET /data/avatars/m/0/1.jpg?1538028194 HTTP/1.1" 200 8933 "https://www.paladin-extensions.com/threads/bug-reporting-px-csgo.60/" "Mozilla/5.0 (Windows NT 10.0; Win64; x64) AppleWebKit/537.36 (KHTML, like Gecko) Chrome/71.0.3578.98 Safari/537.36"
24.251.180.38 - - [06/Feb/2019:21:01:36 -0500] "GET /js/xf/inline_mod.min.js?_v=56a48e2b HTTP/1.1" 200 2390 "https://www.paladin-extensions.com/threads/bug-reporting-px-csgo.60/" "Mozilla/5.0 (Windows NT 10.0; Win64; x64) AppleWebKit/537.36 (KHTML, like Gecko) Chrome/71.0.3578.98 Safari/537.36"
24.251.180.38 - - [06/Feb/2019:21:01:36 -0500] "GET /js/editor-manager/hide-refresh.js?_v=56a48e2b HTTP/1.1" 200 385 "https://www.paladin-extensions.com/threads/bug-reporting-px-csgo.60/" "Mozilla/5.0 (Windows NT 10.0; Win64; x64) AppleWebKit/537.36 (KHTML, like Gecko) Chrome/71.0.3578.98 Safari/537.36"
24.251.180.38 - - [06/Feb/2019:21:01:36 -0500] "GET /css.php?css=public%3Aaloph_op_ribbon_style.less%2Cpublic%3Aattachments.less%2Cpublic%3Abb_code.less%2Cpublic%3Aeditor.less%2Cpublic%3Akl_em_froala_image.less%2Cpublic%3Akl_em_froala_special_characters.less%2Cpublic%3Akl_em_froala_table.less%2Cpublic%3Alightbox.less%2Cpublic%3Amessage.less%2Cpublic%3Amessage_macros_steam.less%2Cpublic%3Ashare_controls.less%2Cpublic%3Ath_reactions.less%2Cpublic%3Aextra.less&s=8&l=1&d=1549226017&k=b315973affddc61627f112accbb65895c2e794f9 HTTP/1.1" 200 33076 "https://www.paladin-extensions.com/threads/bug-reporting-px-csgo.60/" "Mozilla/5.0 (Windows NT 10.0; Win64; x64) AppleWebKit/537.36 (KHTML, like Gecko) Chrome/71.0.3578.98 Safari/537.36"
24.251.180.38 - - [06/Feb/2019:21:01:36 -0500] "GET /js/themehouse/reactions/react.js?_v=56a48e2b HTTP/1.1" 200 3499 "https://www.paladin-extensions.com/threads/bug-reporting-px-csgo.60/" "Mozilla/5.0 (Windows NT 10.0; Win64; x64) AppleWebKit/537.36 (KHTML, like Gecko) Chrome/71.0.3578.98 Safari/537.36"
24.251.180.38 - - [06/Feb/2019:21:01:37 -0500] "GET /js/xf/message.min.js?_v=56a48e2b HTTP/1.1" 200 5930 "https://www.paladin-extensions.com/threads/bug-reporting-px-csgo.60/" "Mozilla/5.0 (Windows NT 10.0; Win64; x64) AppleWebKit/537.36 (KHTML, like Gecko) Chrome/71.0.3578.98 Safari/537.36"
24.251.180.38 - - [06/Feb/2019:21:01:37 -0500] "GET /styles/themehouse/reactions/creative.svg HTTP/1.1" 200 1769 "https://www.paladin-extensions.com/threads/bug-reporting-px-csgo.60/" "Mozilla/5.0 (Windows NT 10.0; Win64; x64) AppleWebKit/537.36 (KHTML, like Gecko) Chrome/71.0.3578.98 Safari/537.36"
24.251.180.38 - - [06/Feb/2019:21:01:37 -0500] "GET /styles/themehouse/reactions/sad.svg HTTP/1.1" 200 2237 "https://www.paladin-extensions.com/threads/bug-reporting-px-csgo.60/" "Mozilla/5.0 (Windows NT 10.0; Win64; x64) AppleWebKit/537.36 (KHTML, like Gecko) Chrome/71.0.3578.98 Safari/537.36"
24.251.180.38 - - [06/Feb/2019:21:01:37 -0500] "GET /js/editor-manager/plugins/dropdowns.plugin.min.js?_v=56a48e2b HTTP/1.1" 200 538 "https://www.paladin-extensions.com/threads/bug-reporting-px-csgo.60/" "Mozilla/5.0 (Windows NT 10.0; Win64; x64) AppleWebKit/537.36 (KHTML, like Gecko) Chrome/71.0.3578.98 Safari/537.36"
24.251.180.38 - - [06/Feb/2019:21:01:37 -0500] "GET /styles/themehouse/reactions/happy.svg HTTP/1.1" 200 1792 "https://www.paladin-extensions.com/threads/bug-reporting-px-csgo.60/" "Mozilla/5.0 (Windows NT 10.0; Win64; x64) AppleWebKit/537.36 (KHTML, like Gecko) Chrome/71.0.3578.98 Safari/537.36"
24.251.180.38 - - [06/Feb/2019:21:01:37 -0500] "GET /styles/themehouse/reactions/disagree.svg HTTP/1.1" 200 893 "https://www.paladin-extensions.com/threads/bug-reporting-px-csgo.60/" "Mozilla/5.0 (Windows NT 10.0; Win64; x64) AppleWebKit/537.36 (KHTML, like Gecko) Chrome/71.0.3578.98 Safari/537.36"
24.251.180.38 - - [06/Feb/2019:21:01:37 -0500] "GET /styles/themehouse/reactions/funny.svg HTTP/1.1" 200 2163 "https://www.paladin-extensions.com/threads/bug-reporting-px-csgo.60/" "Mozilla/5.0 (Windows NT 10.0; Win64; x64) AppleWebKit/537.36 (KHTML, like Gecko) Chrome/71.0.3578.98 Safari/537.36"
24.251.180.38 - - [06/Feb/2019:21:01:37 -0500] "GET /styles/themehouse/reactions/dislike.svg HTTP/1.1" 200 1581 "https://www.paladin-extensions.com/threads/bug-reporting-px-csgo.60/" "Mozilla/5.0 (Windows NT 10.0; Win64; x64) AppleWebKit/537.36 (KHTML, like Gecko) Chrome/71.0.3578.98 Safari/537.36"
24.251.180.38 - - [06/Feb/2019:21:01:37 -0500] "GET /styles/themehouse/reactions/informative.svg HTTP/1.1" 200 1166 "https://www.paladin-extensions.com/threads/bug-reporting-px-csgo.60/" "Mozilla/5.0 (Windows NT 10.0; Win64; x64) AppleWebKit/537.36 (KHTML, like Gecko) Chrome/71.0.3578.98 Safari/537.36"
24.251.180.38 - - [06/Feb/2019:21:01:37 -0500] "GET /styles/themehouse/reactions/angry.svg HTTP/1.1" 200 1688 "https://www.paladin-extensions.com/threads/bug-reporting-px-csgo.60/" "Mozilla/5.0 (Windows NT 10.0; Win64; x64) AppleWebKit/537.36 (KHTML, like Gecko) Chrome/71.0.3578.98 Safari/537.36"
24.251.180.38 - - [06/Feb/2019:21:01:37 -0500] "GET /styles/themehouse/reactions/useful.svg HTTP/1.1" 200 2186 "https://www.paladin-extensions.com/threads/bug-reporting-px-csgo.60/" "Mozilla/5.0 (Windows NT 10.0; Win64; x64) AppleWebKit/537.36 (KHTML, like Gecko) Chrome/71.0.3578.98 Safari/537.36"
24.251.180.38 - - [06/Feb/2019:21:01:37 -0500] "GET /js/editor-manager/plugins/justify.plugin.min.js?_v=56a48e2b HTTP/1.1" 200 253 "https://www.paladin-extensions.com/threads/bug-reporting-px-csgo.60/" "Mozilla/5.0 (Windows NT 10.0; Win64; x64) AppleWebKit/537.36 (KHTML, like Gecko) Chrome/71.0.3578.98 Safari/537.36"
24.251.180.38 - - [06/Feb/2019:21:01:37 -0500] "GET /js/vendor/froala/plugins/special_characters.min.js?_v=56a48e2b HTTP/1.1" 200 5527 "https://www.paladin-extensions.com/threads/bug-reporting-px-csgo.60/" "Mozilla/5.0 (Windows NT 10.0; Win64; x64) AppleWebKit/537.36 (KHTML, like Gecko) Chrome/71.0.3578.98 Safari/537.36"
24.251.180.38 - - [06/Feb/2019:21:01:37 -0500] "GET /data/avatars/m/0/4.jpg?1533106845 HTTP/1.1" 200 3727 "https://www.paladin-extensions.com/threads/bug-reporting-px-csgo.60/" "Mozilla/5.0 (Windows NT 10.0; Win64; x64) AppleWebKit/537.36 (KHTML, like Gecko) Chrome/71.0.3578.98 Safari/537.36"
24.251.180.38 - - [06/Feb/2019:21:01:37 -0500] "GET /styles/themehouse/reactions/like.svg HTTP/1.1" 200 1551 "https://www.paladin-extensions.com/threads/bug-reporting-px-csgo.60/" "Mozilla/5.0 (Windows NT 10.0; Win64; x64) AppleWebKit/537.36 (KHTML, like Gecko) Chrome/71.0.3578.98 Safari/537.36"
24.251.180.38 - - [06/Feb/2019:21:01:37 -0500] "GET /js/xf/attachment_manager-compiled.js?_v=56a48e2b HTTP/1.1" 200 9473 "https://www.paladin-extensions.com/threads/bug-reporting-px-csgo.60/" "Mozilla/5.0 (Windows NT 10.0; Win64; x64) AppleWebKit/537.36 (KHTML, like Gecko) Chrome/71.0.3578.98 Safari/537.36"
24.251.180.38 - - [06/Feb/2019:21:01:37 -0500] "GET /styles/themehouse/reactions/old.svg HTTP/1.1" 200 2329 "https://www.paladin-extensions.com/threads/bug-reporting-px-csgo.60/" "Mozilla/5.0 (Windows NT 10.0; Win64; x64) AppleWebKit/537.36 (KHTML, like Gecko) Chrome/71.0.3578.98 Safari/537.36"
24.251.180.38 - - [06/Feb/2019:21:01:37 -0500] "GET /js/editor-manager/plugins/hide.plugin.min.js?_v=56a48e2b HTTP/1.1" 200 552 "https://www.paladin-extensions.com/threads/bug-reporting-px-csgo.60/" "Mozilla/5.0 (Windows NT 10.0; Win64; x64) AppleWebKit/537.36 (KHTML, like Gecko) Chrome/71.0.3578.98 Safari/537.36"
24.251.180.38 - - [06/Feb/2019:21:01:37 -0500] "GET /styles/themehouse/reactions/sleepy.svg HTTP/1.1" 200 1367 "https://www.paladin-extensions.com/threads/bug-reporting-px-csgo.60/" "Mozilla/5.0 (Windows NT 10.0; Win64; x64) AppleWebKit/537.36 (KHTML, like Gecko) Chrome/71.0.3578.98 Safari/537.36"
24.251.180.38 - - [06/Feb/2019:21:01:37 -0500] "GET /js/editor-manager/plugins/inlineSpoiler.plugin.min.js?_v=56a48e2b HTTP/1.1" 200 625 "https://www.paladin-extensions.com/threads/bug-reporting-px-csgo.60/" "Mozilla/5.0 (Windows NT 10.0; Win64; x64) AppleWebKit/537.36 (KHTML, like Gecko) Chrome/71.0.3578.98 Safari/537.36"
24.251.180.38 - - [06/Feb/2019:21:01:37 -0500] "GET /js/vendor/froala/plugins/table.min.js?_v=56a48e2b HTTP/1.1" 200 12751 "https://www.paladin-extensions.com/threads/bug-reporting-px-csgo.60/" "Mozilla/5.0 (Windows NT 10.0; Win64; x64) AppleWebKit/537.36 (KHTML, like Gecko) Chrome/71.0.3578.98 Safari/537.36"
24.251.180.38 - - [06/Feb/2019:21:01:37 -0500] "GET /styles/themehouse/reactions/agree.svg HTTP/1.1" 200 844 "https://www.paladin-extensions.com/threads/bug-reporting-px-csgo.60/" "Mozilla/5.0 (Windows NT 10.0; Win64; x64) AppleWebKit/537.36 (KHTML, like Gecko) Chrome/71.0.3578.98 Safari/537.36"
24.251.180.38 - - [06/Feb/2019:21:01:37 -0500] "GET /styles/themehouse/reactions/surprised.svg HTTP/1.1" 200 1543 "https://www.paladin-extensions.com/threads/bug-reporting-px-csgo.60/" "Mozilla/5.0 (Windows NT 10.0; Win64; x64) AppleWebKit/537.36 (KHTML, like Gecko) Chrome/71.0.3578.98 Safari/537.36"
24.251.180.38 - - [06/Feb/2019:21:01:37 -0500] "GET /js/editor-manager/base.min.js?_v=56a48e2b HTTP/1.1" 200 335 "https://www.paladin-extensions.com/threads/bug-reporting-px-csgo.60/" "Mozilla/5.0 (Windows NT 10.0; Win64; x64) AppleWebKit/537.36 (KHTML, like Gecko) Chrome/71.0.3578.98 Safari/537.36"
24.251.180.38 - - [06/Feb/2019:21:01:37 -0500] "GET /styles/themehouse/reactions/dumb.svg HTTP/1.1" 200 1324 "https://www.paladin-extensions.com/threads/bug-reporting-px-csgo.60/" "Mozilla/5.0 (Windows NT 10.0; Win64; x64) AppleWebKit/537.36 (KHTML, like Gecko) Chrome/71.0.3578.98 Safari/537.36"
24.251.180.38 - - [06/Feb/2019:21:01:37 -0500] "GET /data/avatars/m/0/25.jpg?1544675776 HTTP/1.1" 200 3337 "https://www.paladin-extensions.com/threads/bug-reporting-px-csgo.60/" "Mozilla/5.0 (Windows NT 10.0; Win64; x64) AppleWebKit/537.36 (KHTML, like Gecko) Chrome/71.0.3578.98 Safari/537.36"
24.251.180.38 - - [06/Feb/2019:21:01:37 -0500] "GET /styles/themehouse/reactions/badspelling.svg HTTP/1.1" 200 2346 "https://www.paladin-extensions.com/threads/bug-reporting-px-csgo.60/" "Mozilla/5.0 (Windows NT 10.0; Win64; x64) AppleWebKit/537.36 (KHTML, like Gecko) Chrome/71.0.3578.98 Safari/537.36"
24.251.180.38 - - [06/Feb/2019:21:01:37 -0500] "GET /js/editor-manager/plugins/colors.plugin.min.js?_v=56a48e2b HTTP/1.1" 200 331 "https://www.paladin-extensions.com/threads/bug-reporting-px-csgo.60/" "Mozilla/5.0 (Windows NT 10.0; Win64; x64) AppleWebKit/537.36 (KHTML, like Gecko) Chrome/71.0.3578.98 Safari/537.36"
24.251.180.38 - - [06/Feb/2019:21:01:37 -0500] "GET /js/xf/editor-compiled.js?_v=56a48e2b HTTP/1.1" 200 89394 "https://www.paladin-extensions.com/threads/bug-reporting-px-csgo.60/" "Mozilla/5.0 (Windows NT 10.0; Win64; x64) AppleWebKit/537.36 (KHTML, like Gecko) Chrome/71.0.3578.98 Safari/537.36"
24.251.180.38 - - [06/Feb/2019:21:01:37 -0500] "POST /job.php HTTP/1.1" 200 14 "https://www.paladin-extensions.com/threads/bug-reporting-px-csgo.60/" "Mozilla/5.0 (Windows NT 10.0; Win64; x64) AppleWebKit/537.36 (KHTML, like Gecko) Chrome/71.0.3578.98 Safari/537.36"
24.251.180.38 - - [06/Feb/2019:21:01:39 -0500] "POST /reactions/react/post/145/2 HTTP/1.1" 200 2148 "https://www.paladin-extensions.com/threads/bug-reporting-px-csgo.60/" "Mozilla/5.0 (Windows NT 10.0; Win64; x64) AppleWebKit/537.36 (KHTML, like Gecko) Chrome/71.0.3578.98 Safari/537.36"
180.76.15.7 - - [06/Feb/2019:21:02:01 -0500] "GET / HTTP/1.1" 200 129983 "-" "Mozilla/5.0 (compatible; Baiduspider/2.0; +http://www.baidu.com/search/spider.html)"
3.88.131.230 - - [06/Feb/2019:21:02:56 -0500] "GET / HTTP/1.1" 200 129983 "http://paladin-extensions.com/" "Mozilla/5.0 (Macintosh; Intel Mac OS X 10_13_4) AppleWebKit/537.36 (KHTML, like Gecko) Chrome/65.0.3325.181 Safari/537.36"
24.251.180.38 - - [06/Feb/2019:21:01:33 -0500] "POST /job.php HTTP/1.1" 503 38152 "https://www.paladin-extensions.com/" "Mozilla/5.0 (Windows NT 10.0; Win64; x64) AppleWebKit/537.36 (KHTML, like Gecko) Chrome/71.0.3578.98 Safari/537.36"
3.90.240.131 - - [06/Feb/2019:21:27:08 -0500] "GET / HTTP/1.1" 200 130000 "http://paladin-extensions.com/" "Mozilla/5.0 (Macintosh; Intel Mac OS X 10_13_4) AppleWebKit/537.36 (KHTML, like Gecko) Chrome/65.0.3325.181 Safari/537.36"
3.90.240.131 - - [06/Feb/2019:21:47:34 -0500] "GET / HTTP/1.1" 200 130000 "http://paladin-extensions.com/" "Mozilla/5.0 (Macintosh; Intel Mac OS X 10_13_4) AppleWebKit/537.36 (KHTML, like Gecko) Chrome/65.0.3325.181 Safari/537.36"
172.221.47.109 - - [06/Feb/2019:21:52:40 -0500] "GET /threads/bug-reporting-px-csgo.60/ HTTP/1.1" 200 25710 "-" "Mozilla/5.0 (Windows NT 10.0; Win64; x64) AppleWebKit/537.36 (KHTML, like Gecko) Chrome/71.0.3578.98 Safari/537.36"
172.221.47.109 - - [06/Feb/2019:21:52:41 -0500] "GET /js/xf/preamble-compiled.js?_v=56a48e2b HTTP/1.1" 200 7764 "https://www.paladin-extensions.com/threads/bug-reporting-px-csgo.60/" "Mozilla/5.0 (Windows NT 10.0; Win64; x64) AppleWebKit/537.36 (KHTML, like Gecko) Chrome/71.0.3578.98 Safari/537.36"
172.221.47.109 - - [06/Feb/2019:21:52:41 -0500] "GET /styles/uix_dark/fonts/icons/material-icons/css/materialdesignicons.min.css HTTP/1.1" 200 18636 "https://www.paladin-extensions.com/threads/bug-reporting-px-csgo.60/" "Mozilla/5.0 (Windows NT 10.0; Win64; x64) AppleWebKit/537.36 (KHTML, like Gecko) Chrome/71.0.3578.98 Safari/537.36"
172.221.47.109 - - [06/Feb/2019:21:52:41 -0500] "GET /styles/uix_dark/images/uix-logo.png HTTP/1.1" 200 109563 "https://www.paladin-extensions.com/threads/bug-reporting-px-csgo.60/" "Mozilla/5.0 (Windows NT 10.0; Win64; x64) AppleWebKit/537.36 (KHTML, like Gecko) Chrome/71.0.3578.98 Safari/537.36"
