24.251.180.38 - - [07/Dec/2018:04:18:33 -0500] "GET /misc/login-as-user?user_id=32&_xfRequestUri=%2F&_xfWithData=1&_xfToken=1544174256%2Cfeb043f534f0087fa45b6de16f8fdf12&_xfResponseType=json HTTP/1.1" 200 2474 "https://www.paladin-extensions.com/" "Mozilla/5.0 (Windows NT 10.0; Win64; x64) AppleWebKit/537.36 (KHTML, like Gecko) Chrome/70.0.3538.110 Safari/537.36"
24.251.180.38 - - [07/Dec/2018:04:18:33 -0500] "GET /js/xf/token_input-compiled.js?_v=69cb4042 HTTP/1.1" 200 22392 "https://www.paladin-extensions.com/" "Mozilla/5.0 (Windows NT 10.0; Win64; x64) AppleWebKit/537.36 (KHTML, like Gecko) Chrome/70.0.3538.110 Safari/537.36"
24.251.180.38 - - [07/Dec/2018:04:18:33 -0500] "POST /index.php?shoutbox/refresh HTTP/1.1" 200 119 "https://www.paladin-extensions.com/" "Mozilla/5.0 (Windows NT 10.0; Win64; x64) AppleWebKit/537.36 (KHTML, like Gecko) Chrome/70.0.3538.110 Safari/537.36"
24.251.180.38 - - [07/Dec/2018:04:18:34 -0500] "POST /index.php?shoutbox/refresh HTTP/1.1" 200 119 "https://www.paladin-extensions.com/" "Mozilla/5.0 (Windows NT 10.0; Win64; x64) AppleWebKit/537.36 (KHTML, like Gecko) Chrome/70.0.3538.110 Safari/537.36"
24.251.180.38 - - [07/Dec/2018:04:18:35 -0500] "POST /index.php?shoutbox/refresh HTTP/1.1" 200 119 "https://www.paladin-extensions.com/" "Mozilla/5.0 (Windows NT 10.0; Win64; x64) AppleWebKit/537.36 (KHTML, like Gecko) Chrome/70.0.3538.110 Safari/537.36"
24.251.180.38 - - [07/Dec/2018:04:18:36 -0500] "GET /misc/login-as-user?user_id=32&_xfRequestUri=%2F&_xfWithData=1&_xfToken=1544174256%2Cfeb043f534f0087fa45b6de16f8fdf12&_xfResponseType=json HTTP/1.1" 200 2474 "https://www.paladin-extensions.com/" "Mozilla/5.0 (Windows NT 10.0; Win64; x64) AppleWebKit/537.36 (KHTML, like Gecko) Chrome/70.0.3538.110 Safari/537.36"
24.251.180.38 - - [07/Dec/2018:04:18:36 -0500] "POST /index.php?shoutbox/refresh HTTP/1.1" 200 119 "https://www.paladin-extensions.com/" "Mozilla/5.0 (Windows NT 10.0; Win64; x64) AppleWebKit/537.36 (KHTML, like Gecko) Chrome/70.0.3538.110 Safari/537.36"
24.251.180.38 - - [07/Dec/2018:04:18:37 -0500] "POST /index.php?shoutbox/refresh HTTP/1.1" 200 119 "https://www.paladin-extensions.com/" "Mozilla/5.0 (Windows NT 10.0; Win64; x64) AppleWebKit/537.36 (KHTML, like Gecko) Chrome/70.0.3538.110 Safari/537.36"
24.251.180.38 - - [07/Dec/2018:04:18:39 -0500] "POST /index.php?shoutbox/refresh HTTP/1.1" 200 119 "https://www.paladin-extensions.com/" "Mozilla/5.0 (Windows NT 10.0; Win64; x64) AppleWebKit/537.36 (KHTML, like Gecko) Chrome/70.0.3538.110 Safari/537.36"
24.251.180.38 - - [07/Dec/2018:04:18:40 -0500] "POST /index.php?shoutbox/refresh HTTP/1.1" 200 119 "https://www.paladin-extensions.com/" "Mozilla/5.0 (Windows NT 10.0; Win64; x64) AppleWebKit/537.36 (KHTML, like Gecko) Chrome/70.0.3538.110 Safari/537.36"
24.251.180.38 - - [07/Dec/2018:04:18:41 -0500] "POST /index.php?shoutbox/refresh HTTP/1.1" 200 119 "https://www.paladin-extensions.com/" "Mozilla/5.0 (Windows NT 10.0; Win64; x64) AppleWebKit/537.36 (KHTML, like Gecko) Chrome/70.0.3538.110 Safari/537.36"
24.251.180.38 - - [07/Dec/2018:04:18:42 -0500] "POST /index.php?shoutbox/refresh HTTP/1.1" 200 119 "https://www.paladin-extensions.com/" "Mozilla/5.0 (Windows NT 10.0; Win64; x64) AppleWebKit/537.36 (KHTML, like Gecko) Chrome/70.0.3538.110 Safari/537.36"
24.251.180.38 - - [07/Dec/2018:04:18:43 -0500] "POST /index.php?shoutbox/refresh HTTP/1.1" 200 119 "https://www.paladin-extensions.com/" "Mozilla/5.0 (Windows NT 10.0; Win64; x64) AppleWebKit/537.36 (KHTML, like Gecko) Chrome/70.0.3538.110 Safari/537.36"
24.251.180.38 - - [07/Dec/2018:04:18:45 -0500] "POST /index.php?shoutbox/refresh HTTP/1.1" 200 119 "https://www.paladin-extensions.com/" "Mozilla/5.0 (Windows NT 10.0; Win64; x64) AppleWebKit/537.36 (KHTML, like Gecko) Chrome/70.0.3538.110 Safari/537.36"
24.251.180.38 - - [07/Dec/2018:04:18:46 -0500] "POST /index.php?shoutbox/refresh HTTP/1.1" 200 119 "https://www.paladin-extensions.com/" "Mozilla/5.0 (Windows NT 10.0; Win64; x64) AppleWebKit/537.36 (KHTML, like Gecko) Chrome/70.0.3538.110 Safari/537.36"
24.251.180.38 - - [07/Dec/2018:04:18:49 -0500] "POST /index.php?shoutbox/refresh HTTP/1.1" 200 119 "https://www.paladin-extensions.com/" "Mozilla/5.0 (Windows NT 10.0; Win64; x64) AppleWebKit/537.36 (KHTML, like Gecko) Chrome/70.0.3538.110 Safari/537.36"
24.251.180.38 - - [07/Dec/2018:04:18:50 -0500] "POST /index.php?shoutbox/refresh HTTP/1.1" 200 119 "https://www.paladin-extensions.com/" "Mozilla/5.0 (Windows NT 10.0; Win64; x64) AppleWebKit/537.36 (KHTML, like Gecko) Chrome/70.0.3538.110 Safari/537.36"
24.251.180.38 - - [07/Dec/2018:04:18:51 -0500] "POST /index.php?shoutbox/refresh HTTP/1.1" 200 119 "https://www.paladin-extensions.com/" "Mozilla/5.0 (Windows NT 10.0; Win64; x64) AppleWebKit/537.36 (KHTML, like Gecko) Chrome/70.0.3538.110 Safari/537.36"
24.251.180.38 - - [07/Dec/2018:04:18:52 -0500] "POST /index.php?shoutbox/refresh HTTP/1.1" 200 119 "https://www.paladin-extensions.com/" "Mozilla/5.0 (Windows NT 10.0; Win64; x64) AppleWebKit/537.36 (KHTML, like Gecko) Chrome/70.0.3538.110 Safari/537.36"
24.251.180.38 - - [07/Dec/2018:04:18:53 -0500] "POST /index.php?shoutbox/refresh HTTP/1.1" 200 119 "https://www.paladin-extensions.com/" "Mozilla/5.0 (Windows NT 10.0; Win64; x64) AppleWebKit/537.36 (KHTML, like Gecko) Chrome/70.0.3538.110 Safari/537.36"
24.251.180.38 - - [07/Dec/2018:04:18:54 -0500] "POST /index.php?shoutbox/refresh HTTP/1.1" 200 119 "https://www.paladin-extensions.com/" "Mozilla/5.0 (Windows NT 10.0; Win64; x64) AppleWebKit/537.36 (KHTML, like Gecko) Chrome/70.0.3538.110 Safari/537.36"
24.251.180.38 - - [07/Dec/2018:04:18:56 -0500] "GET /css.php?css=public:select2.less&s=8&l=1&d=1544174216 HTTP/1.1" 200 1313 "https://www.paladin-extensions.com/" "Mozilla/5.0 (Windows NT 10.0; Win64; x64) AppleWebKit/537.36 (KHTML, like Gecko) Chrome/70.0.3538.110 Safari/537.36"
24.251.180.38 - - [07/Dec/2018:04:18:56 -0500] "POST /index.php?shoutbox/refresh HTTP/1.1" 200 119 "https://www.paladin-extensions.com/" "Mozilla/5.0 (Windows NT 10.0; Win64; x64) AppleWebKit/537.36 (KHTML, like Gecko) Chrome/70.0.3538.110 Safari/537.36"
24.251.180.38 - - [07/Dec/2018:04:18:57 -0500] "POST /index.php?shoutbox/refresh HTTP/1.1" 200 119 "https://www.paladin-extensions.com/" "Mozilla/5.0 (Windows NT 10.0; Win64; x64) AppleWebKit/537.36 (KHTML, like Gecko) Chrome/70.0.3538.110 Safari/537.36"
24.251.180.38 - - [07/Dec/2018:04:18:58 -0500] "POST /index.php?shoutbox/refresh HTTP/1.1" 200 119 "https://www.paladin-extensions.com/" "Mozilla/5.0 (Windows NT 10.0; Win64; x64) AppleWebKit/537.36 (KHTML, like Gecko) Chrome/70.0.3538.110 Safari/537.36"
24.251.180.38 - - [07/Dec/2018:04:18:59 -0500] "POST /index.php?shoutbox/refresh HTTP/1.1" 200 119 "https://www.paladin-extensions.com/" "Mozilla/5.0 (Windows NT 10.0; Win64; x64) AppleWebKit/537.36 (KHTML, like Gecko) Chrome/70.0.3538.110 Safari/537.36"
24.251.180.38 - - [07/Dec/2018:04:19:00 -0500] "POST /index.php?shoutbox/refresh HTTP/1.1" 200 119 "https://www.paladin-extensions.com/" "Mozilla/5.0 (Windows NT 10.0; Win64; x64) AppleWebKit/537.36 (KHTML, like Gecko) Chrome/70.0.3538.110 Safari/537.36"
24.251.180.38 - - [07/Dec/2018:04:19:01 -0500] "POST /index.php?shoutbox/refresh HTTP/1.1" 200 119 "https://www.paladin-extensions.com/" "Mozilla/5.0 (Windows NT 10.0; Win64; x64) AppleWebKit/537.36 (KHTML, like Gecko) Chrome/70.0.3538.110 Safari/537.36"
24.251.180.38 - - [07/Dec/2018:04:19:02 -0500] "POST /index.php?shoutbox/refresh HTTP/1.1" 200 119 "https://www.paladin-extensions.com/" "Mozilla/5.0 (Windows NT 10.0; Win64; x64) AppleWebKit/537.36 (KHTML, like Gecko) Chrome/70.0.3538.110 Safari/537.36"
24.251.180.38 - - [07/Dec/2018:04:19:03 -0500] "POST /index.php?shoutbox/refresh HTTP/1.1" 200 119 "https://www.paladin-extensions.com/" "Mozilla/5.0 (Windows NT 10.0; Win64; x64) AppleWebKit/537.36 (KHTML, like Gecko) Chrome/70.0.3538.110 Safari/537.36"
24.251.180.38 - - [07/Dec/2018:04:19:04 -0500] "POST /index.php?shoutbox/refresh HTTP/1.1" 200 119 "https://www.paladin-extensions.com/" "Mozilla/5.0 (Windows NT 10.0; Win64; x64) AppleWebKit/537.36 (KHTML, like Gecko) Chrome/70.0.3538.110 Safari/537.36"
24.251.180.38 - - [07/Dec/2018:04:19:05 -0500] "POST /index.php?shoutbox/refresh HTTP/1.1" 200 119 "https://www.paladin-extensions.com/" "Mozilla/5.0 (Windows NT 10.0; Win64; x64) AppleWebKit/537.36 (KHTML, like Gecko) Chrome/70.0.3538.110 Safari/537.36"
24.251.180.38 - - [07/Dec/2018:04:19:06 -0500] "POST /index.php?shoutbox/refresh HTTP/1.1" 200 119 "https://www.paladin-extensions.com/" "Mozilla/5.0 (Windows NT 10.0; Win64; x64) AppleWebKit/537.36 (KHTML, like Gecko) Chrome/70.0.3538.110 Safari/537.36"
24.251.180.38 - - [07/Dec/2018:04:19:07 -0500] "POST /index.php?shoutbox/refresh HTTP/1.1" 200 119 "https://www.paladin-extensions.com/" "Mozilla/5.0 (Windows NT 10.0; Win64; x64) AppleWebKit/537.36 (KHTML, like Gecko) Chrome/70.0.3538.110 Safari/537.36"
51.15.61.222 - - [07/Dec/2018:04:19:08 -0500] "GET / HTTP/1.1" 301 - "https://www.paladin.rip/" "HetrixTools Uptime Monitoring Bot. https://hetrix.tools/uptime-monitoring-bot.html"
24.251.180.38 - - [07/Dec/2018:04:19:08 -0500] "POST /index.php?shoutbox/refresh HTTP/1.1" 200 119 "https://www.paladin-extensions.com/" "Mozilla/5.0 (Windows NT 10.0; Win64; x64) AppleWebKit/537.36 (KHTML, like Gecko) Chrome/70.0.3538.110 Safari/537.36"
24.251.180.38 - - [07/Dec/2018:04:19:09 -0500] "POST /index.php?shoutbox/refresh HTTP/1.1" 200 119 "https://www.paladin-extensions.com/" "Mozilla/5.0 (Windows NT 10.0; Win64; x64) AppleWebKit/537.36 (KHTML, like Gecko) Chrome/70.0.3538.110 Safari/537.36"
24.251.180.38 - - [07/Dec/2018:04:19:10 -0500] "POST /index.php?shoutbox/refresh HTTP/1.1" 200 119 "https://www.paladin-extensions.com/" "Mozilla/5.0 (Windows NT 10.0; Win64; x64) AppleWebKit/537.36 (KHTML, like Gecko) Chrome/70.0.3538.110 Safari/537.36"
159.89.159.134 - - [07/Dec/2018:04:19:11 -0500] "GET / HTTP/1.1" 301 - "https://www.paladin.rip/" "HetrixTools Uptime Monitoring Bot. https://hetrix.tools/uptime-monitoring-bot.html"
24.251.180.38 - - [07/Dec/2018:04:19:11 -0500] "POST /index.php?shoutbox/refresh HTTP/1.1" 200 119 "https://www.paladin-extensions.com/" "Mozilla/5.0 (Windows NT 10.0; Win64; x64) AppleWebKit/537.36 (KHTML, like Gecko) Chrome/70.0.3538.110 Safari/537.36"
159.89.159.134 - - [07/Dec/2018:04:19:11 -0500] "GET / HTTP/1.1" 200 13506 "https://paladin-extensions.com/" "HetrixTools Uptime Monitoring Bot. https://hetrix.tools/uptime-monitoring-bot.html"
24.251.180.38 - - [07/Dec/2018:04:19:12 -0500] "POST /index.php?shoutbox/refresh HTTP/1.1" 200 119 "https://www.paladin-extensions.com/" "Mozilla/5.0 (Windows NT 10.0; Win64; x64) AppleWebKit/537.36 (KHTML, like Gecko) Chrome/70.0.3538.110 Safari/537.36"
24.251.180.38 - - [07/Dec/2018:04:19:13 -0500] "POST /index.php?shoutbox/refresh HTTP/1.1" 200 119 "https://www.paladin-extensions.com/" "Mozilla/5.0 (Windows NT 10.0; Win64; x64) AppleWebKit/537.36 (KHTML, like Gecko) Chrome/70.0.3538.110 Safari/537.36"
24.251.180.38 - - [07/Dec/2018:04:19:14 -0500] "POST /index.php?shoutbox/refresh HTTP/1.1" 200 119 "https://www.paladin-extensions.com/" "Mozilla/5.0 (Windows NT 10.0; Win64; x64) AppleWebKit/537.36 (KHTML, like Gecko) Chrome/70.0.3538.110 Safari/537.36"
24.251.180.38 - - [07/Dec/2018:04:19:15 -0500] "POST /index.php?shoutbox/refresh HTTP/1.1" 200 119 "https://www.paladin-extensions.com/" "Mozilla/5.0 (Windows NT 10.0; Win64; x64) AppleWebKit/537.36 (KHTML, like Gecko) Chrome/70.0.3538.110 Safari/537.36"
24.251.180.38 - - [07/Dec/2018:04:19:16 -0500] "POST /index.php?shoutbox/refresh HTTP/1.1" 200 119 "https://www.paladin-extensions.com/" "Mozilla/5.0 (Windows NT 10.0; Win64; x64) AppleWebKit/537.36 (KHTML, like Gecko) Chrome/70.0.3538.110 Safari/537.36"
51.15.61.222 - - [07/Dec/2018:04:19:09 -0500] "GET / HTTP/1.1" 200 13510 "https://paladin-extensions.com/" "HetrixTools Uptime Monitoring Bot. https://hetrix.tools/uptime-monitoring-bot.html"
24.251.180.38 - - [07/Dec/2018:04:19:18 -0500] "POST /index.php?shoutbox/refresh HTTP/1.1" 200 119 "https://www.paladin-extensions.com/" "Mozilla/5.0 (Windows NT 10.0; Win64; x64) AppleWebKit/537.36 (KHTML, like Gecko) Chrome/70.0.3538.110 Safari/537.36"
96.126.106.201 - - [07/Dec/2018:04:19:19 -0500] "GET / HTTP/1.1" 301 - "https://www.paladin.rip/" "HetrixTools Uptime Monitoring Bot. https://hetrix.tools/uptime-monitoring-bot.html"
96.126.106.201 - - [07/Dec/2018:04:19:20 -0500] "GET / HTTP/1.1" 200 13505 "https://paladin-extensions.com/" "HetrixTools Uptime Monitoring Bot. https://hetrix.tools/uptime-monitoring-bot.html"
24.251.180.38 - - [07/Dec/2018:04:19:20 -0500] "POST /index.php?shoutbox/refresh HTTP/1.1" 200 119 "https://www.paladin-extensions.com/" "Mozilla/5.0 (Windows NT 10.0; Win64; x64) AppleWebKit/537.36 (KHTML, like Gecko) Chrome/70.0.3538.110 Safari/537.36"
24.251.180.38 - - [07/Dec/2018:04:19:21 -0500] "POST /index.php?shoutbox/refresh HTTP/1.1" 200 119 "https://www.paladin-extensions.com/" "Mozilla/5.0 (Windows NT 10.0; Win64; x64) AppleWebKit/537.36 (KHTML, like Gecko) Chrome/70.0.3538.110 Safari/537.36"
24.251.180.38 - - [07/Dec/2018:04:19:21 -0500] "POST /index.php?shoutbox/refresh HTTP/1.1" 200 119 "https://www.paladin-extensions.com/" "Mozilla/5.0 (Windows NT 10.0; Win64; x64) AppleWebKit/537.36 (KHTML, like Gecko) Chrome/70.0.3538.110 Safari/537.36"
24.251.180.38 - - [07/Dec/2018:04:18:03 -0500] "POST /index.php?shoutbox/refresh HTTP/1.1" 200 119 "https://www.paladin-extensions.com/" "Mozilla/5.0 (Windows NT 10.0; Win64; x64) AppleWebKit/537.36 (KHTML, like Gecko) Chrome/70.0.3538.110 Safari/537.36"
24.251.180.38 - - [07/Dec/2018:04:19:22 -0500] "POST /misc/login-as-user HTTP/1.1" 200 187 "https://www.paladin-extensions.com/" "Mozilla/5.0 (Windows NT 10.0; Win64; x64) AppleWebKit/537.36 (KHTML, like Gecko) Chrome/70.0.3538.110 Safari/537.36"
24.251.180.38 - - [07/Dec/2018:04:19:22 -0500] "POST /index.php?shoutbox/refresh HTTP/1.1" 200 119 "https://www.paladin-extensions.com/" "Mozilla/5.0 (Windows NT 10.0; Win64; x64) AppleWebKit/537.36 (KHTML, like Gecko) Chrome/70.0.3538.110 Safari/537.36"
24.251.180.38 - - [07/Dec/2018:04:19:23 -0500] "GET / HTTP/1.1" 200 15896 "https://www.paladin-extensions.com/" "Mozilla/5.0 (Windows NT 10.0; Win64; x64) AppleWebKit/537.36 (KHTML, like Gecko) Chrome/70.0.3538.110 Safari/537.36"
159.89.159.134 - - [07/Dec/2018:04:18:05 -0500] "GET / HTTP/1.1" 301 - "https://www.paladin.rip/" "HetrixTools Uptime Monitoring Bot. https://hetrix.tools/uptime-monitoring-bot.html"
24.251.180.38 - - [07/Dec/2018:04:18:04 -0500] "POST /index.php?shoutbox/refresh HTTP/1.1" 200 119 "https://www.paladin-extensions.com/" "Mozilla/5.0 (Windows NT 10.0; Win64; x64) AppleWebKit/537.36 (KHTML, like Gecko) Chrome/70.0.3538.110 Safari/537.36"
24.251.180.38 - - [07/Dec/2018:04:19:23 -0500] "GET /css.php?css=public%3Aandy_countdown.less%2Cpublic%3Anode_list.less%2Cpublic%3Ath_reactions.less%2Cpublic%3Ath_widget_post_thread_uix.less%2Cpublic%3Aextra.less&s=8&l=1&d=1544174216&k=b8427d04c50b68619d7bc689b3fd57d03266de7f HTTP/1.1" 200 11770 "https://www.paladin-extensions.com/" "Mozilla/5.0 (Windows NT 10.0; Win64; x64) AppleWebKit/537.36 (KHTML, like Gecko) Chrome/70.0.3538.110 Safari/537.36"
24.251.180.38 - - [07/Dec/2018:04:19:24 -0500] "GET /account/upgrades HTTP/1.1" 200 13242 "https://www.paladin-extensions.com/" "Mozilla/5.0 (Windows NT 10.0; Win64; x64) AppleWebKit/537.36 (KHTML, like Gecko) Chrome/70.0.3538.110 Safari/537.36"
24.251.180.38 - - [07/Dec/2018:04:19:24 -0500] "GET /css.php?css=public%3Alightslider.less%2Cpublic%3Anotices.less%2Cpublic%3Aextra.less&s=8&l=1&d=1544174216&k=6ea7aea0c3194c1116858b7e7c5b0941398c6926 HTTP/1.1" 200 3014 "https://www.paladin-extensions.com/account/upgrades" "Mozilla/5.0 (Windows NT 10.0; Win64; x64) AppleWebKit/537.36 (KHTML, like Gecko) Chrome/70.0.3538.110 Safari/537.36"
24.251.180.38 - - [07/Dec/2018:04:19:25 -0500] "POST /job.php HTTP/1.1" 200 14 "https://www.paladin-extensions.com/account/upgrades" "Mozilla/5.0 (Windows NT 10.0; Win64; x64) AppleWebKit/537.36 (KHTML, like Gecko) Chrome/70.0.3538.110 Safari/537.36"
24.251.180.38 - - [07/Dec/2018:04:18:14 -0500] "POST /index.php?shoutbox/refresh HTTP/1.1" 200 119 "https://www.paladin-extensions.com/" "Mozilla/5.0 (Windows NT 10.0; Win64; x64) AppleWebKit/537.36 (KHTML, like Gecko) Chrome/70.0.3538.110 Safari/537.36"
24.251.180.38 - - [07/Dec/2018:04:19:28 -0500] "GET / HTTP/1.1" 200 24981 "https://www.paladin-extensions.com/account/upgrades" "Mozilla/5.0 (Windows NT 10.0; Win64; x64) AppleWebKit/537.36 (KHTML, like Gecko) Chrome/70.0.3538.110 Safari/537.36"
24.251.180.38 - - [07/Dec/2018:04:19:28 -0500] "GET /proxy.php?image=https%3A%2F%2Fi.imgur.com%2Fr0tCHeM.png&hash=a03d2b5f8380cd2ff938cef4f2dadcec HTTP/1.1" 304 - "https://www.paladin-extensions.com/" "Mozilla/5.0 (Windows NT 10.0; Win64; x64) AppleWebKit/537.36 (KHTML, like Gecko) Chrome/70.0.3538.110 Safari/537.36"
24.251.180.38 - - [07/Dec/2018:04:19:29 -0500] "POST /index.php?shoutbox/refresh HTTP/1.1" 200 119 "https://www.paladin-extensions.com/" "Mozilla/5.0 (Windows NT 10.0; Win64; x64) AppleWebKit/537.36 (KHTML, like Gecko) Chrome/70.0.3538.110 Safari/537.36"
24.251.180.38 - - [07/Dec/2018:04:19:30 -0500] "POST /index.php?shoutbox/refresh HTTP/1.1" 200 119 "https://www.paladin-extensions.com/" "Mozilla/5.0 (Windows NT 10.0; Win64; x64) AppleWebKit/537.36 (KHTML, like Gecko) Chrome/70.0.3538.110 Safari/537.36"
24.251.180.38 - - [07/Dec/2018:04:19:31 -0500] "GET /members/robitussin.32/?tooltip=true&_xfRequestUri=%2F&_xfWithData=1&_xfToken=1544174368%2C720ea80346e658036278adf0a8cb5911&_xfResponseType=json HTTP/1.1" 200 5867 "https://www.paladin-extensions.com/" "Mozilla/5.0 (Windows NT 10.0; Win64; x64) AppleWebKit/537.36 (KHTML, like Gecko) Chrome/70.0.3538.110 Safari/537.36"
24.251.180.38 - - [07/Dec/2018:04:19:31 -0500] "POST /index.php?shoutbox/refresh HTTP/1.1" 200 119 "https://www.paladin-extensions.com/" "Mozilla/5.0 (Windows NT 10.0; Win64; x64) AppleWebKit/537.36 (KHTML, like Gecko) Chrome/70.0.3538.110 Safari/537.36"
24.251.180.38 - - [07/Dec/2018:04:19:32 -0500] "GET /misc/login-as-user?user_id=32&_xfRequestUri=%2F&_xfWithData=1&_xfToken=1544174368%2C720ea80346e658036278adf0a8cb5911&_xfResponseType=json HTTP/1.1" 200 2474 "https://www.paladin-extensions.com/" "Mozilla/5.0 (Windows NT 10.0; Win64; x64) AppleWebKit/537.36 (KHTML, like Gecko) Chrome/70.0.3538.110 Safari/537.36"
24.251.180.38 - - [07/Dec/2018:04:19:32 -0500] "GET /css.php?css=public:select2.less&s=8&l=1&d=1544174216 HTTP/1.1" 200 1313 "https://www.paladin-extensions.com/" "Mozilla/5.0 (Windows NT 10.0; Win64; x64) AppleWebKit/537.36 (KHTML, like Gecko) Chrome/70.0.3538.110 Safari/537.36"
24.251.180.38 - - [07/Dec/2018:04:19:33 -0500] "POST /misc/login-as-user HTTP/1.1" 200 187 "https://www.paladin-extensions.com/" "Mozilla/5.0 (Windows NT 10.0; Win64; x64) AppleWebKit/537.36 (KHTML, like Gecko) Chrome/70.0.3538.110 Safari/537.36"
24.251.180.38 - - [07/Dec/2018:04:19:33 -0500] "POST /index.php?shoutbox/refresh HTTP/1.1" 200 119 "https://www.paladin-extensions.com/" "Mozilla/5.0 (Windows NT 10.0; Win64; x64) AppleWebKit/537.36 (KHTML, like Gecko) Chrome/70.0.3538.110 Safari/537.36"
24.251.180.38 - - [07/Dec/2018:04:19:33 -0500] "GET / HTTP/1.1" 200 15904 "https://www.paladin-extensions.com/" "Mozilla/5.0 (Windows NT 10.0; Win64; x64) AppleWebKit/537.36 (KHTML, like Gecko) Chrome/70.0.3538.110 Safari/537.36"
24.251.180.38 - - [07/Dec/2018:04:19:34 -0500] "GET /account/upgrades HTTP/1.1" 200 13233 "https://www.paladin-extensions.com/" "Mozilla/5.0 (Windows NT 10.0; Win64; x64) AppleWebKit/537.36 (KHTML, like Gecko) Chrome/70.0.3538.110 Safari/537.36"
24.251.180.38 - - [07/Dec/2018:04:19:36 -0500] "GET / HTTP/1.1" 200 24991 "https://www.paladin-extensions.com/account/upgrades" "Mozilla/5.0 (Windows NT 10.0; Win64; x64) AppleWebKit/537.36 (KHTML, like Gecko) Chrome/70.0.3538.110 Safari/537.36"
24.251.180.38 - - [07/Dec/2018:04:19:36 -0500] "GET /proxy.php?image=https%3A%2F%2Fi.imgur.com%2Fr0tCHeM.png&hash=a03d2b5f8380cd2ff938cef4f2dadcec HTTP/1.1" 304 - "https://www.paladin-extensions.com/" "Mozilla/5.0 (Windows NT 10.0; Win64; x64) AppleWebKit/537.36 (KHTML, like Gecko) Chrome/70.0.3538.110 Safari/537.36"
24.251.180.38 - - [07/Dec/2018:04:19:38 -0500] "POST /index.php?shoutbox/refresh HTTP/1.1" 200 119 "https://www.paladin-extensions.com/" "Mozilla/5.0 (Windows NT 10.0; Win64; x64) AppleWebKit/537.36 (KHTML, like Gecko) Chrome/70.0.3538.110 Safari/537.36"
24.251.180.38 - - [07/Dec/2018:04:19:38 -0500] "GET /members/robitussin.32/?tooltip=true&_xfRequestUri=%2F&_xfWithData=1&_xfToken=1544174376%2Cc1b9d95ab1bbd577341538a5dca3f3ee&_xfResponseType=json HTTP/1.1" 200 5867 "https://www.paladin-extensions.com/" "Mozilla/5.0 (Windows NT 10.0; Win64; x64) AppleWebKit/537.36 (KHTML, like Gecko) Chrome/70.0.3538.110 Safari/537.36"
24.251.180.38 - - [07/Dec/2018:04:19:39 -0500] "POST /index.php?shoutbox/refresh HTTP/1.1" 200 119 "https://www.paladin-extensions.com/" "Mozilla/5.0 (Windows NT 10.0; Win64; x64) AppleWebKit/537.36 (KHTML, like Gecko) Chrome/70.0.3538.110 Safari/537.36"
24.251.180.38 - - [07/Dec/2018:04:19:39 -0500] "GET /misc/login-as-user?user_id=32&_xfRequestUri=%2F&_xfWithData=1&_xfToken=1544174376%2Cc1b9d95ab1bbd577341538a5dca3f3ee&_xfResponseType=json HTTP/1.1" 200 2474 "https://www.paladin-extensions.com/" "Mozilla/5.0 (Windows NT 10.0; Win64; x64) AppleWebKit/537.36 (KHTML, like Gecko) Chrome/70.0.3538.110 Safari/537.36"
24.251.180.38 - - [07/Dec/2018:04:19:40 -0500] "POST /index.php?shoutbox/refresh HTTP/1.1" 200 119 "https://www.paladin-extensions.com/" "Mozilla/5.0 (Windows NT 10.0; Win64; x64) AppleWebKit/537.36 (KHTML, like Gecko) Chrome/70.0.3538.110 Safari/537.36"
24.251.180.38 - - [07/Dec/2018:04:19:40 -0500] "POST /misc/login-as-user HTTP/1.1" 200 187 "https://www.paladin-extensions.com/" "Mozilla/5.0 (Windows NT 10.0; Win64; x64) AppleWebKit/537.36 (KHTML, like Gecko) Chrome/70.0.3538.110 Safari/537.36"
24.251.180.38 - - [07/Dec/2018:04:19:41 -0500] "POST /index.php?shoutbox/refresh HTTP/1.1" 200 119 "https://www.paladin-extensions.com/" "Mozilla/5.0 (Windows NT 10.0; Win64; x64) AppleWebKit/537.36 (KHTML, like Gecko) Chrome/70.0.3538.110 Safari/537.36"
24.251.180.38 - - [07/Dec/2018:04:19:42 -0500] "POST /index.php?shoutbox/refresh HTTP/1.1" 200 119 "https://www.paladin-extensions.com/" "Mozilla/5.0 (Windows NT 10.0; Win64; x64) AppleWebKit/537.36 (KHTML, like Gecko) Chrome/70.0.3538.110 Safari/537.36"
24.251.180.38 - - [07/Dec/2018:04:19:43 -0500] "POST /index.php?shoutbox/refresh HTTP/1.1" 200 119 "https://www.paladin-extensions.com/" "Mozilla/5.0 (Windows NT 10.0; Win64; x64) AppleWebKit/537.36 (KHTML, like Gecko) Chrome/70.0.3538.110 Safari/537.36"
24.251.180.38 - - [07/Dec/2018:04:19:44 -0500] "POST /index.php?shoutbox/refresh HTTP/1.1" 200 119 "https://www.paladin-extensions.com/" "Mozilla/5.0 (Windows NT 10.0; Win64; x64) AppleWebKit/537.36 (KHTML, like Gecko) Chrome/70.0.3538.110 Safari/537.36"
24.251.180.38 - - [07/Dec/2018:04:19:45 -0500] "POST /index.php?shoutbox/refresh HTTP/1.1" 200 119 "https://www.paladin-extensions.com/" "Mozilla/5.0 (Windows NT 10.0; Win64; x64) AppleWebKit/537.36 (KHTML, like Gecko) Chrome/70.0.3538.110 Safari/537.36"
24.251.180.38 - - [07/Dec/2018:04:19:46 -0500] "POST /index.php?shoutbox/refresh HTTP/1.1" 200 119 "https://www.paladin-extensions.com/" "Mozilla/5.0 (Windows NT 10.0; Win64; x64) AppleWebKit/537.36 (KHTML, like Gecko) Chrome/70.0.3538.110 Safari/537.36"
24.251.180.38 - - [07/Dec/2018:04:19:47 -0500] "POST /index.php?shoutbox/refresh HTTP/1.1" 200 119 "https://www.paladin-extensions.com/" "Mozilla/5.0 (Windows NT 10.0; Win64; x64) AppleWebKit/537.36 (KHTML, like Gecko) Chrome/70.0.3538.110 Safari/537.36"
24.251.180.38 - - [07/Dec/2018:04:19:48 -0500] "POST /index.php?shoutbox/refresh HTTP/1.1" 200 119 "https://www.paladin-extensions.com/" "Mozilla/5.0 (Windows NT 10.0; Win64; x64) AppleWebKit/537.36 (KHTML, like Gecko) Chrome/70.0.3538.110 Safari/537.36"
24.251.180.38 - - [07/Dec/2018:04:19:49 -0500] "POST /index.php?shoutbox/refresh HTTP/1.1" 200 119 "https://www.paladin-extensions.com/" "Mozilla/5.0 (Windows NT 10.0; Win64; x64) AppleWebKit/537.36 (KHTML, like Gecko) Chrome/70.0.3538.110 Safari/537.36"
24.251.180.38 - - [07/Dec/2018:04:19:50 -0500] "POST /index.php?shoutbox/refresh HTTP/1.1" 200 119 "https://www.paladin-extensions.com/" "Mozilla/5.0 (Windows NT 10.0; Win64; x64) AppleWebKit/537.36 (KHTML, like Gecko) Chrome/70.0.3538.110 Safari/537.36"
24.251.180.38 - - [07/Dec/2018:04:19:51 -0500] "POST /index.php?shoutbox/refresh HTTP/1.1" 200 119 "https://www.paladin-extensions.com/" "Mozilla/5.0 (Windows NT 10.0; Win64; x64) AppleWebKit/537.36 (KHTML, like Gecko) Chrome/70.0.3538.110 Safari/537.36"
24.251.180.38 - - [07/Dec/2018:04:19:52 -0500] "POST /misc/login-as-user HTTP/1.1" 403 371 "https://www.paladin-extensions.com/" "Mozilla/5.0 (Windows NT 10.0; Win64; x64) AppleWebKit/537.36 (KHTML, like Gecko) Chrome/70.0.3538.110 Safari/537.36"
24.251.180.38 - - [07/Dec/2018:04:19:53 -0500] "POST /index.php?shoutbox/refresh HTTP/1.1" 200 119 "https://www.paladin-extensions.com/" "Mozilla/5.0 (Windows NT 10.0; Win64; x64) AppleWebKit/537.36 (KHTML, like Gecko) Chrome/70.0.3538.110 Safari/537.36"
24.251.180.38 - - [07/Dec/2018:04:19:54 -0500] "POST /index.php?shoutbox/refresh HTTP/1.1" 200 119 "https://www.paladin-extensions.com/" "Mozilla/5.0 (Windows NT 10.0; Win64; x64) AppleWebKit/537.36 (KHTML, like Gecko) Chrome/70.0.3538.110 Safari/537.36"
24.251.180.38 - - [07/Dec/2018:04:19:55 -0500] "POST /index.php?shoutbox/refresh HTTP/1.1" 200 119 "https://www.paladin-extensions.com/" "Mozilla/5.0 (Windows NT 10.0; Win64; x64) AppleWebKit/537.36 (KHTML, like Gecko) Chrome/70.0.3538.110 Safari/537.36"
24.251.180.38 - - [07/Dec/2018:04:19:57 -0500] "POST /index.php?shoutbox/refresh HTTP/1.1" 200 119 "https://www.paladin-extensions.com/" "Mozilla/5.0 (Windows NT 10.0; Win64; x64) AppleWebKit/537.36 (KHTML, like Gecko) Chrome/70.0.3538.110 Safari/537.36"
24.251.180.38 - - [07/Dec/2018:04:19:58 -0500] "POST /index.php?shoutbox/refresh HTTP/1.1" 200 119 "https://www.paladin-extensions.com/" "Mozilla/5.0 (Windows NT 10.0; Win64; x64) AppleWebKit/537.36 (KHTML, like Gecko) Chrome/70.0.3538.110 Safari/537.36"
24.251.180.38 - - [07/Dec/2018:04:19:58 -0500] "GET /account/upgrades HTTP/1.1" 200 13262 "https://www.paladin-extensions.com/" "Mozilla/5.0 (Windows NT 10.0; Win64; x64) AppleWebKit/537.36 (KHTML, like Gecko) Chrome/70.0.3538.110 Safari/537.36"
23.239.7.4 - - [07/Dec/2018:04:20:03 -0500] "GET / HTTP/1.1" 301 - "https://www.paladin.rip/" "HetrixTools Uptime Monitoring Bot. https://hetrix.tools/uptime-monitoring-bot.html"
23.239.7.4 - - [07/Dec/2018:04:20:04 -0500] "GET / HTTP/1.1" 200 13497 "https://paladin-extensions.com/" "HetrixTools Uptime Monitoring Bot. https://hetrix.tools/uptime-monitoring-bot.html"
24.251.180.38 - - [07/Dec/2018:04:20:08 -0500] "GET / HTTP/1.1" 200 15910 "https://www.paladin-extensions.com/account/upgrades" "Mozilla/5.0 (Windows NT 10.0; Win64; x64) AppleWebKit/537.36 (KHTML, like Gecko) Chrome/70.0.3538.110 Safari/537.36"
24.251.180.38 - - [07/Dec/2018:04:18:28 -0500] "POST /index.php?shoutbox/refresh HTTP/1.1" 200 119 "https://www.paladin-extensions.com/" "Mozilla/5.0 (Windows NT 10.0; Win64; x64) AppleWebKit/537.36 (KHTML, like Gecko) Chrome/70.0.3538.110 Safari/537.36"
24.251.180.38 - - [07/Dec/2018:04:20:10 -0500] "GET /account/visitor-menu?_xfRequestUri=%2F&_xfWithData=1&_xfToken=1544174408%2Cc980b9a180a10b71e5b5ed75233464cd&_xfResponseType=json HTTP/1.1" 200 4218 "https://www.paladin-extensions.com/" "Mozilla/5.0 (Windows NT 10.0; Win64; x64) AppleWebKit/537.36 (KHTML, like Gecko) Chrome/70.0.3538.110 Safari/537.36"
24.251.180.38 - - [07/Dec/2018:04:20:14 -0500] "GET /admin.php HTTP/1.1" 200 15749 "-" "Mozilla/5.0 (Windows NT 10.0; Win64; x64) AppleWebKit/537.36 (KHTML, like Gecko) Chrome/70.0.3538.110 Safari/537.36"
24.251.180.38 - - [07/Dec/2018:04:20:14 -0500] "GET /admin.php?add-ons/ahDiscordWidget/icon HTTP/1.1" 200 9679 "https://www.paladin-extensions.com/admin.php" "Mozilla/5.0 (Windows NT 10.0; Win64; x64) AppleWebKit/537.36 (KHTML, like Gecko) Chrome/70.0.3538.110 Safari/537.36"
24.251.180.38 - - [07/Dec/2018:04:20:14 -0500] "GET /admin.php?add-ons/NF-GiftUpgrades/icon HTTP/1.1" 200 27227 "https://www.paladin-extensions.com/admin.php" "Mozilla/5.0 (Windows NT 10.0; Win64; x64) AppleWebKit/537.36 (KHTML, like Gecko) Chrome/70.0.3538.110 Safari/537.36"
24.251.180.38 - - [07/Dec/2018:04:20:14 -0500] "GET /admin.php?add-ons/ThemeHouse-Reactions/icon HTTP/1.1" 200 12988 "https://www.paladin-extensions.com/admin.php" "Mozilla/5.0 (Windows NT 10.0; Win64; x64) AppleWebKit/537.36 (KHTML, like Gecko) Chrome/70.0.3538.110 Safari/537.36"
24.251.180.38 - - [07/Dec/2018:04:20:14 -0500] "GET /admin.php?add-ons/Andy-MemberNotes/icon HTTP/1.1" 200 3936 "https://www.paladin-extensions.com/admin.php" "Mozilla/5.0 (Windows NT 10.0; Win64; x64) AppleWebKit/537.36 (KHTML, like Gecko) Chrome/70.0.3538.110 Safari/537.36"
24.251.180.38 - - [07/Dec/2018:04:20:14 -0500] "GET /admin.php?add-ons/KL-AutoMergeDoublePost/icon HTTP/1.1" 200 85028 "https://www.paladin-extensions.com/admin.php" "Mozilla/5.0 (Windows NT 10.0; Win64; x64) AppleWebKit/537.36 (KHTML, like Gecko) Chrome/70.0.3538.110 Safari/537.36"
24.251.180.38 - - [07/Dec/2018:04:20:15 -0500] "POST /job.php HTTP/1.1" 200 14 "https://www.paladin-extensions.com/admin.php" "Mozilla/5.0 (Windows NT 10.0; Win64; x64) AppleWebKit/537.36 (KHTML, like Gecko) Chrome/70.0.3538.110 Safari/537.36"
24.251.180.38 - - [07/Dec/2018:04:20:14 -0500] "GET /admin.php?add-ons/Andy-InactiveMembers/icon HTTP/1.1" 200 3646 "https://www.paladin-extensions.com/admin.php" "Mozilla/5.0 (Windows NT 10.0; Win64; x64) AppleWebKit/537.36 (KHTML, like Gecko) Chrome/70.0.3538.110 Safari/537.36"
24.251.180.38 - - [07/Dec/2018:04:20:14 -0500] "GET /admin.php?add-ons/XenConcept-LoginAsUser/icon HTTP/1.1" 200 27226 "https://www.paladin-extensions.com/admin.php" "Mozilla/5.0 (Windows NT 10.0; Win64; x64) AppleWebKit/537.36 (KHTML, like Gecko) Chrome/70.0.3538.110 Safari/537.36"
24.251.180.38 - - [07/Dec/2018:04:20:14 -0500] "GET /admin.php?add-ons/Andy-EmailLog/icon HTTP/1.1" 200 3399 "https://www.paladin-extensions.com/admin.php" "Mozilla/5.0 (Windows NT 10.0; Win64; x64) AppleWebKit/537.36 (KHTML, like Gecko) Chrome/70.0.3538.110 Safari/537.36"
24.251.180.38 - - [07/Dec/2018:04:20:14 -0500] "GET /admin.php?add-ons/GoogleSearch/icon HTTP/1.1" 200 28013 "https://www.paladin-extensions.com/admin.php" "Mozilla/5.0 (Windows NT 10.0; Win64; x64) AppleWebKit/537.36 (KHTML, like Gecko) Chrome/70.0.3538.110 Safari/537.36"
24.251.180.38 - - [07/Dec/2018:04:20:14 -0500] "GET /admin.php?add-ons/XenConcept-WarningLogs/icon HTTP/1.1" 200 27385 "https://www.paladin-extensions.com/admin.php" "Mozilla/5.0 (Windows NT 10.0; Win64; x64) AppleWebKit/537.36 (KHTML, like Gecko) Chrome/70.0.3538.110 Safari/537.36"
24.251.180.38 - - [07/Dec/2018:04:20:14 -0500] "GET /admin.php?add-ons/xFv-ThreadStarter/icon HTTP/1.1" 200 7500 "https://www.paladin-extensions.com/admin.php" "Mozilla/5.0 (Windows NT 10.0; Win64; x64) AppleWebKit/537.36 (KHTML, like Gecko) Chrome/70.0.3538.110 Safari/537.36"
24.251.180.38 - - [07/Dec/2018:04:20:14 -0500] "GET /admin.php?add-ons/Andy-DeletePosts/icon HTTP/1.1" 200 3349 "https://www.paladin-extensions.com/admin.php" "Mozilla/5.0 (Windows NT 10.0; Win64; x64) AppleWebKit/537.36 (KHTML, like Gecko) Chrome/70.0.3538.110 Safari/537.36"
24.251.180.38 - - [07/Dec/2018:04:20:14 -0500] "GET /admin.php?add-ons/XFRM/icon HTTP/1.1" 200 1279 "https://www.paladin-extensions.com/admin.php" "Mozilla/5.0 (Windows NT 10.0; Win64; x64) AppleWebKit/537.36 (KHTML, like Gecko) Chrome/70.0.3538.110 Safari/537.36"
96.126.106.201 - - [07/Dec/2018:04:20:19 -0500] "GET / HTTP/1.1" 301 - "https://www.paladin.rip/" "HetrixTools Uptime Monitoring Bot. https://hetrix.tools/uptime-monitoring-bot.html"
51.15.61.222 - - [07/Dec/2018:04:20:19 -0500] "GET / HTTP/1.1" 301 - "https://www.paladin.rip/" "HetrixTools Uptime Monitoring Bot. https://hetrix.tools/uptime-monitoring-bot.html"
96.126.106.201 - - [07/Dec/2018:04:20:20 -0500] "GET / HTTP/1.1" 200 13496 "https://paladin-extensions.com/" "HetrixTools Uptime Monitoring Bot. https://hetrix.tools/uptime-monitoring-bot.html"
24.251.180.38 - - [07/Dec/2018:04:20:20 -0500] "GET /admin.php?templates/ HTTP/1.1" 303 - "https://www.paladin-extensions.com/admin.php" "Mozilla/5.0 (Windows NT 10.0; Win64; x64) AppleWebKit/537.36 (KHTML, like Gecko) Chrome/70.0.3538.110 Safari/537.36"
51.15.61.222 - - [07/Dec/2018:04:20:20 -0500] "GET / HTTP/1.1" 200 13496 "https://paladin-extensions.com/" "HetrixTools Uptime Monitoring Bot. https://hetrix.tools/uptime-monitoring-bot.html"
24.251.180.38 - - [07/Dec/2018:04:20:21 -0500] "GET /admin.php?styles/paladin-extensions.8/templates&type=public HTTP/1.1" 200 17553 "https://www.paladin-extensions.com/admin.php" "Mozilla/5.0 (Windows NT 10.0; Win64; x64) AppleWebKit/537.36 (KHTML, like Gecko) Chrome/70.0.3538.110 Safari/537.36"
24.251.180.38 - - [07/Dec/2018:04:20:21 -0500] "GET /css.php?css=public%3Aextra.less&s=0&l=1&d=1544174216&k=fe6ce56901c5fea24d12bc200f15f2a0f53e2afc HTTP/1.1" 200 65 "https://www.paladin-extensions.com/admin.php?styles/paladin-extensions.8/templates&type=public" "Mozilla/5.0 (Windows NT 10.0; Win64; x64) AppleWebKit/537.36 (KHTML, like Gecko) Chrome/70.0.3538.110 Safari/537.36"
24.251.180.38 - - [07/Dec/2018:04:20:14 -0500] "GET /admin.php?add-ons/ThemeHouse-Bookmarks/icon HTTP/1.1" 200 7188 "https://www.paladin-extensions.com/admin.php" "Mozilla/5.0 (Windows NT 10.0; Win64; x64) AppleWebKit/537.36 (KHTML, like Gecko) Chrome/70.0.3538.110 Safari/537.36"
24.251.180.38 - - [07/Dec/2018:04:20:23 -0500] "GET /admin.php?templates/outdated HTTP/1.1" 200 8715 "https://www.paladin-extensions.com/admin.php?styles/paladin-extensions.8/templates&type=public" "Mozilla/5.0 (Windows NT 10.0; Win64; x64) AppleWebKit/537.36 (KHTML, like Gecko) Chrome/70.0.3538.110 Safari/537.36"
24.251.180.38 - - [07/Dec/2018:04:18:31 -0500] "POST /index.php?shoutbox/refresh HTTP/1.1" 200 119 "https://www.paladin-extensions.com/" "Mozilla/5.0 (Windows NT 10.0; Win64; x64) AppleWebKit/537.36 (KHTML, like Gecko) Chrome/70.0.3538.110 Safari/537.36"
24.251.180.38 - - [07/Dec/2018:04:19:24 -0500] "POST /job.php HTTP/1.1" 200 14 "https://www.paladin-extensions.com/" "Mozilla/5.0 (Windows NT 10.0; Win64; x64) AppleWebKit/537.36 (KHTML, like Gecko) Chrome/70.0.3538.110 Safari/537.36"
24.251.180.38 - - [07/Dec/2018:04:20:24 -0500] "GET /admin.php?templates/ HTTP/1.1" 303 - "https://www.paladin-extensions.com/admin.php?templates/outdated" "Mozilla/5.0 (Windows NT 10.0; Win64; x64) AppleWebKit/537.36 (KHTML, like Gecko) Chrome/70.0.3538.110 Safari/537.36"
24.251.180.38 - - [07/Dec/2018:04:20:45 -0500] "GET /admin.php?styles/paladin-extensions.8/templates&type=public HTTP/1.1" 200 17566 "https://www.paladin-extensions.com/admin.php?templates/outdated" "Mozilla/5.0 (Windows NT 10.0; Win64; x64) AppleWebKit/537.36 (KHTML, like Gecko) Chrome/70.0.3538.110 Safari/537.36"
24.251.180.38 - - [07/Dec/2018:04:20:46 -0500] "POST /job.php HTTP/1.1" 200 14 "https://www.paladin-extensions.com/admin.php?styles/paladin-extensions.8/templates&type=public" "Mozilla/5.0 (Windows NT 10.0; Win64; x64) AppleWebKit/537.36 (KHTML, like Gecko) Chrome/70.0.3538.110 Safari/537.36"
24.251.180.38 - - [07/Dec/2018:04:18:48 -0500] "POST /index.php?shoutbox/refresh HTTP/1.1" 200 119 "https://www.paladin-extensions.com/" "Mozilla/5.0 (Windows NT 10.0; Win64; x64) AppleWebKit/537.36 (KHTML, like Gecko) Chrome/70.0.3538.110 Safari/537.36"
24.251.180.38 - - [07/Dec/2018:04:19:32 -0500] "POST /index.php?shoutbox/refresh HTTP/1.1" 200 119 "https://www.paladin-extensions.com/" "Mozilla/5.0 (Windows NT 10.0; Win64; x64) AppleWebKit/537.36 (KHTML, like Gecko) Chrome/70.0.3538.110 Safari/537.36"
24.251.180.38 - - [07/Dec/2018:04:18:54 -0500] "POST /index.php?shoutbox/refresh HTTP/1.1" 200 119 "https://www.paladin-extensions.com/" "Mozilla/5.0 (Windows NT 10.0; Win64; x64) AppleWebKit/537.36 (KHTML, like Gecko) Chrome/70.0.3538.110 Safari/537.36"
24.251.180.38 - - [07/Dec/2018:04:19:41 -0500] "GET / HTTP/1.1" 200 15905 "https://www.paladin-extensions.com/" "Mozilla/5.0 (Windows NT 10.0; Win64; x64) AppleWebKit/537.36 (KHTML, like Gecko) Chrome/70.0.3538.110 Safari/537.36"
24.251.180.38 - - [07/Dec/2018:04:20:14 -0500] "GET /admin.php?add-ons/Andy-ConversationView/icon HTTP/1.1" 200 3440 "https://www.paladin-extensions.com/admin.php" "Mozilla/5.0 (Windows NT 10.0; Win64; x64) AppleWebKit/537.36 (KHTML, like Gecko) Chrome/70.0.3538.110 Safari/537.36"
24.251.180.38 - - [07/Dec/2018:04:20:14 -0500] "GET /admin.php?add-ons/Andy-History/icon HTTP/1.1" 200 3046 "https://www.paladin-extensions.com/admin.php" "Mozilla/5.0 (Windows NT 10.0; Win64; x64) AppleWebKit/537.36 (KHTML, like Gecko) Chrome/70.0.3538.110 Safari/537.36"
24.251.180.38 - - [07/Dec/2018:04:20:14 -0500] "GET /admin.php?add-ons/Andy-SimilarThreads/icon HTTP/1.1" 200 2891 "https://www.paladin-extensions.com/admin.php" "Mozilla/5.0 (Windows NT 10.0; Win64; x64) AppleWebKit/537.36 (KHTML, like Gecko) Chrome/70.0.3538.110 Safari/537.36"
24.251.180.38 - - [07/Dec/2018:04:19:56 -0500] "POST /index.php?shoutbox/refresh HTTP/1.1" 200 119 "https://www.paladin-extensions.com/" "Mozilla/5.0 (Windows NT 10.0; Win64; x64) AppleWebKit/537.36 (KHTML, like Gecko) Chrome/70.0.3538.110 Safari/537.36"
24.251.180.38 - - [07/Dec/2018:04:19:17 -0500] "POST /index.php?shoutbox/refresh HTTP/1.1" 200 119 "https://www.paladin-extensions.com/" "Mozilla/5.0 (Windows NT 10.0; Win64; x64) AppleWebKit/537.36 (KHTML, like Gecko) Chrome/70.0.3538.110 Safari/537.36"
24.251.180.38 - - [07/Dec/2018:04:19:19 -0500] "POST /index.php?shoutbox/refresh HTTP/1.1" 200 119 "https://www.paladin-extensions.com/" "Mozilla/5.0 (Windows NT 10.0; Win64; x64) AppleWebKit/537.36 (KHTML, like Gecko) Chrome/70.0.3538.110 Safari/537.36"
24.251.180.38 - - [07/Dec/2018:04:19:52 -0500] "POST /index.php?shoutbox/refresh HTTP/1.1" 200 119 "https://www.paladin-extensions.com/" "Mozilla/5.0 (Windows NT 10.0; Win64; x64) AppleWebKit/537.36 (KHTML, like Gecko) Chrome/70.0.3538.110 Safari/537.36"
24.251.180.38 - - [07/Dec/2018:04:19:56 -0500] "GET /account/upgrades HTTP/1.1" 200 13265 "https://www.paladin-extensions.com/" "Mozilla/5.0 (Windows NT 10.0; Win64; x64) AppleWebKit/537.36 (KHTML, like Gecko) Chrome/70.0.3538.110 Safari/537.36"
188.166.79.172 - - [07/Dec/2018:04:21:16 -0500] "GET / HTTP/1.1" 301 - "https://www.paladin.rip/" "HetrixTools Uptime Monitoring Bot. https://hetrix.tools/uptime-monitoring-bot.html"
188.166.79.172 - - [07/Dec/2018:04:21:17 -0500] "GET / HTTP/1.1" 200 13497 "https://paladin-extensions.com/" "HetrixTools Uptime Monitoring Bot. https://hetrix.tools/uptime-monitoring-bot.html"
138.197.17.201 - - [07/Dec/2018:04:21:19 -0500] "GET / HTTP/1.1" 301 - "https://www.paladin.rip/" "HetrixTools Uptime Monitoring Bot. https://hetrix.tools/uptime-monitoring-bot.html"
159.89.159.134 - - [07/Dec/2018:04:21:23 -0500] "GET / HTTP/1.1" 301 - "https://www.paladin.rip/" "HetrixTools Uptime Monitoring Bot. https://hetrix.tools/uptime-monitoring-bot.html"
159.89.159.134 - - [07/Dec/2018:04:21:24 -0500] "GET / HTTP/1.1" 200 13497 "https://paladin-extensions.com/" "HetrixTools Uptime Monitoring Bot. https://hetrix.tools/uptime-monitoring-bot.html"
138.197.17.201 - - [07/Dec/2018:04:21:19 -0500] "GET / HTTP/1.1" 200 13496 "https://paladin-extensions.com/" "HetrixTools Uptime Monitoring Bot. https://hetrix.tools/uptime-monitoring-bot.html"
24.251.180.38 - - [07/Dec/2018:04:20:14 -0500] "GET /admin.php?add-ons/Andy-Countdown/icon HTTP/1.1" 200 3323 "https://www.paladin-extensions.com/admin.php" "Mozilla/5.0 (Windows NT 10.0; Win64; x64) AppleWebKit/537.36 (KHTML, like Gecko) Chrome/70.0.3538.110 Safari/537.36"
24.251.180.38 - - [07/Dec/2018:04:20:14 -0500] "GET /admin.php?add-ons/ThemeHouse-UIX/icon HTTP/1.1" 200 7593 "https://www.paladin-extensions.com/admin.php" "Mozilla/5.0 (Windows NT 10.0; Win64; x64) AppleWebKit/537.36 (KHTML, like Gecko) Chrome/70.0.3538.110 Safari/537.36"
24.251.180.38 - - [07/Dec/2018:04:20:14 -0500] "GET /admin.php?add-ons/Andy-AdminNotes/icon HTTP/1.1" 200 3937 "https://www.paladin-extensions.com/admin.php" "Mozilla/5.0 (Windows NT 10.0; Win64; x64) AppleWebKit/537.36 (KHTML, like Gecko) Chrome/70.0.3538.110 Safari/537.36"
24.251.180.38 - - [07/Dec/2018:04:21:43 -0500] "GET /admin.php?templates/account_upgrades.1717/edit&style_id=8 HTTP/1.1" 200 10791 "https://www.paladin-extensions.com/admin.php?styles/paladin-extensions.8/templates&type=public" "Mozilla/5.0 (Windows NT 10.0; Win64; x64) AppleWebKit/537.36 (KHTML, like Gecko) Chrome/70.0.3538.110 Safari/537.36"
24.251.180.38 - - [07/Dec/2018:04:21:43 -0500] "GET /css.php?css=public%3Acode_editor.less%2Cpublic%3Aextra.less&s=0&l=1&d=1544174216&k=e6fab94341ba525a4d38ab366b26f4d933ac93f4 HTTP/1.1" 200 2524 "https://www.paladin-extensions.com/admin.php?templates/account_upgrades.1717/edit&style_id=8" "Mozilla/5.0 (Windows NT 10.0; Win64; x64) AppleWebKit/537.36 (KHTML, like Gecko) Chrome/70.0.3538.110 Safari/537.36"
24.251.180.38 - - [07/Dec/2018:04:18:09 -0500] "POST /index.php?shoutbox/refresh HTTP/1.1" 200 119 "https://www.paladin-extensions.com/" "Mozilla/5.0 (Windows NT 10.0; Win64; x64) AppleWebKit/537.36 (KHTML, like Gecko) Chrome/70.0.3538.110 Safari/537.36"
24.251.180.38 - - [07/Dec/2018:04:20:53 -0500] "GET /admin.php?templates/account_upgrades.1717/edit&style_id=8 HTTP/1.1" 200 10789 "https://www.paladin-extensions.com/admin.php?styles/paladin-extensions.8/templates&type=public" "Mozilla/5.0 (Windows NT 10.0; Win64; x64) AppleWebKit/537.36 (KHTML, like Gecko) Chrome/70.0.3538.110 Safari/537.36"
138.197.17.201 - - [07/Dec/2018:04:22:04 -0500] "GET / HTTP/1.1" 301 - "https://www.paladin.rip/" "HetrixTools Uptime Monitoring Bot. https://hetrix.tools/uptime-monitoring-bot.html"
138.197.17.201 - - [07/Dec/2018:04:22:04 -0500] "GET / HTTP/1.1" 200 13542 "https://paladin-extensions.com/" "HetrixTools Uptime Monitoring Bot. https://hetrix.tools/uptime-monitoring-bot.html"
95.179.139.97 - - [07/Dec/2018:04:22:14 -0500] "GET / HTTP/1.1" 301 - "https://www.paladin.rip/" "HetrixTools Uptime Monitoring Bot. https://hetrix.tools/uptime-monitoring-bot.html"
95.179.139.97 - - [07/Dec/2018:04:22:15 -0500] "GET / HTTP/1.1" 200 13506 "https://paladin-extensions.com/" "HetrixTools Uptime Monitoring Bot. https://hetrix.tools/uptime-monitoring-bot.html"
149.28.212.239 - - [07/Dec/2018:04:22:16 -0500] "GET / HTTP/1.1" 301 - "https://www.paladin.rip/" "HetrixTools Uptime Monitoring Bot. https://hetrix.tools/uptime-monitoring-bot.html"
149.28.212.239 - - [07/Dec/2018:04:22:16 -0500] "GET / HTTP/1.1" 200 13543 "https://paladin-extensions.com/" "HetrixTools Uptime Monitoring Bot. https://hetrix.tools/uptime-monitoring-bot.html"
24.251.180.38 - - [07/Dec/2018:04:22:32 -0500] "POST /admin.php?templates/account_upgrades.1717/save HTTP/1.1" 200 360 "https://www.paladin-extensions.com/admin.php?templates/account_upgrades.1717/edit&style_id=8" "Mozilla/5.0 (Windows NT 10.0; Win64; x64) AppleWebKit/537.36 (KHTML, like Gecko) Chrome/70.0.3538.110 Safari/537.36"
24.251.180.38 - - [07/Dec/2018:04:22:35 -0500] "GET /account/upgrades HTTP/1.1" 200 13294 "https://www.paladin-extensions.com/" "Mozilla/5.0 (Windows NT 10.0; Win64; x64) AppleWebKit/537.36 (KHTML, like Gecko) Chrome/70.0.3538.110 Safari/537.36"
24.251.180.38 - - [07/Dec/2018:04:22:35 -0500] "GET /css.php?css=public%3Alightslider.less%2Cpublic%3Anotices.less%2Cpublic%3Aextra.less&s=8&l=1&d=1544174553&k=6ea7aea0c3194c1116858b7e7c5b0941398c6926 HTTP/1.1" 200 3014 "https://www.paladin-extensions.com/account/upgrades" "Mozilla/5.0 (Windows NT 10.0; Win64; x64) AppleWebKit/537.36 (KHTML, like Gecko) Chrome/70.0.3538.110 Safari/537.36"
24.251.180.38 - - [07/Dec/2018:04:22:35 -0500] "GET /css.php?css=public%3Anormalize.css%2Cpublic%3Acore.less%2Cpublic%3Aapp.less&s=8&l=1&d=1544174553&k=56a8f8f98ae4201a1d95aad9f134c20bd812cfeb HTTP/1.1" 200 54163 "https://www.paladin-extensions.com/account/upgrades" "Mozilla/5.0 (Windows NT 10.0; Win64; x64) AppleWebKit/537.36 (KHTML, like Gecko) Chrome/70.0.3538.110 Safari/537.36"
24.251.180.38 - - [07/Dec/2018:04:22:40 -0500] "GET /account/upgrades HTTP/1.1" 200 13290 "https://www.paladin-extensions.com/" "Mozilla/5.0 (Windows NT 10.0; Win64; x64) AppleWebKit/537.36 (KHTML, like Gecko) Chrome/70.0.3538.110 Safari/537.36"
24.251.180.38 - - [07/Dec/2018:04:22:40 -0500] "GET /styles/uix_dark/images/favicon.png HTTP/1.1" 200 46879 "https://www.paladin-extensions.com/account/upgrades" "Mozilla/5.0 (Windows NT 10.0; Win64; x64) AppleWebKit/537.36 (KHTML, like Gecko) Chrome/70.0.3538.110 Safari/537.36"
24.251.180.38 - - [07/Dec/2018:04:18:30 -0500] "POST /index.php?shoutbox/refresh HTTP/1.1" 200 119 "https://www.paladin-extensions.com/" "Mozilla/5.0 (Windows NT 10.0; Win64; x64) AppleWebKit/537.36 (KHTML, like Gecko) Chrome/70.0.3538.110 Safari/537.36"
24.251.180.38 - - [07/Dec/2018:04:18:37 -0500] "GET /misc/login-as-user?user_id=32&_xfRequestUri=%2F&_xfWithData=1&_xfToken=1544174256%2Cfeb043f534f0087fa45b6de16f8fdf12&_xfResponseType=json HTTP/1.1" 200 2474 "https://www.paladin-extensions.com/" "Mozilla/5.0 (Windows NT 10.0; Win64; x64) AppleWebKit/537.36 (KHTML, like Gecko) Chrome/70.0.3538.110 Safari/537.36"
24.251.180.38 - - [07/Dec/2018:04:18:33 -0500] "GET /css.php?css=public:select2.less&s=8&l=1&d=1544174216 HTTP/1.1" 200 1313 "https://www.paladin-extensions.com/" "Mozilla/5.0 (Windows NT 10.0; Win64; x64) AppleWebKit/537.36 (KHTML, like Gecko) Chrome/70.0.3538.110 Safari/537.36"
24.251.180.38 - - [07/Dec/2018:04:22:45 -0500] "POST /admin.php?templates/account_upgrades.1717/save HTTP/1.1" 200 360 "https://www.paladin-extensions.com/admin.php?templates/account_upgrades.1717/edit&style_id=8" "Mozilla/5.0 (Windows NT 10.0; Win64; x64) AppleWebKit/537.36 (KHTML, like Gecko) Chrome/70.0.3538.110 Safari/537.36"
24.251.180.38 - - [07/Dec/2018:04:22:47 -0500] "GET /account/upgrades HTTP/1.1" 200 13292 "https://www.paladin-extensions.com/" "Mozilla/5.0 (Windows NT 10.0; Win64; x64) AppleWebKit/537.36 (KHTML, like Gecko) Chrome/70.0.3538.110 Safari/537.36"
24.251.180.38 - - [07/Dec/2018:04:22:47 -0500] "GET /css.php?css=public%3Alightslider.less%2Cpublic%3Anotices.less%2Cpublic%3Aextra.less&s=8&l=1&d=1544174565&k=6ea7aea0c3194c1116858b7e7c5b0941398c6926 HTTP/1.1" 200 3014 "https://www.paladin-extensions.com/account/upgrades" "Mozilla/5.0 (Windows NT 10.0; Win64; x64) AppleWebKit/537.36 (KHTML, like Gecko) Chrome/70.0.3538.110 Safari/537.36"
24.251.180.38 - - [07/Dec/2018:04:22:47 -0500] "GET /css.php?css=public%3Anormalize.css%2Cpublic%3Acore.less%2Cpublic%3Aapp.less&s=8&l=1&d=1544174565&k=56a8f8f98ae4201a1d95aad9f134c20bd812cfeb HTTP/1.1" 200 54163 "https://www.paladin-extensions.com/account/upgrades" "Mozilla/5.0 (Windows NT 10.0; Win64; x64) AppleWebKit/537.36 (KHTML, like Gecko) Chrome/70.0.3538.110 Safari/537.36"
24.251.180.38 - - [07/Dec/2018:04:22:49 -0500] "POST /job.php HTTP/1.1" 200 14 "https://www.paladin-extensions.com/account/upgrades" "Mozilla/5.0 (Windows NT 10.0; Win64; x64) AppleWebKit/537.36 (KHTML, like Gecko) Chrome/70.0.3538.110 Safari/537.36"
24.251.180.38 - - [07/Dec/2018:04:18:38 -0500] "POST /index.php?shoutbox/refresh HTTP/1.1" 200 119 "https://www.paladin-extensions.com/" "Mozilla/5.0 (Windows NT 10.0; Win64; x64) AppleWebKit/537.36 (KHTML, like Gecko) Chrome/70.0.3538.110 Safari/537.36"
24.251.180.38 - - [07/Dec/2018:04:18:44 -0500] "POST /index.php?shoutbox/refresh HTTP/1.1" 200 119 "https://www.paladin-extensions.com/" "Mozilla/5.0 (Windows NT 10.0; Win64; x64) AppleWebKit/537.36 (KHTML, like Gecko) Chrome/70.0.3538.110 Safari/537.36"
51.15.61.222 - - [07/Dec/2018:04:23:09 -0500] "GET / HTTP/1.1" 301 - "https://www.paladin.rip/" "HetrixTools Uptime Monitoring Bot. https://hetrix.tools/uptime-monitoring-bot.html"
51.15.61.222 - - [07/Dec/2018:04:23:10 -0500] "GET / HTTP/1.1" 200 13507 "https://paladin-extensions.com/" "HetrixTools Uptime Monitoring Bot. https://hetrix.tools/uptime-monitoring-bot.html"
149.28.212.239 - - [07/Dec/2018:04:23:21 -0500] "GET / HTTP/1.1" 301 - "https://www.paladin.rip/" "HetrixTools Uptime Monitoring Bot. https://hetrix.tools/uptime-monitoring-bot.html"
24.251.180.38 - - [07/Dec/2018:04:23:32 -0500] "POST /admin.php?templates/account_upgrades.1717/save HTTP/1.1" 200 360 "https://www.paladin-extensions.com/admin.php?templates/account_upgrades.1717/edit&style_id=8" "Mozilla/5.0 (Windows NT 10.0; Win64; x64) AppleWebKit/537.36 (KHTML, like Gecko) Chrome/70.0.3538.110 Safari/537.36"
24.251.180.38 - - [07/Dec/2018:04:23:34 -0500] "GET /account/upgrades HTTP/1.1" 200 13304 "https://www.paladin-extensions.com/" "Mozilla/5.0 (Windows NT 10.0; Win64; x64) AppleWebKit/537.36 (KHTML, like Gecko) Chrome/70.0.3538.110 Safari/537.36"
162.213.41.93 - - [07/Dec/2018:04:21:06 -0500] "GET /test.pph HTTP/1.1" 301 - "-" "Mozilla/5.0 (Windows NT 6.1; Win64; x64; rv:63.0) Gecko/20100101 Firefox/63.0"
24.251.180.38 - - [07/Dec/2018:04:23:34 -0500] "GET /css.php?css=public%3Alightslider.less%2Cpublic%3Anotices.less%2Cpublic%3Aextra.less&s=8&l=1&d=1544174612&k=6ea7aea0c3194c1116858b7e7c5b0941398c6926 HTTP/1.1" 200 3014 "https://www.paladin-extensions.com/account/upgrades" "Mozilla/5.0 (Windows NT 10.0; Win64; x64) AppleWebKit/537.36 (KHTML, like Gecko) Chrome/70.0.3538.110 Safari/537.36"
149.28.212.239 - - [07/Dec/2018:04:23:38 -0500] "GET / HTTP/1.1" 301 - "https://www.paladin.rip/" "HetrixTools Uptime Monitoring Bot. https://hetrix.tools/uptime-monitoring-bot.html"
