51.15.61.222 - - [06/Jan/2019:07:08:08 -0500] "GET / HTTP/1.1" 301 - "https://www.paladin.rip/" "HetrixTools Uptime Monitoring Bot. https://hetrix.tools/uptime-monitoring-bot.html"
51.15.61.222 - - [06/Jan/2019:07:08:09 -0500] "GET / HTTP/1.1" 503 10046 "https://paladin-extensions.com/" "HetrixTools Uptime Monitoring Bot. https://hetrix.tools/uptime-monitoring-bot.html"
159.89.159.134 - - [06/Jan/2019:07:08:24 -0500] "GET / HTTP/1.1" 301 - "https://www.paladin.rip/" "HetrixTools Uptime Monitoring Bot. https://hetrix.tools/uptime-monitoring-bot.html"
159.89.159.134 - - [06/Jan/2019:07:08:24 -0500] "GET / HTTP/1.1" 503 10039 "https://paladin-extensions.com/" "HetrixTools Uptime Monitoring Bot. https://hetrix.tools/uptime-monitoring-bot.html"
96.126.106.201 - - [06/Jan/2019:07:08:25 -0500] "GET / HTTP/1.1" 301 - "https://www.paladin.rip/" "HetrixTools Uptime Monitoring Bot. https://hetrix.tools/uptime-monitoring-bot.html"
96.126.106.201 - - [06/Jan/2019:07:08:25 -0500] "GET / HTTP/1.1" 503 10038 "https://paladin-extensions.com/" "HetrixTools Uptime Monitoring Bot. https://hetrix.tools/uptime-monitoring-bot.html"
149.28.212.239 - - [06/Jan/2019:07:09:06 -0500] "GET / HTTP/1.1" 301 - "https://www.paladin.rip/" "HetrixTools Uptime Monitoring Bot. https://hetrix.tools/uptime-monitoring-bot.html"
149.28.212.239 - - [06/Jan/2019:07:09:07 -0500] "GET / HTTP/1.1" 503 10039 "https://paladin-extensions.com/" "HetrixTools Uptime Monitoring Bot. https://hetrix.tools/uptime-monitoring-bot.html"
52.207.41.187 - - [06/Jan/2019:07:09:09 -0500] "GET / HTTP/1.1" 301 - "https://www.paladin.rip/" "HetrixTools Uptime Monitoring Bot. https://hetrix.tools/uptime-monitoring-bot.html"
52.207.41.187 - - [06/Jan/2019:07:09:10 -0500] "GET / HTTP/1.1" 503 10052 "https://paladin-extensions.com/" "HetrixTools Uptime Monitoring Bot. https://hetrix.tools/uptime-monitoring-bot.html"
95.179.139.97 - - [06/Jan/2019:07:09:21 -0500] "GET / HTTP/1.1" 301 - "https://www.paladin.rip/" "HetrixTools Uptime Monitoring Bot. https://hetrix.tools/uptime-monitoring-bot.html"
95.179.139.97 - - [06/Jan/2019:07:09:22 -0500] "GET / HTTP/1.1" 503 10051 "https://paladin-extensions.com/" "HetrixTools Uptime Monitoring Bot. https://hetrix.tools/uptime-monitoring-bot.html"
51.15.61.222 - - [06/Jan/2019:07:10:04 -0500] "GET / HTTP/1.1" 301 - "https://www.paladin.rip/" "HetrixTools Uptime Monitoring Bot. https://hetrix.tools/uptime-monitoring-bot.html"
51.15.61.222 - - [06/Jan/2019:07:10:05 -0500] "GET / HTTP/1.1" 503 10038 "https://paladin-extensions.com/" "HetrixTools Uptime Monitoring Bot. https://hetrix.tools/uptime-monitoring-bot.html"
159.89.159.134 - - [06/Jan/2019:07:10:09 -0500] "GET / HTTP/1.1" 301 - "https://www.paladin.rip/" "HetrixTools Uptime Monitoring Bot. https://hetrix.tools/uptime-monitoring-bot.html"
159.89.159.134 - - [06/Jan/2019:07:10:10 -0500] "GET / HTTP/1.1" 503 10043 "https://paladin-extensions.com/" "HetrixTools Uptime Monitoring Bot. https://hetrix.tools/uptime-monitoring-bot.html"
138.197.17.201 - - [06/Jan/2019:07:10:10 -0500] "GET / HTTP/1.1" 301 - "https://www.paladin.rip/" "HetrixTools Uptime Monitoring Bot. https://hetrix.tools/uptime-monitoring-bot.html"
138.197.17.201 - - [06/Jan/2019:07:10:10 -0500] "GET / HTTP/1.1" 503 10039 "https://paladin-extensions.com/" "HetrixTools Uptime Monitoring Bot. https://hetrix.tools/uptime-monitoring-bot.html"
52.207.41.187 - - [06/Jan/2019:07:11:09 -0500] "GET / HTTP/1.1" 301 - "https://www.paladin.rip/" "HetrixTools Uptime Monitoring Bot. https://hetrix.tools/uptime-monitoring-bot.html"
52.207.41.187 - - [06/Jan/2019:07:11:10 -0500] "GET / HTTP/1.1" 503 10037 "https://paladin-extensions.com/" "HetrixTools Uptime Monitoring Bot. https://hetrix.tools/uptime-monitoring-bot.html"
95.179.139.97 - - [06/Jan/2019:07:11:15 -0500] "GET / HTTP/1.1" 301 - "https://www.paladin.rip/" "HetrixTools Uptime Monitoring Bot. https://hetrix.tools/uptime-monitoring-bot.html"
95.179.139.97 - - [06/Jan/2019:07:11:16 -0500] "GET / HTTP/1.1" 503 10046 "https://paladin-extensions.com/" "HetrixTools Uptime Monitoring Bot. https://hetrix.tools/uptime-monitoring-bot.html"
149.28.212.239 - - [06/Jan/2019:07:11:20 -0500] "GET / HTTP/1.1" 301 - "https://www.paladin.rip/" "HetrixTools Uptime Monitoring Bot. https://hetrix.tools/uptime-monitoring-bot.html"
149.28.212.239 - - [06/Jan/2019:07:11:21 -0500] "GET / HTTP/1.1" 503 10045 "https://paladin-extensions.com/" "HetrixTools Uptime Monitoring Bot. https://hetrix.tools/uptime-monitoring-bot.html"
159.89.159.134 - - [06/Jan/2019:07:12:04 -0500] "GET / HTTP/1.1" 301 - "https://www.paladin.rip/" "HetrixTools Uptime Monitoring Bot. https://hetrix.tools/uptime-monitoring-bot.html"
159.89.159.134 - - [06/Jan/2019:07:12:05 -0500] "GET / HTTP/1.1" 503 10040 "https://paladin-extensions.com/" "HetrixTools Uptime Monitoring Bot. https://hetrix.tools/uptime-monitoring-bot.html"
138.197.17.201 - - [06/Jan/2019:07:12:11 -0500] "GET / HTTP/1.1" 301 - "https://www.paladin.rip/" "HetrixTools Uptime Monitoring Bot. https://hetrix.tools/uptime-monitoring-bot.html"
138.197.17.201 - - [06/Jan/2019:07:12:11 -0500] "GET / HTTP/1.1" 503 10037 "https://paladin-extensions.com/" "HetrixTools Uptime Monitoring Bot. https://hetrix.tools/uptime-monitoring-bot.html"
51.15.61.222 - - [06/Jan/2019:07:12:15 -0500] "GET / HTTP/1.1" 301 - "https://www.paladin.rip/" "HetrixTools Uptime Monitoring Bot. https://hetrix.tools/uptime-monitoring-bot.html"
51.15.61.222 - - [06/Jan/2019:07:12:15 -0500] "GET / HTTP/1.1" 503 10041 "https://paladin-extensions.com/" "HetrixTools Uptime Monitoring Bot. https://hetrix.tools/uptime-monitoring-bot.html"
24.251.180.38 - - [06/Jan/2019:07:13:03 -0500] "GET /?os=win&arch=x64&os_arch=x86_64&nacl_arch=x86-64&prod=chromecrx&prodchannel=&prodversion=71.0.3578.98&lang=en-US&acceptformat=crx2,crx3&x=id%3Dflmidcincpeeppigfpcongfpmdoplamh%26v%3D1.5%26installsource%3Dnotfromwebstore%26installedby%3Dinternal%26uc HTTP/1.1" 301 - "-" "Mozilla/5.0 (Windows NT 10.0; Win64; x64) AppleWebKit/537.36 (KHTML, like Gecko) Chrome/71.0.3578.98 Safari/537.36"
24.251.180.38 - - [06/Jan/2019:07:13:03 -0500] "GET /?os=win&arch=x64&os_arch=x86_64&nacl_arch=x86-64&prod=chromecrx&prodchannel=&prodversion=71.0.3578.98&lang=en-US&acceptformat=crx2,crx3&x=id%3Dflmidcincpeeppigfpcongfpmdoplamh%26v%3D1.5%26installsource%3Dnotfromwebstore%26installedby%3Dinternal%26uc HTTP/1.1" 503 10046 "-" "Mozilla/5.0 (Windows NT 10.0; Win64; x64) AppleWebKit/537.36 (KHTML, like Gecko) Chrome/71.0.3578.98 Safari/537.36"
24.251.180.38 - - [06/Jan/2019:07:13:05 -0500] "GET /?os=win&arch=x64&os_arch=x86_64&nacl_arch=x86-64&prod=chromecrx&prodchannel=&prodversion=71.0.3578.98&lang=en-US&acceptformat=crx2,crx3&x=id%3Dflmidcincpeeppigfpcongfpmdoplamh%26v%3D1.5%26installsource%3Dnotfromwebstore%26installedby%3Dinternal%26uc HTTP/1.1" 301 - "-" "Mozilla/5.0 (Windows NT 10.0; Win64; x64) AppleWebKit/537.36 (KHTML, like Gecko) Chrome/71.0.3578.98 Safari/537.36"
24.251.180.38 - - [06/Jan/2019:07:13:05 -0500] "GET /?os=win&arch=x64&os_arch=x86_64&nacl_arch=x86-64&prod=chromecrx&prodchannel=&prodversion=71.0.3578.98&lang=en-US&acceptformat=crx2,crx3&x=id%3Dflmidcincpeeppigfpcongfpmdoplamh%26v%3D1.5%26installsource%3Dnotfromwebstore%26installedby%3Dinternal%26uc HTTP/1.1" 503 10054 "-" "Mozilla/5.0 (Windows NT 10.0; Win64; x64) AppleWebKit/537.36 (KHTML, like Gecko) Chrome/71.0.3578.98 Safari/537.36"
138.197.17.201 - - [06/Jan/2019:07:13:08 -0500] "GET / HTTP/1.1" 301 - "https://www.paladin.rip/" "HetrixTools Uptime Monitoring Bot. https://hetrix.tools/uptime-monitoring-bot.html"
24.251.180.38 - - [06/Jan/2019:07:13:09 -0500] "GET /?os=win&arch=x64&os_arch=x86_64&nacl_arch=x86-64&prod=chromecrx&prodchannel=&prodversion=71.0.3578.98&lang=en-US&acceptformat=crx2,crx3&x=id%3Dflmidcincpeeppigfpcongfpmdoplamh%26v%3D1.5%26installsource%3Dnotfromwebstore%26installedby%3Dinternal%26uc HTTP/1.1" 301 - "-" "Mozilla/5.0 (Windows NT 10.0; Win64; x64) AppleWebKit/537.36 (KHTML, like Gecko) Chrome/71.0.3578.98 Safari/537.36"
138.197.17.201 - - [06/Jan/2019:07:13:09 -0500] "GET / HTTP/1.1" 503 10038 "https://paladin-extensions.com/" "HetrixTools Uptime Monitoring Bot. https://hetrix.tools/uptime-monitoring-bot.html"
24.251.180.38 - - [06/Jan/2019:07:13:09 -0500] "GET /?os=win&arch=x64&os_arch=x86_64&nacl_arch=x86-64&prod=chromecrx&prodchannel=&prodversion=71.0.3578.98&lang=en-US&acceptformat=crx2,crx3&x=id%3Dflmidcincpeeppigfpcongfpmdoplamh%26v%3D1.5%26installsource%3Dnotfromwebstore%26installedby%3Dinternal%26uc HTTP/1.1" 503 10046 "-" "Mozilla/5.0 (Windows NT 10.0; Win64; x64) AppleWebKit/537.36 (KHTML, like Gecko) Chrome/71.0.3578.98 Safari/537.36"
24.251.180.38 - - [06/Jan/2019:07:13:18 -0500] "GET /?os=win&arch=x64&os_arch=x86_64&nacl_arch=x86-64&prod=chromecrx&prodchannel=&prodversion=71.0.3578.98&lang=en-US&acceptformat=crx2,crx3&x=id%3Dflmidcincpeeppigfpcongfpmdoplamh%26v%3D1.5%26installsource%3Dnotfromwebstore%26installedby%3Dinternal%26uc HTTP/1.1" 301 - "-" "Mozilla/5.0 (Windows NT 10.0; Win64; x64) AppleWebKit/537.36 (KHTML, like Gecko) Chrome/71.0.3578.98 Safari/537.36"
24.251.180.38 - - [06/Jan/2019:07:13:18 -0500] "GET /?os=win&arch=x64&os_arch=x86_64&nacl_arch=x86-64&prod=chromecrx&prodchannel=&prodversion=71.0.3578.98&lang=en-US&acceptformat=crx2,crx3&x=id%3Dflmidcincpeeppigfpcongfpmdoplamh%26v%3D1.5%26installsource%3Dnotfromwebstore%26installedby%3Dinternal%26uc HTTP/1.1" 503 10046 "-" "Mozilla/5.0 (Windows NT 10.0; Win64; x64) AppleWebKit/537.36 (KHTML, like Gecko) Chrome/71.0.3578.98 Safari/537.36"
51.15.61.222 - - [06/Jan/2019:07:13:21 -0500] "GET / HTTP/1.1" 301 - "https://www.paladin.rip/" "HetrixTools Uptime Monitoring Bot. https://hetrix.tools/uptime-monitoring-bot.html"
51.15.61.222 - - [06/Jan/2019:07:13:22 -0500] "GET / HTTP/1.1" 503 10045 "https://paladin-extensions.com/" "HetrixTools Uptime Monitoring Bot. https://hetrix.tools/uptime-monitoring-bot.html"
149.28.212.239 - - [06/Jan/2019:07:13:22 -0500] "GET / HTTP/1.1" 301 - "https://www.paladin.rip/" "HetrixTools Uptime Monitoring Bot. https://hetrix.tools/uptime-monitoring-bot.html"
149.28.212.239 - - [06/Jan/2019:07:13:23 -0500] "GET / HTTP/1.1" 503 10040 "https://paladin-extensions.com/" "HetrixTools Uptime Monitoring Bot. https://hetrix.tools/uptime-monitoring-bot.html"
24.251.180.38 - - [06/Jan/2019:07:13:34 -0500] "GET /?os=win&arch=x64&os_arch=x86_64&nacl_arch=x86-64&prod=chromecrx&prodchannel=&prodversion=71.0.3578.98&lang=en-US&acceptformat=crx2,crx3&x=id%3Dflmidcincpeeppigfpcongfpmdoplamh%26v%3D1.5%26installsource%3Dnotfromwebstore%26installedby%3Dinternal%26uc HTTP/1.1" 301 - "-" "Mozilla/5.0 (Windows NT 10.0; Win64; x64) AppleWebKit/537.36 (KHTML, like Gecko) Chrome/71.0.3578.98 Safari/537.36"
24.251.180.38 - - [06/Jan/2019:07:13:34 -0500] "GET /?os=win&arch=x64&os_arch=x86_64&nacl_arch=x86-64&prod=chromecrx&prodchannel=&prodversion=71.0.3578.98&lang=en-US&acceptformat=crx2,crx3&x=id%3Dflmidcincpeeppigfpcongfpmdoplamh%26v%3D1.5%26installsource%3Dnotfromwebstore%26installedby%3Dinternal%26uc HTTP/1.1" 503 10054 "-" "Mozilla/5.0 (Windows NT 10.0; Win64; x64) AppleWebKit/537.36 (KHTML, like Gecko) Chrome/71.0.3578.98 Safari/537.36"
24.251.180.38 - - [06/Jan/2019:07:14:03 -0500] "GET /?os=win&arch=x64&os_arch=x86_64&nacl_arch=x86-64&prod=chromecrx&prodchannel=&prodversion=71.0.3578.98&lang=en-US&acceptformat=crx2,crx3&x=id%3Dflmidcincpeeppigfpcongfpmdoplamh%26v%3D1.5%26installsource%3Dnotfromwebstore%26installedby%3Dinternal%26uc HTTP/1.1" 301 - "-" "Mozilla/5.0 (Windows NT 10.0; Win64; x64) AppleWebKit/537.36 (KHTML, like Gecko) Chrome/71.0.3578.98 Safari/537.36"
24.251.180.38 - - [06/Jan/2019:07:14:04 -0500] "GET /?os=win&arch=x64&os_arch=x86_64&nacl_arch=x86-64&prod=chromecrx&prodchannel=&prodversion=71.0.3578.98&lang=en-US&acceptformat=crx2,crx3&x=id%3Dflmidcincpeeppigfpcongfpmdoplamh%26v%3D1.5%26installsource%3Dnotfromwebstore%26installedby%3Dinternal%26uc HTTP/1.1" 503 10047 "-" "Mozilla/5.0 (Windows NT 10.0; Win64; x64) AppleWebKit/537.36 (KHTML, like Gecko) Chrome/71.0.3578.98 Safari/537.36"
188.166.79.172 - - [06/Jan/2019:07:14:06 -0500] "GET / HTTP/1.1" 301 - "https://www.paladin.rip/" "HetrixTools Uptime Monitoring Bot. https://hetrix.tools/uptime-monitoring-bot.html"
188.166.79.172 - - [06/Jan/2019:07:14:06 -0500] "GET / HTTP/1.1" 503 10046 "https://paladin-extensions.com/" "HetrixTools Uptime Monitoring Bot. https://hetrix.tools/uptime-monitoring-bot.html"
52.207.41.187 - - [06/Jan/2019:07:14:12 -0500] "GET / HTTP/1.1" 301 - "https://www.paladin.rip/" "HetrixTools Uptime Monitoring Bot. https://hetrix.tools/uptime-monitoring-bot.html"
52.207.41.187 - - [06/Jan/2019:07:14:13 -0500] "GET / HTTP/1.1" 503 10049 "https://paladin-extensions.com/" "HetrixTools Uptime Monitoring Bot. https://hetrix.tools/uptime-monitoring-bot.html"
23.239.7.4 - - [06/Jan/2019:07:14:16 -0500] "GET / HTTP/1.1" 301 - "https://www.paladin.rip/" "HetrixTools Uptime Monitoring Bot. https://hetrix.tools/uptime-monitoring-bot.html"
23.239.7.4 - - [06/Jan/2019:07:14:17 -0500] "GET / HTTP/1.1" 503 10038 "https://paladin-extensions.com/" "HetrixTools Uptime Monitoring Bot. https://hetrix.tools/uptime-monitoring-bot.html"
138.197.17.201 - - [06/Jan/2019:07:15:02 -0500] "GET / HTTP/1.1" 301 - "https://www.paladin.rip/" "HetrixTools Uptime Monitoring Bot. https://hetrix.tools/uptime-monitoring-bot.html"
24.251.180.38 - - [06/Jan/2019:07:15:03 -0500] "GET /?os=win&arch=x64&os_arch=x86_64&nacl_arch=x86-64&prod=chromecrx&prodchannel=&prodversion=71.0.3578.98&lang=en-US&acceptformat=crx2,crx3&x=id%3Dflmidcincpeeppigfpcongfpmdoplamh%26v%3D1.5%26installsource%3Dnotfromwebstore%26installedby%3Dinternal%26uc HTTP/1.1" 301 - "-" "Mozilla/5.0 (Windows NT 10.0; Win64; x64) AppleWebKit/537.36 (KHTML, like Gecko) Chrome/71.0.3578.98 Safari/537.36"
24.251.180.38 - - [06/Jan/2019:07:15:03 -0500] "GET /?os=win&arch=x64&os_arch=x86_64&nacl_arch=x86-64&prod=chromecrx&prodchannel=&prodversion=71.0.3578.98&lang=en-US&acceptformat=crx2,crx3&x=id%3Dflmidcincpeeppigfpcongfpmdoplamh%26v%3D1.5%26installsource%3Dnotfromwebstore%26installedby%3Dinternal%26uc HTTP/1.1" 503 10047 "-" "Mozilla/5.0 (Windows NT 10.0; Win64; x64) AppleWebKit/537.36 (KHTML, like Gecko) Chrome/71.0.3578.98 Safari/537.36"
138.197.17.201 - - [06/Jan/2019:07:15:03 -0500] "GET / HTTP/1.1" 503 10037 "https://paladin-extensions.com/" "HetrixTools Uptime Monitoring Bot. https://hetrix.tools/uptime-monitoring-bot.html"
159.89.159.134 - - [06/Jan/2019:07:15:05 -0500] "GET / HTTP/1.1" 301 - "https://www.paladin.rip/" "HetrixTools Uptime Monitoring Bot. https://hetrix.tools/uptime-monitoring-bot.html"
159.89.159.134 - - [06/Jan/2019:07:15:05 -0500] "GET / HTTP/1.1" 503 10049 "https://paladin-extensions.com/" "HetrixTools Uptime Monitoring Bot. https://hetrix.tools/uptime-monitoring-bot.html"
51.15.61.222 - - [06/Jan/2019:07:15:17 -0500] "GET / HTTP/1.1" 301 - "https://www.paladin.rip/" "HetrixTools Uptime Monitoring Bot. https://hetrix.tools/uptime-monitoring-bot.html"
51.15.61.222 - - [06/Jan/2019:07:15:18 -0500] "GET / HTTP/1.1" 503 10038 "https://paladin-extensions.com/" "HetrixTools Uptime Monitoring Bot. https://hetrix.tools/uptime-monitoring-bot.html"
51.15.61.222 - - [06/Jan/2019:07:16:07 -0500] "GET / HTTP/1.1" 301 - "https://www.paladin.rip/" "HetrixTools Uptime Monitoring Bot. https://hetrix.tools/uptime-monitoring-bot.html"
51.15.61.222 - - [06/Jan/2019:07:16:08 -0500] "GET / HTTP/1.1" 503 10052 "https://paladin-extensions.com/" "HetrixTools Uptime Monitoring Bot. https://hetrix.tools/uptime-monitoring-bot.html"
52.23.120.125 - - [06/Jan/2019:07:16:20 -0500] "GET / HTTP/1.1" 301 - "https://www.paladin.rip/" "HetrixTools Uptime Monitoring Bot. https://hetrix.tools/uptime-monitoring-bot.html"
23.239.7.4 - - [06/Jan/2019:07:16:20 -0500] "GET / HTTP/1.1" 301 - "https://www.paladin.rip/" "HetrixTools Uptime Monitoring Bot. https://hetrix.tools/uptime-monitoring-bot.html"
52.23.120.125 - - [06/Jan/2019:07:16:21 -0500] "GET / HTTP/1.1" 503 10037 "https://paladin-extensions.com/" "HetrixTools Uptime Monitoring Bot. https://hetrix.tools/uptime-monitoring-bot.html"
23.239.7.4 - - [06/Jan/2019:07:16:21 -0500] "GET / HTTP/1.1" 503 10050 "https://paladin-extensions.com/" "HetrixTools Uptime Monitoring Bot. https://hetrix.tools/uptime-monitoring-bot.html"
157.55.39.247 - - [06/Jan/2019:07:16:45 -0500] "GET /extensions/ HTTP/1.1" 503 9897 "-" "Mozilla/5.0 (compatible; bingbot/2.0; +http://www.bing.com/bingbot.htm)"
24.251.180.38 - - [06/Jan/2019:07:17:02 -0500] "GET /?os=win&arch=x64&os_arch=x86_64&nacl_arch=x86-64&prod=chromecrx&prodchannel=&prodversion=71.0.3578.98&lang=en-US&acceptformat=crx2,crx3&x=id%3Dflmidcincpeeppigfpcongfpmdoplamh%26v%3D1.5%26installsource%3Dnotfromwebstore%26installedby%3Dinternal%26uc HTTP/1.1" 301 - "-" "Mozilla/5.0 (Windows NT 10.0; Win64; x64) AppleWebKit/537.36 (KHTML, like Gecko) Chrome/71.0.3578.98 Safari/537.36"
24.251.180.38 - - [06/Jan/2019:07:17:02 -0500] "GET /?os=win&arch=x64&os_arch=x86_64&nacl_arch=x86-64&prod=chromecrx&prodchannel=&prodversion=71.0.3578.98&lang=en-US&acceptformat=crx2,crx3&x=id%3Dflmidcincpeeppigfpcongfpmdoplamh%26v%3D1.5%26installsource%3Dnotfromwebstore%26installedby%3Dinternal%26uc HTTP/1.1" 503 10055 "-" "Mozilla/5.0 (Windows NT 10.0; Win64; x64) AppleWebKit/537.36 (KHTML, like Gecko) Chrome/71.0.3578.98 Safari/537.36"
51.15.61.222 - - [06/Jan/2019:07:17:07 -0500] "GET / HTTP/1.1" 301 - "https://www.paladin.rip/" "HetrixTools Uptime Monitoring Bot. https://hetrix.tools/uptime-monitoring-bot.html"
51.15.61.222 - - [06/Jan/2019:07:17:08 -0500] "GET / HTTP/1.1" 503 10041 "https://paladin-extensions.com/" "HetrixTools Uptime Monitoring Bot. https://hetrix.tools/uptime-monitoring-bot.html"
159.89.159.134 - - [06/Jan/2019:07:17:13 -0500] "GET / HTTP/1.1" 301 - "https://www.paladin.rip/" "HetrixTools Uptime Monitoring Bot. https://hetrix.tools/uptime-monitoring-bot.html"
159.89.159.134 - - [06/Jan/2019:07:17:14 -0500] "GET / HTTP/1.1" 503 10038 "https://paladin-extensions.com/" "HetrixTools Uptime Monitoring Bot. https://hetrix.tools/uptime-monitoring-bot.html"
138.197.17.201 - - [06/Jan/2019:07:17:16 -0500] "GET / HTTP/1.1" 301 - "https://www.paladin.rip/" "HetrixTools Uptime Monitoring Bot. https://hetrix.tools/uptime-monitoring-bot.html"
138.197.17.201 - - [06/Jan/2019:07:17:16 -0500] "GET / HTTP/1.1" 503 10039 "https://paladin-extensions.com/" "HetrixTools Uptime Monitoring Bot. https://hetrix.tools/uptime-monitoring-bot.html"
18.207.97.106 - - [06/Jan/2019:07:17:26 -0500] "GET / HTTP/1.1" 503 38415 "http://paladin-extensions.com/" "Mozilla/5.0 (Macintosh; Intel Mac OS X 10_13_4) AppleWebKit/537.36 (KHTML, like Gecko) Chrome/65.0.3325.181 Safari/537.36"
138.197.17.201 - - [06/Jan/2019:07:18:10 -0500] "GET / HTTP/1.1" 301 - "https://www.paladin.rip/" "HetrixTools Uptime Monitoring Bot. https://hetrix.tools/uptime-monitoring-bot.html"
23.239.7.4 - - [06/Jan/2019:07:18:11 -0500] "GET / HTTP/1.1" 301 - "https://www.paladin.rip/" "HetrixTools Uptime Monitoring Bot. https://hetrix.tools/uptime-monitoring-bot.html"
138.197.17.201 - - [06/Jan/2019:07:18:11 -0500] "GET / HTTP/1.1" 503 10051 "https://paladin-extensions.com/" "HetrixTools Uptime Monitoring Bot. https://hetrix.tools/uptime-monitoring-bot.html"
23.239.7.4 - - [06/Jan/2019:07:18:11 -0500] "GET / HTTP/1.1" 503 10038 "https://paladin-extensions.com/" "HetrixTools Uptime Monitoring Bot. https://hetrix.tools/uptime-monitoring-bot.html"
188.166.79.172 - - [06/Jan/2019:07:18:17 -0500] "GET / HTTP/1.1" 301 - "https://www.paladin.rip/" "HetrixTools Uptime Monitoring Bot. https://hetrix.tools/uptime-monitoring-bot.html"
188.166.79.172 - - [06/Jan/2019:07:18:18 -0500] "GET / HTTP/1.1" 503 10053 "https://paladin-extensions.com/" "HetrixTools Uptime Monitoring Bot. https://hetrix.tools/uptime-monitoring-bot.html"
138.197.17.201 - - [06/Jan/2019:07:19:05 -0500] "GET / HTTP/1.1" 301 - "https://www.paladin.rip/" "HetrixTools Uptime Monitoring Bot. https://hetrix.tools/uptime-monitoring-bot.html"
138.197.17.201 - - [06/Jan/2019:07:19:06 -0500] "GET / HTTP/1.1" 503 10049 "https://paladin-extensions.com/" "HetrixTools Uptime Monitoring Bot. https://hetrix.tools/uptime-monitoring-bot.html"
159.89.159.134 - - [06/Jan/2019:07:19:13 -0500] "GET / HTTP/1.1" 301 - "https://www.paladin.rip/" "HetrixTools Uptime Monitoring Bot. https://hetrix.tools/uptime-monitoring-bot.html"
159.89.159.134 - - [06/Jan/2019:07:19:13 -0500] "GET / HTTP/1.1" 503 10046 "https://paladin-extensions.com/" "HetrixTools Uptime Monitoring Bot. https://hetrix.tools/uptime-monitoring-bot.html"
51.15.61.222 - - [06/Jan/2019:07:19:13 -0500] "GET / HTTP/1.1" 301 - "https://www.paladin.rip/" "HetrixTools Uptime Monitoring Bot. https://hetrix.tools/uptime-monitoring-bot.html"
51.15.61.222 - - [06/Jan/2019:07:19:14 -0500] "GET / HTTP/1.1" 503 10036 "https://paladin-extensions.com/" "HetrixTools Uptime Monitoring Bot. https://hetrix.tools/uptime-monitoring-bot.html"
52.23.120.125 - - [06/Jan/2019:07:20:12 -0500] "GET / HTTP/1.1" 301 - "https://www.paladin.rip/" "HetrixTools Uptime Monitoring Bot. https://hetrix.tools/uptime-monitoring-bot.html"
52.23.120.125 - - [06/Jan/2019:07:20:13 -0500] "GET / HTTP/1.1" 503 10037 "https://paladin-extensions.com/" "HetrixTools Uptime Monitoring Bot. https://hetrix.tools/uptime-monitoring-bot.html"
95.179.139.97 - - [06/Jan/2019:07:20:14 -0500] "GET / HTTP/1.1" 301 - "https://www.paladin.rip/" "HetrixTools Uptime Monitoring Bot. https://hetrix.tools/uptime-monitoring-bot.html"
95.179.139.97 - - [06/Jan/2019:07:20:15 -0500] "GET / HTTP/1.1" 503 10038 "https://paladin-extensions.com/" "HetrixTools Uptime Monitoring Bot. https://hetrix.tools/uptime-monitoring-bot.html"
23.239.7.4 - - [06/Jan/2019:07:20:20 -0500] "GET / HTTP/1.1" 301 - "https://www.paladin.rip/" "HetrixTools Uptime Monitoring Bot. https://hetrix.tools/uptime-monitoring-bot.html"
23.239.7.4 - - [06/Jan/2019:07:20:20 -0500] "GET / HTTP/1.1" 503 10048 "https://paladin-extensions.com/" "HetrixTools Uptime Monitoring Bot. https://hetrix.tools/uptime-monitoring-bot.html"
138.197.17.201 - - [06/Jan/2019:07:21:08 -0500] "GET / HTTP/1.1" 301 - "https://www.paladin.rip/" "HetrixTools Uptime Monitoring Bot. https://hetrix.tools/uptime-monitoring-bot.html"
138.197.17.201 - - [06/Jan/2019:07:21:09 -0500] "GET / HTTP/1.1" 503 10046 "https://paladin-extensions.com/" "HetrixTools Uptime Monitoring Bot. https://hetrix.tools/uptime-monitoring-bot.html"
51.15.61.222 - - [06/Jan/2019:07:21:12 -0500] "GET / HTTP/1.1" 301 - "https://www.paladin.rip/" "HetrixTools Uptime Monitoring Bot. https://hetrix.tools/uptime-monitoring-bot.html"
51.15.61.222 - - [06/Jan/2019:07:21:12 -0500] "GET / HTTP/1.1" 503 10038 "https://paladin-extensions.com/" "HetrixTools Uptime Monitoring Bot. https://hetrix.tools/uptime-monitoring-bot.html"
24.251.180.38 - - [06/Jan/2019:07:21:18 -0500] "GET /?os=win&arch=x64&os_arch=x86_64&nacl_arch=x86-64&prod=chromecrx&prodchannel=&prodversion=71.0.3578.98&lang=en-US&acceptformat=crx2,crx3&x=id%3Dflmidcincpeeppigfpcongfpmdoplamh%26v%3D1.5%26installsource%3Dnotfromwebstore%26installedby%3Dinternal%26uc HTTP/1.1" 301 - "-" "Mozilla/5.0 (Windows NT 10.0; Win64; x64) AppleWebKit/537.36 (KHTML, like Gecko) Chrome/71.0.3578.98 Safari/537.36"
24.251.180.38 - - [06/Jan/2019:07:21:18 -0500] "GET /?os=win&arch=x64&os_arch=x86_64&nacl_arch=x86-64&prod=chromecrx&prodchannel=&prodversion=71.0.3578.98&lang=en-US&acceptformat=crx2,crx3&x=id%3Dflmidcincpeeppigfpcongfpmdoplamh%26v%3D1.5%26installsource%3Dnotfromwebstore%26installedby%3Dinternal%26uc HTTP/1.1" 503 10058 "-" "Mozilla/5.0 (Windows NT 10.0; Win64; x64) AppleWebKit/537.36 (KHTML, like Gecko) Chrome/71.0.3578.98 Safari/537.36"
23.239.7.4 - - [06/Jan/2019:07:21:21 -0500] "GET / HTTP/1.1" 301 - "https://www.paladin.rip/" "HetrixTools Uptime Monitoring Bot. https://hetrix.tools/uptime-monitoring-bot.html"
23.239.7.4 - - [06/Jan/2019:07:21:22 -0500] "GET / HTTP/1.1" 503 10035 "https://paladin-extensions.com/" "HetrixTools Uptime Monitoring Bot. https://hetrix.tools/uptime-monitoring-bot.html"
188.166.79.172 - - [06/Jan/2019:07:22:04 -0500] "GET / HTTP/1.1" 301 - "https://www.paladin.rip/" "HetrixTools Uptime Monitoring Bot. https://hetrix.tools/uptime-monitoring-bot.html"
188.166.79.172 - - [06/Jan/2019:07:22:05 -0500] "GET / HTTP/1.1" 503 10040 "https://paladin-extensions.com/" "HetrixTools Uptime Monitoring Bot. https://hetrix.tools/uptime-monitoring-bot.html"
159.89.159.134 - - [06/Jan/2019:07:22:12 -0500] "GET / HTTP/1.1" 301 - "https://www.paladin.rip/" "HetrixTools Uptime Monitoring Bot. https://hetrix.tools/uptime-monitoring-bot.html"
159.89.159.134 - - [06/Jan/2019:07:22:12 -0500] "GET / HTTP/1.1" 503 10048 "https://paladin-extensions.com/" "HetrixTools Uptime Monitoring Bot. https://hetrix.tools/uptime-monitoring-bot.html"
52.207.41.187 - - [06/Jan/2019:07:22:17 -0500] "GET / HTTP/1.1" 301 - "https://www.paladin.rip/" "HetrixTools Uptime Monitoring Bot. https://hetrix.tools/uptime-monitoring-bot.html"
52.207.41.187 - - [06/Jan/2019:07:22:18 -0500] "GET / HTTP/1.1" 503 10051 "https://paladin-extensions.com/" "HetrixTools Uptime Monitoring Bot. https://hetrix.tools/uptime-monitoring-bot.html"
95.179.139.97 - - [06/Jan/2019:07:23:05 -0500] "GET / HTTP/1.1" 301 - "https://www.paladin.rip/" "HetrixTools Uptime Monitoring Bot. https://hetrix.tools/uptime-monitoring-bot.html"
95.179.139.97 - - [06/Jan/2019:07:23:06 -0500] "GET / HTTP/1.1" 503 10049 "https://paladin-extensions.com/" "HetrixTools Uptime Monitoring Bot. https://hetrix.tools/uptime-monitoring-bot.html"
52.207.41.187 - - [06/Jan/2019:07:23:10 -0500] "GET / HTTP/1.1" 301 - "https://www.paladin.rip/" "HetrixTools Uptime Monitoring Bot. https://hetrix.tools/uptime-monitoring-bot.html"
52.207.41.187 - - [06/Jan/2019:07:23:11 -0500] "GET / HTTP/1.1" 503 10039 "https://paladin-extensions.com/" "HetrixTools Uptime Monitoring Bot. https://hetrix.tools/uptime-monitoring-bot.html"
159.89.159.134 - - [06/Jan/2019:07:23:19 -0500] "GET / HTTP/1.1" 301 - "https://www.paladin.rip/" "HetrixTools Uptime Monitoring Bot. https://hetrix.tools/uptime-monitoring-bot.html"
159.89.159.134 - - [06/Jan/2019:07:23:19 -0500] "GET / HTTP/1.1" 503 10052 "https://paladin-extensions.com/" "HetrixTools Uptime Monitoring Bot. https://hetrix.tools/uptime-monitoring-bot.html"
149.28.212.239 - - [06/Jan/2019:07:24:12 -0500] "GET / HTTP/1.1" 301 - "https://www.paladin.rip/" "HetrixTools Uptime Monitoring Bot. https://hetrix.tools/uptime-monitoring-bot.html"
51.15.61.222 - - [06/Jan/2019:07:24:12 -0500] "GET / HTTP/1.1" 301 - "https://www.paladin.rip/" "HetrixTools Uptime Monitoring Bot. https://hetrix.tools/uptime-monitoring-bot.html"
149.28.212.239 - - [06/Jan/2019:07:24:15 -0500] "GET / HTTP/1.1" 503 10038 "https://paladin-extensions.com/" "HetrixTools Uptime Monitoring Bot. https://hetrix.tools/uptime-monitoring-bot.html"
51.15.61.222 - - [06/Jan/2019:07:24:15 -0500] "GET / HTTP/1.1" 503 10039 "https://paladin-extensions.com/" "HetrixTools Uptime Monitoring Bot. https://hetrix.tools/uptime-monitoring-bot.html"
138.197.17.201 - - [06/Jan/2019:07:24:21 -0500] "GET / HTTP/1.1" 301 - "https://www.paladin.rip/" "HetrixTools Uptime Monitoring Bot. https://hetrix.tools/uptime-monitoring-bot.html"
138.197.17.201 - - [06/Jan/2019:07:24:22 -0500] "GET / HTTP/1.1" 503 10045 "https://paladin-extensions.com/" "HetrixTools Uptime Monitoring Bot. https://hetrix.tools/uptime-monitoring-bot.html"
159.89.159.134 - - [06/Jan/2019:07:25:09 -0500] "GET / HTTP/1.1" 301 - "https://www.paladin.rip/" "HetrixTools Uptime Monitoring Bot. https://hetrix.tools/uptime-monitoring-bot.html"
159.89.159.134 - - [06/Jan/2019:07:25:09 -0500] "GET / HTTP/1.1" 503 10051 "https://paladin-extensions.com/" "HetrixTools Uptime Monitoring Bot. https://hetrix.tools/uptime-monitoring-bot.html"
52.23.120.125 - - [06/Jan/2019:07:25:11 -0500] "GET / HTTP/1.1" 301 - "https://www.paladin.rip/" "HetrixTools Uptime Monitoring Bot. https://hetrix.tools/uptime-monitoring-bot.html"
52.23.120.125 - - [06/Jan/2019:07:25:11 -0500] "GET / HTTP/1.1" 503 10039 "https://paladin-extensions.com/" "HetrixTools Uptime Monitoring Bot. https://hetrix.tools/uptime-monitoring-bot.html"
51.15.61.222 - - [06/Jan/2019:07:25:15 -0500] "GET / HTTP/1.1" 301 - "https://www.paladin.rip/" "HetrixTools Uptime Monitoring Bot. https://hetrix.tools/uptime-monitoring-bot.html"
51.15.61.222 - - [06/Jan/2019:07:25:16 -0500] "GET / HTTP/1.1" 503 10047 "https://paladin-extensions.com/" "HetrixTools Uptime Monitoring Bot. https://hetrix.tools/uptime-monitoring-bot.html"
188.166.79.172 - - [06/Jan/2019:07:26:07 -0500] "GET / HTTP/1.1" 301 - "https://www.paladin.rip/" "HetrixTools Uptime Monitoring Bot. https://hetrix.tools/uptime-monitoring-bot.html"
52.207.41.187 - - [06/Jan/2019:07:26:07 -0500] "GET / HTTP/1.1" 301 - "https://www.paladin.rip/" "HetrixTools Uptime Monitoring Bot. https://hetrix.tools/uptime-monitoring-bot.html"
52.207.41.187 - - [06/Jan/2019:07:26:08 -0500] "GET / HTTP/1.1" 503 10050 "https://paladin-extensions.com/" "HetrixTools Uptime Monitoring Bot. https://hetrix.tools/uptime-monitoring-bot.html"
149.28.212.239 - - [06/Jan/2019:07:26:08 -0500] "GET / HTTP/1.1" 301 - "https://www.paladin.rip/" "HetrixTools Uptime Monitoring Bot. https://hetrix.tools/uptime-monitoring-bot.html"
188.166.79.172 - - [06/Jan/2019:07:26:08 -0500] "GET / HTTP/1.1" 503 10039 "https://paladin-extensions.com/" "HetrixTools Uptime Monitoring Bot. https://hetrix.tools/uptime-monitoring-bot.html"
149.28.212.239 - - [06/Jan/2019:07:26:08 -0500] "GET / HTTP/1.1" 503 10038 "https://paladin-extensions.com/" "HetrixTools Uptime Monitoring Bot. https://hetrix.tools/uptime-monitoring-bot.html"
96.126.106.201 - - [06/Jan/2019:07:27:11 -0500] "GET / HTTP/1.1" 301 - "https://www.paladin.rip/" "HetrixTools Uptime Monitoring Bot. https://hetrix.tools/uptime-monitoring-bot.html"
96.126.106.201 - - [06/Jan/2019:07:27:12 -0500] "GET / HTTP/1.1" 503 10039 "https://paladin-extensions.com/" "HetrixTools Uptime Monitoring Bot. https://hetrix.tools/uptime-monitoring-bot.html"
188.166.79.172 - - [06/Jan/2019:07:27:19 -0500] "GET / HTTP/1.1" 301 - "https://www.paladin.rip/" "HetrixTools Uptime Monitoring Bot. https://hetrix.tools/uptime-monitoring-bot.html"
159.89.159.134 - - [06/Jan/2019:07:27:19 -0500] "GET / HTTP/1.1" 301 - "https://www.paladin.rip/" "HetrixTools Uptime Monitoring Bot. https://hetrix.tools/uptime-monitoring-bot.html"
159.89.159.134 - - [06/Jan/2019:07:27:19 -0500] "GET / HTTP/1.1" 503 10040 "https://paladin-extensions.com/" "HetrixTools Uptime Monitoring Bot. https://hetrix.tools/uptime-monitoring-bot.html"
188.166.79.172 - - [06/Jan/2019:07:27:20 -0500] "GET / HTTP/1.1" 503 10049 "https://paladin-extensions.com/" "HetrixTools Uptime Monitoring Bot. https://hetrix.tools/uptime-monitoring-bot.html"
96.126.106.201 - - [06/Jan/2019:07:28:05 -0500] "GET / HTTP/1.1" 301 - "https://www.paladin.rip/" "HetrixTools Uptime Monitoring Bot. https://hetrix.tools/uptime-monitoring-bot.html"
96.126.106.201 - - [06/Jan/2019:07:28:05 -0500] "GET / HTTP/1.1" 503 10040 "https://paladin-extensions.com/" "HetrixTools Uptime Monitoring Bot. https://hetrix.tools/uptime-monitoring-bot.html"
51.15.61.222 - - [06/Jan/2019:07:28:07 -0500] "GET / HTTP/1.1" 301 - "https://www.paladin.rip/" "HetrixTools Uptime Monitoring Bot. https://hetrix.tools/uptime-monitoring-bot.html"
51.15.61.222 - - [06/Jan/2019:07:28:07 -0500] "GET / HTTP/1.1" 503 10048 "https://paladin-extensions.com/" "HetrixTools Uptime Monitoring Bot. https://hetrix.tools/uptime-monitoring-bot.html"
159.89.159.134 - - [06/Jan/2019:07:28:10 -0500] "GET / HTTP/1.1" 301 - "https://www.paladin.rip/" "HetrixTools Uptime Monitoring Bot. https://hetrix.tools/uptime-monitoring-bot.html"
159.89.159.134 - - [06/Jan/2019:07:28:10 -0500] "GET / HTTP/1.1" 503 10045 "https://paladin-extensions.com/" "HetrixTools Uptime Monitoring Bot. https://hetrix.tools/uptime-monitoring-bot.html"
23.239.7.4 - - [06/Jan/2019:07:29:10 -0500] "GET / HTTP/1.1" 301 - "https://www.paladin.rip/" "HetrixTools Uptime Monitoring Bot. https://hetrix.tools/uptime-monitoring-bot.html"
23.239.7.4 - - [06/Jan/2019:07:29:11 -0500] "GET / HTTP/1.1" 503 10040 "https://paladin-extensions.com/" "HetrixTools Uptime Monitoring Bot. https://hetrix.tools/uptime-monitoring-bot.html"
95.179.139.97 - - [06/Jan/2019:07:29:16 -0500] "GET / HTTP/1.1" 301 - "https://www.paladin.rip/" "HetrixTools Uptime Monitoring Bot. https://hetrix.tools/uptime-monitoring-bot.html"
95.179.139.97 - - [06/Jan/2019:07:29:16 -0500] "GET / HTTP/1.1" 503 10053 "https://paladin-extensions.com/" "HetrixTools Uptime Monitoring Bot. https://hetrix.tools/uptime-monitoring-bot.html"
24.251.180.38 - - [06/Jan/2019:07:29:22 -0500] "GET /?os=win&arch=x64&os_arch=x86_64&nacl_arch=x86-64&prod=chromecrx&prodchannel=&prodversion=71.0.3578.98&lang=en-US&acceptformat=crx2,crx3&x=id%3Dflmidcincpeeppigfpcongfpmdoplamh%26v%3D1.5%26installsource%3Dnotfromwebstore%26installedby%3Dinternal%26uc HTTP/1.1" 301 - "-" "Mozilla/5.0 (Windows NT 10.0; Win64; x64) AppleWebKit/537.36 (KHTML, like Gecko) Chrome/71.0.3578.98 Safari/537.36"
24.251.180.38 - - [06/Jan/2019:07:29:22 -0500] "GET /?os=win&arch=x64&os_arch=x86_64&nacl_arch=x86-64&prod=chromecrx&prodchannel=&prodversion=71.0.3578.98&lang=en-US&acceptformat=crx2,crx3&x=id%3Dflmidcincpeeppigfpcongfpmdoplamh%26v%3D1.5%26installsource%3Dnotfromwebstore%26installedby%3Dinternal%26uc HTTP/1.1" 503 10060 "-" "Mozilla/5.0 (Windows NT 10.0; Win64; x64) AppleWebKit/537.36 (KHTML, like Gecko) Chrome/71.0.3578.98 Safari/537.36"
52.207.41.187 - - [06/Jan/2019:07:29:22 -0500] "GET / HTTP/1.1" 301 - "https://www.paladin.rip/" "HetrixTools Uptime Monitoring Bot. https://hetrix.tools/uptime-monitoring-bot.html"
52.207.41.187 - - [06/Jan/2019:07:29:23 -0500] "GET / HTTP/1.1" 503 10040 "https://paladin-extensions.com/" "HetrixTools Uptime Monitoring Bot. https://hetrix.tools/uptime-monitoring-bot.html"
52.207.41.187 - - [06/Jan/2019:07:30:04 -0500] "GET / HTTP/1.1" 301 - "https://www.paladin.rip/" "HetrixTools Uptime Monitoring Bot. https://hetrix.tools/uptime-monitoring-bot.html"
52.207.41.187 - - [06/Jan/2019:07:30:05 -0500] "GET / HTTP/1.1" 503 10038 "https://paladin-extensions.com/" "HetrixTools Uptime Monitoring Bot. https://hetrix.tools/uptime-monitoring-bot.html"
51.15.61.222 - - [06/Jan/2019:07:30:06 -0500] "GET / HTTP/1.1" 301 - "https://www.paladin.rip/" "HetrixTools Uptime Monitoring Bot. https://hetrix.tools/uptime-monitoring-bot.html"
51.15.61.222 - - [06/Jan/2019:07:30:06 -0500] "GET / HTTP/1.1" 503 10039 "https://paladin-extensions.com/" "HetrixTools Uptime Monitoring Bot. https://hetrix.tools/uptime-monitoring-bot.html"
23.239.7.4 - - [06/Jan/2019:07:30:21 -0500] "GET / HTTP/1.1" 301 - "https://www.paladin.rip/" "HetrixTools Uptime Monitoring Bot. https://hetrix.tools/uptime-monitoring-bot.html"
23.239.7.4 - - [06/Jan/2019:07:30:22 -0500] "GET / HTTP/1.1" 503 10048 "https://paladin-extensions.com/" "HetrixTools Uptime Monitoring Bot. https://hetrix.tools/uptime-monitoring-bot.html"
66.249.79.112 - - [06/Jan/2019:07:30:27 -0500] "GET / HTTP/1.1" 301 - "-" "Mozilla/5.0 (Linux; Android 6.0.1; Nexus 5X Build/MMB29P) AppleWebKit/537.36 (KHTML, like Gecko) Chrome/41.0.2272.96 Mobile Safari/537.36 (compatible; Googlebot/2.1; +http://www.google.com/bot.html)"
66.249.79.193 - - [06/Jan/2019:07:30:28 -0500] "GET / HTTP/1.1" 503 10047 "-" "Mozilla/5.0 (Linux; Android 6.0.1; Nexus 5X Build/MMB29P) AppleWebKit/537.36 (KHTML, like Gecko) Chrome/41.0.2272.96 Mobile Safari/537.36 (compatible; Googlebot/2.1; +http://www.google.com/bot.html)"
66.249.79.222 - - [06/Jan/2019:07:30:34 -0500] "GET /js/xf/countdown.js HTTP/1.1" 200 18450 "https://www.paladin-extensions.com/" "Mozilla/5.0 (Linux; Android 6.0.1; Nexus 5X Build/MMB29P) AppleWebKit/537.36 (KHTML, like Gecko) Chrome/41.0.2272.96 Mobile Safari/537.36 (compatible; Googlebot/2.1; +http://www.google.com/bot.html)"
23.239.7.4 - - [06/Jan/2019:07:31:06 -0500] "GET / HTTP/1.1" 301 - "https://www.paladin.rip/" "HetrixTools Uptime Monitoring Bot. https://hetrix.tools/uptime-monitoring-bot.html"
23.239.7.4 - - [06/Jan/2019:07:31:06 -0500] "GET / HTTP/1.1" 503 10039 "https://paladin-extensions.com/" "HetrixTools Uptime Monitoring Bot. https://hetrix.tools/uptime-monitoring-bot.html"
188.166.79.172 - - [06/Jan/2019:07:31:08 -0500] "GET / HTTP/1.1" 301 - "https://www.paladin.rip/" "HetrixTools Uptime Monitoring Bot. https://hetrix.tools/uptime-monitoring-bot.html"
188.166.79.172 - - [06/Jan/2019:07:31:09 -0500] "GET / HTTP/1.1" 503 10041 "https://paladin-extensions.com/" "HetrixTools Uptime Monitoring Bot. https://hetrix.tools/uptime-monitoring-bot.html"
96.126.106.201 - - [06/Jan/2019:07:31:16 -0500] "GET / HTTP/1.1" 301 - "https://www.paladin.rip/" "HetrixTools Uptime Monitoring Bot. https://hetrix.tools/uptime-monitoring-bot.html"
96.126.106.201 - - [06/Jan/2019:07:31:16 -0500] "GET / HTTP/1.1" 503 10050 "https://paladin-extensions.com/" "HetrixTools Uptime Monitoring Bot. https://hetrix.tools/uptime-monitoring-bot.html"
66.249.79.222 - - [06/Jan/2019:07:31:35 -0500] "GET /extensions/2/ HTTP/1.1" 503 9904 "-" "Mozilla/5.0 (compatible; Googlebot/2.1; +http://www.google.com/bot.html)"
24.251.180.38 - - [06/Jan/2019:07:31:40 -0500] "GET /members/ HTTP/1.1" 200 15587 "https://www.paladin-extensions.com/extensions/" "Mozilla/5.0 (Windows NT 10.0; Win64; x64) AppleWebKit/537.36 (KHTML, like Gecko) Chrome/71.0.3578.98 Safari/537.36"
24.251.180.38 - - [06/Jan/2019:07:31:41 -0500] "POST /job.php HTTP/1.1" 200 13 "https://www.paladin-extensions.com/members/" "Mozilla/5.0 (Windows NT 10.0; Win64; x64) AppleWebKit/537.36 (KHTML, like Gecko) Chrome/71.0.3578.98 Safari/537.36"
24.251.180.38 - - [06/Jan/2019:07:31:41 -0500] "POST /job.php HTTP/1.1" 200 14 "https://www.paladin-extensions.com/members/" "Mozilla/5.0 (Windows NT 10.0; Win64; x64) AppleWebKit/537.36 (KHTML, like Gecko) Chrome/71.0.3578.98 Safari/537.36"
24.251.180.38 - - [06/Jan/2019:07:31:42 -0500] "GET /support/ HTTP/1.1" 200 15703 "https://www.paladin-extensions.com/members/" "Mozilla/5.0 (Windows NT 10.0; Win64; x64) AppleWebKit/537.36 (KHTML, like Gecko) Chrome/71.0.3578.98 Safari/537.36"
24.251.180.38 - - [06/Jan/2019:07:31:45 -0500] "GET /support/preorder.4/ HTTP/1.1" 200 25064 "https://www.paladin-extensions.com/support/" "Mozilla/5.0 (Windows NT 10.0; Win64; x64) AppleWebKit/537.36 (KHTML, like Gecko) Chrome/71.0.3578.98 Safari/537.36"
24.251.180.38 - - [06/Jan/2019:07:31:46 -0500] "GET /css.php?css=public%3Aattachments.less%2Cpublic%3Abb_code.less%2Cpublic%3Aeditor.less%2Cpublic%3Alightbox.less%2Cpublic%3Amessage.less%2Cpublic%3Amessage_macros_steam.less%2Cpublic%3Amjst.less%2Cpublic%3Amjst_editor_pre_reply.less%2Cpublic%3Anotices.less%2Cpublic%3Aextra.less&s=8&l=1&d=1546767840&k=ea7521e99f09cd2fe5667c365cd704954dafc995 HTTP/1.1" 200 22095 "https://www.paladin-extensions.com/support/preorder.4/" "Mozilla/5.0 (Windows NT 10.0; Win64; x64) AppleWebKit/537.36 (KHTML, like Gecko) Chrome/71.0.3578.98 Safari/537.36"
24.251.180.38 - - [06/Jan/2019:07:31:51 -0500] "GET /support/preorder.3 HTTP/1.1" 404 12902 "-" "Mozilla/5.0 (Windows NT 10.0; Win64; x64) AppleWebKit/537.36 (KHTML, like Gecko) Chrome/71.0.3578.98 Safari/537.36"
24.251.180.38 - - [06/Jan/2019:07:31:55 -0500] "GET /support/preorder.2 HTTP/1.1" 404 12902 "-" "Mozilla/5.0 (Windows NT 10.0; Win64; x64) AppleWebKit/537.36 (KHTML, like Gecko) Chrome/71.0.3578.98 Safari/537.36"
24.251.180.38 - - [06/Jan/2019:07:31:57 -0500] "GET /support/preorder.1 HTTP/1.1" 404 12905 "-" "Mozilla/5.0 (Windows NT 10.0; Win64; x64) AppleWebKit/537.36 (KHTML, like Gecko) Chrome/71.0.3578.98 Safari/537.36"
24.251.180.38 - - [06/Jan/2019:07:32:01 -0500] "GET /support/ HTTP/1.1" 200 15697 "https://www.paladin-extensions.com/support/preorder.2" "Mozilla/5.0 (Windows NT 10.0; Win64; x64) AppleWebKit/537.36 (KHTML, like Gecko) Chrome/71.0.3578.98 Safari/537.36"
24.251.180.38 - - [06/Jan/2019:07:32:06 -0500] "GET /admin.php HTTP/1.1" 200 242218 "https://www.paladin-extensions.com/support/" "Mozilla/5.0 (Windows NT 10.0; Win64; x64) AppleWebKit/537.36 (KHTML, like Gecko) Chrome/71.0.3578.98 Safari/537.36"
24.251.180.38 - - [06/Jan/2019:07:32:14 -0500] "GET /admin.php?add-ons/MJ-SupportTicket/controls&_xfRequestUri=%2Fadmin.php&_xfWithData=1&_xfToken=1546777926%2C352670543a92bd453070313fb226b735&_xfResponseType=json HTTP/1.1" 200 1638 "https://www.paladin-extensions.com/admin.php" "Mozilla/5.0 (Windows NT 10.0; Win64; x64) AppleWebKit/537.36 (KHTML, like Gecko) Chrome/71.0.3578.98 Safari/537.36"
24.251.180.38 - - [06/Jan/2019:07:32:17 -0500] "GET /admin.php?add-ons/MJ-SupportTicket/options HTTP/1.1" 200 11804 "https://www.paladin-extensions.com/admin.php" "Mozilla/5.0 (Windows NT 10.0; Win64; x64) AppleWebKit/537.36 (KHTML, like Gecko) Chrome/71.0.3578.98 Safari/537.36"
51.15.61.222 - - [06/Jan/2019:07:32:18 -0500] "GET / HTTP/1.1" 301 - "https://www.paladin.rip/" "HetrixTools Uptime Monitoring Bot. https://hetrix.tools/uptime-monitoring-bot.html"
51.15.61.222 - - [06/Jan/2019:07:32:19 -0500] "GET / HTTP/1.1" 503 10028 "https://paladin-extensions.com/" "HetrixTools Uptime Monitoring Bot. https://hetrix.tools/uptime-monitoring-bot.html"
52.207.41.187 - - [06/Jan/2019:07:32:19 -0500] "GET / HTTP/1.1" 301 - "https://www.paladin.rip/" "HetrixTools Uptime Monitoring Bot. https://hetrix.tools/uptime-monitoring-bot.html"
52.207.41.187 - - [06/Jan/2019:07:32:19 -0500] "GET / HTTP/1.1" 503 10034 "https://paladin-extensions.com/" "HetrixTools Uptime Monitoring Bot. https://hetrix.tools/uptime-monitoring-bot.html"
159.89.159.134 - - [06/Jan/2019:07:32:21 -0500] "GET / HTTP/1.1" 301 - "https://www.paladin.rip/" "HetrixTools Uptime Monitoring Bot. https://hetrix.tools/uptime-monitoring-bot.html"
159.89.159.134 - - [06/Jan/2019:07:32:21 -0500] "GET / HTTP/1.1" 503 10031 "https://paladin-extensions.com/" "HetrixTools Uptime Monitoring Bot. https://hetrix.tools/uptime-monitoring-bot.html"
24.251.180.38 - - [06/Jan/2019:07:32:39 -0500] "GET /admin.php?options/ HTTP/1.1" 200 12606 "https://www.paladin-extensions.com/admin.php?add-ons/MJ-SupportTicket/options" "Mozilla/5.0 (Windows NT 10.0; Win64; x64) AppleWebKit/537.36 (KHTML, like Gecko) Chrome/71.0.3578.98 Safari/537.36"
24.251.180.38 - - [06/Jan/2019:07:32:56 -0500] "GET /members/bigbongrip.11/?tooltip=true&_xfRequestUri=%2Fsupport%2F&_xfWithData=1&_xfToken=1546777921%2C0ab82a080a850edabeb5346014ae4d28&_xfResponseType=json HTTP/1.1" 200 6110 "https://www.paladin-extensions.com/support/" "Mozilla/5.0 (Windows NT 10.0; Win64; x64) AppleWebKit/537.36 (KHTML, like Gecko) Chrome/71.0.3578.98 Safari/537.36"
24.251.180.38 - - [06/Jan/2019:07:32:56 -0500] "GET /css.php?css=public:member_tooltip.less&s=8&l=1&d=1546767840 HTTP/1.1" 200 503 "https://www.paladin-extensions.com/support/" "Mozilla/5.0 (Windows NT 10.0; Win64; x64) AppleWebKit/537.36 (KHTML, like Gecko) Chrome/71.0.3578.98 Safari/537.36"
24.251.180.38 - - [06/Jan/2019:07:32:57 -0500] "GET /login/lauin?username=bigbongrip HTTP/1.1" 200 13206 "https://www.paladin-extensions.com/support/" "Mozilla/5.0 (Windows NT 10.0; Win64; x64) AppleWebKit/537.36 (KHTML, like Gecko) Chrome/71.0.3578.98 Safari/537.36"
24.251.180.38 - - [06/Jan/2019:07:32:57 -0500] "POST /job.php HTTP/1.1" 200 14 "https://www.paladin-extensions.com/login/lauin?username=bigbongrip" "Mozilla/5.0 (Windows NT 10.0; Win64; x64) AppleWebKit/537.36 (KHTML, like Gecko) Chrome/71.0.3578.98 Safari/537.36"
24.251.180.38 - - [06/Jan/2019:07:32:59 -0500] "GET /admin.php?options/groups/boardActive/ HTTP/1.1" 200 10416 "https://www.paladin-extensions.com/admin.php?options/" "Mozilla/5.0 (Windows NT 10.0; Win64; x64) AppleWebKit/537.36 (KHTML, like Gecko) Chrome/71.0.3578.98 Safari/537.36"
24.251.180.38 - - [06/Jan/2019:07:33:00 -0500] "POST /admin.php?options/update HTTP/1.1" 200 227 "https://www.paladin-extensions.com/admin.php?options/groups/boardActive/" "Mozilla/5.0 (Windows NT 10.0; Win64; x64) AppleWebKit/537.36 (KHTML, like Gecko) Chrome/71.0.3578.98 Safari/537.36"
24.251.180.38 - - [06/Jan/2019:07:33:00 -0500] "GET /admin.php?options/groups/boardActive/ HTTP/1.1" 200 10428 "https://www.paladin-extensions.com/admin.php?options/groups/boardActive/" "Mozilla/5.0 (Windows NT 10.0; Win64; x64) AppleWebKit/537.36 (KHTML, like Gecko) Chrome/71.0.3578.98 Safari/537.36"
24.251.180.38 - - [06/Jan/2019:07:33:08 -0500] "POST /login/lauin HTTP/1.1" 200 187 "https://www.paladin-extensions.com/login/lauin?username=bigbongrip" "Mozilla/5.0 (Windows NT 10.0; Win64; x64) AppleWebKit/537.36 (KHTML, like Gecko) Chrome/71.0.3578.98 Safari/537.36"
24.251.180.38 - - [06/Jan/2019:07:33:08 -0500] "GET /styles/uix_dark/images/favicon.png HTTP/1.1" 200 37099 "https://www.paladin-extensions.com/login/lauin?username=bigbongrip" "Mozilla/5.0 (Windows NT 10.0; Win64; x64) AppleWebKit/537.36 (KHTML, like Gecko) Chrome/71.0.3578.98 Safari/537.36"
24.251.180.38 - - [06/Jan/2019:07:33:08 -0500] "GET / HTTP/1.1" 200 38404 "https://www.paladin-extensions.com/login/lauin?username=bigbongrip" "Mozilla/5.0 (Windows NT 10.0; Win64; x64) AppleWebKit/537.36 (KHTML, like Gecko) Chrome/71.0.3578.98 Safari/537.36"
24.251.180.38 - - [06/Jan/2019:07:33:09 -0500] "GET /css.php?css=public%3Aandy_countdown.less%2Cpublic%3Anode_list.less%2Cpublic%3Ath_reactions.less%2Cpublic%3Ath_widget_post_thread_uix.less%2Cpublic%3Awidget_ah_discord.less%2Cpublic%3Aextra.less&s=8&l=1&d=1546767840&k=aa0a81e17730e9e072ba596ec2604ce9f8eaf2a5 HTTP/1.1" 200 12731 "https://www.paladin-extensions.com/" "Mozilla/5.0 (Windows NT 10.0; Win64; x64) AppleWebKit/537.36 (KHTML, like Gecko) Chrome/71.0.3578.98 Safari/537.36"
24.251.180.38 - - [06/Jan/2019:07:33:11 -0500] "GET /support/ HTTP/1.1" 200 13303 "https://www.paladin-extensions.com/" "Mozilla/5.0 (Windows NT 10.0; Win64; x64) AppleWebKit/537.36 (KHTML, like Gecko) Chrome/71.0.3578.98 Safari/537.36"
24.251.180.38 - - [06/Jan/2019:07:33:11 -0500] "GET /css.php?css=public%3Amjst.less%2Cpublic%3Astructured_list.less%2Cpublic%3Aextra.less&s=8&l=1&d=1546767840&k=8acf881acd2ef96e246c93d28010dd1e6d98bcdb HTTP/1.1" 200 3618 "https://www.paladin-extensions.com/support/" "Mozilla/5.0 (Windows NT 10.0; Win64; x64) AppleWebKit/537.36 (KHTML, like Gecko) Chrome/71.0.3578.98 Safari/537.36"
138.197.17.201 - - [06/Jan/2019:07:33:13 -0500] "GET / HTTP/1.1" 301 - "https://www.paladin.rip/" "HetrixTools Uptime Monitoring Bot. https://hetrix.tools/uptime-monitoring-bot.html"
138.197.17.201 - - [06/Jan/2019:07:33:14 -0500] "GET / HTTP/1.1" 503 10030 "https://paladin-extensions.com/" "HetrixTools Uptime Monitoring Bot. https://hetrix.tools/uptime-monitoring-bot.html"
24.251.180.38 - - [06/Jan/2019:07:33:16 -0500] "GET /logout/lauout HTTP/1.1" 303 - "https://www.paladin-extensions.com/support/" "Mozilla/5.0 (Windows NT 10.0; Win64; x64) AppleWebKit/537.36 (KHTML, like Gecko) Chrome/71.0.3578.98 Safari/537.36"
24.251.180.38 - - [06/Jan/2019:07:33:16 -0500] "GET /support/ HTTP/1.1" 200 15722 "https://www.paladin-extensions.com/support/" "Mozilla/5.0 (Windows NT 10.0; Win64; x64) AppleWebKit/537.36 (KHTML, like Gecko) Chrome/71.0.3578.98 Safari/537.36"
24.251.180.38 - - [06/Jan/2019:07:33:17 -0500] "GET / HTTP/1.1" 200 50459 "https://www.paladin-extensions.com/support/" "Mozilla/5.0 (Windows NT 10.0; Win64; x64) AppleWebKit/537.36 (KHTML, like Gecko) Chrome/71.0.3578.98 Safari/537.36"
24.251.180.38 - - [06/Jan/2019:07:33:18 -0500] "GET /proxy.php?image=https%3A%2F%2Fi.imgur.com%2Fr0tCHeM.png&hash=58dd2bbfaf81cbfcd2d3e7fbdd81cb6c HTTP/1.1" 304 - "https://www.paladin-extensions.com/" "Mozilla/5.0 (Windows NT 10.0; Win64; x64) AppleWebKit/537.36 (KHTML, like Gecko) Chrome/71.0.3578.98 Safari/537.36"
51.15.61.222 - - [06/Jan/2019:07:33:19 -0500] "GET / HTTP/1.1" 301 - "https://www.paladin.rip/" "HetrixTools Uptime Monitoring Bot. https://hetrix.tools/uptime-monitoring-bot.html"
24.251.180.38 - - [06/Jan/2019:07:33:19 -0500] "GET /index.php?shoutbox/refresh&last_id=140&_xfRequestUri=%2F&_xfWithData=1&_xfToken=1546777997%2C45c3d40ef83d27dbd32cdad23bc7de0c&_xfResponseType=json HTTP/1.1" 200 119 "https://www.paladin-extensions.com/" "Mozilla/5.0 (Windows NT 10.0; Win64; x64) AppleWebKit/537.36 (KHTML, like Gecko) Chrome/71.0.3578.98 Safari/537.36"
51.15.61.222 - - [06/Jan/2019:07:33:20 -0500] "GET / HTTP/1.1" 503 10029 "https://paladin-extensions.com/" "HetrixTools Uptime Monitoring Bot. https://hetrix.tools/uptime-monitoring-bot.html"
24.251.180.38 - - [06/Jan/2019:07:33:20 -0500] "GET /index.php?shoutbox/refresh&last_id=140&_xfRequestUri=%2F&_xfWithData=1&_xfToken=1546777997%2C45c3d40ef83d27dbd32cdad23bc7de0c&_xfResponseType=json HTTP/1.1" 200 119 "https://www.paladin-extensions.com/" "Mozilla/5.0 (Windows NT 10.0; Win64; x64) AppleWebKit/537.36 (KHTML, like Gecko) Chrome/71.0.3578.98 Safari/537.36"
24.251.180.38 - - [06/Jan/2019:07:33:21 -0500] "GET /index.php?shoutbox/refresh&last_id=140&_xfRequestUri=%2F&_xfWithData=1&_xfToken=1546777997%2C45c3d40ef83d27dbd32cdad23bc7de0c&_xfResponseType=json HTTP/1.1" 200 119 "https://www.paladin-extensions.com/" "Mozilla/5.0 (Windows NT 10.0; Win64; x64) AppleWebKit/537.36 (KHTML, like Gecko) Chrome/71.0.3578.98 Safari/537.36"
24.251.180.38 - - [06/Jan/2019:07:33:22 -0500] "GET /index.php?shoutbox/refresh&last_id=140&_xfRequestUri=%2F&_xfWithData=1&_xfToken=1546777997%2C45c3d40ef83d27dbd32cdad23bc7de0c&_xfResponseType=json HTTP/1.1" 200 119 "https://www.paladin-extensions.com/" "Mozilla/5.0 (Windows NT 10.0; Win64; x64) AppleWebKit/537.36 (KHTML, like Gecko) Chrome/71.0.3578.98 Safari/537.36"
