180.76.15.148 - - [12/Dec/2018:04:23:15 -0500] "GET /js/themehouse/uix_dark/ripple.min.js HTTP/1.1" 200 692 "-" "Mozilla/5.0 (compatible; Baiduspider/2.0; +http://www.baidu.com/search/spider.html)"
3.80.88.208 - - [12/Dec/2018:04:31:56 -0500] "GET / HTTP/1.1" 301 - "-" "Mozilla/5.0 (Macintosh; Intel Mac OS X 10_13_4) AppleWebKit/537.36 (KHTML, like Gecko) Chrome/65.0.3325.181 Safari/537.36"
3.80.88.208 - - [12/Dec/2018:04:52:08 -0500] "GET / HTTP/1.1" 301 - "-" "Mozilla/5.0 (Macintosh; Intel Mac OS X 10_13_4) AppleWebKit/537.36 (KHTML, like Gecko) Chrome/65.0.3325.181 Safari/537.36"
3.80.88.208 - - [12/Dec/2018:05:12:12 -0500] "GET / HTTP/1.1" 301 - "-" "Mozilla/5.0 (Macintosh; Intel Mac OS X 10_13_4) AppleWebKit/537.36 (KHTML, like Gecko) Chrome/65.0.3325.181 Safari/537.36"
3.80.88.208 - - [12/Dec/2018:05:31:49 -0500] "GET / HTTP/1.1" 301 - "-" "Mozilla/5.0 (Macintosh; Intel Mac OS X 10_13_4) AppleWebKit/537.36 (KHTML, like Gecko) Chrome/65.0.3325.181 Safari/537.36"
54.88.31.111 - - [12/Dec/2018:05:52:33 -0500] "GET / HTTP/1.1" 301 - "-" "Mozilla/5.0 (Macintosh; Intel Mac OS X 10_13_4) AppleWebKit/537.36 (KHTML, like Gecko) Chrome/65.0.3325.181 Safari/537.36"
54.88.31.111 - - [12/Dec/2018:06:12:19 -0500] "GET / HTTP/1.1" 301 - "-" "Mozilla/5.0 (Macintosh; Intel Mac OS X 10_13_4) AppleWebKit/537.36 (KHTML, like Gecko) Chrome/65.0.3325.181 Safari/537.36"
54.88.31.111 - - [12/Dec/2018:06:32:05 -0500] "GET / HTTP/1.1" 301 - "-" "Mozilla/5.0 (Macintosh; Intel Mac OS X 10_13_4) AppleWebKit/537.36 (KHTML, like Gecko) Chrome/65.0.3325.181 Safari/537.36"
185.184.157.95 - - [12/Dec/2018:06:46:28 -0500] "GET /robots.txt HTTP/1.1" 404 11 "-" "Mozilla/5.0 (compatible; linkdexbot/2.0; +http://www.linkdex.com/bots/)"
23.239.7.4 - - [12/Dec/2018:06:46:28 -0500] "GET / HTTP/1.1" 301 - "https://www.paladin.rip/" "HetrixTools Uptime Monitoring Bot. https://hetrix.tools/uptime-monitoring-bot.html"
185.184.157.95 - - [12/Dec/2018:06:46:28 -0500] "GET /robots.txt HTTP/1.1" 404 11 "-" "Mozilla/5.0 (compatible; linkdexbot/2.0; +http://www.linkdex.com/bots/)"
23.239.7.4 - - [12/Dec/2018:06:46:28 -0500] "GET / HTTP/1.1" 200 16240 "https://paladin-extensions.com/" "HetrixTools Uptime Monitoring Bot. https://hetrix.tools/uptime-monitoring-bot.html"
54.88.31.111 - - [12/Dec/2018:06:52:06 -0500] "GET / HTTP/1.1" 301 - "-" "Mozilla/5.0 (Macintosh; Intel Mac OS X 10_13_4) AppleWebKit/537.36 (KHTML, like Gecko) Chrome/65.0.3325.181 Safari/537.36"
54.88.31.111 - - [12/Dec/2018:07:12:35 -0500] "GET / HTTP/1.1" 301 - "-" "Mozilla/5.0 (Macintosh; Intel Mac OS X 10_13_4) AppleWebKit/537.36 (KHTML, like Gecko) Chrome/65.0.3325.181 Safari/537.36"
54.88.31.111 - - [12/Dec/2018:07:32:40 -0500] "GET / HTTP/1.1" 301 - "-" "Mozilla/5.0 (Macintosh; Intel Mac OS X 10_13_4) AppleWebKit/537.36 (KHTML, like Gecko) Chrome/65.0.3325.181 Safari/537.36"
46.166.190.152 - - [12/Dec/2018:07:43:22 -0500] "HEAD / HTTP/1.1" 301 - "https://uptime.com/paladin-extensions.com" "Mozilla/5.0 (compatible; Uptimebot/1.0; +http://www.uptime.com/uptimebot)"
54.88.31.111 - - [12/Dec/2018:07:52:20 -0500] "GET / HTTP/1.1" 301 - "-" "Mozilla/5.0 (Macintosh; Intel Mac OS X 10_13_4) AppleWebKit/537.36 (KHTML, like Gecko) Chrome/65.0.3325.181 Safari/537.36"
54.88.31.111 - - [12/Dec/2018:08:12:27 -0500] "GET / HTTP/1.1" 301 - "-" "Mozilla/5.0 (Macintosh; Intel Mac OS X 10_13_4) AppleWebKit/537.36 (KHTML, like Gecko) Chrome/65.0.3325.181 Safari/537.36"
54.88.31.111 - - [12/Dec/2018:08:32:27 -0500] "GET / HTTP/1.1" 301 - "-" "Mozilla/5.0 (Macintosh; Intel Mac OS X 10_13_4) AppleWebKit/537.36 (KHTML, like Gecko) Chrome/65.0.3325.181 Safari/537.36"
54.88.31.111 - - [12/Dec/2018:08:52:41 -0500] "GET / HTTP/1.1" 301 - "-" "Mozilla/5.0 (Macintosh; Intel Mac OS X 10_13_4) AppleWebKit/537.36 (KHTML, like Gecko) Chrome/65.0.3325.181 Safari/537.36"
54.88.31.111 - - [12/Dec/2018:09:12:01 -0500] "GET / HTTP/1.1" 301 - "-" "Mozilla/5.0 (Macintosh; Intel Mac OS X 10_13_4) AppleWebKit/537.36 (KHTML, like Gecko) Chrome/65.0.3325.181 Safari/537.36"
54.88.31.111 - - [12/Dec/2018:09:32:05 -0500] "GET / HTTP/1.1" 301 - "-" "Mozilla/5.0 (Macintosh; Intel Mac OS X 10_13_4) AppleWebKit/537.36 (KHTML, like Gecko) Chrome/65.0.3325.181 Safari/537.36"
180.76.15.32 - - [12/Dec/2018:09:46:29 -0500] "GET /css.php?css=public%3Anormalize.css%2Cpublic%3Acore.less%2Cpublic%3Aapp.less&s=8&l=1&d=1544074414&k=56a8f8f98ae4201a1d95aad9f134c20bd812cfeb HTTP/1.1" 200 54357 "-" "Mozilla/5.0 (compatible; Baiduspider/2.0; +http://www.baidu.com/search/spider.html)"
54.88.31.111 - - [12/Dec/2018:09:52:07 -0500] "GET / HTTP/1.1" 301 - "-" "Mozilla/5.0 (Macintosh; Intel Mac OS X 10_13_4) AppleWebKit/537.36 (KHTML, like Gecko) Chrome/65.0.3325.181 Safari/537.36"
54.88.31.111 - - [12/Dec/2018:10:12:02 -0500] "GET / HTTP/1.1" 301 - "-" "Mozilla/5.0 (Macintosh; Intel Mac OS X 10_13_4) AppleWebKit/537.36 (KHTML, like Gecko) Chrome/65.0.3325.181 Safari/537.36"
54.88.31.111 - - [12/Dec/2018:10:32:10 -0500] "GET / HTTP/1.1" 301 - "-" "Mozilla/5.0 (Macintosh; Intel Mac OS X 10_13_4) AppleWebKit/537.36 (KHTML, like Gecko) Chrome/65.0.3325.181 Safari/537.36"
54.88.31.111 - - [12/Dec/2018:10:52:30 -0500] "GET / HTTP/1.1" 301 - "-" "Mozilla/5.0 (Macintosh; Intel Mac OS X 10_13_4) AppleWebKit/537.36 (KHTML, like Gecko) Chrome/65.0.3325.181 Safari/537.36"
54.88.31.111 - - [12/Dec/2018:11:12:06 -0500] "GET / HTTP/1.1" 301 - "-" "Mozilla/5.0 (Macintosh; Intel Mac OS X 10_13_4) AppleWebKit/537.36 (KHTML, like Gecko) Chrome/65.0.3325.181 Safari/537.36"
54.88.31.111 - - [12/Dec/2018:11:52:02 -0500] "GET / HTTP/1.1" 301 - "-" "Mozilla/5.0 (Macintosh; Intel Mac OS X 10_13_4) AppleWebKit/537.36 (KHTML, like Gecko) Chrome/65.0.3325.181 Safari/537.36"
54.88.31.111 - - [12/Dec/2018:12:12:25 -0500] "GET / HTTP/1.1" 301 - "-" "Mozilla/5.0 (Macintosh; Intel Mac OS X 10_13_4) AppleWebKit/537.36 (KHTML, like Gecko) Chrome/65.0.3325.181 Safari/537.36"
123.125.71.36 - - [12/Dec/2018:12:27:06 -0500] "GET /robots.txt HTTP/1.1" 404 11 "-" "Mozilla/5.0 (compatible; Baiduspider/2.0; +http://www.baidu.com/search/spider.html)"
52.87.171.236 - - [12/Dec/2018:12:32:34 -0500] "GET / HTTP/1.1" 301 - "-" "Mozilla/5.0 (Macintosh; Intel Mac OS X 10_13_4) AppleWebKit/537.36 (KHTML, like Gecko) Chrome/65.0.3325.181 Safari/537.36"
52.87.171.236 - - [12/Dec/2018:12:52:33 -0500] "GET / HTTP/1.1" 301 - "-" "Mozilla/5.0 (Macintosh; Intel Mac OS X 10_13_4) AppleWebKit/537.36 (KHTML, like Gecko) Chrome/65.0.3325.181 Safari/537.36"
35.156.224.164 - - [12/Dec/2018:13:04:40 -0500] "GET / HTTP/1.1" 301 - "-" "Mozilla/5.0 (Macintosh; Intel Mac OS X 10_9_3) AppleWebKit/537.36 (KHTML, like Gecko) Chrome/35.0.1916.47 Safari/537.36"
52.87.171.236 - - [12/Dec/2018:13:12:46 -0500] "GET / HTTP/1.1" 301 - "-" "Mozilla/5.0 (Macintosh; Intel Mac OS X 10_13_4) AppleWebKit/537.36 (KHTML, like Gecko) Chrome/65.0.3325.181 Safari/537.36"
52.87.171.236 - - [12/Dec/2018:13:32:21 -0500] "GET / HTTP/1.1" 301 - "-" "Mozilla/5.0 (Macintosh; Intel Mac OS X 10_13_4) AppleWebKit/537.36 (KHTML, like Gecko) Chrome/65.0.3325.181 Safari/537.36"
46.101.9.216 - - [12/Dec/2018:13:36:25 -0500] "GET / HTTP/1.1" 301 - "https://bitsonline.com/cryptojacking-threat-how-long/?fbclid=9xVFSvDOciyUXtqb-2bkXFthRlTXbMBMzkX7UXuAWpYbpfJWi0C6J25QgWAx-" "Mozilla/5.0 (Windows NT 6.0) AppleWebKit/537.36 (KHTML, like Gecko) Chrome/34.0.1847.116 Safari/537.36"
180.76.15.23 - - [12/Dec/2018:13:40:43 -0500] "GET /posts/16/ HTTP/1.1" 301 - "-" "Mozilla/5.0 (compatible; Baiduspider/2.0; +http://www.baidu.com/search/spider.html)"
52.87.171.236 - - [12/Dec/2018:13:52:27 -0500] "GET / HTTP/1.1" 301 - "-" "Mozilla/5.0 (Macintosh; Intel Mac OS X 10_13_4) AppleWebKit/537.36 (KHTML, like Gecko) Chrome/65.0.3325.181 Safari/537.36"
52.87.171.236 - - [12/Dec/2018:14:12:17 -0500] "GET / HTTP/1.1" 301 - "-" "Mozilla/5.0 (Macintosh; Intel Mac OS X 10_13_4) AppleWebKit/537.36 (KHTML, like Gecko) Chrome/65.0.3325.181 Safari/537.36"
52.87.171.236 - - [12/Dec/2018:14:32:24 -0500] "GET / HTTP/1.1" 301 - "-" "Mozilla/5.0 (Macintosh; Intel Mac OS X 10_13_4) AppleWebKit/537.36 (KHTML, like Gecko) Chrome/65.0.3325.181 Safari/537.36"
52.87.171.236 - - [12/Dec/2018:14:52:18 -0500] "GET / HTTP/1.1" 301 - "-" "Mozilla/5.0 (Macintosh; Intel Mac OS X 10_13_4) AppleWebKit/537.36 (KHTML, like Gecko) Chrome/65.0.3325.181 Safari/537.36"
52.87.171.236 - - [12/Dec/2018:15:12:31 -0500] "GET / HTTP/1.1" 301 - "-" "Mozilla/5.0 (Macintosh; Intel Mac OS X 10_13_4) AppleWebKit/537.36 (KHTML, like Gecko) Chrome/65.0.3325.181 Safari/537.36"
52.87.171.236 - - [12/Dec/2018:15:32:37 -0500] "GET / HTTP/1.1" 301 - "-" "Mozilla/5.0 (Macintosh; Intel Mac OS X 10_13_4) AppleWebKit/537.36 (KHTML, like Gecko) Chrome/65.0.3325.181 Safari/537.36"
180.76.15.30 - - [12/Dec/2018:15:37:52 -0500] "GET / HTTP/1.1" 301 - "-" "Mozilla/5.0 (compatible; Baiduspider/2.0; +http://www.baidu.com/search/spider.html)"
52.87.171.236 - - [12/Dec/2018:15:52:17 -0500] "GET / HTTP/1.1" 301 - "-" "Mozilla/5.0 (Macintosh; Intel Mac OS X 10_13_4) AppleWebKit/537.36 (KHTML, like Gecko) Chrome/65.0.3325.181 Safari/537.36"
123.125.71.106 - - [12/Dec/2018:16:02:13 -0500] "GET /help/ HTTP/1.1" 301 - "-" "Mozilla/5.0 (compatible; Baiduspider/2.0; +http://www.baidu.com/search/spider.html)"
52.87.171.236 - - [12/Dec/2018:16:12:03 -0500] "GET / HTTP/1.1" 301 - "-" "Mozilla/5.0 (Macintosh; Intel Mac OS X 10_13_4) AppleWebKit/537.36 (KHTML, like Gecko) Chrome/65.0.3325.181 Safari/537.36"
52.87.171.236 - - [12/Dec/2018:16:32:24 -0500] "GET / HTTP/1.1" 301 - "-" "Mozilla/5.0 (Macintosh; Intel Mac OS X 10_13_4) AppleWebKit/537.36 (KHTML, like Gecko) Chrome/65.0.3325.181 Safari/537.36"
52.87.171.236 - - [12/Dec/2018:16:52:30 -0500] "GET / HTTP/1.1" 301 - "-" "Mozilla/5.0 (Macintosh; Intel Mac OS X 10_13_4) AppleWebKit/537.36 (KHTML, like Gecko) Chrome/65.0.3325.181 Safari/537.36"
52.87.171.236 - - [12/Dec/2018:17:12:06 -0500] "GET / HTTP/1.1" 301 - "-" "Mozilla/5.0 (Macintosh; Intel Mac OS X 10_13_4) AppleWebKit/537.36 (KHTML, like Gecko) Chrome/65.0.3325.181 Safari/537.36"
185.184.157.95 - - [12/Dec/2018:17:12:24 -0500] "GET /robots.txt HTTP/1.1" 404 11 "-" "Mozilla/5.0 (compatible; linkdexbot/2.0; +http://www.linkdex.com/bots/)"
185.184.157.95 - - [12/Dec/2018:17:12:24 -0500] "GET /robots.txt HTTP/1.1" 404 11 "-" "Mozilla/5.0 (compatible; linkdexbot/2.0; +http://www.linkdex.com/bots/)"
52.87.171.236 - - [12/Dec/2018:17:32:18 -0500] "GET / HTTP/1.1" 301 - "-" "Mozilla/5.0 (Macintosh; Intel Mac OS X 10_13_4) AppleWebKit/537.36 (KHTML, like Gecko) Chrome/65.0.3325.181 Safari/537.36"
52.87.171.236 - - [12/Dec/2018:17:52:06 -0500] "GET / HTTP/1.1" 301 - "-" "Mozilla/5.0 (Macintosh; Intel Mac OS X 10_13_4) AppleWebKit/537.36 (KHTML, like Gecko) Chrome/65.0.3325.181 Safari/537.36"
52.87.171.236 - - [12/Dec/2018:18:12:27 -0500] "GET / HTTP/1.1" 301 - "-" "Mozilla/5.0 (Macintosh; Intel Mac OS X 10_13_4) AppleWebKit/537.36 (KHTML, like Gecko) Chrome/65.0.3325.181 Safari/537.36"
52.87.171.236 - - [12/Dec/2018:18:32:16 -0500] "GET / HTTP/1.1" 301 - "-" "Mozilla/5.0 (Macintosh; Intel Mac OS X 10_13_4) AppleWebKit/537.36 (KHTML, like Gecko) Chrome/65.0.3325.181 Safari/537.36"
52.87.171.236 - - [12/Dec/2018:18:52:27 -0500] "GET / HTTP/1.1" 301 - "-" "Mozilla/5.0 (Macintosh; Intel Mac OS X 10_13_4) AppleWebKit/537.36 (KHTML, like Gecko) Chrome/65.0.3325.181 Safari/537.36"
52.87.171.236 - - [12/Dec/2018:19:12:13 -0500] "GET / HTTP/1.1" 301 - "-" "Mozilla/5.0 (Macintosh; Intel Mac OS X 10_13_4) AppleWebKit/537.36 (KHTML, like Gecko) Chrome/65.0.3325.181 Safari/537.36"
46.166.190.151 - - [12/Dec/2018:19:16:14 -0500] "HEAD / HTTP/1.1" 301 - "https://uptime.com/paladin-extensions.com" "Mozilla/5.0 (compatible; Uptimebot/1.0; +http://www.uptime.com/uptimebot)"
52.87.171.236 - - [12/Dec/2018:19:32:23 -0500] "GET / HTTP/1.1" 301 - "-" "Mozilla/5.0 (Macintosh; Intel Mac OS X 10_13_4) AppleWebKit/537.36 (KHTML, like Gecko) Chrome/65.0.3325.181 Safari/537.36"
52.87.171.236 - - [12/Dec/2018:19:51:36 -0500] "GET / HTTP/1.1" 301 - "-" "Mozilla/5.0 (Macintosh; Intel Mac OS X 10_13_4) AppleWebKit/537.36 (KHTML, like Gecko) Chrome/65.0.3325.181 Safari/537.36"
52.87.171.236 - - [12/Dec/2018:20:12:15 -0500] "GET / HTTP/1.1" 301 - "-" "Mozilla/5.0 (Macintosh; Intel Mac OS X 10_13_4) AppleWebKit/537.36 (KHTML, like Gecko) Chrome/65.0.3325.181 Safari/537.36"
54.81.58.160 - - [12/Dec/2018:20:32:35 -0500] "GET / HTTP/1.1" 301 - "-" "Mozilla/5.0 (Macintosh; Intel Mac OS X 10_13_4) AppleWebKit/537.36 (KHTML, like Gecko) Chrome/65.0.3325.181 Safari/537.36"
54.81.58.160 - - [12/Dec/2018:20:52:36 -0500] "GET / HTTP/1.1" 301 - "-" "Mozilla/5.0 (Macintosh; Intel Mac OS X 10_13_4) AppleWebKit/537.36 (KHTML, like Gecko) Chrome/65.0.3325.181 Safari/537.36"
54.81.58.160 - - [12/Dec/2018:21:12:11 -0500] "GET / HTTP/1.1" 301 - "-" "Mozilla/5.0 (Macintosh; Intel Mac OS X 10_13_4) AppleWebKit/537.36 (KHTML, like Gecko) Chrome/65.0.3325.181 Safari/537.36"
54.81.58.160 - - [12/Dec/2018:21:32:16 -0500] "GET / HTTP/1.1" 301 - "-" "Mozilla/5.0 (Macintosh; Intel Mac OS X 10_13_4) AppleWebKit/537.36 (KHTML, like Gecko) Chrome/65.0.3325.181 Safari/537.36"
180.76.15.162 - - [12/Dec/2018:21:45:51 -0500] "GET /members/ HTTP/1.1" 301 - "-" "Mozilla/5.0 (compatible; Baiduspider/2.0; +http://www.baidu.com/search/spider.html)"
54.81.58.160 - - [12/Dec/2018:21:52:24 -0500] "GET / HTTP/1.1" 301 - "-" "Mozilla/5.0 (Macintosh; Intel Mac OS X 10_13_4) AppleWebKit/537.36 (KHTML, like Gecko) Chrome/65.0.3325.181 Safari/537.36"
54.81.58.160 - - [12/Dec/2018:22:12:13 -0500] "GET / HTTP/1.1" 301 - "-" "Mozilla/5.0 (Macintosh; Intel Mac OS X 10_13_4) AppleWebKit/537.36 (KHTML, like Gecko) Chrome/65.0.3325.181 Safari/537.36"
180.76.15.140 - - [12/Dec/2018:22:19:11 -0500] "GET /posts/133/ HTTP/1.1" 301 - "-" "Mozilla/5.0 (compatible; Baiduspider/2.0; +http://www.baidu.com/search/spider.html)"
162.213.41.93 - - [12/Dec/2018:22:19:32 -0500] "GET /robots.txt HTTP/1.1" 404 11 "-" "Mozilla/5.0 (Windows NT 6.1; Win64; x64; rv:63.0) Gecko/20100101 Firefox/63.0"
162.213.41.93 - - [12/Dec/2018:22:19:32 -0500] "GET /account/invitations HTTP/1.1" 301 - "-" "Mozilla/5.0 (Windows NT 6.1; Win64; x64; rv:63.0) Gecko/20100101 Firefox/63.0"
54.81.58.160 - - [12/Dec/2018:22:32:07 -0500] "GET / HTTP/1.1" 301 - "-" "Mozilla/5.0 (Macintosh; Intel Mac OS X 10_13_4) AppleWebKit/537.36 (KHTML, like Gecko) Chrome/65.0.3325.181 Safari/537.36"
54.81.58.160 - - [12/Dec/2018:22:52:17 -0500] "GET / HTTP/1.1" 301 - "-" "Mozilla/5.0 (Macintosh; Intel Mac OS X 10_13_4) AppleWebKit/537.36 (KHTML, like Gecko) Chrome/65.0.3325.181 Safari/537.36"
54.81.58.160 - - [12/Dec/2018:23:12:33 -0500] "GET / HTTP/1.1" 301 - "-" "Mozilla/5.0 (Macintosh; Intel Mac OS X 10_13_4) AppleWebKit/537.36 (KHTML, like Gecko) Chrome/65.0.3325.181 Safari/537.36"
54.81.58.160 - - [12/Dec/2018:23:32:28 -0500] "GET / HTTP/1.1" 301 - "-" "Mozilla/5.0 (Macintosh; Intel Mac OS X 10_13_4) AppleWebKit/537.36 (KHTML, like Gecko) Chrome/65.0.3325.181 Safari/537.36"
180.76.15.21 - - [12/Dec/2018:23:44:52 -0500] "GET /css.php?css=public%3Aandy_countdown.less%2Cpublic%3Anode_list.less%2Cpublic%3Ath_widget_post_thread_uix.less%2Cpublic%3Auix_welcomeSection.less%2Cpublic%3Awidget_ah_discord.less%2Cpublic%3Aextra.less&s=8&l=1&d=1544227356&k=b3fabf81410ee11602e2df405c0244aa24f222e6 HTTP/1.1" 200 3470 "-" "Mozilla/5.0 (compatible; Baiduspider/2.0; +http://www.baidu.com/search/spider.html)"
54.81.58.160 - - [12/Dec/2018:23:52:15 -0500] "GET / HTTP/1.1" 301 - "-" "Mozilla/5.0 (Macintosh; Intel Mac OS X 10_13_4) AppleWebKit/537.36 (KHTML, like Gecko) Chrome/65.0.3325.181 Safari/537.36"
