34.229.189.52 - - [07/Dec/2018:03:42:40 -0500] "GET / HTTP/1.1" 301 - "-" "Mozilla/5.0 (Macintosh; Intel Mac OS X 10_13_4) AppleWebKit/537.36 (KHTML, like Gecko) Chrome/65.0.3325.181 Safari/537.36"
159.89.159.134 - - [07/Dec/2018:03:42:40 -0500] "GET / HTTP/1.1" 301 - "https://www.paladin.rip/" "HetrixTools Uptime Monitoring Bot. https://hetrix.tools/uptime-monitoring-bot.html"
162.213.41.93 - - [07/Dec/2018:04:00:28 -0500] "GET / HTTP/1.1" 301 - "-" "Mozilla/5.0 (Windows NT 6.1; WOW64) AppleWebKit/537.36 (KHTML, like Gecko) Chrome/69.0.3497.100 Safari/537.36 OPR/56.0.3051.116"
204.187.14.75 - - [07/Dec/2018:04:06:39 -0500] "GET / HTTP/1.1" 301 - "-" "Mozilla/5.0 (X11; Linux x86_64; GTmetrix https://gtmetrix.com/) AppleWebKit/537.36 (KHTML, like Gecko) Chrome/62.0.3202.94 Safari/537.36"
204.187.14.72 - - [07/Dec/2018:04:10:55 -0500] "GET / HTTP/1.1" 301 - "-" "Mozilla/5.0 (X11; Linux x86_64; GTmetrix https://gtmetrix.com/) AppleWebKit/537.36 (KHTML, like Gecko) Chrome/62.0.3202.94 Safari/537.36"
204.187.14.72 - - [07/Dec/2018:04:11:10 -0500] "GET /favicon.ico HTTP/1.1" 404 21386 "http://paladin-extensions.com/" "Mozilla/5.0 (X11; Linux x86_64) AppleWebKit/537.36 (KHTML, like Gecko) Chrome/62.0.3202.94 Safari/537.36"
162.213.41.93 - - [07/Dec/2018:04:21:14 -0500] "GET /test.php HTTP/1.1" 200 24 "-" "Mozilla/5.0 (Windows NT 6.1; Win64; x64) AppleWebKit/537.36 (KHTML, like Gecko) Chrome/70.0.3538.110 Safari/537.36"
162.213.41.93 - - [07/Dec/2018:04:21:16 -0500] "GET /test.php HTTP/1.1" 200 24 "-" "Mozilla/5.0 (Windows NT 6.1; Win64; x64) AppleWebKit/537.36 (KHTML, like Gecko) Chrome/70.0.3538.110 Safari/537.36"
162.213.41.93 - - [07/Dec/2018:04:21:17 -0500] "GET /favicon.ico HTTP/1.1" 404 38714 "http://paladin-extensions.com/test.php" "Mozilla/5.0 (Windows NT 6.1; Win64; x64) AppleWebKit/537.36 (KHTML, like Gecko) Chrome/70.0.3538.110 Safari/537.36"
24.251.180.38 - - [07/Dec/2018:04:18:06 -0500] "POST /index.php?shoutbox/refresh HTTP/1.1" 200 119 "https://www.paladin-extensions.com/" "Mozilla/5.0 (Windows NT 10.0; Win64; x64) AppleWebKit/537.36 (KHTML, like Gecko) Chrome/70.0.3538.110 Safari/537.36"
162.213.41.93 - - [07/Dec/2018:04:21:56 -0500] "GET /test.php HTTP/1.1" 200 24 "-" "Mozilla/5.0 (Windows NT 6.1; Win64; x64) AppleWebKit/537.36 (KHTML, like Gecko) Chrome/70.0.3538.110 Safari/537.36"
24.251.180.38 - - [07/Dec/2018:04:18:12 -0500] "POST /index.php?shoutbox/refresh HTTP/1.1" 200 119 "https://www.paladin-extensions.com/" "Mozilla/5.0 (Windows NT 10.0; Win64; x64) AppleWebKit/537.36 (KHTML, like Gecko) Chrome/70.0.3538.110 Safari/537.36"
162.213.41.93 - - [07/Dec/2018:04:21:59 -0500] "GET /test.php HTTP/1.1" 200 24 "-" "Mozilla/5.0 (Windows NT 6.1; Win64; x64) AppleWebKit/537.36 (KHTML, like Gecko) Chrome/70.0.3538.110 Safari/537.36"
162.213.41.93 - - [07/Dec/2018:04:22:24 -0500] "GET /favicon.ico HTTP/1.1" 404 38645 "-" "Mozilla/5.0 (Windows NT 6.1; Win64; x64; rv:63.0) Gecko/20100101 Firefox/63.0"
162.213.41.93 - - [07/Dec/2018:04:22:24 -0500] "GET /robots.txt HTTP/1.1" 404 38644 "-" "Mozilla/5.0 (Windows NT 6.1; Win64; x64; rv:63.0) Gecko/20100101 Firefox/63.0"
162.213.41.93 - - [07/Dec/2018:04:21:06 -0500] "GET /robots.txt HTTP/1.1" 404 38644 "-" "Mozilla/5.0 (Windows NT 6.1; Win64; x64; rv:63.0) Gecko/20100101 Firefox/63.0"
54.221.198.105 - - [07/Dec/2018:04:23:09 -0500] "GET /test.php HTTP/1.1" 200 24 "-" "Mozilla/5.0 (compatible; Embedly/0.2; +http://support.embed.ly/)"
54.221.199.147 - - [07/Dec/2018:04:23:31 -0500] "GET /favicon.ico HTTP/1.1" 404 38639 "-" "Mozilla/5.0 (compatible; Embedly/0.2; snap; +http://support.embed.ly/)"
162.213.41.93 - - [07/Dec/2018:04:21:15 -0500] "GET /favicon.ico HTTP/1.1" 404 21386 "http://paladin-extensions.com/test.php" "Mozilla/5.0 (Windows NT 6.1; Win64; x64) AppleWebKit/537.36 (KHTML, like Gecko) Chrome/70.0.3538.110 Safari/537.36"
162.213.41.93 - - [07/Dec/2018:04:25:33 -0500] "GET /favicon.ico HTTP/1.1" 404 38644 "-" "Mozilla/5.0 (X11; Ubuntu; Linux x86_64; rv:63.0) Gecko/20100101 Firefox/63.0"
162.213.41.93 - - [07/Dec/2018:04:29:18 -0500] "GET /favicon.ico HTTP/1.1" 404 38644 "-" "Mozilla/5.0 (X11; Ubuntu; Linux x86_64; rv:63.0) Gecko/20100101 Firefox/63.0"
162.213.41.93 - - [07/Dec/2018:04:30:43 -0500] "GET /test.php HTTP/1.1" 200 24 "-" "Mozilla/5.0 (X11; Ubuntu; Linux x86_64; rv:63.0) Gecko/20100101 Firefox/63.0"
52.207.41.187 - - [07/Dec/2018:04:30:18 -0500] "GET / HTTP/1.1" 301 - "https://www.paladin.rip/" "HetrixTools Uptime Monitoring Bot. https://hetrix.tools/uptime-monitoring-bot.html"
162.213.41.93 - - [07/Dec/2018:04:30:44 -0500] "GET /favicon.ico HTTP/1.1" 404 38644 "-" "Mozilla/5.0 (X11; Ubuntu; Linux x86_64; rv:63.0) Gecko/20100101 Firefox/63.0"
162.213.41.93 - - [07/Dec/2018:04:31:16 -0500] "GET /test.php HTTP/1.1" 200 24 "-" "Mozilla/5.0 (X11; Ubuntu; Linux x86_64; rv:63.0) Gecko/20100101 Firefox/63.0"
162.213.41.93 - - [07/Dec/2018:04:31:17 -0500] "GET /favicon.ico HTTP/1.1" 404 38644 "-" "Mozilla/5.0 (X11; Ubuntu; Linux x86_64; rv:63.0) Gecko/20100101 Firefox/63.0"
52.52.33.209 - - [07/Dec/2018:04:31:16 -0500] "GET / HTTP/1.1" 301 - "https://www.paladin.rip/" "HetrixTools Uptime Monitoring Bot. https://hetrix.tools/uptime-monitoring-bot.html"
162.213.41.93 - - [07/Dec/2018:04:32:50 -0500] "GET /robots.txt HTTP/1.1" 404 38644 "-" "Mozilla/5.0 (Windows NT 6.1; Win64; x64; rv:63.0) Gecko/20100101 Firefox/63.0"
162.213.41.93 - - [07/Dec/2018:04:32:50 -0500] "GET / HTTP/1.1" 301 - "-" "Mozilla/5.0 (Windows NT 6.1; Win64; x64; rv:63.0) Gecko/20100101 Firefox/63.0"
34.229.189.52 - - [07/Dec/2018:04:42:26 -0500] "GET / HTTP/1.1" 301 - "-" "Mozilla/5.0 (Macintosh; Intel Mac OS X 10_13_4) AppleWebKit/537.36 (KHTML, like Gecko) Chrome/65.0.3325.181 Safari/537.36"
173.252.87.17 - - [07/Dec/2018:04:48:19 -0500] "GET /robots.txt HTTP/1.1" 404 38640 "-" "facebookexternalhit/1.1 (+http://www.facebook.com/externalhit_uatext.php)"
34.229.189.52 - - [07/Dec/2018:05:02:18 -0500] "GET / HTTP/1.1" 301 - "-" "Mozilla/5.0 (Macintosh; Intel Mac OS X 10_13_4) AppleWebKit/537.36 (KHTML, like Gecko) Chrome/65.0.3325.181 Safari/537.36"
34.229.189.52 - - [07/Dec/2018:05:22:09 -0500] "GET / HTTP/1.1" 301 - "-" "Mozilla/5.0 (Macintosh; Intel Mac OS X 10_13_4) AppleWebKit/537.36 (KHTML, like Gecko) Chrome/65.0.3325.181 Safari/537.36"
66.220.149.24 - - [07/Dec/2018:05:25:25 -0500] "GET /?fbclid=IwAR3ZtZqM1W78DMs77lg0nj2Of-LB2GUxUGLDDNfpKJml5t3PyavHz-OQ1tQ HTTP/1.1" 301 - "https://www.facebook.com/" "Mozilla/5.0 (Windows NT 10.0; Win64; x64) AppleWebKit/537.36 (KHTML, like Gecko) Chrome/70.0.3538.110 Safari/537.36"
34.229.189.52 - - [07/Dec/2018:05:42:19 -0500] "GET / HTTP/1.1" 301 - "-" "Mozilla/5.0 (Macintosh; Intel Mac OS X 10_13_4) AppleWebKit/537.36 (KHTML, like Gecko) Chrome/65.0.3325.181 Safari/537.36"
34.229.189.52 - - [07/Dec/2018:06:02:10 -0500] "GET / HTTP/1.1" 301 - "-" "Mozilla/5.0 (Macintosh; Intel Mac OS X 10_13_4) AppleWebKit/537.36 (KHTML, like Gecko) Chrome/65.0.3325.181 Safari/537.36"
123.125.71.114 - - [07/Dec/2018:06:06:10 -0500] "GET /support/post-thread HTTP/1.1" 301 - "-" "Mozilla/5.0 (compatible; Baiduspider/2.0; +http://www.baidu.com/search/spider.html)"
34.229.189.52 - - [07/Dec/2018:06:21:57 -0500] "GET / HTTP/1.1" 301 - "-" "Mozilla/5.0 (Macintosh; Intel Mac OS X 10_13_4) AppleWebKit/537.36 (KHTML, like Gecko) Chrome/65.0.3325.181 Safari/537.36"
34.229.189.52 - - [07/Dec/2018:06:42:15 -0500] "GET / HTTP/1.1" 301 - "-" "Mozilla/5.0 (Macintosh; Intel Mac OS X 10_13_4) AppleWebKit/537.36 (KHTML, like Gecko) Chrome/65.0.3325.181 Safari/537.36"
34.229.189.52 - - [07/Dec/2018:07:02:06 -0500] "GET / HTTP/1.1" 301 - "-" "Mozilla/5.0 (Macintosh; Intel Mac OS X 10_13_4) AppleWebKit/537.36 (KHTML, like Gecko) Chrome/65.0.3325.181 Safari/537.36"
34.229.189.52 - - [07/Dec/2018:07:21:51 -0500] "GET / HTTP/1.1" 301 - "-" "Mozilla/5.0 (Macintosh; Intel Mac OS X 10_13_4) AppleWebKit/537.36 (KHTML, like Gecko) Chrome/65.0.3325.181 Safari/537.36"
34.229.189.52 - - [07/Dec/2018:08:02:16 -0500] "GET / HTTP/1.1" 301 - "-" "Mozilla/5.0 (Macintosh; Intel Mac OS X 10_13_4) AppleWebKit/537.36 (KHTML, like Gecko) Chrome/65.0.3325.181 Safari/537.36"
34.229.189.52 - - [07/Dec/2018:08:22:03 -0500] "GET / HTTP/1.1" 301 - "-" "Mozilla/5.0 (Macintosh; Intel Mac OS X 10_13_4) AppleWebKit/537.36 (KHTML, like Gecko) Chrome/65.0.3325.181 Safari/537.36"
34.229.189.52 - - [07/Dec/2018:08:41:50 -0500] "GET / HTTP/1.1" 301 - "-" "Mozilla/5.0 (Macintosh; Intel Mac OS X 10_13_4) AppleWebKit/537.36 (KHTML, like Gecko) Chrome/65.0.3325.181 Safari/537.36"
34.229.189.52 - - [07/Dec/2018:09:01:56 -0500] "GET / HTTP/1.1" 301 - "-" "Mozilla/5.0 (Macintosh; Intel Mac OS X 10_13_4) AppleWebKit/537.36 (KHTML, like Gecko) Chrome/65.0.3325.181 Safari/537.36"
220.181.108.99 - - [07/Dec/2018:09:07:39 -0500] "GET /support/post-thread HTTP/1.1" 301 - "-" "Mozilla/5.0 (compatible; Baiduspider/2.0; +http://www.baidu.com/search/spider.html)"
34.229.189.52 - - [07/Dec/2018:09:22:02 -0500] "GET / HTTP/1.1" 301 - "-" "Mozilla/5.0 (Macintosh; Intel Mac OS X 10_13_4) AppleWebKit/537.36 (KHTML, like Gecko) Chrome/65.0.3325.181 Safari/537.36"
34.229.189.52 - - [07/Dec/2018:09:41:59 -0500] "GET / HTTP/1.1" 301 - "-" "Mozilla/5.0 (Macintosh; Intel Mac OS X 10_13_4) AppleWebKit/537.36 (KHTML, like Gecko) Chrome/65.0.3325.181 Safari/537.36"
34.229.189.52 - - [07/Dec/2018:10:02:19 -0500] "GET / HTTP/1.1" 301 - "-" "Mozilla/5.0 (Macintosh; Intel Mac OS X 10_13_4) AppleWebKit/537.36 (KHTML, like Gecko) Chrome/65.0.3325.181 Safari/537.36"
34.229.189.52 - - [07/Dec/2018:10:22:05 -0500] "GET / HTTP/1.1" 301 - "-" "Mozilla/5.0 (Macintosh; Intel Mac OS X 10_13_4) AppleWebKit/537.36 (KHTML, like Gecko) Chrome/65.0.3325.181 Safari/537.36"
34.229.189.52 - - [07/Dec/2018:10:42:07 -0500] "GET / HTTP/1.1" 301 - "-" "Mozilla/5.0 (Macintosh; Intel Mac OS X 10_13_4) AppleWebKit/537.36 (KHTML, like Gecko) Chrome/65.0.3325.181 Safari/537.36"
220.181.108.91 - - [07/Dec/2018:10:56:10 -0500] "GET /extensions/2/ HTTP/1.1" 301 - "-" "Mozilla/5.0 (compatible; Baiduspider/2.0; +http://www.baidu.com/search/spider.html)"
34.229.189.52 - - [07/Dec/2018:11:02:22 -0500] "GET / HTTP/1.1" 301 - "-" "Mozilla/5.0 (Macintosh; Intel Mac OS X 10_13_4) AppleWebKit/537.36 (KHTML, like Gecko) Chrome/65.0.3325.181 Safari/537.36"
3.80.95.216 - - [07/Dec/2018:11:21:59 -0500] "GET / HTTP/1.1" 301 - "-" "Mozilla/5.0 (Macintosh; Intel Mac OS X 10_13_4) AppleWebKit/537.36 (KHTML, like Gecko) Chrome/65.0.3325.181 Safari/537.36"
3.80.95.216 - - [07/Dec/2018:11:42:43 -0500] "GET / HTTP/1.1" 301 - "-" "Mozilla/5.0 (Macintosh; Intel Mac OS X 10_13_4) AppleWebKit/537.36 (KHTML, like Gecko) Chrome/65.0.3325.181 Safari/537.36"
3.80.95.216 - - [07/Dec/2018:12:02:46 -0500] "GET / HTTP/1.1" 301 - "-" "Mozilla/5.0 (Macintosh; Intel Mac OS X 10_13_4) AppleWebKit/537.36 (KHTML, like Gecko) Chrome/65.0.3325.181 Safari/537.36"
220.181.108.187 - - [07/Dec/2018:12:06:53 -0500] "GET /support/post-thread HTTP/1.1" 301 - "-" "Mozilla/5.0 (compatible; Baiduspider/2.0; +http://www.baidu.com/search/spider.html)"
3.80.95.216 - - [07/Dec/2018:12:22:28 -0500] "GET / HTTP/1.1" 301 - "-" "Mozilla/5.0 (Macintosh; Intel Mac OS X 10_13_4) AppleWebKit/537.36 (KHTML, like Gecko) Chrome/65.0.3325.181 Safari/537.36"
123.125.67.219 - - [07/Dec/2018:12:31:52 -0500] "GET /robots.txt HTTP/1.1" 404 38677 "-" "Mozilla/5.0 (Windows NT 10.0; WOW64) AppleWebKit/537.36 (KHTML, like Gecko) Chrome/45.0.2454.93 Safari/537.36"
3.80.95.216 - - [07/Dec/2018:12:42:22 -0500] "GET / HTTP/1.1" 301 - "-" "Mozilla/5.0 (Macintosh; Intel Mac OS X 10_13_4) AppleWebKit/537.36 (KHTML, like Gecko) Chrome/65.0.3325.181 Safari/537.36"
3.80.95.216 - - [07/Dec/2018:13:02:23 -0500] "GET / HTTP/1.1" 301 - "-" "Mozilla/5.0 (Macintosh; Intel Mac OS X 10_13_4) AppleWebKit/537.36 (KHTML, like Gecko) Chrome/65.0.3325.181 Safari/537.36"
3.80.95.216 - - [07/Dec/2018:13:22:16 -0500] "GET / HTTP/1.1" 301 - "-" "Mozilla/5.0 (Macintosh; Intel Mac OS X 10_13_4) AppleWebKit/537.36 (KHTML, like Gecko) Chrome/65.0.3325.181 Safari/537.36"
164.132.119.83 - - [07/Dec/2018:13:35:20 -0500] "GET /wp-login.php HTTP/1.0" 301 - "-" "Mozilla/4.0 (compatible; Synapse)"
164.132.119.83 - - [07/Dec/2018:13:35:21 -0500] "GET /administrator/index.php HTTP/1.0" 301 - "-" "Mozilla/4.0 (compatible; Synapse)"
164.132.119.83 - - [07/Dec/2018:13:35:21 -0500] "GET /user/ HTTP/1.0" 301 - "-" "Mozilla/4.0 (compatible; Synapse)"
3.80.95.216 - - [07/Dec/2018:13:42:10 -0500] "GET / HTTP/1.1" 301 - "-" "Mozilla/5.0 (Macintosh; Intel Mac OS X 10_13_4) AppleWebKit/537.36 (KHTML, like Gecko) Chrome/65.0.3325.181 Safari/537.36"
3.80.95.216 - - [07/Dec/2018:14:02:11 -0500] "GET / HTTP/1.1" 301 - "-" "Mozilla/5.0 (Macintosh; Intel Mac OS X 10_13_4) AppleWebKit/537.36 (KHTML, like Gecko) Chrome/65.0.3325.181 Safari/537.36"
3.80.95.216 - - [07/Dec/2018:14:22:15 -0500] "GET / HTTP/1.1" 301 - "-" "Mozilla/5.0 (Macintosh; Intel Mac OS X 10_13_4) AppleWebKit/537.36 (KHTML, like Gecko) Chrome/65.0.3325.181 Safari/537.36"
180.76.15.8 - - [07/Dec/2018:14:38:27 -0500] "GET /support/ HTTP/1.1" 301 - "-" "Mozilla/5.0 (compatible; Baiduspider/2.0; +http://www.baidu.com/search/spider.html)"
3.80.95.216 - - [07/Dec/2018:14:42:18 -0500] "GET / HTTP/1.1" 301 - "-" "Mozilla/5.0 (Macintosh; Intel Mac OS X 10_13_4) AppleWebKit/537.36 (KHTML, like Gecko) Chrome/65.0.3325.181 Safari/537.36"
3.80.95.216 - - [07/Dec/2018:15:02:05 -0500] "GET / HTTP/1.1" 301 - "-" "Mozilla/5.0 (Macintosh; Intel Mac OS X 10_13_4) AppleWebKit/537.36 (KHTML, like Gecko) Chrome/65.0.3325.181 Safari/537.36"
3.80.95.216 - - [07/Dec/2018:15:22:09 -0500] "GET / HTTP/1.1" 301 - "-" "Mozilla/5.0 (Macintosh; Intel Mac OS X 10_13_4) AppleWebKit/537.36 (KHTML, like Gecko) Chrome/65.0.3325.181 Safari/537.36"
66.249.79.195 - - [07/Dec/2018:15:32:03 -0500] "GET /robots.txt HTTP/1.1" 404 38639 "-" "Mozilla/5.0 (compatible; Googlebot/2.1; +http://www.google.com/bot.html)"
40.76.21.228 - - [07/Dec/2018:15:32:39 -0500] "GET / HTTP/1.1" 301 - "-" "Mozilla/5.0 (Windows NT 6.1; WOW64) AppleWebKit/534.24 (KHTML, like Gecko) Chrome/11.0.696.71 Safari/534.24"
66.249.79.192 - - [07/Dec/2018:15:35:18 -0500] "GET /js/themehouse/uix_dark/index.min.js?_v=69cb4042 HTTP/1.1" 200 2382 "http://www.paladin-extensions.com/" "Mozilla/5.0 AppleWebKit/537.36 (KHTML, like Gecko; compatible; Googlebot/2.1; +http://www.google.com/bot.html) Safari/537.36"
66.249.79.192 - - [07/Dec/2018:15:35:20 -0500] "GET /js/xf/preamble-compiled.js?_v=69cb4042 HTTP/1.1" 200 7764 "http://www.paladin-extensions.com/" "Mozilla/5.0 AppleWebKit/537.36 (KHTML, like Gecko; compatible; Googlebot/2.1; +http://www.google.com/bot.html) Safari/537.36"
66.249.79.192 - - [07/Dec/2018:15:35:22 -0500] "GET /js/xf/core-compiled.js?_v=69cb4042 HTTP/1.1" 200 46841 "http://www.paladin-extensions.com/" "Mozilla/5.0 AppleWebKit/537.36 (KHTML, like Gecko; compatible; Googlebot/2.1; +http://www.google.com/bot.html) Safari/537.36"
66.249.79.192 - - [07/Dec/2018:15:35:23 -0500] "GET /js/themehouse/uix_dark/ripple.min.js?_v=69cb4042 HTTP/1.1" 200 692 "http://www.paladin-extensions.com/" "Mozilla/5.0 AppleWebKit/537.36 (KHTML, like Gecko; compatible; Googlebot/2.1; +http://www.google.com/bot.html) Safari/537.36"
3.80.95.216 - - [07/Dec/2018:15:42:11 -0500] "GET / HTTP/1.1" 301 - "-" "Mozilla/5.0 (Macintosh; Intel Mac OS X 10_13_4) AppleWebKit/537.36 (KHTML, like Gecko) Chrome/65.0.3325.181 Safari/537.36"
3.80.95.216 - - [07/Dec/2018:16:02:07 -0500] "GET / HTTP/1.1" 301 - "-" "Mozilla/5.0 (Macintosh; Intel Mac OS X 10_13_4) AppleWebKit/537.36 (KHTML, like Gecko) Chrome/65.0.3325.181 Safari/537.36"
3.80.95.216 - - [07/Dec/2018:16:22:00 -0500] "GET / HTTP/1.1" 301 - "-" "Mozilla/5.0 (Macintosh; Intel Mac OS X 10_13_4) AppleWebKit/537.36 (KHTML, like Gecko) Chrome/65.0.3325.181 Safari/537.36"
3.80.95.216 - - [07/Dec/2018:17:02:08 -0500] "GET / HTTP/1.1" 301 - "-" "Mozilla/5.0 (Macintosh; Intel Mac OS X 10_13_4) AppleWebKit/537.36 (KHTML, like Gecko) Chrome/65.0.3325.181 Safari/537.36"
3.80.95.216 - - [07/Dec/2018:17:21:55 -0500] "GET / HTTP/1.1" 301 - "-" "Mozilla/5.0 (Macintosh; Intel Mac OS X 10_13_4) AppleWebKit/537.36 (KHTML, like Gecko) Chrome/65.0.3325.181 Safari/537.36"
24.251.180.38 - - [07/Dec/2018:17:42:19 -0500] "POST /index.php?shoutbox/refresh HTTP/1.1" 200 119 "https://www.paladin-extensions.com/" "Mozilla/5.0 (Windows NT 10.0; Win64; x64) AppleWebKit/537.36 (KHTML, like Gecko) Chrome/70.0.3538.110 Safari/537.36"
180.76.15.11 - - [07/Dec/2018:17:42:19 -0500] "GET /forums/-/index.rss HTTP/1.1" 200 661 "-" "Mozilla/5.0 (compatible; Baiduspider/2.0; +http://www.baidu.com/search/spider.html)"
180.76.15.146 - - [07/Dec/2018:17:42:20 -0500] "GET /forums/-/ HTTP/1.1" 301 - "-" "Mozilla/5.0 (compatible; Baiduspider/2.0; +http://www.baidu.com/search/spider.html)"
18.206.240.103 - - [07/Dec/2018:18:02:15 -0500] "GET / HTTP/1.1" 301 - "-" "Mozilla/5.0 (Macintosh; Intel Mac OS X 10_13_4) AppleWebKit/537.36 (KHTML, like Gecko) Chrome/65.0.3325.181 Safari/537.36"
24.251.180.38 - - [07/Dec/2018:18:15:39 -0500] "POST /index.php?shoutbox/refresh HTTP/1.1" 200 119 "https://www.paladin-extensions.com/" "Mozilla/5.0 (Windows NT 10.0; Win64; x64) AppleWebKit/537.36 (KHTML, like Gecko) Chrome/70.0.3538.110 Safari/537.36"
180.76.15.150 - - [07/Dec/2018:18:15:39 -0500] "GET /threads/paladin-temporary-external-csgo-extension.44/ HTTP/1.1" 301 - "-" "Mozilla/5.0 (compatible; Baiduspider/2.0; +http://www.baidu.com/search/spider.html)"
18.206.240.103 - - [07/Dec/2018:18:22:12 -0500] "GET / HTTP/1.1" 301 - "-" "Mozilla/5.0 (Macintosh; Intel Mac OS X 10_13_4) AppleWebKit/537.36 (KHTML, like Gecko) Chrome/65.0.3325.181 Safari/537.36"
24.251.180.38 - - [07/Dec/2018:18:22:07 -0500] "POST /index.php?shoutbox/refresh HTTP/1.1" 200 119 "https://www.paladin-extensions.com/" "Mozilla/5.0 (Windows NT 10.0; Win64; x64) AppleWebKit/537.36 (KHTML, like Gecko) Chrome/70.0.3538.110 Safari/537.36"
162.213.41.93 - - [07/Dec/2018:18:24:21 -0500] "GET / HTTP/1.1" 301 - "-" "Mozilla/5.0 (X11; Linux x86_64) AppleWebKit/537.36 (KHTML, like Gecko) Chrome/62.0.3202.89 Safari/537.36"
204.187.14.77 - - [07/Dec/2018:18:24:54 -0500] "GET / HTTP/1.1" 301 - "-" "Mozilla/5.0 (X11; Linux x86_64; GTmetrix https://gtmetrix.com/) AppleWebKit/537.36 (KHTML, like Gecko) Chrome/62.0.3202.94 Safari/537.36"
204.187.14.76 - - [07/Dec/2018:18:25:56 -0500] "GET / HTTP/1.1" 301 - "-" "Mozilla/5.0 (X11; Linux x86_64; GTmetrix https://gtmetrix.com/) AppleWebKit/537.36 (KHTML, like Gecko) Chrome/62.0.3202.94 Safari/537.36"
204.187.14.76 - - [07/Dec/2018:18:25:58 -0500] "GET / HTTP/1.1" 301 - "-" "Mozilla/5.0 (X11; Linux x86_64) AppleWebKit/537.36 (KHTML, like Gecko) Chrome/62.0.3202.94 Safari/537.36"
