138.197.17.201 - - [22/Dec/2018:06:37:13 -0500] "GET / HTTP/1.1" 200 15846 "https://paladin-extensions.com/" "HetrixTools Uptime Monitoring Bot. https://hetrix.tools/uptime-monitoring-bot.html"
37.228.240.114 - - [22/Dec/2018:06:37:31 -0500] "GET / HTTP/1.1" 301 - "-" "Mozilla/5.0 (Windows NT 6.0; rv:34.0) Gecko/20100101 Firefox/34.0"
37.228.240.114 - - [22/Dec/2018:06:37:32 -0500] "GET / HTTP/1.1" 200 15851 "-" "Mozilla/5.0 (Windows NT 6.0; rv:34.0) Gecko/20100101 Firefox/34.0"
37.228.240.114 - - [22/Dec/2018:06:37:36 -0500] "GET /search/ HTTP/1.1" 200 9998 "-" "Mozilla/5.0 (Windows NT 6.0; rv:34.0) Gecko/20100101 Firefox/34.0"
37.228.240.114 - - [22/Dec/2018:06:37:37 -0500] "GET /members/zel.40/ HTTP/1.1" 200 12293 "-" "Mozilla/5.0 (Windows NT 6.0; rv:34.0) Gecko/20100101 Firefox/34.0"
37.228.240.114 - - [22/Dec/2018:06:37:57 -0500] "GET /members/zel.40/reactions?type=given&reaction_id=7 HTTP/1.1" 200 9678 "-" "Mozilla/5.0 (Windows NT 6.0; rv:34.0) Gecko/20100101 Firefox/34.0"
37.228.240.114 - - [22/Dec/2018:06:37:57 -0500] "GET /members/zel.40/reactions?type=given&reaction_id=9 HTTP/1.1" 200 9682 "-" "Mozilla/5.0 (Windows NT 6.0; rv:34.0) Gecko/20100101 Firefox/34.0"
37.228.240.114 - - [22/Dec/2018:06:37:57 -0500] "GET /members/zel.40/reactions?type=received&reaction_id=2 HTTP/1.1" 200 9684 "-" "Mozilla/5.0 (Windows NT 6.0; rv:34.0) Gecko/20100101 Firefox/34.0"
37.228.240.114 - - [22/Dec/2018:06:37:58 -0500] "GET /members/zel.40/reactions?type=received&reaction_id=12 HTTP/1.1" 200 9680 "-" "Mozilla/5.0 (Windows NT 6.0; rv:34.0) Gecko/20100101 Firefox/34.0"
37.228.240.114 - - [22/Dec/2018:06:38:03 -0500] "GET /members/zel.40/reactions?type=received&reaction_id=9 HTTP/1.1" 200 9678 "-" "Mozilla/5.0 (Windows NT 6.0; rv:34.0) Gecko/20100101 Firefox/34.0"
37.228.240.114 - - [22/Dec/2018:06:38:03 -0500] "GET /members/zel.40/reactions?type=received&reaction_id=4 HTTP/1.1" 200 9685 "-" "Mozilla/5.0 (Windows NT 6.0; rv:34.0) Gecko/20100101 Firefox/34.0"
37.228.240.114 - - [22/Dec/2018:06:38:04 -0500] "GET /members/zel.40/reactions?type=given&reaction_id=20 HTTP/1.1" 200 9685 "-" "Mozilla/5.0 (Windows NT 6.0; rv:34.0) Gecko/20100101 Firefox/34.0"
37.228.240.114 - - [22/Dec/2018:06:38:04 -0500] "GET /members/zel.40/reactions?type=received&reaction_id=20 HTTP/1.1" 200 9678 "-" "Mozilla/5.0 (Windows NT 6.0; rv:34.0) Gecko/20100101 Firefox/34.0"
96.126.106.201 - - [22/Dec/2018:06:38:05 -0500] "GET / HTTP/1.1" 301 - "https://www.paladin.rip/" "HetrixTools Uptime Monitoring Bot. https://hetrix.tools/uptime-monitoring-bot.html"
37.228.240.114 - - [22/Dec/2018:06:38:05 -0500] "GET /members/zel.40/reactions?type=received&reaction_id=21 HTTP/1.1" 200 9682 "-" "Mozilla/5.0 (Windows NT 6.0; rv:34.0) Gecko/20100101 Firefox/34.0"
96.126.106.201 - - [22/Dec/2018:06:38:06 -0500] "GET / HTTP/1.1" 200 15853 "https://paladin-extensions.com/" "HetrixTools Uptime Monitoring Bot. https://hetrix.tools/uptime-monitoring-bot.html"
37.228.240.114 - - [22/Dec/2018:06:38:09 -0500] "GET /members/zel.40/reactions?type=given&reaction_id=22 HTTP/1.1" 200 9678 "-" "Mozilla/5.0 (Windows NT 6.0; rv:34.0) Gecko/20100101 Firefox/34.0"
37.228.240.114 - - [22/Dec/2018:06:38:10 -0500] "GET /members/zel.40/reactions?type=received&reaction_id=22 HTTP/1.1" 200 9683 "-" "Mozilla/5.0 (Windows NT 6.0; rv:34.0) Gecko/20100101 Firefox/34.0"
37.228.240.114 - - [22/Dec/2018:06:38:11 -0500] "GET /members/zel.40/reactions?type=given&reaction_id=23 HTTP/1.1" 200 9680 "-" "Mozilla/5.0 (Windows NT 6.0; rv:34.0) Gecko/20100101 Firefox/34.0"
37.228.240.114 - - [22/Dec/2018:06:38:13 -0500] "GET /members/zel.40/reactions?type=received&reaction_id=23 HTTP/1.1" 200 9682 "-" "Mozilla/5.0 (Windows NT 6.0; rv:34.0) Gecko/20100101 Firefox/34.0"
149.28.212.239 - - [22/Dec/2018:06:38:14 -0500] "GET / HTTP/1.1" 301 - "https://www.paladin.rip/" "HetrixTools Uptime Monitoring Bot. https://hetrix.tools/uptime-monitoring-bot.html"
188.166.79.172 - - [22/Dec/2018:06:38:14 -0500] "GET / HTTP/1.1" 301 - "https://www.paladin.rip/" "HetrixTools Uptime Monitoring Bot. https://hetrix.tools/uptime-monitoring-bot.html"
37.228.240.114 - - [22/Dec/2018:06:38:14 -0500] "GET /members/zel.40/reactions?type=given&reaction_id=21 HTTP/1.1" 200 9681 "-" "Mozilla/5.0 (Windows NT 6.0; rv:34.0) Gecko/20100101 Firefox/34.0"
149.28.212.239 - - [22/Dec/2018:06:38:15 -0500] "GET / HTTP/1.1" 200 15849 "https://paladin-extensions.com/" "HetrixTools Uptime Monitoring Bot. https://hetrix.tools/uptime-monitoring-bot.html"
188.166.79.172 - - [22/Dec/2018:06:38:15 -0500] "GET / HTTP/1.1" 200 15850 "https://paladin-extensions.com/" "HetrixTools Uptime Monitoring Bot. https://hetrix.tools/uptime-monitoring-bot.html"
37.228.240.114 - - [22/Dec/2018:06:38:15 -0500] "GET /history/ HTTP/1.1" 200 9550 "-" "Mozilla/5.0 (Windows NT 6.0; rv:34.0) Gecko/20100101 Firefox/34.0"
37.228.240.114 - - [22/Dec/2018:06:38:15 -0500] "GET /whats-new/posts/ HTTP/1.1" 303 - "-" "Mozilla/5.0 (Windows NT 6.0; rv:34.0) Gecko/20100101 Firefox/34.0"
37.228.240.114 - - [22/Dec/2018:06:38:15 -0500] "GET /posts/136/ HTTP/1.1" 301 - "-" "Mozilla/5.0 (Windows NT 6.0; rv:34.0) Gecko/20100101 Firefox/34.0"
37.228.240.114 - - [22/Dec/2018:06:38:15 -0500] "GET /extensions/ HTTP/1.1" 200 12867 "-" "Mozilla/5.0 (Windows NT 6.0; rv:34.0) Gecko/20100101 Firefox/34.0"
37.228.240.114 - - [22/Dec/2018:06:38:15 -0500] "GET /forums/media.22/ HTTP/1.1" 200 11451 "-" "Mozilla/5.0 (Windows NT 6.0; rv:34.0) Gecko/20100101 Firefox/34.0"
37.228.240.114 - - [22/Dec/2018:06:38:15 -0500] "GET /register/ HTTP/1.1" 200 11342 "-" "Mozilla/5.0 (Windows NT 6.0; rv:34.0) Gecko/20100101 Firefox/34.0"
37.228.240.114 - - [22/Dec/2018:06:38:16 -0500] "GET /whats-new/posts/3/ HTTP/1.1" 200 11475 "-" "Mozilla/5.0 (Windows NT 6.0; rv:34.0) Gecko/20100101 Firefox/34.0"
37.228.240.114 - - [22/Dec/2018:06:38:16 -0500] "GET /threads/member-only-discord-server.57/ HTTP/1.1" 200 13650 "-" "Mozilla/5.0 (Windows NT 6.0; rv:34.0) Gecko/20100101 Firefox/34.0"
37.228.240.114 - - [22/Dec/2018:06:38:16 -0500] "GET /members/skel.2/ HTTP/1.1" 200 13350 "-" "Mozilla/5.0 (Windows NT 6.0; rv:34.0) Gecko/20100101 Firefox/34.0"
37.228.240.114 - - [22/Dec/2018:06:38:17 -0500] "GET /whats-new/profile-posts/?skip=1 HTTP/1.1" 303 - "-" "Mozilla/5.0 (Windows NT 6.0; rv:34.0) Gecko/20100101 Firefox/34.0"
37.228.240.114 - - [22/Dec/2018:06:38:17 -0500] "GET /threads/member-only-discord-server.57/post-136 HTTP/1.1" 301 - "-" "Mozilla/5.0 (Windows NT 6.0; rv:34.0) Gecko/20100101 Firefox/34.0"
37.228.240.114 - - [22/Dec/2018:06:38:17 -0500] "GET /whats-new/profile-posts/4/ HTTP/1.1" 200 10861 "-" "Mozilla/5.0 (Windows NT 6.0; rv:34.0) Gecko/20100101 Firefox/34.0"
37.228.240.114 - - [22/Dec/2018:06:38:17 -0500] "GET /threads/member-only-discord-server.57/ HTTP/1.1" 200 13647 "-" "Mozilla/5.0 (Windows NT 6.0; rv:34.0) Gecko/20100101 Firefox/34.0"
37.228.240.114 - - [22/Dec/2018:06:38:17 -0500] "GET /members/zel.40/trophies HTTP/1.1" 200 9747 "-" "Mozilla/5.0 (Windows NT 6.0; rv:34.0) Gecko/20100101 Firefox/34.0"
37.228.240.114 - - [22/Dec/2018:06:38:18 -0500] "GET /members/zel.40/reactions?type=received&reaction_id=24 HTTP/1.1" 200 9681 "-" "Mozilla/5.0 (Windows NT 6.0; rv:34.0) Gecko/20100101 Firefox/34.0"
37.228.240.114 - - [22/Dec/2018:06:38:20 -0500] "GET /search/member?user_id=40 HTTP/1.1" 200 9304 "-" "Mozilla/5.0 (Windows NT 6.0; rv:34.0) Gecko/20100101 Firefox/34.0"
37.228.240.114 - - [22/Dec/2018:06:38:20 -0500] "GET /members/zel.40/reactions?type=given&reaction_id=12 HTTP/1.1" 200 9684 "-" "Mozilla/5.0 (Windows NT 6.0; rv:34.0) Gecko/20100101 Firefox/34.0"
37.228.240.114 - - [22/Dec/2018:06:38:20 -0500] "GET /members/zel.40/reaction-stats HTTP/1.1" 200 10294 "-" "Mozilla/5.0 (Windows NT 6.0; rv:34.0) Gecko/20100101 Firefox/34.0"
37.228.240.114 - - [22/Dec/2018:06:38:20 -0500] "GET /search/?type=support_ticket_message HTTP/1.1" 200 10844 "-" "Mozilla/5.0 (Windows NT 6.0; rv:34.0) Gecko/20100101 Firefox/34.0"
37.228.240.114 - - [22/Dec/2018:06:38:24 -0500] "GET /members/zel.40/reactions?type=given&reaction_id=4 HTTP/1.1" 200 9681 "-" "Mozilla/5.0 (Windows NT 6.0; rv:34.0) Gecko/20100101 Firefox/34.0"
37.228.240.114 - - [22/Dec/2018:06:38:24 -0500] "GET /members/zel.40/recent-content HTTP/1.1" 200 9686 "-" "Mozilla/5.0 (Windows NT 6.0; rv:34.0) Gecko/20100101 Firefox/34.0"
37.228.240.114 - - [22/Dec/2018:06:38:24 -0500] "GET /search/?type=post HTTP/1.1" 200 11196 "-" "Mozilla/5.0 (Windows NT 6.0; rv:34.0) Gecko/20100101 Firefox/34.0"
37.228.240.114 - - [22/Dec/2018:06:38:24 -0500] "GET /forums/news.2/ HTTP/1.1" 200 11903 "-" "Mozilla/5.0 (Windows NT 6.0; rv:34.0) Gecko/20100101 Firefox/34.0"
37.228.240.114 - - [22/Dec/2018:06:38:25 -0500] "GET /members/zel.40/reactions?type=given&reaction_id=3 HTTP/1.1" 200 9679 "-" "Mozilla/5.0 (Windows NT 6.0; rv:34.0) Gecko/20100101 Firefox/34.0"
37.228.240.114 - - [22/Dec/2018:06:38:25 -0500] "GET /members/zel.40/about HTTP/1.1" 200 9503 "-" "Mozilla/5.0 (Windows NT 6.0; rv:34.0) Gecko/20100101 Firefox/34.0"
37.228.240.114 - - [22/Dec/2018:06:38:27 -0500] "GET / HTTP/1.1" 200 15853 "-" "Mozilla/5.0 (Windows NT 6.0; rv:34.0) Gecko/20100101 Firefox/34.0"
37.228.240.114 - - [22/Dec/2018:06:38:27 -0500] "GET /search/?type=profile_post HTTP/1.1" 200 10302 "-" "Mozilla/5.0 (Windows NT 6.0; rv:34.0) Gecko/20100101 Firefox/34.0"
37.228.240.114 - - [22/Dec/2018:06:38:28 -0500] "GET /members/zel.40/reactions?type=received&reaction_id=6 HTTP/1.1" 200 9680 "-" "Mozilla/5.0 (Windows NT 6.0; rv:34.0) Gecko/20100101 Firefox/34.0"
37.228.240.114 - - [22/Dec/2018:06:38:34 -0500] "GET /members/zel.40/reactions?type=received&reaction_id=7 HTTP/1.1" 200 9680 "-" "Mozilla/5.0 (Windows NT 6.0; rv:34.0) Gecko/20100101 Firefox/34.0"
37.228.240.114 - - [22/Dec/2018:06:38:39 -0500] "GET /members/zel.40/reactions?type=given&reaction_id=8 HTTP/1.1" 200 9678 "-" "Mozilla/5.0 (Windows NT 6.0; rv:34.0) Gecko/20100101 Firefox/34.0"
37.228.240.114 - - [22/Dec/2018:06:38:40 -0500] "GET /threads/member-only-discord-server.57/ HTTP/1.1" 200 13644 "-" "Mozilla/5.0 (Windows NT 6.0; rv:34.0) Gecko/20100101 Firefox/34.0"
37.228.240.114 - - [22/Dec/2018:06:38:41 -0500] "GET /threads/discord-and-steam-integration.56/ HTTP/1.1" 200 13772 "-" "Mozilla/5.0 (Windows NT 6.0; rv:34.0) Gecko/20100101 Firefox/34.0"
37.228.240.114 - - [22/Dec/2018:06:38:43 -0500] "GET /members/zoom-zoom.28/ HTTP/1.1" 200 12207 "-" "Mozilla/5.0 (Windows NT 6.0; rv:34.0) Gecko/20100101 Firefox/34.0"
37.228.240.114 - - [22/Dec/2018:06:38:43 -0500] "GET /whats-new/resources/ HTTP/1.1" 200 9646 "-" "Mozilla/5.0 (Windows NT 6.0; rv:34.0) Gecko/20100101 Firefox/34.0"
37.228.240.114 - - [22/Dec/2018:06:38:43 -0500] "GET /threads/discord-and-steam-integration.56/latest HTTP/1.1" 303 - "-" "Mozilla/5.0 (Windows NT 6.0; rv:34.0) Gecko/20100101 Firefox/34.0"
37.228.240.114 - - [22/Dec/2018:06:38:44 -0500] "GET /threads/discord-and-steam-integration.56/ HTTP/1.1" 200 13778 "-" "Mozilla/5.0 (Windows NT 6.0; rv:34.0) Gecko/20100101 Firefox/34.0"
37.228.240.114 - - [22/Dec/2018:06:38:47 -0500] "GET /register/connected-accounts/steam/?setup=1 HTTP/1.1" 303 - "-" "Mozilla/5.0 (Windows NT 6.0; rv:34.0) Gecko/20100101 Firefox/34.0"
37.228.240.114 - - [22/Dec/2018:06:38:47 -0500] "GET /threads/member-only-discord-server.57/mailto:?subject={title}&body={url} HTTP/1.1" 404 9413 "-" "Mozilla/5.0 (Windows NT 6.0; rv:34.0) Gecko/20100101 Firefox/34.0"
37.228.240.114 - - [22/Dec/2018:06:38:47 -0500] "GET /search/member?user_id=2 HTTP/1.1" 303 - "-" "Mozilla/5.0 (Windows NT 6.0; rv:34.0) Gecko/20100101 Firefox/34.0"
37.228.240.114 - - [22/Dec/2018:06:38:48 -0500] "GET /search/11/ HTTP/1.1" 200 10450 "-" "Mozilla/5.0 (Windows NT 6.0; rv:34.0) Gecko/20100101 Firefox/34.0"
37.228.240.114 - - [22/Dec/2018:06:38:48 -0500] "GET /extensions/authors/skel.2/ HTTP/1.1" 200 9414 "-" "Mozilla/5.0 (Windows NT 6.0; rv:34.0) Gecko/20100101 Firefox/34.0"
37.228.240.114 - - [22/Dec/2018:06:38:49 -0500] "GET /members/skel.2/latest-activity HTTP/1.1" 200 10307 "-" "Mozilla/5.0 (Windows NT 6.0; rv:34.0) Gecko/20100101 Firefox/34.0"
37.228.240.114 - - [22/Dec/2018:06:38:51 -0500] "GET /members/skel.2/reaction-stats HTTP/1.1" 200 10284 "-" "Mozilla/5.0 (Windows NT 6.0; rv:34.0) Gecko/20100101 Firefox/34.0"
37.228.240.114 - - [22/Dec/2018:06:38:52 -0500] "GET /members/skel.2/about HTTP/1.1" 200 10540 "-" "Mozilla/5.0 (Windows NT 6.0; rv:34.0) Gecko/20100101 Firefox/34.0"
37.228.240.114 - - [22/Dec/2018:06:38:52 -0500] "GET /members/skel.2/reactions?type=received HTTP/1.1" 200 10484 "-" "Mozilla/5.0 (Windows NT 6.0; rv:34.0) Gecko/20100101 Firefox/34.0"
37.228.240.114 - - [22/Dec/2018:06:38:52 -0500] "GET /reactions/list/profile_post/1 HTTP/1.1" 403 10167 "-" "Mozilla/5.0 (Windows NT 6.0; rv:34.0) Gecko/20100101 Firefox/34.0"
37.228.240.114 - - [22/Dec/2018:06:38:53 -0500] "GET /members/skel.2/reactions?type=given&reaction_id=1 HTTP/1.1" 200 9683 "-" "Mozilla/5.0 (Windows NT 6.0; rv:34.0) Gecko/20100101 Firefox/34.0"
37.228.240.114 - - [22/Dec/2018:06:38:57 -0500] "GET /members/skel.2/reactions?type=received&reaction_id=1 HTTP/1.1" 200 9681 "-" "Mozilla/5.0 (Windows NT 6.0; rv:34.0) Gecko/20100101 Firefox/34.0"
37.228.240.114 - - [22/Dec/2018:06:38:58 -0500] "GET /members/skel.2/reactions?type=given&reaction_id=3 HTTP/1.1" 200 9681 "-" "Mozilla/5.0 (Windows NT 6.0; rv:34.0) Gecko/20100101 Firefox/34.0"
37.228.240.114 - - [22/Dec/2018:06:38:58 -0500] "GET /members/skel.2/reactions?type=received&reaction_id=4 HTTP/1.1" 200 9683 "-" "Mozilla/5.0 (Windows NT 6.0; rv:34.0) Gecko/20100101 Firefox/34.0"
37.228.240.114 - - [22/Dec/2018:06:38:58 -0500] "GET /members/skel.2/reactions?type=given&reaction_id=6 HTTP/1.1" 200 9680 "-" "Mozilla/5.0 (Windows NT 6.0; rv:34.0) Gecko/20100101 Firefox/34.0"
37.228.240.114 - - [22/Dec/2018:06:38:58 -0500] "GET /members/skel.2/reactions?type=given&reaction_id=4 HTTP/1.1" 200 9676 "-" "Mozilla/5.0 (Windows NT 6.0; rv:34.0) Gecko/20100101 Firefox/34.0"
37.228.240.114 - - [22/Dec/2018:06:38:58 -0500] "GET /members/skel.2/reactions?type=received&reaction_id=3 HTTP/1.1" 200 9688 "-" "Mozilla/5.0 (Windows NT 6.0; rv:34.0) Gecko/20100101 Firefox/34.0"
37.228.240.114 - - [22/Dec/2018:06:38:58 -0500] "GET /members/skel.2/reactions?type=received&reaction_id=17 HTTP/1.1" 200 9682 "-" "Mozilla/5.0 (Windows NT 6.0; rv:34.0) Gecko/20100101 Firefox/34.0"
37.228.240.114 - - [22/Dec/2018:06:39:01 -0500] "GET /members/skel.2/reactions?type=received&reaction_id=6 HTTP/1.1" 200 9677 "-" "Mozilla/5.0 (Windows NT 6.0; rv:34.0) Gecko/20100101 Firefox/34.0"
37.228.240.114 - - [22/Dec/2018:06:39:01 -0500] "GET /members/skel.2/reactions?type=received&reaction_id=8 HTTP/1.1" 200 9680 "-" "Mozilla/5.0 (Windows NT 6.0; rv:34.0) Gecko/20100101 Firefox/34.0"
37.228.240.114 - - [22/Dec/2018:06:39:02 -0500] "GET /members/skel.2/reactions?type=given&reaction_id=24 HTTP/1.1" 200 9686 "-" "Mozilla/5.0 (Windows NT 6.0; rv:34.0) Gecko/20100101 Firefox/34.0"
37.228.240.114 - - [22/Dec/2018:06:39:02 -0500] "GET /members/skel.2/reactions?type=received&reaction_id=22 HTTP/1.1" 200 9680 "-" "Mozilla/5.0 (Windows NT 6.0; rv:34.0) Gecko/20100101 Firefox/34.0"
37.228.240.114 - - [22/Dec/2018:06:39:02 -0500] "GET /members/skel.2/reactions?type=given&reaction_id=23 HTTP/1.1" 200 9683 "-" "Mozilla/5.0 (Windows NT 6.0; rv:34.0) Gecko/20100101 Firefox/34.0"
37.228.240.114 - - [22/Dec/2018:06:39:03 -0500] "GET /members/skel.2/reactions?type=given&reaction_id=2 HTTP/1.1" 200 11230 "-" "Mozilla/5.0 (Windows NT 6.0; rv:34.0) Gecko/20100101 Firefox/34.0"
37.228.240.114 - - [22/Dec/2018:06:39:05 -0500] "GET /members/skel.2/reactions?type=received&reaction_id=24 HTTP/1.1" 200 9681 "-" "Mozilla/5.0 (Windows NT 6.0; rv:34.0) Gecko/20100101 Firefox/34.0"
37.228.240.114 - - [22/Dec/2018:06:39:05 -0500] "GET /members/zel.40/reactions?type=given&reaction_id=24 HTTP/1.1" 200 9678 "-" "Mozilla/5.0 (Windows NT 6.0; rv:34.0) Gecko/20100101 Firefox/34.0"
37.228.240.114 - - [22/Dec/2018:06:39:06 -0500] "GET /threads/website-launch.6/latest HTTP/1.1" 303 - "-" "Mozilla/5.0 (Windows NT 6.0; rv:34.0) Gecko/20100101 Firefox/34.0"
37.228.240.114 - - [22/Dec/2018:06:39:06 -0500] "GET /threads/website-launch.6/ HTTP/1.1" 200 13689 "-" "Mozilla/5.0 (Windows NT 6.0; rv:34.0) Gecko/20100101 Firefox/34.0"
37.228.240.114 - - [22/Dec/2018:06:39:08 -0500] "GET /members/skel.2/reactions?type=given&reaction_id=20 HTTP/1.1" 200 9676 "-" "Mozilla/5.0 (Windows NT 6.0; rv:34.0) Gecko/20100101 Firefox/34.0"
37.228.240.114 - - [22/Dec/2018:06:39:09 -0500] "GET /forums/media.22/?prefix_id=6 HTTP/1.1" 200 11531 "-" "Mozilla/5.0 (Windows NT 6.0; rv:34.0) Gecko/20100101 Firefox/34.0"
37.228.240.114 - - [22/Dec/2018:06:39:10 -0500] "GET /extensions/paladin-csgo-extension.2/updates HTTP/1.1" 303 - "-" "Mozilla/5.0 (Windows NT 6.0; rv:34.0) Gecko/20100101 Firefox/34.0"
37.228.240.114 - - [22/Dec/2018:06:39:10 -0500] "GET /extensions/featured HTTP/1.1" 200 10750 "-" "Mozilla/5.0 (Windows NT 6.0; rv:34.0) Gecko/20100101 Firefox/34.0"
37.228.240.114 - - [22/Dec/2018:06:39:11 -0500] "GET /extensions/paladin-csgo-extension.2/ HTTP/1.1" 200 12250 "-" "Mozilla/5.0 (Windows NT 6.0; rv:34.0) Gecko/20100101 Firefox/34.0"
37.228.240.114 - - [22/Dec/2018:06:39:13 -0500] "GET /extensions/paladin-rust-extension.6/ HTTP/1.1" 200 12214 "-" "Mozilla/5.0 (Windows NT 6.0; rv:34.0) Gecko/20100101 Firefox/34.0"
37.228.240.114 - - [22/Dec/2018:06:39:14 -0500] "GET /extensions/paladin-extension-manager.1/ HTTP/1.1" 200 12469 "-" "Mozilla/5.0 (Windows NT 6.0; rv:34.0) Gecko/20100101 Firefox/34.0"
37.228.240.114 - - [22/Dec/2018:06:39:14 -0500] "GET /members/zel.40/reactions?type=received&reaction_id=17 HTTP/1.1" 200 9680 "-" "Mozilla/5.0 (Windows NT 6.0; rv:34.0) Gecko/20100101 Firefox/34.0"
37.228.240.114 - - [22/Dec/2018:06:39:15 -0500] "GET /extensions/paladin-csgo-extension.2/ HTTP/1.1" 200 12249 "-" "Mozilla/5.0 (Windows NT 6.0; rv:34.0) Gecko/20100101 Firefox/34.0"
188.166.79.172 - - [22/Dec/2018:06:39:15 -0500] "GET / HTTP/1.1" 301 - "https://www.paladin.rip/" "HetrixTools Uptime Monitoring Bot. https://hetrix.tools/uptime-monitoring-bot.html"
188.166.79.172 - - [22/Dec/2018:06:39:16 -0500] "GET / HTTP/1.1" 200 15850 "https://paladin-extensions.com/" "HetrixTools Uptime Monitoring Bot. https://hetrix.tools/uptime-monitoring-bot.html"
37.228.240.114 - - [22/Dec/2018:06:39:16 -0500] "GET /extensions/paladin-rust-extension.6/updates HTTP/1.1" 303 - "-" "Mozilla/5.0 (Windows NT 6.0; rv:34.0) Gecko/20100101 Firefox/34.0"
37.228.240.114 - - [22/Dec/2018:06:39:16 -0500] "GET /extensions/paladin-pubg-extension.3/ HTTP/1.1" 200 12226 "-" "Mozilla/5.0 (Windows NT 6.0; rv:34.0) Gecko/20100101 Firefox/34.0"
138.197.17.201 - - [22/Dec/2018:06:39:16 -0500] "GET / HTTP/1.1" 301 - "https://www.paladin.rip/" "HetrixTools Uptime Monitoring Bot. https://hetrix.tools/uptime-monitoring-bot.html"
23.239.7.4 - - [22/Dec/2018:06:39:16 -0500] "GET / HTTP/1.1" 301 - "https://www.paladin.rip/" "HetrixTools Uptime Monitoring Bot. https://hetrix.tools/uptime-monitoring-bot.html"
37.228.240.114 - - [22/Dec/2018:06:39:16 -0500] "GET /extensions/paladin-extension-manager.1/updates HTTP/1.1" 303 - "-" "Mozilla/5.0 (Windows NT 6.0; rv:34.0) Gecko/20100101 Firefox/34.0"
37.228.240.114 - - [22/Dec/2018:06:39:16 -0500] "GET /extensions/paladin-rust-extension.6/ HTTP/1.1" 200 12234 "-" "Mozilla/5.0 (Windows NT 6.0; rv:34.0) Gecko/20100101 Firefox/34.0"
37.228.240.114 - - [22/Dec/2018:06:39:16 -0500] "GET /extensions/categories/premium-extensions.1/ HTTP/1.1" 200 13077 "-" "Mozilla/5.0 (Windows NT 6.0; rv:34.0) Gecko/20100101 Firefox/34.0"
23.239.7.4 - - [22/Dec/2018:06:39:16 -0500] "GET / HTTP/1.1" 200 15873 "https://paladin-extensions.com/" "HetrixTools Uptime Monitoring Bot. https://hetrix.tools/uptime-monitoring-bot.html"
138.197.17.201 - - [22/Dec/2018:06:39:17 -0500] "GET / HTTP/1.1" 200 15852 "https://paladin-extensions.com/" "HetrixTools Uptime Monitoring Bot. https://hetrix.tools/uptime-monitoring-bot.html"
37.228.240.114 - - [22/Dec/2018:06:39:17 -0500] "GET /extensions/paladin-extension-manager.1/ HTTP/1.1" 200 12470 "-" "Mozilla/5.0 (Windows NT 6.0; rv:34.0) Gecko/20100101 Firefox/34.0"
37.228.240.114 - - [22/Dec/2018:06:39:19 -0500] "GET /register/connected-accounts/steam/?setup=1 HTTP/1.1" 303 - "-" "Mozilla/5.0 (Windows NT 6.0; rv:34.0) Gecko/20100101 Firefox/34.0"
37.228.240.114 - - [22/Dec/2018:06:39:19 -0500] "GET /search/member?user_id=2&content=thread HTTP/1.1" 200 9306 "-" "Mozilla/5.0 (Windows NT 6.0; rv:34.0) Gecko/20100101 Firefox/34.0"
37.228.240.114 - - [22/Dec/2018:06:39:19 -0500] "GET /reactions/list/post/136 HTTP/1.1" 403 10171 "-" "Mozilla/5.0 (Windows NT 6.0; rv:34.0) Gecko/20100101 Firefox/34.0"
37.228.240.114 - - [22/Dec/2018:06:39:19 -0500] "GET /members/skel.2/trophies HTTP/1.1" 200 10458 "-" "Mozilla/5.0 (Windows NT 6.0; rv:34.0) Gecko/20100101 Firefox/34.0"
37.228.240.114 - - [22/Dec/2018:06:39:20 -0500] "GET /extensions/paladin-rsix-extension.4/ HTTP/1.1" 200 12226 "-" "Mozilla/5.0 (Windows NT 6.0; rv:34.0) Gecko/20100101 Firefox/34.0"
37.228.240.114 - - [22/Dec/2018:06:39:20 -0500] "GET /register/connected-accounts/discord/?setup=1 HTTP/1.1" 303 - "-" "Mozilla/5.0 (Windows NT 6.0; rv:34.0) Gecko/20100101 Firefox/34.0"
37.228.240.114 - - [22/Dec/2018:06:39:20 -0500] "GET /members/skel.2/reactions?type=given&reaction_id=17 HTTP/1.1" 200 9684 "-" "Mozilla/5.0 (Windows NT 6.0; rv:34.0) Gecko/20100101 Firefox/34.0"
37.228.240.114 - - [22/Dec/2018:06:39:21 -0500] "GET /members/skel.2/reactions?type=given&reaction_id=16 HTTP/1.1" 200 9677 "-" "Mozilla/5.0 (Windows NT 6.0; rv:34.0) Gecko/20100101 Firefox/34.0"
37.228.240.114 - - [22/Dec/2018:06:39:23 -0500] "GET /members/skel.2/reactions?type=received&reaction_id=21 HTTP/1.1" 200 9677 "-" "Mozilla/5.0 (Windows NT 6.0; rv:34.0) Gecko/20100101 Firefox/34.0"
37.228.240.114 - - [22/Dec/2018:06:39:23 -0500] "GET /members/skel.2/reactions?type=given&reaction_id=8 HTTP/1.1" 200 9677 "-" "Mozilla/5.0 (Windows NT 6.0; rv:34.0) Gecko/20100101 Firefox/34.0"
37.228.240.114 - - [22/Dec/2018:06:39:24 -0500] "GET /members/skel.2/reactions?type=received&reaction_id=16 HTTP/1.1" 200 9688 "-" "Mozilla/5.0 (Windows NT 6.0; rv:34.0) Gecko/20100101 Firefox/34.0"
37.228.240.114 - - [22/Dec/2018:06:39:26 -0500] "GET /members/skel.2/reactions?type=given&reaction_id=21 HTTP/1.1" 200 9676 "-" "Mozilla/5.0 (Windows NT 6.0; rv:34.0) Gecko/20100101 Firefox/34.0"
37.228.240.114 - - [22/Dec/2018:06:39:33 -0500] "GET /members/skel.2/reactions?type=received&reaction_id=23 HTTP/1.1" 200 9687 "-" "Mozilla/5.0 (Windows NT 6.0; rv:34.0) Gecko/20100101 Firefox/34.0"
37.228.240.114 - - [22/Dec/2018:06:40:07 -0500] "GET /register/connected-accounts/steam/?setup=1\" HTTP/1.1" 303 - "-" "Mozilla/5.0 (Windows NT 6.0; rv:34.0) Gecko/20100101 Firefox/34.0"
37.228.240.114 - - [22/Dec/2018:06:40:07 -0500] "GET /threads/member-only-discord-server.57/mailto:?subject={title}'&body={url}\" HTTP/1.1" 404 9411 "-" "Mozilla/5.0 (Windows NT 6.0; rv:34.0) Gecko/20100101 Firefox/34.0"
51.15.61.222 - - [22/Dec/2018:06:40:09 -0500] "GET / HTTP/1.1" 301 - "https://www.paladin.rip/" "HetrixTools Uptime Monitoring Bot. https://hetrix.tools/uptime-monitoring-bot.html"
159.89.159.134 - - [22/Dec/2018:06:40:09 -0500] "GET / HTTP/1.1" 301 - "https://www.paladin.rip/" "HetrixTools Uptime Monitoring Bot. https://hetrix.tools/uptime-monitoring-bot.html"
51.15.61.222 - - [22/Dec/2018:06:40:09 -0500] "GET / HTTP/1.1" 200 15847 "https://paladin-extensions.com/" "HetrixTools Uptime Monitoring Bot. https://hetrix.tools/uptime-monitoring-bot.html"
159.89.159.134 - - [22/Dec/2018:06:40:10 -0500] "GET / HTTP/1.1" 200 15851 "https://paladin-extensions.com/" "HetrixTools Uptime Monitoring Bot. https://hetrix.tools/uptime-monitoring-bot.html"
37.228.240.114 - - [22/Dec/2018:06:40:16 -0500] "GET /threads/question-about-paladin.46/post-103\" HTTP/1.1" 404 9411 "-" "Mozilla/5.0 (Windows NT 6.0; rv:34.0) Gecko/20100101 Firefox/34.0"
96.126.106.201 - - [22/Dec/2018:06:40:23 -0500] "GET / HTTP/1.1" 301 - "https://www.paladin.rip/" "HetrixTools Uptime Monitoring Bot. https://hetrix.tools/uptime-monitoring-bot.html"
96.126.106.201 - - [22/Dec/2018:06:40:24 -0500] "GET / HTTP/1.1" 200 15850 "https://paladin-extensions.com/" "HetrixTools Uptime Monitoring Bot. https://hetrix.tools/uptime-monitoring-bot.html"
37.228.240.114 - - [22/Dec/2018:06:40:28 -0500] "GET /extensions/paladin-pubg-extension.3/mailto:?subject={title}'&body={url}\" HTTP/1.1" 404 9422 "-" "Mozilla/5.0 (Windows NT 6.0; rv:34.0) Gecko/20100101 Firefox/34.0"
37.228.240.114 - - [22/Dec/2018:06:40:28 -0500] "GET /extensions/paladin-rsix-extension.4/mailto:?subject={title}'&body={url}\" HTTP/1.1" 404 9421 "-" "Mozilla/5.0 (Windows NT 6.0; rv:34.0) Gecko/20100101 Firefox/34.0"
37.228.240.114 - - [22/Dec/2018:06:40:31 -0500] "GET /extensions/paladin-rsix-extension.4/mailto:?body={url}'&subject={title}\" HTTP/1.1" 404 9422 "-" "Mozilla/5.0 (Windows NT 6.0; rv:34.0) Gecko/20100101 Firefox/34.0"
37.228.240.114 - - [22/Dec/2018:06:40:31 -0500] "GET /extensions/categories/premium-extensions.1/?prefix_id=3\" HTTP/1.1" 200 12305 "-" "Mozilla/5.0 (Windows NT 6.0; rv:34.0) Gecko/20100101 Firefox/34.0"
37.228.240.114 - - [22/Dec/2018:06:40:32 -0500] "GET /extensions/paladin-rsix-extension.4/mailto:?body={url}&subject={title} HTTP/1.1" 404 9421 "-" "Mozilla/5.0 (Windows NT 6.0; rv:34.0) Gecko/20100101 Firefox/34.0"
37.228.240.114 - - [22/Dec/2018:06:40:32 -0500] "GET /extensions/paladin-pubg-extension.3/mailto:?subject={title}&body={url} HTTP/1.1" 404 9402 "-" "Mozilla/5.0 (Windows NT 6.0; rv:34.0) Gecko/20100101 Firefox/34.0"
37.228.240.114 - - [22/Dec/2018:06:40:33 -0500] "GET /extensions/paladin-rsix-extension.4/mailto:?body={url}&subject={title}2121121121212.1 HTTP/1.1" 404 9422 "-" "Mozilla/5.0 (Windows NT 6.0; rv:34.0) Gecko/20100101 Firefox/34.0"
37.228.240.114 - - [22/Dec/2018:06:40:38 -0500] "GET /register/connected-accounts/steam/?setup=1 HTTP/1.1" 303 - "-" "Mozilla/5.0 (Windows NT 6.0; rv:34.0) Gecko/20100101 Firefox/34.0"
37.228.240.114 - - [22/Dec/2018:06:40:42 -0500] "GET /extensions/paladin-pubg-extension.3/mailto:?subject={title}&body={url}2121121121212.1 HTTP/1.1" 404 9428 "-" "Mozilla/5.0 (Windows NT 6.0; rv:34.0) Gecko/20100101 Firefox/34.0"
37.228.240.114 - - [22/Dec/2018:06:40:47 -0500] "GET /threads/question-about-paladin.46/post-1032121121121212.1 HTTP/1.1" 404 9412 "-" "Mozilla/5.0 (Windows NT 6.0; rv:34.0) Gecko/20100101 Firefox/34.0"
37.228.240.114 - - [22/Dec/2018:06:40:48 -0500] "GET /threads/question-about-paladin.46/post-103999999.1%20union%20select%20unhex(hex(version()))%20--%20and%201%3D1 HTTP/1.1" 404 9411 "-" "Mozilla/5.0 (Windows NT 6.0; rv:34.0) Gecko/20100101 Firefox/34.0"
37.228.240.114 - - [22/Dec/2018:06:40:49 -0500] "GET /register/connected-accounts/steam/?setup=12121121121212.1 HTTP/1.1" 303 - "-" "Mozilla/5.0 (Windows NT 6.0; rv:34.0) Gecko/20100101 Firefox/34.0"
37.228.240.114 - - [22/Dec/2018:06:40:49 -0500] "GET /threads/question-about-paladin.46/post-10399999%27%20union%20select%20unhex(hex(version()))%20--%20%27x%27=%27x HTTP/1.1" 404 9415 "-" "Mozilla/5.0 (Windows NT 6.0; rv:34.0) Gecko/20100101 Firefox/34.0"
37.228.240.114 - - [22/Dec/2018:06:40:50 -0500] "GET /threads/question-about-paladin.46/post-10399999%22%20union%20select%20unhex(hex(version()))%20--%20%22x%22=%22x HTTP/1.1" 404 9412 "-" "Mozilla/5.0 (Windows NT 6.0; rv:34.0) Gecko/20100101 Firefox/34.0"
37.228.240.114 - - [22/Dec/2018:06:40:51 -0500] "GET /extensions/paladin-rsix-extension.4/mailto:?subject={title}&body={url}2121121121212.1 HTTP/1.1" 404 9423 "-" "Mozilla/5.0 (Windows NT 6.0; rv:34.0) Gecko/20100101 Firefox/34.0"
37.228.240.114 - - [22/Dec/2018:06:40:51 -0500] "GET /threads/member-only-discord-server.57/mailto:?subject=%7Btitle%7D&body=%7Burl%7D HTTP/1.1" 404 9417 "-" "Mozilla/5.0 (Windows NT 6.0; rv:34.0) Gecko/20100101 Firefox/34.0"
37.228.240.114 - - [22/Dec/2018:06:40:51 -0500] "GET /threads/member-only-discord-server.57/mailto:?subject=%7Btitle%7D&body=%7Burl%7D%27%20AnD%20sLeep%283%29%20ANd%20%271 HTTP/1.1" 403 11 "-" "Mozilla/5.0 (Windows NT 6.0; rv:34.0) Gecko/20100101 Firefox/34.0"
37.228.240.114 - - [22/Dec/2018:06:40:51 -0500] "GET /extensions/paladin-rsix-extension.4/mailto:?subject=%7Btitle%7D&body=%7Burl%7D HTTP/1.1" 404 9421 "-" "Mozilla/5.0 (Windows NT 6.0; rv:34.0) Gecko/20100101 Firefox/34.0"
37.228.240.114 - - [22/Dec/2018:06:40:52 -0500] "GET /threads/member-only-discord-server.57/mailto:?subject=%7Btitle%7D&body=%7Burl%7D%27%26%26sLEEp%283%29%26%26%271 HTTP/1.1" 403 11 "-" "Mozilla/5.0 (Windows NT 6.0; rv:34.0) Gecko/20100101 Firefox/34.0"
37.228.240.114 - - [22/Dec/2018:06:40:53 -0500] "GET /extensions/paladin-rsix-extension.4/mailto:?subject=%7Btitle%7D&body=%7Burl%7D%27%20AnD%20sLeep%283%29%20ANd%20%271 HTTP/1.1" 403 11 "-" "Mozilla/5.0 (Windows NT 6.0; rv:34.0) Gecko/20100101 Firefox/34.0"
37.228.240.114 - - [22/Dec/2018:06:40:52 -0500] "GET /extensions/paladin-pubg-extension.3/mailto:?subject={title}&body={url}%20and%201%3D1 HTTP/1.1" 404 9422 "-" "Mozilla/5.0 (Windows NT 6.0; rv:34.0) Gecko/20100101 Firefox/34.0"
37.228.240.114 - - [22/Dec/2018:06:40:53 -0500] "GET /extensions/paladin-rsix-extension.4/mailto:?subject=%7Btitle%7D&body=%7Burl%7D%27%26%26sLEEp%283%29%26%26%271 HTTP/1.1" 403 11 "-" "Mozilla/5.0 (Windows NT 6.0; rv:34.0) Gecko/20100101 Firefox/34.0"
37.228.240.114 - - [22/Dec/2018:06:40:55 -0500] "GET /extensions/paladin-rsix-extension.4/mailto:?body={url}&subject={title}%20and%201%3E1 HTTP/1.1" 404 9401 "-" "Mozilla/5.0 (Windows NT 6.0; rv:34.0) Gecko/20100101 Firefox/34.0"
37.228.240.114 - - [22/Dec/2018:06:40:56 -0500] "GET /threads/member-only-discord-server.57/mailto:?subject=%7Btitle%7D&body=%7Burl%7D%00%27%7C%7CSLeeP%283%29%26%26%271 HTTP/1.1" 403 11 "-" "Mozilla/5.0 (Windows NT 6.0; rv:34.0) Gecko/20100101 Firefox/34.0"
37.228.240.114 - - [22/Dec/2018:06:40:59 -0500] "GET /extensions/paladin-rsix-extension.4/mailto:?body={url}&subject={title}%27%20and%20%27x%27%3D%27x HTTP/1.1" 404 9423 "-" "Mozilla/5.0 (Windows NT 6.0; rv:34.0) Gecko/20100101 Firefox/34.0"
37.228.240.114 - - [22/Dec/2018:06:41:00 -0500] "GET /threads/member-only-discord-server.57/mailto:?subject=%7Btitle%7D&body=%7Burl%7D%27%20aND%20BeNChMaRK%282999999%2CMd5%28NoW%28%29%29%29%20AnD%20%271 HTTP/1.1" 403 11 "-" "Mozilla/5.0 (Windows NT 6.0; rv:34.0) Gecko/20100101 Firefox/34.0"
37.228.240.114 - - [22/Dec/2018:06:41:00 -0500] "GET /register/connected-accounts/steam/?setup=1%20and%201%3D1 HTTP/1.1" 303 - "-" "Mozilla/5.0 (Windows NT 6.0; rv:34.0) Gecko/20100101 Firefox/34.0"
37.228.240.114 - - [22/Dec/2018:06:41:00 -0500] "GET /threads/question-about-paladin.46/post-103%20or%20(1,2)=(select*from(select%20name_const(CHAR(82,118,110,122,112,77,84,80,109,77,66),1),name_const(CHAR(82,118,110,122,112,77,84,80,109,77,66),1))a)%20--%20and%201%3D1 HTTP/1.1" 404 9417 "-" "Mozilla/5.0 (Windows NT 6.0; rv:34.0) Gecko/20100101 Firefox/34.0"
37.228.240.114 - - [22/Dec/2018:06:41:00 -0500] "GET /extensions/paladin-rsix-extension.4/mailto:?body={url}&subject={title}%27%20and%20%27x%27%3D%27y HTTP/1.1" 404 9428 "-" "Mozilla/5.0 (Windows NT 6.0; rv:34.0) Gecko/20100101 Firefox/34.0"
37.228.240.114 - - [22/Dec/2018:06:41:02 -0500] "GET /extensions/paladin-rsix-extension.4/mailto:?body={url}&subject={title}\"%20and%20\"x\"%3D\"x HTTP/1.1" 404 9425 "-" "Mozilla/5.0 (Windows NT 6.0; rv:34.0) Gecko/20100101 Firefox/34.0"
37.228.240.114 - - [22/Dec/2018:06:41:03 -0500] "GET /extensions/paladin-rsix-extension.4/mailto:?body={url}&subject={title}%22%20and%20%22x%22%3D%22y HTTP/1.1" 404 9424 "-" "Mozilla/5.0 (Windows NT 6.0; rv:34.0) Gecko/20100101 Firefox/34.0"
138.197.17.201 - - [22/Dec/2018:06:41:03 -0500] "GET / HTTP/1.1" 301 - "https://www.paladin.rip/" "HetrixTools Uptime Monitoring Bot. https://hetrix.tools/uptime-monitoring-bot.html"
37.228.240.114 - - [22/Dec/2018:06:41:03 -0500] "GET /extensions/categories/premium-extensions.1/?prefix_id=32121121121212.1 HTTP/1.1" 200 11595 "-" "Mozilla/5.0 (Windows NT 6.0; rv:34.0) Gecko/20100101 Firefox/34.0"
37.228.240.114 - - [22/Dec/2018:06:41:03 -0500] "GET /extensions/paladin-pubg-extension.3/mailto:?subject={title}&body={url}%20and%201%3E1 HTTP/1.1" 404 9418 "-" "Mozilla/5.0 (Windows NT 6.0; rv:34.0) Gecko/20100101 Firefox/34.0"
37.228.240.114 - - [22/Dec/2018:06:41:03 -0500] "GET /extensions/paladin-rsix-extension.4/mailto:?subject=%7Btitle%7D&body=%7Burl%7D%00%27%7C%7CSLeeP%283%29%26%26%271 HTTP/1.1" 403 11 "-" "Mozilla/5.0 (Windows NT 6.0; rv:34.0) Gecko/20100101 Firefox/34.0"
138.197.17.201 - - [22/Dec/2018:06:41:04 -0500] "GET / HTTP/1.1" 200 15872 "https://paladin-extensions.com/" "HetrixTools Uptime Monitoring Bot. https://hetrix.tools/uptime-monitoring-bot.html"
37.228.240.114 - - [22/Dec/2018:06:41:04 -0500] "GET /extensions/paladin-rsix-extension.4/mailto:?body=%7Burl%7D&subject=%7Btitle%7D HTTP/1.1" 404 9421 "-" "Mozilla/5.0 (Windows NT 6.0; rv:34.0) Gecko/20100101 Firefox/34.0"
37.228.240.114 - - [22/Dec/2018:06:41:04 -0500] "GET /extensions/categories/premium-extensions.1/?prefix_id=3 HTTP/1.1" 200 12305 "-" "Mozilla/5.0 (Windows NT 6.0; rv:34.0) Gecko/20100101 Firefox/34.0"
37.228.240.114 - - [22/Dec/2018:06:41:04 -0500] "GET /threads/member-only-discord-server.57/mailto:?subject=%7Btitle%7D&body=%7Burl%7D%27%26%26BeNChMaRK%282999999%2CmD5%28NOW%28%29%29%29%26%26%271 HTTP/1.1" 403 11 "-" "Mozilla/5.0 (Windows NT 6.0; rv:34.0) Gecko/20100101 Firefox/34.0"
37.228.240.114 - - [22/Dec/2018:06:41:04 -0500] "GET /extensions/paladin-pubg-extension.3/mailto:?subject={title}&body={url}%27%20and%20%27x%27%3D%27x HTTP/1.1" 404 9425 "-" "Mozilla/5.0 (Windows NT 6.0; rv:34.0) Gecko/20100101 Firefox/34.0"
37.228.240.114 - - [22/Dec/2018:06:41:04 -0500] "GET /extensions/paladin-rsix-extension.4/mailto:?subject=%7Btitle%7D&body=%7Burl%7D%27%20aND%20BeNChMaRK%282999999%2CMd5%28NoW%28%29%29%29%20AnD%20%271 HTTP/1.1" 403 11 "-" "Mozilla/5.0 (Windows NT 6.0; rv:34.0) Gecko/20100101 Firefox/34.0"
37.228.240.114 - - [22/Dec/2018:06:41:04 -0500] "GET /threads/question-about-paladin.46/post-103%27%20or%20(1,2)=(select*from(select%20name_const(CHAR(82,118,110,122,112,77,84,80,109,77,66),1),name_const(CHAR(82,118,110,122,112,77,84,80,109,77,66),1))a)%20--%20%27x%27=%27x HTTP/1.1" 404 9410 "-" "Mozilla/5.0 (Windows NT 6.0; rv:34.0) Gecko/20100101 Firefox/34.0"
37.228.240.114 - - [22/Dec/2018:06:41:05 -0500] "GET /threads/question-about-paladin.46/post-103%22%20or%20(1,2)=(select*from(select%20name_const(CHAR(82,118,110,122,112,77,84,80,109,77,66),1),name_const(CHAR(82,118,110,122,112,77,84,80,109,77,66),1))a)%20--%20%22x%22=%22x HTTP/1.1" 404 9413 "-" "Mozilla/5.0 (Windows NT 6.0; rv:34.0) Gecko/20100101 Firefox/34.0"
37.228.240.114 - - [22/Dec/2018:06:41:05 -0500] "GET /register/connected-accounts/steam/?setup=1%20and%201%3E1 HTTP/1.1" 303 - "-" "Mozilla/5.0 (Windows NT 6.0; rv:34.0) Gecko/20100101 Firefox/34.0"
37.228.240.114 - - [22/Dec/2018:06:41:07 -0500] "GET /register/connected-accounts/steam/?setup=1%27%20and%20%27x%27%3D%27x HTTP/1.1" 303 - "-" "Mozilla/5.0 (Windows NT 6.0; rv:34.0) Gecko/20100101 Firefox/34.0"
37.228.240.114 - - [22/Dec/2018:06:41:08 -0500] "GET /extensions/paladin-rsix-extension.4/mailto:?body=%7Burl%7D&subject=%7Btitle%7D%27%20AnD%20sLeep%283%29%20ANd%20%271 HTTP/1.1" 403 11 "-" "Mozilla/5.0 (Windows NT 6.0; rv:34.0) Gecko/20100101 Firefox/34.0"
37.228.240.114 - - [22/Dec/2018:06:41:08 -0500] "GET /extensions/categories/premium-extensions.1/?prefix_id=3%20AnD%20SLeeP%283%29 HTTP/1.1" 403 11 "-" "Mozilla/5.0 (Windows NT 6.0; rv:34.0) Gecko/20100101 Firefox/34.0"
149.28.212.239 - - [22/Dec/2018:06:41:08 -0500] "GET / HTTP/1.1" 301 - "https://www.paladin.rip/" "HetrixTools Uptime Monitoring Bot. https://hetrix.tools/uptime-monitoring-bot.html"
149.28.212.239 - - [22/Dec/2018:06:41:08 -0500] "GET / HTTP/1.1" 200 15872 "https://paladin-extensions.com/" "HetrixTools Uptime Monitoring Bot. https://hetrix.tools/uptime-monitoring-bot.html"
37.228.240.114 - - [22/Dec/2018:06:41:09 -0500] "GET /extensions/paladin-rsix-extension.4/mailto:?body=%7Burl%7D&subject=%7Btitle%7D%27%26%26sLEEp%283%29%26%26%271 HTTP/1.1" 403 11 "-" "Mozilla/5.0 (Windows NT 6.0; rv:34.0) Gecko/20100101 Firefox/34.0"
37.228.240.114 - - [22/Dec/2018:06:41:09 -0500] "GET /extensions/paladin-rsix-extension.4/mailto:?body=%7Burl%7D&subject=%7Btitle%7D%00%27%7C%7CSLeeP%283%29%26%26%271 HTTP/1.1" 403 11 "-" "Mozilla/5.0 (Windows NT 6.0; rv:34.0) Gecko/20100101 Firefox/34.0"
51.15.61.222 - - [22/Dec/2018:06:41:11 -0500] "GET / HTTP/1.1" 301 - "https://www.paladin.rip/" "HetrixTools Uptime Monitoring Bot. https://hetrix.tools/uptime-monitoring-bot.html"
51.15.61.222 - - [22/Dec/2018:06:41:12 -0500] "GET / HTTP/1.1" 200 15852 "https://paladin-extensions.com/" "HetrixTools Uptime Monitoring Bot. https://hetrix.tools/uptime-monitoring-bot.html"
37.228.240.114 - - [22/Dec/2018:06:41:18 -0500] "GET /extensions/categories/premium-extensions.1/?prefix_id=3%26%26SlEEp%283%29 HTTP/1.1" 403 11 "-" "Mozilla/5.0 (Windows NT 6.0; rv:34.0) Gecko/20100101 Firefox/34.0"
37.228.240.114 - - [22/Dec/2018:06:41:18 -0500] "GET /extensions/categories/premium-extensions.1/?prefix_id=3%27%20AnD%20sLeep%283%29%20ANd%20%271 HTTP/1.1" 403 11 "-" "Mozilla/5.0 (Windows NT 6.0; rv:34.0) Gecko/20100101 Firefox/34.0"
37.228.240.114 - - [22/Dec/2018:06:41:19 -0500] "GET /extensions/categories/premium-extensions.1/?prefix_id=3%27%26%26sLEEp%283%29%26%26%271 HTTP/1.1" 403 11 "-" "Mozilla/5.0 (Windows NT 6.0; rv:34.0) Gecko/20100101 Firefox/34.0"
37.228.240.114 - - [22/Dec/2018:06:41:19 -0500] "GET /extensions/paladin-rsix-extension.4/mailto:?body=%7Burl%7D&subject=%7Btitle%7D%27%20aND%20BeNChMaRK%282999999%2CMd5%28NoW%28%29%29%29%20AnD%20%271 HTTP/1.1" 403 11 "-" "Mozilla/5.0 (Windows NT 6.0; rv:34.0) Gecko/20100101 Firefox/34.0"
37.228.240.114 - - [22/Dec/2018:06:41:20 -0500] "GET /extensions/categories/premium-extensions.1/?prefix_id=3%00%27%7C%7CSLeeP%283%29%26%26%271 HTTP/1.1" 403 11 "-" "Mozilla/5.0 (Windows NT 6.0; rv:34.0) Gecko/20100101 Firefox/34.0"
37.228.240.114 - - [22/Dec/2018:06:41:20 -0500] "GET /extensions/paladin-rsix-extension.4/mailto:?body=%7Burl%7D&subject=%7Btitle%7D%27%26%26BeNChMaRK%282999999%2CmD5%28NOW%28%29%29%29%26%26%271 HTTP/1.1" 403 11 "-" "Mozilla/5.0 (Windows NT 6.0; rv:34.0) Gecko/20100101 Firefox/34.0"
37.228.240.114 - - [22/Dec/2018:06:41:20 -0500] "GET /threads/member-only-discord-server.57/mailto:?subject={title}&body={url}99999%27%20union%20select%20unhex(hex(version()))%20--%20%27x%27=%27x HTTP/1.1" 404 9412 "-" "Mozilla/5.0 (Windows NT 6.0; rv:34.0) Gecko/20100101 Firefox/34.0"
37.228.240.114 - - [22/Dec/2018:06:41:20 -0500] "GET /extensions/paladin-rsix-extension.4/mailto:?subject={title}&body={url}1111111111111%20UNION%20SELECT%20CHAR(45,120,49,45,81,45)%20--%20%20/* HTTP/1.1" 404 9421 "-" "Mozilla/5.0 (Windows NT 6.0; rv:34.0) Gecko/20100101 Firefox/34.0"
37.228.240.114 - - [22/Dec/2018:06:41:21 -0500] "GET /extensions/categories/premium-extensions.1/?prefix_id=3%20AnD%20BeNChMaRK%282999999%2CMD5%28NOW%28%29%29%29 HTTP/1.1" 403 11 "-" "Mozilla/5.0 (Windows NT 6.0; rv:34.0) Gecko/20100101 Firefox/34.0"
37.228.240.114 - - [22/Dec/2018:06:41:21 -0500] "GET /extensions/paladin-rsix-extension.4/mailto:?body={url}&subject={title}999999.1%20union%20select%20unhex(hex(version()))%20--%20and%201%3D1 HTTP/1.1" 403 11 "-" "Mozilla/5.0 (Windows NT 6.0; rv:34.0) Gecko/20100101 Firefox/34.0"
37.228.240.114 - - [22/Dec/2018:06:41:22 -0500] "GET /extensions/paladin-rsix-extension.4/mailto:?body={url}&subject={title}99999%27%20union%20select%20unhex(hex(version()))%20--%20%27x%27=%27x HTTP/1.1" 403 11 "-" "Mozilla/5.0 (Windows NT 6.0; rv:34.0) Gecko/20100101 Firefox/34.0"
37.228.240.114 - - [22/Dec/2018:06:41:22 -0500] "GET /extensions/categories/premium-extensions.1/?prefix_id=3%26%26BeNChMaRK%282999999%2CMD5%28NOW%28%29%29%29 HTTP/1.1" 403 11 "-" "Mozilla/5.0 (Windows NT 6.0; rv:34.0) Gecko/20100101 Firefox/34.0"
37.228.240.114 - - [22/Dec/2018:06:41:22 -0500] "GET /extensions/categories/premium-extensions.1/?prefix_id=3%27%20aND%20BeNChMaRK%282999999%2CMd5%28NoW%28%29%29%29%20AnD%20%271 HTTP/1.1" 403 11 "-" "Mozilla/5.0 (Windows NT 6.0; rv:34.0) Gecko/20100101 Firefox/34.0"
37.228.240.114 - - [22/Dec/2018:06:41:22 -0500] "GET /extensions/paladin-rsix-extension.4/mailto:?body={url}&subject={title}99999%22%20union%20select%20unhex(hex(version()))%20--%20%22x%22=%22x HTTP/1.1" 403 11 "-" "Mozilla/5.0 (Windows NT 6.0; rv:34.0) Gecko/20100101 Firefox/34.0"
37.228.240.114 - - [22/Dec/2018:06:41:23 -0500] "GET /extensions/categories/premium-extensions.1/?prefix_id=3%27%26%26BeNChMaRK%282999999%2CmD5%28NOW%28%29%29%29%26%26%271 HTTP/1.1" 403 11 "-" "Mozilla/5.0 (Windows NT 6.0; rv:34.0) Gecko/20100101 Firefox/34.0"
37.228.240.114 - - [22/Dec/2018:06:41:23 -0500] "GET /extensions/paladin-rsix-extension.4/mailto:?body={url}&subject={title}%20or%20(1,2)=(select*from(select%20name_const(CHAR(114,66,97,68,83,84,76,72,116,99,79),1),name_const(CHAR(114,66,97,68,83,84,76,72,116,99,79),1))a)%20--%20and%201%3D1 HTTP/1.1" 404 9402 "-" "Mozilla/5.0 (Windows NT 6.0; rv:34.0) Gecko/20100101 Firefox/34.0"
95.179.139.97 - - [22/Dec/2018:06:42:09 -0500] "GET / HTTP/1.1" 301 - "https://www.paladin.rip/" "HetrixTools Uptime Monitoring Bot. https://hetrix.tools/uptime-monitoring-bot.html"
149.28.212.239 - - [22/Dec/2018:06:42:10 -0500] "GET / HTTP/1.1" 301 - "https://www.paladin.rip/" "HetrixTools Uptime Monitoring Bot. https://hetrix.tools/uptime-monitoring-bot.html"
95.179.139.97 - - [22/Dec/2018:06:42:10 -0500] "GET / HTTP/1.1" 200 15849 "https://paladin-extensions.com/" "HetrixTools Uptime Monitoring Bot. https://hetrix.tools/uptime-monitoring-bot.html"
149.28.212.239 - - [22/Dec/2018:06:42:10 -0500] "GET / HTTP/1.1" 200 15845 "https://paladin-extensions.com/" "HetrixTools Uptime Monitoring Bot. https://hetrix.tools/uptime-monitoring-bot.html"
96.126.106.201 - - [22/Dec/2018:06:42:15 -0500] "GET / HTTP/1.1" 301 - "https://www.paladin.rip/" "HetrixTools Uptime Monitoring Bot. https://hetrix.tools/uptime-monitoring-bot.html"
96.126.106.201 - - [22/Dec/2018:06:42:15 -0500] "GET / HTTP/1.1" 200 15852 "https://paladin-extensions.com/" "HetrixTools Uptime Monitoring Bot. https://hetrix.tools/uptime-monitoring-bot.html"
188.166.79.172 - - [22/Dec/2018:06:43:04 -0500] "GET / HTTP/1.1" 301 - "https://www.paladin.rip/" "HetrixTools Uptime Monitoring Bot. https://hetrix.tools/uptime-monitoring-bot.html"
188.166.79.172 - - [22/Dec/2018:06:43:05 -0500] "GET / HTTP/1.1" 200 15850 "https://paladin-extensions.com/" "HetrixTools Uptime Monitoring Bot. https://hetrix.tools/uptime-monitoring-bot.html"
23.239.7.4 - - [22/Dec/2018:06:43:17 -0500] "GET / HTTP/1.1" 301 - "https://www.paladin.rip/" "HetrixTools Uptime Monitoring Bot. https://hetrix.tools/uptime-monitoring-bot.html"
23.239.7.4 - - [22/Dec/2018:06:43:17 -0500] "GET / HTTP/1.1" 200 15850 "https://paladin-extensions.com/" "HetrixTools Uptime Monitoring Bot. https://hetrix.tools/uptime-monitoring-bot.html"
52.207.41.187 - - [22/Dec/2018:06:43:20 -0500] "GET / HTTP/1.1" 301 - "https://www.paladin.rip/" "HetrixTools Uptime Monitoring Bot. https://hetrix.tools/uptime-monitoring-bot.html"
52.207.41.187 - - [22/Dec/2018:06:43:21 -0500] "GET / HTTP/1.1" 200 15847 "https://paladin-extensions.com/" "HetrixTools Uptime Monitoring Bot. https://hetrix.tools/uptime-monitoring-bot.html"
51.15.61.222 - - [22/Dec/2018:06:44:05 -0500] "GET / HTTP/1.1" 301 - "https://www.paladin.rip/" "HetrixTools Uptime Monitoring Bot. https://hetrix.tools/uptime-monitoring-bot.html"
51.15.61.222 - - [22/Dec/2018:06:44:05 -0500] "GET / HTTP/1.1" 200 15847 "https://paladin-extensions.com/" "HetrixTools Uptime Monitoring Bot. https://hetrix.tools/uptime-monitoring-bot.html"
149.28.212.239 - - [22/Dec/2018:06:44:15 -0500] "GET / HTTP/1.1" 301 - "https://www.paladin.rip/" "HetrixTools Uptime Monitoring Bot. https://hetrix.tools/uptime-monitoring-bot.html"
149.28.212.239 - - [22/Dec/2018:06:44:16 -0500] "GET / HTTP/1.1" 200 15863 "https://paladin-extensions.com/" "HetrixTools Uptime Monitoring Bot. https://hetrix.tools/uptime-monitoring-bot.html"
138.197.17.201 - - [22/Dec/2018:06:44:19 -0500] "GET / HTTP/1.1" 301 - "https://www.paladin.rip/" "HetrixTools Uptime Monitoring Bot. https://hetrix.tools/uptime-monitoring-bot.html"
138.197.17.201 - - [22/Dec/2018:06:44:20 -0500] "GET / HTTP/1.1" 200 15848 "https://paladin-extensions.com/" "HetrixTools Uptime Monitoring Bot. https://hetrix.tools/uptime-monitoring-bot.html"
96.126.106.201 - - [22/Dec/2018:06:45:06 -0500] "GET / HTTP/1.1" 301 - "https://www.paladin.rip/" "HetrixTools Uptime Monitoring Bot. https://hetrix.tools/uptime-monitoring-bot.html"
96.126.106.201 - - [22/Dec/2018:06:45:06 -0500] "GET / HTTP/1.1" 200 15850 "https://paladin-extensions.com/" "HetrixTools Uptime Monitoring Bot. https://hetrix.tools/uptime-monitoring-bot.html"
159.89.159.134 - - [22/Dec/2018:06:45:15 -0500] "GET / HTTP/1.1" 301 - "https://www.paladin.rip/" "HetrixTools Uptime Monitoring Bot. https://hetrix.tools/uptime-monitoring-bot.html"
159.89.159.134 - - [22/Dec/2018:06:45:16 -0500] "GET / HTTP/1.1" 200 15849 "https://paladin-extensions.com/" "HetrixTools Uptime Monitoring Bot. https://hetrix.tools/uptime-monitoring-bot.html"
51.15.61.222 - - [22/Dec/2018:06:45:17 -0500] "GET / HTTP/1.1" 301 - "https://www.paladin.rip/" "HetrixTools Uptime Monitoring Bot. https://hetrix.tools/uptime-monitoring-bot.html"
51.15.61.222 - - [22/Dec/2018:06:45:18 -0500] "GET / HTTP/1.1" 200 15849 "https://paladin-extensions.com/" "HetrixTools Uptime Monitoring Bot. https://hetrix.tools/uptime-monitoring-bot.html"
37.228.240.114 - - [22/Dec/2018:06:45:33 -0500] "GET /register/connected-accounts/steam/?setup=11111111111111%20UNION%20SELECT%20CHAR(45,120,49,45,81,45),CHAR(45,120,50,45,81,45),CHAR(45,120,51,45,81,45),CHAR(45,120,52,45,81,45),CHAR(45,120,53,45,81,45),CHAR(45,120,54,45,81,45),CHAR(45,120,55,45,81,45),CHAR(45,120,56,45,81,45),CHAR(45,120,57,45,81,45),CHAR(45,120,49,48,45,81,45),CHAR(45,120,49,49,45,81,45),CHAR(45,120,49,50,45,81,45)%20--%20%20/* HTTP/1.1" 403 11 "-" "Mozilla/5.0 (Windows NT 6.0; rv:34.0) Gecko/20100101 Firefox/34.0"
96.126.106.201 - - [22/Dec/2018:06:46:05 -0500] "GET / HTTP/1.1" 301 - "https://www.paladin.rip/" "HetrixTools Uptime Monitoring Bot. https://hetrix.tools/uptime-monitoring-bot.html"
96.126.106.201 - - [22/Dec/2018:06:46:05 -0500] "GET / HTTP/1.1" 200 15850 "https://paladin-extensions.com/" "HetrixTools Uptime Monitoring Bot. https://hetrix.tools/uptime-monitoring-bot.html"
159.89.159.134 - - [22/Dec/2018:06:46:09 -0500] "GET / HTTP/1.1" 301 - "https://www.paladin.rip/" "HetrixTools Uptime Monitoring Bot. https://hetrix.tools/uptime-monitoring-bot.html"
159.89.159.134 - - [22/Dec/2018:06:46:09 -0500] "GET / HTTP/1.1" 200 15848 "https://paladin-extensions.com/" "HetrixTools Uptime Monitoring Bot. https://hetrix.tools/uptime-monitoring-bot.html"
51.15.61.222 - - [22/Dec/2018:06:46:15 -0500] "GET / HTTP/1.1" 301 - "https://www.paladin.rip/" "HetrixTools Uptime Monitoring Bot. https://hetrix.tools/uptime-monitoring-bot.html"
51.15.61.222 - - [22/Dec/2018:06:46:15 -0500] "GET / HTTP/1.1" 200 15868 "https://paladin-extensions.com/" "HetrixTools Uptime Monitoring Bot. https://hetrix.tools/uptime-monitoring-bot.html"
95.179.139.97 - - [22/Dec/2018:06:47:11 -0500] "GET / HTTP/1.1" 301 - "https://www.paladin.rip/" "HetrixTools Uptime Monitoring Bot. https://hetrix.tools/uptime-monitoring-bot.html"
149.28.212.239 - - [22/Dec/2018:06:47:12 -0500] "GET / HTTP/1.1" 301 - "https://www.paladin.rip/" "HetrixTools Uptime Monitoring Bot. https://hetrix.tools/uptime-monitoring-bot.html"
149.28.212.239 - - [22/Dec/2018:06:47:15 -0500] "GET / HTTP/1.1" 200 15848 "https://paladin-extensions.com/" "HetrixTools Uptime Monitoring Bot. https://hetrix.tools/uptime-monitoring-bot.html"
95.179.139.97 - - [22/Dec/2018:06:47:15 -0500] "GET / HTTP/1.1" 200 15867 "https://paladin-extensions.com/" "HetrixTools Uptime Monitoring Bot. https://hetrix.tools/uptime-monitoring-bot.html"
96.126.106.201 - - [22/Dec/2018:06:47:16 -0500] "GET / HTTP/1.1" 301 - "https://www.paladin.rip/" "HetrixTools Uptime Monitoring Bot. https://hetrix.tools/uptime-monitoring-bot.html"
96.126.106.201 - - [22/Dec/2018:06:47:17 -0500] "GET / HTTP/1.1" 200 15846 "https://paladin-extensions.com/" "HetrixTools Uptime Monitoring Bot. https://hetrix.tools/uptime-monitoring-bot.html"
51.15.61.222 - - [22/Dec/2018:06:48:10 -0500] "GET / HTTP/1.1" 301 - "https://www.paladin.rip/" "HetrixTools Uptime Monitoring Bot. https://hetrix.tools/uptime-monitoring-bot.html"
51.15.61.222 - - [22/Dec/2018:06:48:11 -0500] "GET / HTTP/1.1" 200 15849 "https://paladin-extensions.com/" "HetrixTools Uptime Monitoring Bot. https://hetrix.tools/uptime-monitoring-bot.html"
159.89.159.134 - - [22/Dec/2018:06:48:13 -0500] "GET / HTTP/1.1" 301 - "https://www.paladin.rip/" "HetrixTools Uptime Monitoring Bot. https://hetrix.tools/uptime-monitoring-bot.html"
159.89.159.134 - - [22/Dec/2018:06:48:13 -0500] "GET / HTTP/1.1" 200 15880 "https://paladin-extensions.com/" "HetrixTools Uptime Monitoring Bot. https://hetrix.tools/uptime-monitoring-bot.html"
96.126.106.201 - - [22/Dec/2018:06:48:21 -0500] "GET / HTTP/1.1" 301 - "https://www.paladin.rip/" "HetrixTools Uptime Monitoring Bot. https://hetrix.tools/uptime-monitoring-bot.html"
96.126.106.201 - - [22/Dec/2018:06:48:21 -0500] "GET / HTTP/1.1" 200 15870 "https://paladin-extensions.com/" "HetrixTools Uptime Monitoring Bot. https://hetrix.tools/uptime-monitoring-bot.html"
51.15.61.222 - - [22/Dec/2018:06:49:11 -0500] "GET / HTTP/1.1" 301 - "https://www.paladin.rip/" "HetrixTools Uptime Monitoring Bot. https://hetrix.tools/uptime-monitoring-bot.html"
