34.227.142.243 - - [17/Jan/2019:07:22:09 -0500] "GET / HTTP/1.1" 503 38415 "http://paladin-extensions.com/" "Mozilla/5.0 (Macintosh; Intel Mac OS X 10_13_4) AppleWebKit/537.36 (KHTML, like Gecko) Chrome/65.0.3325.181 Safari/537.36"
34.227.142.243 - - [17/Jan/2019:07:42:10 -0500] "GET / HTTP/1.1" 503 38415 "http://paladin-extensions.com/" "Mozilla/5.0 (Macintosh; Intel Mac OS X 10_13_4) AppleWebKit/537.36 (KHTML, like Gecko) Chrome/65.0.3325.181 Safari/537.36"
34.227.142.243 - - [17/Jan/2019:08:01:48 -0500] "GET / HTTP/1.1" 503 38415 "http://paladin-extensions.com/" "Mozilla/5.0 (Macintosh; Intel Mac OS X 10_13_4) AppleWebKit/537.36 (KHTML, like Gecko) Chrome/65.0.3325.181 Safari/537.36"
34.227.142.243 - - [17/Jan/2019:08:22:02 -0500] "GET / HTTP/1.1" 503 38415 "http://paladin-extensions.com/" "Mozilla/5.0 (Macintosh; Intel Mac OS X 10_13_4) AppleWebKit/537.36 (KHTML, like Gecko) Chrome/65.0.3325.181 Safari/537.36"
34.227.142.243 - - [17/Jan/2019:08:41:49 -0500] "GET / HTTP/1.1" 503 38415 "http://paladin-extensions.com/" "Mozilla/5.0 (Macintosh; Intel Mac OS X 10_13_4) AppleWebKit/537.36 (KHTML, like Gecko) Chrome/65.0.3325.181 Safari/537.36"
46.229.168.146 - - [17/Jan/2019:09:00:02 -0500] "GET /robots.txt HTTP/1.1" 404 208 "-" "Mozilla/5.0 (compatible; SemrushBot/3~bl; +http://www.semrush.com/bot.html)"
46.229.168.151 - - [17/Jan/2019:09:00:03 -0500] "GET /threads/discord-and-steam-integration.56/post-135 HTTP/1.1" 503 9989 "-" "Mozilla/5.0 (compatible; SemrushBot/3~bl; +http://www.semrush.com/bot.html)"
34.227.142.243 - - [17/Jan/2019:09:01:55 -0500] "GET / HTTP/1.1" 503 38415 "http://paladin-extensions.com/" "Mozilla/5.0 (Macintosh; Intel Mac OS X 10_13_4) AppleWebKit/537.36 (KHTML, like Gecko) Chrome/65.0.3325.181 Safari/537.36"
34.227.142.243 - - [17/Jan/2019:09:21:53 -0500] "GET / HTTP/1.1" 503 38415 "http://paladin-extensions.com/" "Mozilla/5.0 (Macintosh; Intel Mac OS X 10_13_4) AppleWebKit/537.36 (KHTML, like Gecko) Chrome/65.0.3325.181 Safari/537.36"
34.227.142.243 - - [17/Jan/2019:09:42:00 -0500] "GET / HTTP/1.1" 503 38415 "http://paladin-extensions.com/" "Mozilla/5.0 (Macintosh; Intel Mac OS X 10_13_4) AppleWebKit/537.36 (KHTML, like Gecko) Chrome/65.0.3325.181 Safari/537.36"
34.227.142.243 - - [17/Jan/2019:10:01:56 -0500] "GET / HTTP/1.1" 503 38415 "http://paladin-extensions.com/" "Mozilla/5.0 (Macintosh; Intel Mac OS X 10_13_4) AppleWebKit/537.36 (KHTML, like Gecko) Chrome/65.0.3325.181 Safari/537.36"
34.227.142.243 - - [17/Jan/2019:10:41:50 -0500] "GET / HTTP/1.1" 503 38415 "http://paladin-extensions.com/" "Mozilla/5.0 (Macintosh; Intel Mac OS X 10_13_4) AppleWebKit/537.36 (KHTML, like Gecko) Chrome/65.0.3325.181 Safari/537.36"
34.227.142.243 - - [17/Jan/2019:11:01:50 -0500] "GET / HTTP/1.1" 503 38415 "http://paladin-extensions.com/" "Mozilla/5.0 (Macintosh; Intel Mac OS X 10_13_4) AppleWebKit/537.36 (KHTML, like Gecko) Chrome/65.0.3325.181 Safari/537.36"
40.77.167.72 - - [17/Jan/2019:11:03:20 -0500] "GET /members/bhopfu1.1/ HTTP/1.1" 503 9946 "-" "Mozilla/5.0 (compatible; bingbot/2.0; +http://www.bing.com/bingbot.htm)"
34.227.142.243 - - [17/Jan/2019:11:21:52 -0500] "GET / HTTP/1.1" 503 38415 "http://paladin-extensions.com/" "Mozilla/5.0 (Macintosh; Intel Mac OS X 10_13_4) AppleWebKit/537.36 (KHTML, like Gecko) Chrome/65.0.3325.181 Safari/537.36"
46.229.168.144 - - [17/Jan/2019:11:29:21 -0500] "GET /robots.txt HTTP/1.1" 404 208 "-" "Mozilla/5.0 (compatible; SemrushBot/3~bl; +http://www.semrush.com/bot.html)"
46.229.168.132 - - [17/Jan/2019:11:29:21 -0500] "GET /extensions/paladin-csgo-extension.2/ HTTP/1.1" 503 9915 "-" "Mozilla/5.0 (compatible; SemrushBot/3~bl; +http://www.semrush.com/bot.html)"
46.229.168.130 - - [17/Jan/2019:11:34:34 -0500] "GET /extensions/categories/2 HTTP/1.1" 503 9913 "-" "Mozilla/5.0 (compatible; SemrushBot/3~bl; +http://www.semrush.com/bot.html)"
157.55.39.17 - - [17/Jan/2019:11:35:47 -0500] "GET /robots.txt HTTP/1.1" 404 208 "-" "Mozilla/5.0 (compatible; bingbot/2.0; +http://www.bing.com/bingbot.htm)"
157.55.39.17 - - [17/Jan/2019:11:35:47 -0500] "GET /robots.txt HTTP/1.1" 404 208 "-" "Mozilla/5.0 (compatible; bingbot/2.0; +http://www.bing.com/bingbot.htm)"
34.227.142.243 - - [17/Jan/2019:11:41:50 -0500] "GET / HTTP/1.1" 503 38415 "http://paladin-extensions.com/" "Mozilla/5.0 (Macintosh; Intel Mac OS X 10_13_4) AppleWebKit/537.36 (KHTML, like Gecko) Chrome/65.0.3325.181 Safari/537.36"
34.227.142.243 - - [17/Jan/2019:12:02:02 -0500] "GET / HTTP/1.1" 503 38415 "http://paladin-extensions.com/" "Mozilla/5.0 (Macintosh; Intel Mac OS X 10_13_4) AppleWebKit/537.36 (KHTML, like Gecko) Chrome/65.0.3325.181 Safari/537.36"
34.227.142.243 - - [17/Jan/2019:12:22:09 -0500] "GET / HTTP/1.1" 503 38415 "http://paladin-extensions.com/" "Mozilla/5.0 (Macintosh; Intel Mac OS X 10_13_4) AppleWebKit/537.36 (KHTML, like Gecko) Chrome/65.0.3325.181 Safari/537.36"
66.249.79.222 - - [17/Jan/2019:12:23:45 -0500] "GET /robots.txt HTTP/1.1" 404 208 "-" "Mozilla/5.0 (compatible; Googlebot/2.1; +http://www.google.com/bot.html)"
66.249.79.220 - - [17/Jan/2019:12:23:49 -0500] "GET /members/empathy.34/reactions?type=received&reaction_id=4 HTTP/1.1" 503 9962 "-" "Mozilla/5.0 (compatible; Googlebot/2.1; +http://www.google.com/bot.html)"
34.227.142.243 - - [17/Jan/2019:12:42:06 -0500] "GET / HTTP/1.1" 503 38415 "http://paladin-extensions.com/" "Mozilla/5.0 (Macintosh; Intel Mac OS X 10_13_4) AppleWebKit/537.36 (KHTML, like Gecko) Chrome/65.0.3325.181 Safari/537.36"
34.227.142.243 - - [17/Jan/2019:13:02:10 -0500] "GET / HTTP/1.1" 503 38415 "http://paladin-extensions.com/" "Mozilla/5.0 (Macintosh; Intel Mac OS X 10_13_4) AppleWebKit/537.36 (KHTML, like Gecko) Chrome/65.0.3325.181 Safari/537.36"
34.227.142.243 - - [17/Jan/2019:13:21:45 -0500] "GET / HTTP/1.1" 503 38415 "http://paladin-extensions.com/" "Mozilla/5.0 (Macintosh; Intel Mac OS X 10_13_4) AppleWebKit/537.36 (KHTML, like Gecko) Chrome/65.0.3325.181 Safari/537.36"
54.87.243.233 - - [17/Jan/2019:13:42:09 -0500] "GET / HTTP/1.1" 503 38415 "http://paladin-extensions.com/" "Mozilla/5.0 (Macintosh; Intel Mac OS X 10_13_4) AppleWebKit/537.36 (KHTML, like Gecko) Chrome/65.0.3325.181 Safari/537.36"
40.77.167.83 - - [17/Jan/2019:13:53:21 -0500] "GET /online/ HTTP/1.1" 301 - "-" "Mozilla/5.0 (compatible; bingbot/2.0; +http://www.bing.com/bingbot.htm)"
54.87.243.233 - - [17/Jan/2019:14:02:01 -0500] "GET / HTTP/1.1" 503 38415 "http://paladin-extensions.com/" "Mozilla/5.0 (Macintosh; Intel Mac OS X 10_13_4) AppleWebKit/537.36 (KHTML, like Gecko) Chrome/65.0.3325.181 Safari/537.36"
54.87.243.233 - - [17/Jan/2019:14:21:52 -0500] "GET / HTTP/1.1" 503 38415 "http://paladin-extensions.com/" "Mozilla/5.0 (Macintosh; Intel Mac OS X 10_13_4) AppleWebKit/537.36 (KHTML, like Gecko) Chrome/65.0.3325.181 Safari/537.36"
40.77.167.83 - - [17/Jan/2019:14:39:12 -0500] "GET /forums/pre-sale-discussion.9/ HTTP/1.1" 301 - "-" "Mozilla/5.0 (compatible; bingbot/2.0; +http://www.bing.com/bingbot.htm)"
3.88.86.38 - - [17/Jan/2019:14:41:59 -0500] "GET /styles/uix_dark/images/uix-logo.png HTTP/1.1" 200 109563 "-" "Mozilla/5.0 (X11; Linux x86_64) AppleWebKit/537.36 (KHTML, like Gecko) Chrome/58.0.3029.110 Safari/537.36"
3.88.86.38 - - [17/Jan/2019:14:42:02 -0500] "GET /styles/uix_dark/images/uix-logo.png HTTP/1.1" 200 109563 "-" "Mozilla/5.0 (X11; Linux x86_64) AppleWebKit/537.36 (KHTML, like Gecko) Chrome/58.0.3029.110 Safari/537.36"
66.249.79.222 - - [17/Jan/2019:14:49:22 -0500] "GET /extensions/categories/premium-extensions.1/?page=1 HTTP/1.1" 503 9932 "-" "Mozilla/5.0 (compatible; Googlebot/2.1; +http://www.google.com/bot.html)"
66.249.79.222 - - [17/Jan/2019:14:49:27 -0500] "GET /whats-new/ HTTP/1.1" 503 9884 "-" "Mozilla/5.0 (compatible; Googlebot/2.1; +http://www.google.com/bot.html)"
66.249.79.220 - - [17/Jan/2019:14:49:43 -0500] "GET /help/ HTTP/1.1" 200 10237 "-" "Mozilla/5.0 (compatible; Googlebot/2.1; +http://www.google.com/bot.html)"
66.249.79.220 - - [17/Jan/2019:14:49:43 -0500] "GET /forums/pre-sale-discussion.9/ HTTP/1.1" 503 9963 "-" "Mozilla/5.0 (compatible; Googlebot/2.1; +http://www.google.com/bot.html)"
66.249.79.220 - - [17/Jan/2019:14:49:45 -0500] "GET /members/bhopfu1.1/ HTTP/1.1" 503 9945 "-" "Mozilla/5.0 (compatible; Googlebot/2.1; +http://www.google.com/bot.html)"
66.249.79.220 - - [17/Jan/2019:14:49:49 -0500] "GET /members/intra.14/ HTTP/1.1" 503 9988 "-" "Mozilla/5.0 (compatible; Googlebot/2.1; +http://www.google.com/bot.html)"
66.249.79.220 - - [17/Jan/2019:14:50:01 -0500] "GET /css.php?css=public%3Astructured_list.less%2Cpublic%3Ath_reactions.less%2Cpublic%3Aextra.less&s=4&l=1&d=1543563548&k=922b99557a062e4d0f7770b794914d0af7693c7c HTTP/1.1" 200 12276 "https://www.paladin-extensions.com/forums/pre-sale-discussion.9/" "Mozilla/5.0 AppleWebKit/537.36 (KHTML, like Gecko; compatible; Googlebot/2.1; +http://www.google.com/bot.html) Safari/537.36"
66.249.79.220 - - [17/Jan/2019:14:50:02 -0500] "GET /styles/themehouse/reactions/wink.svg HTTP/1.1" 200 1917 "https://www.paladin-extensions.com/forums/pre-sale-discussion.9/" "Mozilla/5.0 AppleWebKit/537.36 (KHTML, like Gecko; compatible; Googlebot/2.1; +http://www.google.com/bot.html) Safari/537.36"
66.249.79.222 - - [17/Jan/2019:14:50:08 -0500] "GET /css.php?css=public%3Aextra.less&s=8&l=1&d=1547424000&k=eb849f925401e68902e4225a70f3aade77311cd4 HTTP/1.1" 200 204 "https://www.paladin-extensions.com/help/" "Mozilla/5.0 AppleWebKit/537.36 (KHTML, like Gecko; compatible; Googlebot/2.1; +http://www.google.com/bot.html) Safari/537.36"
66.249.79.222 - - [17/Jan/2019:14:50:08 -0500] "GET /css.php?css=public%3Anormalize.css%2Cpublic%3Acore.less%2Cpublic%3Aapp.less&s=8&l=1&d=1547424000&k=edf6cfeed2b8b8213808b1692c79649ca17f77fa HTTP/1.1" 200 62084 "https://www.paladin-extensions.com/help/" "Mozilla/5.0 AppleWebKit/537.36 (KHTML, like Gecko; compatible; Googlebot/2.1; +http://www.google.com/bot.html) Safari/537.36"
66.249.79.220 - - [17/Jan/2019:14:50:33 -0500] "GET /css.php?css=public%3Amember.less%2Cpublic%3Ath_reactions.less%2Cpublic%3Aextra.less&s=4&l=1&d=1543563548&k=bf91d16ac7d792ca892d0ee11e31b9bff390bb4b HTTP/1.1" 200 10417 "https://www.paladin-extensions.com/members/bhopfu1.1/" "Mozilla/5.0 AppleWebKit/537.36 (KHTML, like Gecko; compatible; Googlebot/2.1; +http://www.google.com/bot.html) Safari/537.36"
66.249.79.220 - - [17/Jan/2019:14:50:56 -0500] "GET /js/xf/carousel-compiled.js?_v=3a9b839f HTTP/1.1" 200 5463 "https://www.paladin-extensions.com/extensions/categories/premium-extensions.1/?page=1" "Mozilla/5.0 AppleWebKit/537.36 (KHTML, like Gecko; compatible; Googlebot/2.1; +http://www.google.com/bot.html) Safari/537.36"
66.249.79.220 - - [17/Jan/2019:14:50:56 -0500] "GET /css.php?css=public%3Acarousel.less%2Cpublic%3Alightslider.less%2Cpublic%3Arating_stars.less%2Cpublic%3Astructured_list.less%2Cpublic%3Axfrm.less%2Cpublic%3Aextra.less&s=4&l=1&d=1543624572&k=3900784cc50203908c8fba3fc5f64ee3c4d63bac HTTP/1.1" 200 5153 "https://www.paladin-extensions.com/extensions/categories/premium-extensions.1/?page=1" "Mozilla/5.0 AppleWebKit/537.36 (KHTML, like Gecko; compatible; Googlebot/2.1; +http://www.google.com/bot.html) Safari/537.36"
66.249.79.193 - - [17/Jan/2019:14:52:38 -0500] "GET /extensions/paladin-pubg-extension.3/ HTTP/1.1" 503 9918 "-" "Mozilla/5.0 (compatible; Googlebot/2.1; +http://www.google.com/bot.html)"
66.249.79.222 - - [17/Jan/2019:14:54:31 -0500] "GET /js/themehouse/global/20180112.min.js?_v=6944b27a HTTP/1.1" 200 3938 "https://www.paladin-extensions.com/extensions/paladin-pubg-extension.3/" "Mozilla/5.0 AppleWebKit/537.36 (KHTML, like Gecko; compatible; Googlebot/2.1; +http://www.google.com/bot.html) Safari/537.36"
66.249.79.220 - - [17/Jan/2019:14:54:33 -0500] "GET /css.php?css=public%3Alightbox.less%2Cpublic%3Ashare_controls.less%2Cpublic%3Ath_reactions.less%2Cpublic%3Axfrm.less%2Cpublic%3Aextra.less&s=8&l=1&d=1544227356&k=0e0bf87627f010ec0dc3dce345dca0e6cbb6a62e HTTP/1.1" 200 15535 "https://www.paladin-extensions.com/extensions/paladin-pubg-extension.3/" "Mozilla/5.0 AppleWebKit/537.36 (KHTML, like Gecko; compatible; Googlebot/2.1; +http://www.google.com/bot.html) Safari/537.36"
66.249.79.220 - - [17/Jan/2019:14:54:34 -0500] "GET /threads/website-launch.6/ HTTP/1.1" 503 9959 "-" "Mozilla/5.0 (compatible; Googlebot/2.1; +http://www.google.com/bot.html)"
66.249.79.222 - - [17/Jan/2019:14:54:51 -0500] "GET /css.php?css=public%3Anormalize.css%2Cpublic%3Acore.less%2Cpublic%3Aapp.less&s=8&l=1&d=1544582003&k=56a8f8f98ae4201a1d95aad9f134c20bd812cfeb HTTP/1.1" 200 62084 "https://www.paladin-extensions.com/threads/website-launch.6/" "Mozilla/5.0 AppleWebKit/537.36 (KHTML, like Gecko; compatible; Googlebot/2.1; +http://www.google.com/bot.html) Safari/537.36"
66.249.79.222 - - [17/Jan/2019:14:54:52 -0500] "GET /js/themehouse/uix_dark/index.min.js?_v=f027ec6d HTTP/1.1" 200 2382 "https://www.paladin-extensions.com/threads/website-launch.6/" "Mozilla/5.0 AppleWebKit/537.36 (KHTML, like Gecko; compatible; Googlebot/2.1; +http://www.google.com/bot.html) Safari/537.36"
66.249.79.220 - - [17/Jan/2019:14:54:52 -0500] "GET /js/xf/preamble-compiled.js?_v=f027ec6d HTTP/1.1" 200 7764 "https://www.paladin-extensions.com/threads/website-launch.6/" "Mozilla/5.0 AppleWebKit/537.36 (KHTML, like Gecko; compatible; Googlebot/2.1; +http://www.google.com/bot.html) Safari/537.36"
66.249.79.220 - - [17/Jan/2019:14:54:52 -0500] "GET /js/xf/core-compiled.js?_v=f027ec6d HTTP/1.1" 200 47440 "https://www.paladin-extensions.com/threads/website-launch.6/" "Mozilla/5.0 AppleWebKit/537.36 (KHTML, like Gecko; compatible; Googlebot/2.1; +http://www.google.com/bot.html) Safari/537.36"
66.249.79.222 - - [17/Jan/2019:14:54:53 -0500] "GET /js/themehouse/global/20180112.min.js?_v=f027ec6d HTTP/1.1" 200 3938 "https://www.paladin-extensions.com/threads/website-launch.6/" "Mozilla/5.0 AppleWebKit/537.36 (KHTML, like Gecko; compatible; Googlebot/2.1; +http://www.google.com/bot.html) Safari/537.36"
66.249.79.222 - - [17/Jan/2019:14:54:54 -0500] "GET /js/themehouse/reactions/react.js?_v=f027ec6d HTTP/1.1" 200 3499 "https://www.paladin-extensions.com/threads/website-launch.6/" "Mozilla/5.0 AppleWebKit/537.36 (KHTML, like Gecko; compatible; Googlebot/2.1; +http://www.google.com/bot.html) Safari/537.36"
66.249.79.222 - - [17/Jan/2019:14:54:54 -0500] "GET /js/vendor/vendor-compiled.js?_v=f027ec6d HTTP/1.1" 200 17856 "https://www.paladin-extensions.com/threads/website-launch.6/" "Mozilla/5.0 AppleWebKit/537.36 (KHTML, like Gecko; compatible; Googlebot/2.1; +http://www.google.com/bot.html) Safari/537.36"
66.249.79.222 - - [17/Jan/2019:14:54:55 -0500] "GET /js/themehouse/uix_dark/defer.min.js?_v=f027ec6d HTTP/1.1" 200 5041 "https://www.paladin-extensions.com/threads/website-launch.6/" "Mozilla/5.0 AppleWebKit/537.36 (KHTML, like Gecko; compatible; Googlebot/2.1; +http://www.google.com/bot.html) Safari/537.36"
66.249.79.220 - - [17/Jan/2019:14:54:56 -0500] "GET /css.php?css=public%3Amessage.less%2Cpublic%3Ashare_controls.less%2Cpublic%3Ath_reactions.less%2Cpublic%3Axfv_threadstarter.less%2Cpublic%3Aextra.less&s=8&l=1&d=1544582003&k=0d1d2b3d3f24218c33b84622a026002b2bca230f HTTP/1.1" 200 14718 "https://www.paladin-extensions.com/threads/website-launch.6/" "Mozilla/5.0 AppleWebKit/537.36 (KHTML, like Gecko; compatible; Googlebot/2.1; +http://www.google.com/bot.html) Safari/537.36"
66.249.79.220 - - [17/Jan/2019:14:54:56 -0500] "GET /js/themehouse/uix_dark/ripple.min.js?_v=f027ec6d HTTP/1.1" 200 692 "https://www.paladin-extensions.com/threads/website-launch.6/" "Mozilla/5.0 AppleWebKit/537.36 (KHTML, like Gecko; compatible; Googlebot/2.1; +http://www.google.com/bot.html) Safari/537.36"
66.249.79.193 - - [17/Jan/2019:14:55:55 -0500] "GET /extensions/paladin-extension-manager.1/ HTTP/1.1" 503 9870 "-" "Mozilla/5.0 (compatible; Googlebot/2.1; +http://www.google.com/bot.html)"
66.249.79.220 - - [17/Jan/2019:14:55:59 -0500] "GET /css.php?css=public%3Alightbox.less%2Cpublic%3Ashare_controls.less%2Cpublic%3Ath_reactions.less%2Cpublic%3Axfrm.less%2Cpublic%3Aextra.less&s=8&l=1&d=1544330071&k=0e0bf87627f010ec0dc3dce345dca0e6cbb6a62e HTTP/1.1" 200 15535 "https://www.paladin-extensions.com/extensions/paladin-extension-manager.1/" "Mozilla/5.0 AppleWebKit/537.36 (KHTML, like Gecko; compatible; Googlebot/2.1; +http://www.google.com/bot.html) Safari/537.36"
66.249.79.220 - - [17/Jan/2019:14:56:00 -0500] "GET /js/themehouse/uix_dark/ripple.min.js?_v=ac833fcc HTTP/1.1" 200 692 "https://www.paladin-extensions.com/extensions/paladin-extension-manager.1/" "Mozilla/5.0 AppleWebKit/537.36 (KHTML, like Gecko; compatible; Googlebot/2.1; +http://www.google.com/bot.html) Safari/537.36"
66.249.79.220 - - [17/Jan/2019:14:56:00 -0500] "GET /js/themehouse/reactions/react.js?_v=ac833fcc HTTP/1.1" 200 3499 "https://www.paladin-extensions.com/extensions/paladin-extension-manager.1/" "Mozilla/5.0 AppleWebKit/537.36 (KHTML, like Gecko; compatible; Googlebot/2.1; +http://www.google.com/bot.html) Safari/537.36"
66.249.79.222 - - [17/Jan/2019:14:56:00 -0500] "GET /css.php?css=public%3Anormalize.css%2Cpublic%3Acore.less%2Cpublic%3Aapp.less&s=8&l=1&d=1544330071&k=56a8f8f98ae4201a1d95aad9f134c20bd812cfeb HTTP/1.1" 200 62084 "https://www.paladin-extensions.com/extensions/paladin-extension-manager.1/" "Mozilla/5.0 AppleWebKit/537.36 (KHTML, like Gecko; compatible; Googlebot/2.1; +http://www.google.com/bot.html) Safari/537.36"
66.249.79.220 - - [17/Jan/2019:14:56:01 -0500] "GET /js/xf/lightbox-compiled.js?_v=ac833fcc HTTP/1.1" 200 14071 "https://www.paladin-extensions.com/extensions/paladin-extension-manager.1/" "Mozilla/5.0 AppleWebKit/537.36 (KHTML, like Gecko; compatible; Googlebot/2.1; +http://www.google.com/bot.html) Safari/537.36"
66.249.79.222 - - [17/Jan/2019:14:56:02 -0500] "GET /js/vendor/vendor-compiled.js?_v=ac833fcc HTTP/1.1" 200 17856 "https://www.paladin-extensions.com/extensions/paladin-extension-manager.1/" "Mozilla/5.0 AppleWebKit/537.36 (KHTML, like Gecko; compatible; Googlebot/2.1; +http://www.google.com/bot.html) Safari/537.36"
66.249.79.220 - - [17/Jan/2019:14:56:15 -0500] "GET /history/ HTTP/1.1" 503 9948 "-" "Mozilla/5.0 (compatible; Googlebot/2.1; +http://www.google.com/bot.html)"
66.249.79.220 - - [17/Jan/2019:14:56:17 -0500] "GET /css.php?css=public%3Aextra.less&s=4&l=1&d=1543563548&k=fe6ce56901c5fea24d12bc200f15f2a0f53e2afc HTTP/1.1" 200 204 "https://www.paladin-extensions.com/history/" "Mozilla/5.0 AppleWebKit/537.36 (KHTML, like Gecko; compatible; Googlebot/2.1; +http://www.google.com/bot.html) Safari/537.36"
54.87.243.233 - - [17/Jan/2019:15:01:51 -0500] "GET / HTTP/1.1" 503 38415 "http://paladin-extensions.com/" "Mozilla/5.0 (Macintosh; Intel Mac OS X 10_13_4) AppleWebKit/537.36 (KHTML, like Gecko) Chrome/65.0.3325.181 Safari/537.36"
71.127.231.96 - - [17/Jan/2019:15:15:59 -0500] "GET / HTTP/1.1" 503 10039 "-" "Mozilla/5.0 (Windows NT 10.0; Win64; x64) AppleWebKit/537.36 (KHTML, like Gecko) Chrome/71.0.3578.98 Safari/537.36"
71.127.231.96 - - [17/Jan/2019:15:16:00 -0500] "GET /styles/uix_dark/fonts/icons/material-icons/css/materialdesignicons.min.css HTTP/1.1" 200 18636 "https://www.paladin-extensions.com/" "Mozilla/5.0 (Windows NT 10.0; Win64; x64) AppleWebKit/537.36 (KHTML, like Gecko) Chrome/71.0.3578.98 Safari/537.36"
71.127.231.96 - - [17/Jan/2019:15:16:00 -0500] "GET /js/xf/preamble-compiled.js?_v=8f01cb2c HTTP/1.1" 200 7764 "https://www.paladin-extensions.com/" "Mozilla/5.0 (Windows NT 10.0; Win64; x64) AppleWebKit/537.36 (KHTML, like Gecko) Chrome/71.0.3578.98 Safari/537.36"
71.127.231.96 - - [17/Jan/2019:15:16:00 -0500] "GET /styles/uix_dark/images/uix-logo.png HTTP/1.1" 200 109563 "https://www.paladin-extensions.com/" "Mozilla/5.0 (Windows NT 10.0; Win64; x64) AppleWebKit/537.36 (KHTML, like Gecko) Chrome/71.0.3578.98 Safari/537.36"
71.127.231.96 - - [17/Jan/2019:15:16:00 -0500] "GET /css.php?css=public%3Anormalize.css%2Cpublic%3Acore.less%2Cpublic%3Aapp.less&s=8&l=1&d=1547535223&k=edf6cfeed2b8b8213808b1692c79649ca17f77fa HTTP/1.1" 200 62084 "https://www.paladin-extensions.com/" "Mozilla/5.0 (Windows NT 10.0; Win64; x64) AppleWebKit/537.36 (KHTML, like Gecko) Chrome/71.0.3578.98 Safari/537.36"
71.127.231.96 - - [17/Jan/2019:15:16:00 -0500] "GET /css.php?css=public%3Aextra.less&s=8&l=1&d=1547535223&k=eb849f925401e68902e4225a70f3aade77311cd4 HTTP/1.1" 200 204 "https://www.paladin-extensions.com/" "Mozilla/5.0 (Windows NT 10.0; Win64; x64) AppleWebKit/537.36 (KHTML, like Gecko) Chrome/71.0.3578.98 Safari/537.36"
71.127.231.96 - - [17/Jan/2019:15:16:00 -0500] "GET /js/vendor/vendor-compiled.js?_v=8f01cb2c HTTP/1.1" 200 17856 "https://www.paladin-extensions.com/" "Mozilla/5.0 (Windows NT 10.0; Win64; x64) AppleWebKit/537.36 (KHTML, like Gecko) Chrome/71.0.3578.98 Safari/537.36"
71.127.231.96 - - [17/Jan/2019:15:16:01 -0500] "GET /js/themehouse/uix_dark/ripple.min.js?_v=8f01cb2c HTTP/1.1" 200 692 "https://www.paladin-extensions.com/" "Mozilla/5.0 (Windows NT 10.0; Win64; x64) AppleWebKit/537.36 (KHTML, like Gecko) Chrome/71.0.3578.98 Safari/537.36"
71.127.231.96 - - [17/Jan/2019:15:16:01 -0500] "GET /js/themehouse/global/20180112.min.js?_v=8f01cb2c HTTP/1.1" 200 3938 "https://www.paladin-extensions.com/" "Mozilla/5.0 (Windows NT 10.0; Win64; x64) AppleWebKit/537.36 (KHTML, like Gecko) Chrome/71.0.3578.98 Safari/537.36"
71.127.231.96 - - [17/Jan/2019:15:16:01 -0500] "GET /js/themehouse/uix_dark/index.min.js?_v=8f01cb2c HTTP/1.1" 200 2382 "https://www.paladin-extensions.com/" "Mozilla/5.0 (Windows NT 10.0; Win64; x64) AppleWebKit/537.36 (KHTML, like Gecko) Chrome/71.0.3578.98 Safari/537.36"
71.127.231.96 - - [17/Jan/2019:15:16:01 -0500] "GET /js/themehouse/uix_dark/defer.min.js?_v=8f01cb2c HTTP/1.1" 200 5041 "https://www.paladin-extensions.com/" "Mozilla/5.0 (Windows NT 10.0; Win64; x64) AppleWebKit/537.36 (KHTML, like Gecko) Chrome/71.0.3578.98 Safari/537.36"
71.127.231.96 - - [17/Jan/2019:15:16:01 -0500] "GET /js/xf/core-compiled.js?_v=8f01cb2c HTTP/1.1" 200 47440 "https://www.paladin-extensions.com/" "Mozilla/5.0 (Windows NT 10.0; Win64; x64) AppleWebKit/537.36 (KHTML, like Gecko) Chrome/71.0.3578.98 Safari/537.36"
71.127.231.96 - - [17/Jan/2019:15:16:01 -0500] "GET /styles/uix_dark/images/uix-brandmark.png HTTP/1.1" 200 112246 "https://www.paladin-extensions.com/" "Mozilla/5.0 (Windows NT 10.0; Win64; x64) AppleWebKit/537.36 (KHTML, like Gecko) Chrome/71.0.3578.98 Safari/537.36"
71.127.231.96 - - [17/Jan/2019:15:16:01 -0500] "GET /styles/uix_dark/fonts/icons/material-icons/fonts/materialdesignicons-webfont.woff2?v=2.3.54 HTTP/1.1" 200 125384 "https://www.paladin-extensions.com/styles/uix_dark/fonts/icons/material-icons/css/materialdesignicons.min.css" "Mozilla/5.0 (Windows NT 10.0; Win64; x64) AppleWebKit/537.36 (KHTML, like Gecko) Chrome/71.0.3578.98 Safari/537.36"
71.127.231.96 - - [17/Jan/2019:15:16:02 -0500] "POST /job.php HTTP/1.1" 200 13 "https://www.paladin-extensions.com/" "Mozilla/5.0 (Windows NT 10.0; Win64; x64) AppleWebKit/537.36 (KHTML, like Gecko) Chrome/71.0.3578.98 Safari/537.36"
71.127.231.96 - - [17/Jan/2019:15:16:03 -0500] "POST /job.php HTTP/1.1" 200 14 "https://www.paladin-extensions.com/" "Mozilla/5.0 (Windows NT 10.0; Win64; x64) AppleWebKit/537.36 (KHTML, like Gecko) Chrome/71.0.3578.98 Safari/537.36"
157.55.39.89 - - [17/Jan/2019:15:18:19 -0500] "GET /threads/question.39/ HTTP/1.1" 301 - "-" "Mozilla/5.0 (compatible; bingbot/2.0; +http://www.bing.com/bingbot.htm)"
54.87.243.233 - - [17/Jan/2019:15:22:00 -0500] "GET / HTTP/1.1" 503 38415 "http://paladin-extensions.com/" "Mozilla/5.0 (Macintosh; Intel Mac OS X 10_13_4) AppleWebKit/537.36 (KHTML, like Gecko) Chrome/65.0.3325.181 Safari/537.36"
54.87.243.233 - - [17/Jan/2019:15:42:26 -0500] "GET / HTTP/1.1" 503 38415 "http://paladin-extensions.com/" "Mozilla/5.0 (Macintosh; Intel Mac OS X 10_13_4) AppleWebKit/537.36 (KHTML, like Gecko) Chrome/65.0.3325.181 Safari/537.36"
54.87.243.233 - - [17/Jan/2019:16:01:43 -0500] "GET / HTTP/1.1" 503 38415 "http://paladin-extensions.com/" "Mozilla/5.0 (Macintosh; Intel Mac OS X 10_13_4) AppleWebKit/537.36 (KHTML, like Gecko) Chrome/65.0.3325.181 Safari/537.36"
71.127.231.96 - - [17/Jan/2019:16:07:58 -0500] "POST /login/keep-alive HTTP/1.1" 200 120 "https://www.paladin-extensions.com/" "Mozilla/5.0 (Windows NT 10.0; Win64; x64) AppleWebKit/537.36 (KHTML, like Gecko) Chrome/71.0.3578.98 Safari/537.36"
54.87.243.233 - - [17/Jan/2019:16:21:52 -0500] "GET / HTTP/1.1" 503 38415 "http://paladin-extensions.com/" "Mozilla/5.0 (Macintosh; Intel Mac OS X 10_13_4) AppleWebKit/537.36 (KHTML, like Gecko) Chrome/65.0.3325.181 Safari/537.36"
40.77.167.105 - - [17/Jan/2019:16:53:18 -0500] "GET /extensions/paladin-pubg-extension.3/ HTTP/1.1" 301 - "-" "Mozilla/5.0 (compatible; bingbot/2.0; +http://www.bing.com/bingbot.htm)"
71.127.231.96 - - [17/Jan/2019:16:57:33 -0500] "POST /login/keep-alive HTTP/1.1" 200 120 "https://www.paladin-extensions.com/" "Mozilla/5.0 (Windows NT 10.0; Win64; x64) AppleWebKit/537.36 (KHTML, like Gecko) Chrome/71.0.3578.98 Safari/537.36"
66.249.79.220 - - [17/Jan/2019:17:13:40 -0500] "GET / HTTP/1.1" 503 10037 "-" "Mozilla/5.0 (compatible; Googlebot/2.1; +http://www.google.com/bot.html)"
71.127.231.96 - - [17/Jan/2019:17:20:54 -0500] "GET / HTTP/1.1" 503 10046 "https://www.paladin-extensions.com/" "Mozilla/5.0 (Windows NT 10.0; Win64; x64) AppleWebKit/537.36 (KHTML, like Gecko) Chrome/71.0.3578.98 Safari/537.36"
54.87.243.233 - - [17/Jan/2019:17:41:57 -0500] "GET / HTTP/1.1" 503 38415 "http://paladin-extensions.com/" "Mozilla/5.0 (Macintosh; Intel Mac OS X 10_13_4) AppleWebKit/537.36 (KHTML, like Gecko) Chrome/65.0.3325.181 Safari/537.36"
40.77.167.16 - - [17/Jan/2019:17:46:52 -0500] "GET /forums/testimonials.8/?prefix_id=22 HTTP/1.1" 301 - "-" "Mozilla/5.0 (compatible; bingbot/2.0; +http://www.bing.com/bingbot.htm)"
66.249.79.193 - - [17/Jan/2019:17:49:47 -0500] "GET / HTTP/1.1" 503 10052 "-" "Mozilla/5.0 (compatible; Googlebot/2.1; +http://www.google.com/bot.html)"
54.87.243.233 - - [17/Jan/2019:18:01:54 -0500] "GET / HTTP/1.1" 503 38415 "http://paladin-extensions.com/" "Mozilla/5.0 (Macintosh; Intel Mac OS X 10_13_4) AppleWebKit/537.36 (KHTML, like Gecko) Chrome/65.0.3325.181 Safari/537.36"
54.87.243.233 - - [17/Jan/2019:18:21:40 -0500] "GET / HTTP/1.1" 503 38415 "http://paladin-extensions.com/" "Mozilla/5.0 (Macintosh; Intel Mac OS X 10_13_4) AppleWebKit/537.36 (KHTML, like Gecko) Chrome/65.0.3325.181 Safari/537.36"
66.249.75.136 - - [17/Jan/2019:18:38:52 -0500] "GET / HTTP/1.1" 503 10037 "-" "Mozilla/5.0 (compatible; Googlebot/2.1; +http://www.google.com/bot.html)"
54.87.243.233 - - [17/Jan/2019:18:41:50 -0500] "GET / HTTP/1.1" 503 38415 "http://paladin-extensions.com/" "Mozilla/5.0 (Macintosh; Intel Mac OS X 10_13_4) AppleWebKit/537.36 (KHTML, like Gecko) Chrome/65.0.3325.181 Safari/537.36"
54.87.243.233 - - [17/Jan/2019:19:01:42 -0500] "GET / HTTP/1.1" 503 38415 "http://paladin-extensions.com/" "Mozilla/5.0 (Macintosh; Intel Mac OS X 10_13_4) AppleWebKit/537.36 (KHTML, like Gecko) Chrome/65.0.3325.181 Safari/537.36"
66.249.79.193 - - [17/Jan/2019:19:10:18 -0500] "GET / HTTP/1.1" 503 10039 "-" "Mozilla/5.0 (compatible; Googlebot/2.1; +http://www.google.com/bot.html)"
54.87.243.233 - - [17/Jan/2019:19:21:41 -0500] "GET / HTTP/1.1" 503 38415 "http://paladin-extensions.com/" "Mozilla/5.0 (Macintosh; Intel Mac OS X 10_13_4) AppleWebKit/537.36 (KHTML, like Gecko) Chrome/65.0.3325.181 Safari/537.36"
54.87.243.233 - - [17/Jan/2019:19:41:32 -0500] "GET / HTTP/1.1" 503 38415 "http://paladin-extensions.com/" "Mozilla/5.0 (Macintosh; Intel Mac OS X 10_13_4) AppleWebKit/537.36 (KHTML, like Gecko) Chrome/65.0.3325.181 Safari/537.36"
54.87.243.233 - - [17/Jan/2019:20:01:42 -0500] "GET / HTTP/1.1" 503 38415 "http://paladin-extensions.com/" "Mozilla/5.0 (Macintosh; Intel Mac OS X 10_13_4) AppleWebKit/537.36 (KHTML, like Gecko) Chrome/65.0.3325.181 Safari/537.36"
3.86.221.221 - - [17/Jan/2019:20:22:02 -0500] "GET / HTTP/1.1" 503 38415 "http://paladin-extensions.com/" "Mozilla/5.0 (Macintosh; Intel Mac OS X 10_13_4) AppleWebKit/537.36 (KHTML, like Gecko) Chrome/65.0.3325.181 Safari/537.36"
66.249.79.222 - - [17/Jan/2019:20:24:12 -0500] "GET / HTTP/1.1" 503 10042 "-" "Mozilla/5.0 (compatible; Googlebot/2.1; +http://www.google.com/bot.html)"
66.249.79.220 - - [17/Jan/2019:20:24:13 -0500] "GET / HTTP/1.1" 503 10038 "-" "Mozilla/5.0 (Linux; Android 6.0.1; Nexus 5X Build/MMB29P) AppleWebKit/537.36 (KHTML, like Gecko) Chrome/41.0.2272.96 Mobile Safari/537.36 (compatible; Googlebot/2.1; +http://www.google.com/bot.html)"
3.86.221.221 - - [17/Jan/2019:20:42:06 -0500] "GET / HTTP/1.1" 503 38415 "http://paladin-extensions.com/" "Mozilla/5.0 (Macintosh; Intel Mac OS X 10_13_4) AppleWebKit/537.36 (KHTML, like Gecko) Chrome/65.0.3325.181 Safari/537.36"
3.86.221.221 - - [17/Jan/2019:21:01:56 -0500] "GET / HTTP/1.1" 503 38415 "http://paladin-extensions.com/" "Mozilla/5.0 (Macintosh; Intel Mac OS X 10_13_4) AppleWebKit/537.36 (KHTML, like Gecko) Chrome/65.0.3325.181 Safari/537.36"
3.86.221.221 - - [17/Jan/2019:21:22:01 -0500] "GET / HTTP/1.1" 503 38415 "http://paladin-extensions.com/" "Mozilla/5.0 (Macintosh; Intel Mac OS X 10_13_4) AppleWebKit/537.36 (KHTML, like Gecko) Chrome/65.0.3325.181 Safari/537.36"
3.86.221.221 - - [17/Jan/2019:21:41:54 -0500] "GET / HTTP/1.1" 503 38415 "http://paladin-extensions.com/" "Mozilla/5.0 (Macintosh; Intel Mac OS X 10_13_4) AppleWebKit/537.36 (KHTML, like Gecko) Chrome/65.0.3325.181 Safari/537.36"
207.46.13.93 - - [17/Jan/2019:21:42:39 -0500] "GET /extensions/authors/bhopfu1.1/ HTTP/1.1" 301 - "-" "Mozilla/5.0 (compatible; bingbot/2.0; +http://www.bing.com/bingbot.htm)"
3.86.221.221 - - [17/Jan/2019:22:02:03 -0500] "GET / HTTP/1.1" 503 38415 "http://paladin-extensions.com/" "Mozilla/5.0 (Macintosh; Intel Mac OS X 10_13_4) AppleWebKit/537.36 (KHTML, like Gecko) Chrome/65.0.3325.181 Safari/537.36"
3.86.221.221 - - [17/Jan/2019:22:21:30 -0500] "GET / HTTP/1.1" 503 38415 "http://paladin-extensions.com/" "Mozilla/5.0 (Macintosh; Intel Mac OS X 10_13_4) AppleWebKit/537.36 (KHTML, like Gecko) Chrome/65.0.3325.181 Safari/537.36"
3.86.221.221 - - [17/Jan/2019:22:41:54 -0500] "GET / HTTP/1.1" 503 38415 "http://paladin-extensions.com/" "Mozilla/5.0 (Macintosh; Intel Mac OS X 10_13_4) AppleWebKit/537.36 (KHTML, like Gecko) Chrome/65.0.3325.181 Safari/537.36"
24.251.180.38 - - [17/Jan/2019:22:56:22 -0500] "GET / HTTP/1.1" 200 50444 "-" "Mozilla/5.0 (Windows NT 10.0; Win64; x64) AppleWebKit/537.36 (KHTML, like Gecko) Chrome/71.0.3578.98 Safari/537.36"
24.251.180.38 - - [17/Jan/2019:22:56:23 -0500] "GET /proxy.php?image=https%3A%2F%2Fi.imgur.com%2Fr0tCHeM.png&hash=58dd2bbfaf81cbfcd2d3e7fbdd81cb6c HTTP/1.1" 304 - "https://www.paladin-extensions.com/" "Mozilla/5.0 (Windows NT 10.0; Win64; x64) AppleWebKit/537.36 (KHTML, like Gecko) Chrome/71.0.3578.98 Safari/537.36"
24.251.180.38 - - [17/Jan/2019:22:56:24 -0500] "POST /job.php HTTP/1.1" 200 13 "https://www.paladin-extensions.com/" "Mozilla/5.0 (Windows NT 10.0; Win64; x64) AppleWebKit/537.36 (KHTML, like Gecko) Chrome/71.0.3578.98 Safari/537.36"
24.251.180.38 - - [17/Jan/2019:22:56:24 -0500] "GET /index.php?shoutbox/refresh&last_id=140&_xfRequestUri=%2F&_xfWithData=1&_xfToken=1547783783%2Cbf455b0fac64a901ba4cc3d4f9a0d335&_xfResponseType=json HTTP/1.1" 200 119 "https://www.paladin-extensions.com/" "Mozilla/5.0 (Windows NT 10.0; Win64; x64) AppleWebKit/537.36 (KHTML, like Gecko) Chrome/71.0.3578.98 Safari/537.36"
24.251.180.38 - - [17/Jan/2019:22:56:24 -0500] "POST /job.php HTTP/1.1" 200 13 "https://www.paladin-extensions.com/" "Mozilla/5.0 (Windows NT 10.0; Win64; x64) AppleWebKit/537.36 (KHTML, like Gecko) Chrome/71.0.3578.98 Safari/537.36"
24.251.180.38 - - [17/Jan/2019:22:56:25 -0500] "POST /job.php HTTP/1.1" 200 13 "https://www.paladin-extensions.com/" "Mozilla/5.0 (Windows NT 10.0; Win64; x64) AppleWebKit/537.36 (KHTML, like Gecko) Chrome/71.0.3578.98 Safari/537.36"
24.251.180.38 - - [17/Jan/2019:22:56:25 -0500] "POST /job.php HTTP/1.1" 200 13 "https://www.paladin-extensions.com/" "Mozilla/5.0 (Windows NT 10.0; Win64; x64) AppleWebKit/537.36 (KHTML, like Gecko) Chrome/71.0.3578.98 Safari/537.36"
24.251.180.38 - - [17/Jan/2019:22:56:25 -0500] "POST /job.php HTTP/1.1" 200 13 "https://www.paladin-extensions.com/" "Mozilla/5.0 (Windows NT 10.0; Win64; x64) AppleWebKit/537.36 (KHTML, like Gecko) Chrome/71.0.3578.98 Safari/537.36"
24.251.180.38 - - [17/Jan/2019:22:56:25 -0500] "GET /index.php?shoutbox/refresh&last_id=140&_xfRequestUri=%2F&_xfWithData=1&_xfToken=1547783783%2Cbf455b0fac64a901ba4cc3d4f9a0d335&_xfResponseType=json HTTP/1.1" 200 119 "https://www.paladin-extensions.com/" "Mozilla/5.0 (Windows NT 10.0; Win64; x64) AppleWebKit/537.36 (KHTML, like Gecko) Chrome/71.0.3578.98 Safari/537.36"
24.251.180.38 - - [17/Jan/2019:22:56:26 -0500] "POST /job.php HTTP/1.1" 200 13 "https://www.paladin-extensions.com/" "Mozilla/5.0 (Windows NT 10.0; Win64; x64) AppleWebKit/537.36 (KHTML, like Gecko) Chrome/71.0.3578.98 Safari/537.36"
24.251.180.38 - - [17/Jan/2019:22:56:26 -0500] "POST /job.php HTTP/1.1" 200 13 "https://www.paladin-extensions.com/" "Mozilla/5.0 (Windows NT 10.0; Win64; x64) AppleWebKit/537.36 (KHTML, like Gecko) Chrome/71.0.3578.98 Safari/537.36"
24.251.180.38 - - [17/Jan/2019:22:56:26 -0500] "POST /job.php HTTP/1.1" 200 13 "https://www.paladin-extensions.com/" "Mozilla/5.0 (Windows NT 10.0; Win64; x64) AppleWebKit/537.36 (KHTML, like Gecko) Chrome/71.0.3578.98 Safari/537.36"
24.251.180.38 - - [17/Jan/2019:22:56:26 -0500] "POST /job.php HTTP/1.1" 200 13 "https://www.paladin-extensions.com/" "Mozilla/5.0 (Windows NT 10.0; Win64; x64) AppleWebKit/537.36 (KHTML, like Gecko) Chrome/71.0.3578.98 Safari/537.36"
24.251.180.38 - - [17/Jan/2019:22:56:26 -0500] "GET /index.php?shoutbox/refresh&last_id=140&_xfRequestUri=%2F&_xfWithData=1&_xfToken=1547783783%2Cbf455b0fac64a901ba4cc3d4f9a0d335&_xfResponseType=json HTTP/1.1" 200 119 "https://www.paladin-extensions.com/" "Mozilla/5.0 (Windows NT 10.0; Win64; x64) AppleWebKit/537.36 (KHTML, like Gecko) Chrome/71.0.3578.98 Safari/537.36"
24.251.180.38 - - [17/Jan/2019:22:56:27 -0500] "POST /job.php HTTP/1.1" 200 13 "https://www.paladin-extensions.com/" "Mozilla/5.0 (Windows NT 10.0; Win64; x64) AppleWebKit/537.36 (KHTML, like Gecko) Chrome/71.0.3578.98 Safari/537.36"
24.251.180.38 - - [17/Jan/2019:22:56:27 -0500] "POST /job.php HTTP/1.1" 200 13 "https://www.paladin-extensions.com/" "Mozilla/5.0 (Windows NT 10.0; Win64; x64) AppleWebKit/537.36 (KHTML, like Gecko) Chrome/71.0.3578.98 Safari/537.36"
24.251.180.38 - - [17/Jan/2019:22:56:27 -0500] "POST /job.php HTTP/1.1" 200 13 "https://www.paladin-extensions.com/" "Mozilla/5.0 (Windows NT 10.0; Win64; x64) AppleWebKit/537.36 (KHTML, like Gecko) Chrome/71.0.3578.98 Safari/537.36"
24.251.180.38 - - [17/Jan/2019:22:56:27 -0500] "POST /job.php HTTP/1.1" 200 13 "https://www.paladin-extensions.com/" "Mozilla/5.0 (Windows NT 10.0; Win64; x64) AppleWebKit/537.36 (KHTML, like Gecko) Chrome/71.0.3578.98 Safari/537.36"
24.251.180.38 - - [17/Jan/2019:22:56:27 -0500] "GET /index.php?shoutbox/refresh&last_id=140&_xfRequestUri=%2F&_xfWithData=1&_xfToken=1547783783%2Cbf455b0fac64a901ba4cc3d4f9a0d335&_xfResponseType=json HTTP/1.1" 200 119 "https://www.paladin-extensions.com/" "Mozilla/5.0 (Windows NT 10.0; Win64; x64) AppleWebKit/537.36 (KHTML, like Gecko) Chrome/71.0.3578.98 Safari/537.36"
24.251.180.38 - - [17/Jan/2019:22:56:28 -0500] "POST /job.php HTTP/1.1" 200 13 "https://www.paladin-extensions.com/" "Mozilla/5.0 (Windows NT 10.0; Win64; x64) AppleWebKit/537.36 (KHTML, like Gecko) Chrome/71.0.3578.98 Safari/537.36"
24.251.180.38 - - [17/Jan/2019:22:56:28 -0500] "POST /job.php HTTP/1.1" 200 13 "https://www.paladin-extensions.com/" "Mozilla/5.0 (Windows NT 10.0; Win64; x64) AppleWebKit/537.36 (KHTML, like Gecko) Chrome/71.0.3578.98 Safari/537.36"
24.251.180.38 - - [17/Jan/2019:22:56:28 -0500] "POST /job.php HTTP/1.1" 200 13 "https://www.paladin-extensions.com/" "Mozilla/5.0 (Windows NT 10.0; Win64; x64) AppleWebKit/537.36 (KHTML, like Gecko) Chrome/71.0.3578.98 Safari/537.36"
24.251.180.38 - - [17/Jan/2019:22:56:28 -0500] "GET /index.php?shoutbox/refresh&last_id=140&_xfRequestUri=%2F&_xfWithData=1&_xfToken=1547783783%2Cbf455b0fac64a901ba4cc3d4f9a0d335&_xfResponseType=json HTTP/1.1" 200 119 "https://www.paladin-extensions.com/" "Mozilla/5.0 (Windows NT 10.0; Win64; x64) AppleWebKit/537.36 (KHTML, like Gecko) Chrome/71.0.3578.98 Safari/537.36"
24.251.180.38 - - [17/Jan/2019:22:56:28 -0500] "POST /job.php HTTP/1.1" 200 13 "https://www.paladin-extensions.com/" "Mozilla/5.0 (Windows NT 10.0; Win64; x64) AppleWebKit/537.36 (KHTML, like Gecko) Chrome/71.0.3578.98 Safari/537.36"
24.251.180.38 - - [17/Jan/2019:22:56:29 -0500] "GET /index.php?shoutbox/refresh&last_id=140&_xfRequestUri=%2F&_xfWithData=1&_xfToken=1547783783%2Cbf455b0fac64a901ba4cc3d4f9a0d335&_xfResponseType=json HTTP/1.1" 200 119 "https://www.paladin-extensions.com/" "Mozilla/5.0 (Windows NT 10.0; Win64; x64) AppleWebKit/537.36 (KHTML, like Gecko) Chrome/71.0.3578.98 Safari/537.36"
24.251.180.38 - - [17/Jan/2019:22:56:30 -0500] "GET /index.php?shoutbox/refresh&last_id=140&_xfRequestUri=%2F&_xfWithData=1&_xfToken=1547783783%2Cbf455b0fac64a901ba4cc3d4f9a0d335&_xfResponseType=json HTTP/1.1" 200 119 "https://www.paladin-extensions.com/" "Mozilla/5.0 (Windows NT 10.0; Win64; x64) AppleWebKit/537.36 (KHTML, like Gecko) Chrome/71.0.3578.98 Safari/537.36"
24.251.180.38 - - [17/Jan/2019:22:56:31 -0500] "GET /index.php?shoutbox/refresh&last_id=140&_xfRequestUri=%2F&_xfWithData=1&_xfToken=1547783783%2Cbf455b0fac64a901ba4cc3d4f9a0d335&_xfResponseType=json HTTP/1.1" 200 119 "https://www.paladin-extensions.com/" "Mozilla/5.0 (Windows NT 10.0; Win64; x64) AppleWebKit/537.36 (KHTML, like Gecko) Chrome/71.0.3578.98 Safari/537.36"
24.251.180.38 - - [17/Jan/2019:22:56:32 -0500] "GET /index.php?shoutbox/refresh&last_id=140&_xfRequestUri=%2F&_xfWithData=1&_xfToken=1547783783%2Cbf455b0fac64a901ba4cc3d4f9a0d335&_xfResponseType=json HTTP/1.1" 200 119 "https://www.paladin-extensions.com/" "Mozilla/5.0 (Windows NT 10.0; Win64; x64) AppleWebKit/537.36 (KHTML, like Gecko) Chrome/71.0.3578.98 Safari/537.36"
24.251.180.38 - - [17/Jan/2019:22:56:29 -0500] "POST /job.php HTTP/1.1" 200 13 "https://www.paladin-extensions.com/" "Mozilla/5.0 (Windows NT 10.0; Win64; x64) AppleWebKit/537.36 (KHTML, like Gecko) Chrome/71.0.3578.98 Safari/537.36"
24.251.180.38 - - [17/Jan/2019:22:56:33 -0500] "POST /job.php HTTP/1.1" 200 13 "https://www.paladin-extensions.com/" "Mozilla/5.0 (Windows NT 10.0; Win64; x64) AppleWebKit/537.36 (KHTML, like Gecko) Chrome/71.0.3578.98 Safari/537.36"
24.251.180.38 - - [17/Jan/2019:22:56:33 -0500] "POST /job.php HTTP/1.1" 200 13 "https://www.paladin-extensions.com/" "Mozilla/5.0 (Windows NT 10.0; Win64; x64) AppleWebKit/537.36 (KHTML, like Gecko) Chrome/71.0.3578.98 Safari/537.36"
24.251.180.38 - - [17/Jan/2019:22:56:33 -0500] "GET /index.php?shoutbox/refresh&last_id=140&_xfRequestUri=%2F&_xfWithData=1&_xfToken=1547783783%2Cbf455b0fac64a901ba4cc3d4f9a0d335&_xfResponseType=json HTTP/1.1" 200 119 "https://www.paladin-extensions.com/" "Mozilla/5.0 (Windows NT 10.0; Win64; x64) AppleWebKit/537.36 (KHTML, like Gecko) Chrome/71.0.3578.98 Safari/537.36"
24.251.180.38 - - [17/Jan/2019:22:56:33 -0500] "POST /job.php HTTP/1.1" 200 13 "https://www.paladin-extensions.com/" "Mozilla/5.0 (Windows NT 10.0; Win64; x64) AppleWebKit/537.36 (KHTML, like Gecko) Chrome/71.0.3578.98 Safari/537.36"
24.251.180.38 - - [17/Jan/2019:22:56:34 -0500] "POST /job.php HTTP/1.1" 200 13 "https://www.paladin-extensions.com/" "Mozilla/5.0 (Windows NT 10.0; Win64; x64) AppleWebKit/537.36 (KHTML, like Gecko) Chrome/71.0.3578.98 Safari/537.36"
24.251.180.38 - - [17/Jan/2019:22:56:34 -0500] "POST /job.php HTTP/1.1" 200 13 "https://www.paladin-extensions.com/" "Mozilla/5.0 (Windows NT 10.0; Win64; x64) AppleWebKit/537.36 (KHTML, like Gecko) Chrome/71.0.3578.98 Safari/537.36"
24.251.180.38 - - [17/Jan/2019:22:56:34 -0500] "POST /job.php HTTP/1.1" 200 13 "https://www.paladin-extensions.com/" "Mozilla/5.0 (Windows NT 10.0; Win64; x64) AppleWebKit/537.36 (KHTML, like Gecko) Chrome/71.0.3578.98 Safari/537.36"
24.251.180.38 - - [17/Jan/2019:22:56:34 -0500] "GET /index.php?shoutbox/refresh&last_id=140&_xfRequestUri=%2F&_xfWithData=1&_xfToken=1547783783%2Cbf455b0fac64a901ba4cc3d4f9a0d335&_xfResponseType=json HTTP/1.1" 200 119 "https://www.paladin-extensions.com/" "Mozilla/5.0 (Windows NT 10.0; Win64; x64) AppleWebKit/537.36 (KHTML, like Gecko) Chrome/71.0.3578.98 Safari/537.36"
24.251.180.38 - - [17/Jan/2019:22:56:35 -0500] "POST /job.php HTTP/1.1" 200 13 "https://www.paladin-extensions.com/" "Mozilla/5.0 (Windows NT 10.0; Win64; x64) AppleWebKit/537.36 (KHTML, like Gecko) Chrome/71.0.3578.98 Safari/537.36"
24.251.180.38 - - [17/Jan/2019:22:56:35 -0500] "POST /job.php HTTP/1.1" 200 13 "https://www.paladin-extensions.com/" "Mozilla/5.0 (Windows NT 10.0; Win64; x64) AppleWebKit/537.36 (KHTML, like Gecko) Chrome/71.0.3578.98 Safari/537.36"
24.251.180.38 - - [17/Jan/2019:22:56:35 -0500] "POST /job.php HTTP/1.1" 200 13 "https://www.paladin-extensions.com/" "Mozilla/5.0 (Windows NT 10.0; Win64; x64) AppleWebKit/537.36 (KHTML, like Gecko) Chrome/71.0.3578.98 Safari/537.36"
24.251.180.38 - - [17/Jan/2019:22:56:35 -0500] "GET /index.php?shoutbox/refresh&last_id=140&_xfRequestUri=%2F&_xfWithData=1&_xfToken=1547783783%2Cbf455b0fac64a901ba4cc3d4f9a0d335&_xfResponseType=json HTTP/1.1" 200 119 "https://www.paladin-extensions.com/" "Mozilla/5.0 (Windows NT 10.0; Win64; x64) AppleWebKit/537.36 (KHTML, like Gecko) Chrome/71.0.3578.98 Safari/537.36"
24.251.180.38 - - [17/Jan/2019:22:56:35 -0500] "POST /job.php HTTP/1.1" 200 13 "https://www.paladin-extensions.com/" "Mozilla/5.0 (Windows NT 10.0; Win64; x64) AppleWebKit/537.36 (KHTML, like Gecko) Chrome/71.0.3578.98 Safari/537.36"
24.251.180.38 - - [17/Jan/2019:22:56:36 -0500] "POST /job.php HTTP/1.1" 200 13 "https://www.paladin-extensions.com/" "Mozilla/5.0 (Windows NT 10.0; Win64; x64) AppleWebKit/537.36 (KHTML, like Gecko) Chrome/71.0.3578.98 Safari/537.36"
24.251.180.38 - - [17/Jan/2019:22:56:36 -0500] "POST /job.php HTTP/1.1" 200 14 "https://www.paladin-extensions.com/" "Mozilla/5.0 (Windows NT 10.0; Win64; x64) AppleWebKit/537.36 (KHTML, like Gecko) Chrome/71.0.3578.98 Safari/537.36"
24.251.180.38 - - [17/Jan/2019:22:56:36 -0500] "GET /index.php?shoutbox/refresh&last_id=140&_xfRequestUri=%2F&_xfWithData=1&_xfToken=1547783783%2Cbf455b0fac64a901ba4cc3d4f9a0d335&_xfResponseType=json HTTP/1.1" 200 119 "https://www.paladin-extensions.com/" "Mozilla/5.0 (Windows NT 10.0; Win64; x64) AppleWebKit/537.36 (KHTML, like Gecko) Chrome/71.0.3578.98 Safari/537.36"
24.251.180.38 - - [17/Jan/2019:22:56:37 -0500] "GET /index.php?shoutbox/refresh&last_id=140&_xfRequestUri=%2F&_xfWithData=1&_xfToken=1547783783%2Cbf455b0fac64a901ba4cc3d4f9a0d335&_xfResponseType=json HTTP/1.1" 200 119 "https://www.paladin-extensions.com/" "Mozilla/5.0 (Windows NT 10.0; Win64; x64) AppleWebKit/537.36 (KHTML, like Gecko) Chrome/71.0.3578.98 Safari/537.36"
24.251.180.38 - - [17/Jan/2019:22:56:38 -0500] "GET /index.php?shoutbox/refresh&last_id=140&_xfRequestUri=%2F&_xfWithData=1&_xfToken=1547783783%2Cbf455b0fac64a901ba4cc3d4f9a0d335&_xfResponseType=json HTTP/1.1" 200 119 "https://www.paladin-extensions.com/" "Mozilla/5.0 (Windows NT 10.0; Win64; x64) AppleWebKit/537.36 (KHTML, like Gecko) Chrome/71.0.3578.98 Safari/537.36"
24.251.180.38 - - [17/Jan/2019:22:56:39 -0500] "GET /index.php?shoutbox/refresh&last_id=140&_xfRequestUri=%2F&_xfWithData=1&_xfToken=1547783783%2Cbf455b0fac64a901ba4cc3d4f9a0d335&_xfResponseType=json HTTP/1.1" 200 119 "https://www.paladin-extensions.com/" "Mozilla/5.0 (Windows NT 10.0; Win64; x64) AppleWebKit/537.36 (KHTML, like Gecko) Chrome/71.0.3578.98 Safari/537.36"
24.251.180.38 - - [17/Jan/2019:22:56:40 -0500] "GET /index.php?shoutbox/refresh&last_id=140&_xfRequestUri=%2F&_xfWithData=1&_xfToken=1547783783%2Cbf455b0fac64a901ba4cc3d4f9a0d335&_xfResponseType=json HTTP/1.1" 200 119 "https://www.paladin-extensions.com/" "Mozilla/5.0 (Windows NT 10.0; Win64; x64) AppleWebKit/537.36 (KHTML, like Gecko) Chrome/71.0.3578.98 Safari/537.36"
24.251.180.38 - - [17/Jan/2019:22:56:41 -0500] "GET /index.php?shoutbox/refresh&last_id=140&_xfRequestUri=%2F&_xfWithData=1&_xfToken=1547783783%2Cbf455b0fac64a901ba4cc3d4f9a0d335&_xfResponseType=json HTTP/1.1" 200 119 "https://www.paladin-extensions.com/" "Mozilla/5.0 (Windows NT 10.0; Win64; x64) AppleWebKit/537.36 (KHTML, like Gecko) Chrome/71.0.3578.98 Safari/537.36"
24.251.180.38 - - [17/Jan/2019:22:56:42 -0500] "GET /index.php?shoutbox/refresh&last_id=140&_xfRequestUri=%2F&_xfWithData=1&_xfToken=1547783783%2Cbf455b0fac64a901ba4cc3d4f9a0d335&_xfResponseType=json HTTP/1.1" 200 119 "https://www.paladin-extensions.com/" "Mozilla/5.0 (Windows NT 10.0; Win64; x64) AppleWebKit/537.36 (KHTML, like Gecko) Chrome/71.0.3578.98 Safari/537.36"
24.251.180.38 - - [17/Jan/2019:22:56:43 -0500] "GET /index.php?shoutbox/refresh&last_id=140&_xfRequestUri=%2F&_xfWithData=1&_xfToken=1547783783%2Cbf455b0fac64a901ba4cc3d4f9a0d335&_xfResponseType=json HTTP/1.1" 200 119 "https://www.paladin-extensions.com/" "Mozilla/5.0 (Windows NT 10.0; Win64; x64) AppleWebKit/537.36 (KHTML, like Gecko) Chrome/71.0.3578.98 Safari/537.36"
24.251.180.38 - - [17/Jan/2019:22:56:44 -0500] "GET /index.php?shoutbox/refresh&last_id=140&_xfRequestUri=%2F&_xfWithData=1&_xfToken=1547783783%2Cbf455b0fac64a901ba4cc3d4f9a0d335&_xfResponseType=json HTTP/1.1" 200 119 "https://www.paladin-extensions.com/" "Mozilla/5.0 (Windows NT 10.0; Win64; x64) AppleWebKit/537.36 (KHTML, like Gecko) Chrome/71.0.3578.98 Safari/537.36"
24.251.180.38 - - [17/Jan/2019:22:56:45 -0500] "GET /index.php?shoutbox/refresh&last_id=140&_xfRequestUri=%2F&_xfWithData=1&_xfToken=1547783783%2Cbf455b0fac64a901ba4cc3d4f9a0d335&_xfResponseType=json HTTP/1.1" 200 119 "https://www.paladin-extensions.com/" "Mozilla/5.0 (Windows NT 10.0; Win64; x64) AppleWebKit/537.36 (KHTML, like Gecko) Chrome/71.0.3578.98 Safari/537.36"
24.251.180.38 - - [17/Jan/2019:22:56:46 -0500] "GET /index.php?shoutbox/refresh&last_id=140&_xfRequestUri=%2F&_xfWithData=1&_xfToken=1547783783%2Cbf455b0fac64a901ba4cc3d4f9a0d335&_xfResponseType=json HTTP/1.1" 200 119 "https://www.paladin-extensions.com/" "Mozilla/5.0 (Windows NT 10.0; Win64; x64) AppleWebKit/537.36 (KHTML, like Gecko) Chrome/71.0.3578.98 Safari/537.36"
24.251.180.38 - - [17/Jan/2019:22:56:47 -0500] "GET /index.php?shoutbox/refresh&last_id=140&_xfRequestUri=%2F&_xfWithData=1&_xfToken=1547783783%2Cbf455b0fac64a901ba4cc3d4f9a0d335&_xfResponseType=json HTTP/1.1" 200 119 "https://www.paladin-extensions.com/" "Mozilla/5.0 (Windows NT 10.0; Win64; x64) AppleWebKit/537.36 (KHTML, like Gecko) Chrome/71.0.3578.98 Safari/537.36"
24.251.180.38 - - [17/Jan/2019:22:56:48 -0500] "GET /index.php?shoutbox/refresh&last_id=140&_xfRequestUri=%2F&_xfWithData=1&_xfToken=1547783783%2Cbf455b0fac64a901ba4cc3d4f9a0d335&_xfResponseType=json HTTP/1.1" 200 119 "https://www.paladin-extensions.com/" "Mozilla/5.0 (Windows NT 10.0; Win64; x64) AppleWebKit/537.36 (KHTML, like Gecko) Chrome/71.0.3578.98 Safari/537.36"
24.251.180.38 - - [17/Jan/2019:22:56:49 -0500] "GET /index.php?shoutbox/refresh&last_id=140&_xfRequestUri=%2F&_xfWithData=1&_xfToken=1547783783%2Cbf455b0fac64a901ba4cc3d4f9a0d335&_xfResponseType=json HTTP/1.1" 200 119 "https://www.paladin-extensions.com/" "Mozilla/5.0 (Windows NT 10.0; Win64; x64) AppleWebKit/537.36 (KHTML, like Gecko) Chrome/71.0.3578.98 Safari/537.36"
24.251.180.38 - - [17/Jan/2019:22:56:50 -0500] "GET /index.php?shoutbox/refresh&last_id=140&_xfRequestUri=%2F&_xfWithData=1&_xfToken=1547783783%2Cbf455b0fac64a901ba4cc3d4f9a0d335&_xfResponseType=json HTTP/1.1" 200 119 "https://www.paladin-extensions.com/" "Mozilla/5.0 (Windows NT 10.0; Win64; x64) AppleWebKit/537.36 (KHTML, like Gecko) Chrome/71.0.3578.98 Safari/537.36"
24.251.180.38 - - [17/Jan/2019:22:56:51 -0500] "GET /index.php?shoutbox/refresh&last_id=140&_xfRequestUri=%2F&_xfWithData=1&_xfToken=1547783783%2Cbf455b0fac64a901ba4cc3d4f9a0d335&_xfResponseType=json HTTP/1.1" 200 119 "https://www.paladin-extensions.com/" "Mozilla/5.0 (Windows NT 10.0; Win64; x64) AppleWebKit/537.36 (KHTML, like Gecko) Chrome/71.0.3578.98 Safari/537.36"
24.251.180.38 - - [17/Jan/2019:22:56:52 -0500] "GET /posts/141/ HTTP/1.1" 301 - "https://www.paladin-extensions.com/" "Mozilla/5.0 (Windows NT 10.0; Win64; x64) AppleWebKit/537.36 (KHTML, like Gecko) Chrome/71.0.3578.98 Safari/537.36"
24.251.180.38 - - [17/Jan/2019:22:56:52 -0500] "GET /threads/announcements.7/ HTTP/1.1" 200 28671 "https://www.paladin-extensions.com/" "Mozilla/5.0 (Windows NT 10.0; Win64; x64) AppleWebKit/537.36 (KHTML, like Gecko) Chrome/71.0.3578.98 Safari/537.36"
24.251.180.38 - - [17/Jan/2019:22:56:52 -0500] "GET /index.php?shoutbox/refresh&last_id=140&_xfRequestUri=%2F&_xfWithData=1&_xfToken=1547783783%2Cbf455b0fac64a901ba4cc3d4f9a0d335&_xfResponseType=json HTTP/1.1" 200 119 "https://www.paladin-extensions.com/" "Mozilla/5.0 (Windows NT 10.0; Win64; x64) AppleWebKit/537.36 (KHTML, like Gecko) Chrome/71.0.3578.98 Safari/537.36"
24.251.180.38 - - [17/Jan/2019:22:56:53 -0500] "GET /proxy.php?image=https%3A%2F%2Fcdn.discordapp.com%2Fattachments%2F386693445655199744%2F386786130764365834%2Funknown.png&hash=a274809af086adfd0c2591bb43360cc2 HTTP/1.1" 304 - "https://www.paladin-extensions.com/threads/announcements.7/" "Mozilla/5.0 (Windows NT 10.0; Win64; x64) AppleWebKit/537.36 (KHTML, like Gecko) Chrome/71.0.3578.98 Safari/537.36"
3.86.221.221 - - [17/Jan/2019:23:01:37 -0500] "GET / HTTP/1.1" 503 38415 "http://paladin-extensions.com/" "Mozilla/5.0 (Macintosh; Intel Mac OS X 10_13_4) AppleWebKit/537.36 (KHTML, like Gecko) Chrome/65.0.3325.181 Safari/537.36"
