159.89.159.134 - - [07/Dec/2018:04:02:04 -0500] "GET / HTTP/1.1" 301 - "https://www.paladin.rip/" "HetrixTools Uptime Monitoring Bot. https://hetrix.tools/uptime-monitoring-bot.html"
95.179.139.97 - - [07/Dec/2018:04:02:09 -0500] "GET / HTTP/1.1" 301 - "https://www.paladin.rip/" "HetrixTools Uptime Monitoring Bot. https://hetrix.tools/uptime-monitoring-bot.html"
52.207.41.187 - - [07/Dec/2018:04:02:12 -0500] "GET / HTTP/1.1" 200 13548 "https://paladin-extensions.com/" "HetrixTools Uptime Monitoring Bot. https://hetrix.tools/uptime-monitoring-bot.html"
34.229.189.52 - - [07/Dec/2018:04:02:09 -0500] "GET / HTTP/1.1" 301 - "-" "Mozilla/5.0 (Macintosh; Intel Mac OS X 10_13_4) AppleWebKit/537.36 (KHTML, like Gecko) Chrome/65.0.3325.181 Safari/537.36"
138.197.17.201 - - [07/Dec/2018:03:59:40 -0500] "GET / HTTP/1.1" 301 - "https://www.paladin.rip/" "HetrixTools Uptime Monitoring Bot. https://hetrix.tools/uptime-monitoring-bot.html"
188.166.79.172 - - [07/Dec/2018:03:59:46 -0500] "GET / HTTP/1.1" 301 - "https://www.paladin.rip/" "HetrixTools Uptime Monitoring Bot. https://hetrix.tools/uptime-monitoring-bot.html"
23.239.7.4 - - [07/Dec/2018:04:03:20 -0500] "GET / HTTP/1.1" 301 - "https://www.paladin.rip/" "HetrixTools Uptime Monitoring Bot. https://hetrix.tools/uptime-monitoring-bot.html"
188.166.79.172 - - [07/Dec/2018:04:03:32 -0500] "GET / HTTP/1.1" 301 - "https://www.paladin.rip/" "HetrixTools Uptime Monitoring Bot. https://hetrix.tools/uptime-monitoring-bot.html"
188.166.79.172 - - [07/Dec/2018:04:03:33 -0500] "GET / HTTP/1.1" 200 13511 "https://paladin-extensions.com/" "HetrixTools Uptime Monitoring Bot. https://hetrix.tools/uptime-monitoring-bot.html"
96.126.106.201 - - [07/Dec/2018:04:00:19 -0500] "GET / HTTP/1.1" 301 - "https://www.paladin.rip/" "HetrixTools Uptime Monitoring Bot. https://hetrix.tools/uptime-monitoring-bot.html"
138.197.17.201 - - [07/Dec/2018:04:04:03 -0500] "GET / HTTP/1.1" 301 - "https://www.paladin.rip/" "HetrixTools Uptime Monitoring Bot. https://hetrix.tools/uptime-monitoring-bot.html"
138.197.17.201 - - [07/Dec/2018:04:04:04 -0500] "GET / HTTP/1.1" 200 13514 "https://paladin-extensions.com/" "HetrixTools Uptime Monitoring Bot. https://hetrix.tools/uptime-monitoring-bot.html"
162.213.41.93 - - [07/Dec/2018:04:04:09 -0500] "GET /js/themehouse/global/20180112.min.js?_v=69cb4042 HTTP/1.1" 200 3938 "https://www.paladin-extensions.com/" "Mozilla/5.0 (Windows NT 6.1; WOW64) AppleWebKit/537.36 (KHTML, like Gecko) Chrome/69.0.3497.100 Safari/537.36 OPR/56.0.3051.116"
162.213.41.93 - - [07/Dec/2018:04:00:31 -0500] "GET /js/themehouse/uix_dark/ripple.min.js?_v=69cb4042 HTTP/1.1" 200 692 "https://www.paladin-extensions.com/" "Mozilla/5.0 (Windows NT 6.1; WOW64) AppleWebKit/537.36 (KHTML, like Gecko) Chrome/69.0.3497.100 Safari/537.36 OPR/56.0.3051.116"
162.213.41.93 - - [07/Dec/2018:04:00:42 -0500] "GET /data/avatars/s/0/12.jpg?1519321709 HTTP/1.1" 200 1785 "https://www.paladin-extensions.com/" "Mozilla/5.0 (Windows NT 6.1; WOW64) AppleWebKit/537.36 (KHTML, like Gecko) Chrome/69.0.3497.100 Safari/537.36 OPR/56.0.3051.116"
162.213.41.93 - - [07/Dec/2018:04:00:42 -0500] "GET /js/themehouse/uix_dark/defer.min.js?_v=69cb4042 HTTP/1.1" 200 5041 "https://www.paladin-extensions.com/" "Mozilla/5.0 (Windows NT 6.1; WOW64) AppleWebKit/537.36 (KHTML, like Gecko) Chrome/69.0.3497.100 Safari/537.36 OPR/56.0.3051.116"
23.239.7.4 - - [07/Dec/2018:04:01:05 -0500] "GET / HTTP/1.1" 301 - "https://www.paladin.rip/" "HetrixTools Uptime Monitoring Bot. https://hetrix.tools/uptime-monitoring-bot.html"
138.197.17.201 - - [07/Dec/2018:04:03:15 -0500] "GET / HTTP/1.1" 301 - "https://www.paladin.rip/" "HetrixTools Uptime Monitoring Bot. https://hetrix.tools/uptime-monitoring-bot.html"
24.251.180.38 - - [07/Dec/2018:04:02:30 -0500] "GET /admin.php?templates/account_upgrades.1717/edit&style_id=8 HTTP/1.1" 200 10597 "https://www.paladin-extensions.com/admin.php?templates/search&search=1&style_id=8&type=public&addon_id=_any&state[0]=custom" "Mozilla/5.0 (Windows NT 10.0; Win64; x64) AppleWebKit/537.36 (KHTML, like Gecko) Chrome/70.0.3538.110 Safari/537.36"
24.251.180.38 - - [07/Dec/2018:04:04:12 -0500] "GET /css.php?css=public%3Acode_editor.less%2Cpublic%3Aextra.less&s=0&l=1&d=1544160295&k=e6fab94341ba525a4d38ab366b26f4d933ac93f4 HTTP/1.1" 200 2524 "https://www.paladin-extensions.com/admin.php?templates/account_upgrades.1717/edit&style_id=8" "Mozilla/5.0 (Windows NT 10.0; Win64; x64) AppleWebKit/537.36 (KHTML, like Gecko) Chrome/70.0.3538.110 Safari/537.36"
149.28.212.239 - - [07/Dec/2018:04:04:12 -0500] "GET / HTTP/1.1" 301 - "https://www.paladin.rip/" "HetrixTools Uptime Monitoring Bot. https://hetrix.tools/uptime-monitoring-bot.html"
149.28.212.239 - - [07/Dec/2018:04:04:13 -0500] "GET / HTTP/1.1" 200 13512 "https://paladin-extensions.com/" "HetrixTools Uptime Monitoring Bot. https://hetrix.tools/uptime-monitoring-bot.html"
188.166.79.172 - - [07/Dec/2018:04:03:16 -0500] "GET / HTTP/1.1" 301 - "https://www.paladin.rip/" "HetrixTools Uptime Monitoring Bot. https://hetrix.tools/uptime-monitoring-bot.html"
162.213.41.93 - - [07/Dec/2018:04:04:13 -0500] "POST /job.php HTTP/1.1" 200 14 "https://www.paladin-extensions.com/" "Mozilla/5.0 (Windows NT 6.1; WOW64) AppleWebKit/537.36 (KHTML, like Gecko) Chrome/69.0.3497.100 Safari/537.36 OPR/56.0.3051.116"
24.251.180.38 - - [07/Dec/2018:04:04:13 -0500] "POST /job.php HTTP/1.1" 200 14 "https://www.paladin-extensions.com/admin.php?templates/account_upgrades.1717/edit&style_id=8" "Mozilla/5.0 (Windows NT 10.0; Win64; x64) AppleWebKit/537.36 (KHTML, like Gecko) Chrome/70.0.3538.110 Safari/537.36"
23.239.7.4 - - [07/Dec/2018:04:03:21 -0500] "GET / HTTP/1.1" 200 13481 "https://paladin-extensions.com/" "HetrixTools Uptime Monitoring Bot. https://hetrix.tools/uptime-monitoring-bot.html"
188.166.79.172 - - [07/Dec/2018:04:04:35 -0500] "GET / HTTP/1.1" 301 - "https://www.paladin.rip/" "HetrixTools Uptime Monitoring Bot. https://hetrix.tools/uptime-monitoring-bot.html"
188.166.79.172 - - [07/Dec/2018:04:04:36 -0500] "GET / HTTP/1.1" 200 13506 "https://paladin-extensions.com/" "HetrixTools Uptime Monitoring Bot. https://hetrix.tools/uptime-monitoring-bot.html"
149.28.212.239 - - [07/Dec/2018:04:04:13 -0500] "GET / HTTP/1.1" 301 - "https://www.paladin.rip/" "HetrixTools Uptime Monitoring Bot. https://hetrix.tools/uptime-monitoring-bot.html"
138.197.17.201 - - [07/Dec/2018:04:04:05 -0500] "GET / HTTP/1.1" 301 - "https://www.paladin.rip/" "HetrixTools Uptime Monitoring Bot. https://hetrix.tools/uptime-monitoring-bot.html"
162.213.41.93 - - [07/Dec/2018:04:04:12 -0500] "GET /styles/uix_dark/images/favicon.png HTTP/1.1" 200 46879 "https://www.paladin-extensions.com/" "Mozilla/5.0 (Windows NT 6.1; WOW64) AppleWebKit/537.36 (KHTML, like Gecko) Chrome/69.0.3497.100 Safari/537.36 OPR/56.0.3051.116"
188.166.79.172 - - [07/Dec/2018:04:04:19 -0500] "GET / HTTP/1.1" 301 - "https://www.paladin.rip/" "HetrixTools Uptime Monitoring Bot. https://hetrix.tools/uptime-monitoring-bot.html"
51.15.61.222 - - [07/Dec/2018:04:05:18 -0500] "GET / HTTP/1.1" 301 - "https://www.paladin.rip/" "HetrixTools Uptime Monitoring Bot. https://hetrix.tools/uptime-monitoring-bot.html"
51.15.61.222 - - [07/Dec/2018:04:05:19 -0500] "GET / HTTP/1.1" 200 13545 "https://paladin-extensions.com/" "HetrixTools Uptime Monitoring Bot. https://hetrix.tools/uptime-monitoring-bot.html"
23.239.7.4 - - [07/Dec/2018:04:05:05 -0500] "GET / HTTP/1.1" 301 - "https://www.paladin.rip/" "HetrixTools Uptime Monitoring Bot. https://hetrix.tools/uptime-monitoring-bot.html"
52.23.120.125 - - [07/Dec/2018:04:05:06 -0500] "GET / HTTP/1.1" 301 - "https://www.paladin.rip/" "HetrixTools Uptime Monitoring Bot. https://hetrix.tools/uptime-monitoring-bot.html"
188.166.79.172 - - [07/Dec/2018:04:06:03 -0500] "GET / HTTP/1.1" 301 - "https://www.paladin.rip/" "HetrixTools Uptime Monitoring Bot. https://hetrix.tools/uptime-monitoring-bot.html"
188.166.79.172 - - [07/Dec/2018:04:06:13 -0500] "GET / HTTP/1.1" 200 13511 "https://paladin-extensions.com/" "HetrixTools Uptime Monitoring Bot. https://hetrix.tools/uptime-monitoring-bot.html"
149.28.212.239 - - [07/Dec/2018:04:06:19 -0500] "GET / HTTP/1.1" 301 - "https://www.paladin.rip/" "HetrixTools Uptime Monitoring Bot. https://hetrix.tools/uptime-monitoring-bot.html"
149.28.212.239 - - [07/Dec/2018:04:06:19 -0500] "GET / HTTP/1.1" 200 13514 "https://paladin-extensions.com/" "HetrixTools Uptime Monitoring Bot. https://hetrix.tools/uptime-monitoring-bot.html"
149.28.212.239 - - [07/Dec/2018:04:06:19 -0500] "GET / HTTP/1.1" 301 - "https://www.paladin.rip/" "HetrixTools Uptime Monitoring Bot. https://hetrix.tools/uptime-monitoring-bot.html"
23.239.7.4 - - [07/Dec/2018:04:07:02 -0500] "GET / HTTP/1.1" 301 - "https://www.paladin.rip/" "HetrixTools Uptime Monitoring Bot. https://hetrix.tools/uptime-monitoring-bot.html"
23.239.7.4 - - [07/Dec/2018:04:07:03 -0500] "GET / HTTP/1.1" 200 13512 "https://paladin-extensions.com/" "HetrixTools Uptime Monitoring Bot. https://hetrix.tools/uptime-monitoring-bot.html"
95.179.139.97 - - [07/Dec/2018:04:07:19 -0500] "GET / HTTP/1.1" 301 - "https://www.paladin.rip/" "HetrixTools Uptime Monitoring Bot. https://hetrix.tools/uptime-monitoring-bot.html"
95.179.139.97 - - [07/Dec/2018:04:07:20 -0500] "GET / HTTP/1.1" 200 13510 "https://paladin-extensions.com/" "HetrixTools Uptime Monitoring Bot. https://hetrix.tools/uptime-monitoring-bot.html"
23.239.7.4 - - [07/Dec/2018:04:07:03 -0500] "GET / HTTP/1.1" 301 - "https://www.paladin.rip/" "HetrixTools Uptime Monitoring Bot. https://hetrix.tools/uptime-monitoring-bot.html"
52.207.41.187 - - [07/Dec/2018:04:06:19 -0500] "GET / HTTP/1.1" 301 - "https://www.paladin.rip/" "HetrixTools Uptime Monitoring Bot. https://hetrix.tools/uptime-monitoring-bot.html"
149.28.212.239 - - [07/Dec/2018:04:06:20 -0500] "GET / HTTP/1.1" 200 13508 "https://paladin-extensions.com/" "HetrixTools Uptime Monitoring Bot. https://hetrix.tools/uptime-monitoring-bot.html"
204.187.14.75 - - [07/Dec/2018:04:06:40 -0500] "GET / HTTP/1.1" 200 13546 "-" "Mozilla/5.0 (X11; Linux x86_64; GTmetrix https://gtmetrix.com/) AppleWebKit/537.36 (KHTML, like Gecko) Chrome/62.0.3202.94 Safari/537.36"
52.23.120.125 - - [07/Dec/2018:04:07:26 -0500] "GET / HTTP/1.1" 301 - "https://www.paladin.rip/" "HetrixTools Uptime Monitoring Bot. https://hetrix.tools/uptime-monitoring-bot.html"
23.239.7.4 - - [07/Dec/2018:04:08:08 -0500] "GET / HTTP/1.1" 301 - "https://www.paladin.rip/" "HetrixTools Uptime Monitoring Bot. https://hetrix.tools/uptime-monitoring-bot.html"
96.126.106.201 - - [07/Dec/2018:04:08:08 -0500] "GET / HTTP/1.1" 301 - "https://www.paladin.rip/" "HetrixTools Uptime Monitoring Bot. https://hetrix.tools/uptime-monitoring-bot.html"
23.239.7.4 - - [07/Dec/2018:04:08:09 -0500] "GET / HTTP/1.1" 200 13508 "https://paladin-extensions.com/" "HetrixTools Uptime Monitoring Bot. https://hetrix.tools/uptime-monitoring-bot.html"
23.239.7.4 - - [07/Dec/2018:04:08:09 -0500] "GET / HTTP/1.1" 301 - "https://www.paladin.rip/" "HetrixTools Uptime Monitoring Bot. https://hetrix.tools/uptime-monitoring-bot.html"
51.15.61.222 - - [07/Dec/2018:04:08:10 -0500] "GET / HTTP/1.1" 301 - "https://www.paladin.rip/" "HetrixTools Uptime Monitoring Bot. https://hetrix.tools/uptime-monitoring-bot.html"
51.15.61.222 - - [07/Dec/2018:04:08:11 -0500] "GET / HTTP/1.1" 200 13509 "https://paladin-extensions.com/" "HetrixTools Uptime Monitoring Bot. https://hetrix.tools/uptime-monitoring-bot.html"
96.126.106.201 - - [07/Dec/2018:04:08:09 -0500] "GET / HTTP/1.1" 200 13547 "https://paladin-extensions.com/" "HetrixTools Uptime Monitoring Bot. https://hetrix.tools/uptime-monitoring-bot.html"
23.239.7.4 - - [07/Dec/2018:04:08:09 -0500] "GET / HTTP/1.1" 200 13547 "https://paladin-extensions.com/" "HetrixTools Uptime Monitoring Bot. https://hetrix.tools/uptime-monitoring-bot.html"
52.23.120.125 - - [07/Dec/2018:04:09:10 -0500] "GET / HTTP/1.1" 301 - "https://www.paladin.rip/" "HetrixTools Uptime Monitoring Bot. https://hetrix.tools/uptime-monitoring-bot.html"
52.23.120.125 - - [07/Dec/2018:04:09:11 -0500] "GET / HTTP/1.1" 200 13512 "https://paladin-extensions.com/" "HetrixTools Uptime Monitoring Bot. https://hetrix.tools/uptime-monitoring-bot.html"
52.23.120.125 - - [07/Dec/2018:04:09:12 -0500] "GET / HTTP/1.1" 301 - "https://www.paladin.rip/" "HetrixTools Uptime Monitoring Bot. https://hetrix.tools/uptime-monitoring-bot.html"
52.23.120.125 - - [07/Dec/2018:04:09:13 -0500] "GET / HTTP/1.1" 200 13509 "https://paladin-extensions.com/" "HetrixTools Uptime Monitoring Bot. https://hetrix.tools/uptime-monitoring-bot.html"
52.23.120.125 - - [07/Dec/2018:04:09:14 -0500] "GET / HTTP/1.1" 301 - "https://www.paladin.rip/" "HetrixTools Uptime Monitoring Bot. https://hetrix.tools/uptime-monitoring-bot.html"
159.89.159.134 - - [07/Dec/2018:04:09:22 -0500] "GET / HTTP/1.1" 301 - "https://www.paladin.rip/" "HetrixTools Uptime Monitoring Bot. https://hetrix.tools/uptime-monitoring-bot.html"
159.89.159.134 - - [07/Dec/2018:04:09:22 -0500] "GET / HTTP/1.1" 200 13508 "https://paladin-extensions.com/" "HetrixTools Uptime Monitoring Bot. https://hetrix.tools/uptime-monitoring-bot.html"
159.89.159.134 - - [07/Dec/2018:04:09:22 -0500] "GET / HTTP/1.1" 301 - "https://www.paladin.rip/" "HetrixTools Uptime Monitoring Bot. https://hetrix.tools/uptime-monitoring-bot.html"
159.89.159.134 - - [07/Dec/2018:04:09:23 -0500] "GET / HTTP/1.1" 200 13514 "https://paladin-extensions.com/" "HetrixTools Uptime Monitoring Bot. https://hetrix.tools/uptime-monitoring-bot.html"
159.89.159.134 - - [07/Dec/2018:04:09:23 -0500] "GET / HTTP/1.1" 301 - "https://www.paladin.rip/" "HetrixTools Uptime Monitoring Bot. https://hetrix.tools/uptime-monitoring-bot.html"
188.166.79.172 - - [07/Dec/2018:04:09:34 -0500] "GET / HTTP/1.1" 301 - "https://www.paladin.rip/" "HetrixTools Uptime Monitoring Bot. https://hetrix.tools/uptime-monitoring-bot.html"
188.166.79.172 - - [07/Dec/2018:04:09:35 -0500] "GET / HTTP/1.1" 200 13510 "https://paladin-extensions.com/" "HetrixTools Uptime Monitoring Bot. https://hetrix.tools/uptime-monitoring-bot.html"
52.23.120.125 - - [07/Dec/2018:04:09:15 -0500] "GET / HTTP/1.1" 200 13511 "https://paladin-extensions.com/" "HetrixTools Uptime Monitoring Bot. https://hetrix.tools/uptime-monitoring-bot.html"
188.166.79.172 - - [07/Dec/2018:04:09:18 -0500] "GET / HTTP/1.1" 301 - "https://www.paladin.rip/" "HetrixTools Uptime Monitoring Bot. https://hetrix.tools/uptime-monitoring-bot.html"
159.89.159.134 - - [07/Dec/2018:04:09:23 -0500] "GET / HTTP/1.1" 200 13511 "https://paladin-extensions.com/" "HetrixTools Uptime Monitoring Bot. https://hetrix.tools/uptime-monitoring-bot.html"
23.239.7.4 - - [07/Dec/2018:04:10:04 -0500] "GET / HTTP/1.1" 301 - "https://www.paladin.rip/" "HetrixTools Uptime Monitoring Bot. https://hetrix.tools/uptime-monitoring-bot.html"
138.197.17.201 - - [07/Dec/2018:04:10:10 -0500] "GET / HTTP/1.1" 301 - "https://www.paladin.rip/" "HetrixTools Uptime Monitoring Bot. https://hetrix.tools/uptime-monitoring-bot.html"
51.15.61.222 - - [07/Dec/2018:04:10:11 -0500] "GET / HTTP/1.1" 301 - "https://www.paladin.rip/" "HetrixTools Uptime Monitoring Bot. https://hetrix.tools/uptime-monitoring-bot.html"
51.15.61.222 - - [07/Dec/2018:04:10:28 -0500] "GET / HTTP/1.1" 301 - "https://www.paladin.rip/" "HetrixTools Uptime Monitoring Bot. https://hetrix.tools/uptime-monitoring-bot.html"
51.15.61.222 - - [07/Dec/2018:04:10:29 -0500] "GET / HTTP/1.1" 200 13513 "https://paladin-extensions.com/" "HetrixTools Uptime Monitoring Bot. https://hetrix.tools/uptime-monitoring-bot.html"
24.251.180.38 - - [07/Dec/2018:04:10:18 -0500] "GET /admin.php?user-groups/ HTTP/1.1" 200 8387 "https://www.paladin-extensions.com/admin.php?templates/account_upgrades.1717/edit&style_id=8" "Mozilla/5.0 (Windows NT 10.0; Win64; x64) AppleWebKit/537.36 (KHTML, like Gecko) Chrome/70.0.3538.110 Safari/537.36"
23.239.7.4 - - [07/Dec/2018:04:10:05 -0500] "GET / HTTP/1.1" 200 13512 "https://paladin-extensions.com/" "HetrixTools Uptime Monitoring Bot. https://hetrix.tools/uptime-monitoring-bot.html"
204.187.14.72 - - [07/Dec/2018:04:10:55 -0500] "GET / HTTP/1.1" 200 13511 "-" "Mozilla/5.0 (X11; Linux x86_64; GTmetrix https://gtmetrix.com/) AppleWebKit/537.36 (KHTML, like Gecko) Chrome/62.0.3202.94 Safari/537.36"
24.251.180.38 - - [07/Dec/2018:04:11:12 -0500] "GET /admin.php?user-groups/verified.9/edit HTTP/1.1" 200 20459 "https://www.paladin-extensions.com/admin.php?user-groups/" "Mozilla/5.0 (Windows NT 10.0; Win64; x64) AppleWebKit/537.36 (KHTML, like Gecko) Chrome/70.0.3538.110 Safari/537.36"
24.251.180.38 - - [07/Dec/2018:04:11:12 -0500] "GET /css.php?css=admin%3Apermission.less%2Cpublic%3Aapp_user_banners.less%2Cpublic%3Acode_editor.less%2Cpublic%3Aextra.less&s=0&l=1&d=1544160295&k=36af7a31544bced83a8e9f96e3c21b63b98083a6 HTTP/1.1" 200 3574 "https://www.paladin-extensions.com/admin.php?user-groups/verified.9/edit" "Mozilla/5.0 (Windows NT 10.0; Win64; x64) AppleWebKit/537.36 (KHTML, like Gecko) Chrome/70.0.3538.110 Safari/537.36"
24.251.180.38 - - [07/Dec/2018:04:11:13 -0500] "GET /js/xf/permission.min.js?_v=69cb4042 HTTP/1.1" 200 2369 "https://www.paladin-extensions.com/admin.php?user-groups/verified.9/edit" "Mozilla/5.0 (Windows NT 10.0; Win64; x64) AppleWebKit/537.36 (KHTML, like Gecko) Chrome/70.0.3538.110 Safari/537.36"
24.251.180.38 - - [07/Dec/2018:04:11:13 -0500] "POST /job.php HTTP/1.1" 200 14 "https://www.paladin-extensions.com/admin.php?user-groups/verified.9/edit" "Mozilla/5.0 (Windows NT 10.0; Win64; x64) AppleWebKit/537.36 (KHTML, like Gecko) Chrome/70.0.3538.110 Safari/537.36"
95.179.139.97 - - [07/Dec/2018:04:11:13 -0500] "GET / HTTP/1.1" 301 - "https://www.paladin.rip/" "HetrixTools Uptime Monitoring Bot. https://hetrix.tools/uptime-monitoring-bot.html"
95.179.139.97 - - [07/Dec/2018:04:11:14 -0500] "GET / HTTP/1.1" 200 13502 "https://paladin-extensions.com/" "HetrixTools Uptime Monitoring Bot. https://hetrix.tools/uptime-monitoring-bot.html"
52.207.41.187 - - [07/Dec/2018:04:11:21 -0500] "GET / HTTP/1.1" 301 - "https://www.paladin.rip/" "HetrixTools Uptime Monitoring Bot. https://hetrix.tools/uptime-monitoring-bot.html"
149.28.212.239 - - [07/Dec/2018:04:11:22 -0500] "GET / HTTP/1.1" 301 - "https://www.paladin.rip/" "HetrixTools Uptime Monitoring Bot. https://hetrix.tools/uptime-monitoring-bot.html"
52.207.41.187 - - [07/Dec/2018:04:11:21 -0500] "GET / HTTP/1.1" 200 13499 "https://paladin-extensions.com/" "HetrixTools Uptime Monitoring Bot. https://hetrix.tools/uptime-monitoring-bot.html"
52.207.41.187 - - [07/Dec/2018:04:11:33 -0500] "GET / HTTP/1.1" 301 - "https://www.paladin.rip/" "HetrixTools Uptime Monitoring Bot. https://hetrix.tools/uptime-monitoring-bot.html"
52.207.41.187 - - [07/Dec/2018:04:11:33 -0500] "GET / HTTP/1.1" 200 13503 "https://paladin-extensions.com/" "HetrixTools Uptime Monitoring Bot. https://hetrix.tools/uptime-monitoring-bot.html"
96.126.106.201 - - [07/Dec/2018:04:12:04 -0500] "GET / HTTP/1.1" 301 - "https://www.paladin.rip/" "HetrixTools Uptime Monitoring Bot. https://hetrix.tools/uptime-monitoring-bot.html"
96.126.106.201 - - [07/Dec/2018:04:12:13 -0500] "GET / HTTP/1.1" 200 13513 "https://paladin-extensions.com/" "HetrixTools Uptime Monitoring Bot. https://hetrix.tools/uptime-monitoring-bot.html"
96.126.106.201 - - [07/Dec/2018:04:12:14 -0500] "GET / HTTP/1.1" 301 - "https://www.paladin.rip/" "HetrixTools Uptime Monitoring Bot. https://hetrix.tools/uptime-monitoring-bot.html"
96.126.106.201 - - [07/Dec/2018:04:12:14 -0500] "GET / HTTP/1.1" 200 13515 "https://paladin-extensions.com/" "HetrixTools Uptime Monitoring Bot. https://hetrix.tools/uptime-monitoring-bot.html"
51.15.61.222 - - [07/Dec/2018:04:12:15 -0500] "GET / HTTP/1.1" 301 - "https://www.paladin.rip/" "HetrixTools Uptime Monitoring Bot. https://hetrix.tools/uptime-monitoring-bot.html"
149.28.212.239 - - [07/Dec/2018:04:11:22 -0500] "GET / HTTP/1.1" 200 13514 "https://paladin-extensions.com/" "HetrixTools Uptime Monitoring Bot. https://hetrix.tools/uptime-monitoring-bot.html"
149.28.212.239 - - [07/Dec/2018:04:12:22 -0500] "GET / HTTP/1.1" 301 - "https://www.paladin.rip/" "HetrixTools Uptime Monitoring Bot. https://hetrix.tools/uptime-monitoring-bot.html"
149.28.212.239 - - [07/Dec/2018:04:12:22 -0500] "GET / HTTP/1.1" 200 13511 "https://paladin-extensions.com/" "HetrixTools Uptime Monitoring Bot. https://hetrix.tools/uptime-monitoring-bot.html"
149.28.212.239 - - [07/Dec/2018:04:12:23 -0500] "GET / HTTP/1.1" 301 - "https://www.paladin.rip/" "HetrixTools Uptime Monitoring Bot. https://hetrix.tools/uptime-monitoring-bot.html"
149.28.212.239 - - [07/Dec/2018:04:12:23 -0500] "GET / HTTP/1.1" 200 13509 "https://paladin-extensions.com/" "HetrixTools Uptime Monitoring Bot. https://hetrix.tools/uptime-monitoring-bot.html"
149.28.212.239 - - [07/Dec/2018:04:12:24 -0500] "GET / HTTP/1.1" 301 - "https://www.paladin.rip/" "HetrixTools Uptime Monitoring Bot. https://hetrix.tools/uptime-monitoring-bot.html"
96.126.106.201 - - [07/Dec/2018:04:12:15 -0500] "GET / HTTP/1.1" 301 - "https://www.paladin.rip/" "HetrixTools Uptime Monitoring Bot. https://hetrix.tools/uptime-monitoring-bot.html"
149.28.212.239 - - [07/Dec/2018:04:12:24 -0500] "GET / HTTP/1.1" 200 13515 "https://paladin-extensions.com/" "HetrixTools Uptime Monitoring Bot. https://hetrix.tools/uptime-monitoring-bot.html"
96.126.106.201 - - [07/Dec/2018:04:12:24 -0500] "GET / HTTP/1.1" 200 13514 "https://paladin-extensions.com/" "HetrixTools Uptime Monitoring Bot. https://hetrix.tools/uptime-monitoring-bot.html"
51.15.61.222 - - [07/Dec/2018:04:12:32 -0500] "GET / HTTP/1.1" 301 - "https://www.paladin.rip/" "HetrixTools Uptime Monitoring Bot. https://hetrix.tools/uptime-monitoring-bot.html"
51.15.61.222 - - [07/Dec/2018:04:12:33 -0500] "GET / HTTP/1.1" 200 13546 "https://paladin-extensions.com/" "HetrixTools Uptime Monitoring Bot. https://hetrix.tools/uptime-monitoring-bot.html"
51.15.61.222 - - [07/Dec/2018:04:12:16 -0500] "GET / HTTP/1.1" 200 13514 "https://paladin-extensions.com/" "HetrixTools Uptime Monitoring Bot. https://hetrix.tools/uptime-monitoring-bot.html"
52.52.33.209 - - [07/Dec/2018:04:13:09 -0500] "GET / HTTP/1.1" 301 - "https://www.paladin.rip/" "HetrixTools Uptime Monitoring Bot. https://hetrix.tools/uptime-monitoring-bot.html"
52.52.33.209 - - [07/Dec/2018:04:13:10 -0500] "GET / HTTP/1.1" 200 13533 "https://paladin-extensions.com/" "HetrixTools Uptime Monitoring Bot. https://hetrix.tools/uptime-monitoring-bot.html"
95.179.139.97 - - [07/Dec/2018:04:13:17 -0500] "GET / HTTP/1.1" 301 - "https://www.paladin.rip/" "HetrixTools Uptime Monitoring Bot. https://hetrix.tools/uptime-monitoring-bot.html"
96.126.106.201 - - [07/Dec/2018:04:13:28 -0500] "GET / HTTP/1.1" 301 - "https://www.paladin.rip/" "HetrixTools Uptime Monitoring Bot. https://hetrix.tools/uptime-monitoring-bot.html"
96.126.106.201 - - [07/Dec/2018:04:13:29 -0500] "GET / HTTP/1.1" 200 13511 "https://paladin-extensions.com/" "HetrixTools Uptime Monitoring Bot. https://hetrix.tools/uptime-monitoring-bot.html"
96.126.106.201 - - [07/Dec/2018:04:13:12 -0500] "GET / HTTP/1.1" 301 - "https://www.paladin.rip/" "HetrixTools Uptime Monitoring Bot. https://hetrix.tools/uptime-monitoring-bot.html"
95.179.139.97 - - [07/Dec/2018:04:13:27 -0500] "GET / HTTP/1.1" 200 13510 "https://paladin-extensions.com/" "HetrixTools Uptime Monitoring Bot. https://hetrix.tools/uptime-monitoring-bot.html"
24.251.180.38 - - [07/Dec/2018:04:13:50 -0500] "GET /admin.php?user-upgrades/ HTTP/1.1" 200 10025 "https://www.paladin-extensions.com/admin.php?user-groups/verified.9/edit" "Mozilla/5.0 (Windows NT 10.0; Win64; x64) AppleWebKit/537.36 (KHTML, like Gecko) Chrome/70.0.3538.110 Safari/537.36"
24.251.180.38 - - [07/Dec/2018:04:13:51 -0500] "POST /job.php HTTP/1.1" 200 14 "https://www.paladin-extensions.com/admin.php?user-upgrades/" "Mozilla/5.0 (Windows NT 10.0; Win64; x64) AppleWebKit/537.36 (KHTML, like Gecko) Chrome/70.0.3538.110 Safari/537.36"
138.197.17.201 - - [07/Dec/2018:04:14:04 -0500] "GET / HTTP/1.1" 301 - "https://www.paladin.rip/" "HetrixTools Uptime Monitoring Bot. https://hetrix.tools/uptime-monitoring-bot.html"
138.197.17.201 - - [07/Dec/2018:04:14:05 -0500] "GET / HTTP/1.1" 200 13537 "https://paladin-extensions.com/" "HetrixTools Uptime Monitoring Bot. https://hetrix.tools/uptime-monitoring-bot.html"
52.52.33.209 - - [07/Dec/2018:04:14:06 -0500] "GET / HTTP/1.1" 301 - "https://www.paladin.rip/" "HetrixTools Uptime Monitoring Bot. https://hetrix.tools/uptime-monitoring-bot.html"
52.52.33.209 - - [07/Dec/2018:04:14:06 -0500] "GET / HTTP/1.1" 200 13502 "https://paladin-extensions.com/" "HetrixTools Uptime Monitoring Bot. https://hetrix.tools/uptime-monitoring-bot.html"
24.251.180.38 - - [07/Dec/2018:04:14:33 -0500] "POST /admin.php?templates/account_upgrades.1717/save HTTP/1.1" 200 288 "https://www.paladin-extensions.com/admin.php?templates/account_upgrades.1717/edit&style_id=8" "Mozilla/5.0 (Windows NT 10.0; Win64; x64) AppleWebKit/537.36 (KHTML, like Gecko) Chrome/70.0.3538.110 Safari/537.36"
51.15.61.222 - - [07/Dec/2018:04:14:43 -0500] "GET / HTTP/1.1" 301 - "https://www.paladin.rip/" "HetrixTools Uptime Monitoring Bot. https://hetrix.tools/uptime-monitoring-bot.html"
51.15.61.222 - - [07/Dec/2018:04:14:26 -0500] "GET / HTTP/1.1" 301 - "https://www.paladin.rip/" "HetrixTools Uptime Monitoring Bot. https://hetrix.tools/uptime-monitoring-bot.html"
24.251.180.38 - - [07/Dec/2018:04:14:58 -0500] "POST /admin.php?templates/account_upgrades.1717/save HTTP/1.1" 200 288 "https://www.paladin-extensions.com/admin.php?templates/account_upgrades.1717/edit&style_id=8" "Mozilla/5.0 (Windows NT 10.0; Win64; x64) AppleWebKit/537.36 (KHTML, like Gecko) Chrome/70.0.3538.110 Safari/537.36"
51.15.61.222 - - [07/Dec/2018:04:14:43 -0500] "GET / HTTP/1.1" 200 13510 "https://paladin-extensions.com/" "HetrixTools Uptime Monitoring Bot. https://hetrix.tools/uptime-monitoring-bot.html"
188.166.79.172 - - [07/Dec/2018:04:15:07 -0500] "GET / HTTP/1.1" 301 - "https://www.paladin.rip/" "HetrixTools Uptime Monitoring Bot. https://hetrix.tools/uptime-monitoring-bot.html"
24.251.180.38 - - [07/Dec/2018:04:15:07 -0500] "POST /admin.php?templates/account_upgrades.1717/save HTTP/1.1" 200 344 "https://www.paladin-extensions.com/admin.php?templates/account_upgrades.1717/edit&style_id=8" "Mozilla/5.0 (Windows NT 10.0; Win64; x64) AppleWebKit/537.36 (KHTML, like Gecko) Chrome/70.0.3538.110 Safari/537.36"
188.166.79.172 - - [07/Dec/2018:04:15:08 -0500] "GET / HTTP/1.1" 200 13509 "https://paladin-extensions.com/" "HetrixTools Uptime Monitoring Bot. https://hetrix.tools/uptime-monitoring-bot.html"
96.126.106.201 - - [07/Dec/2018:04:15:27 -0500] "GET / HTTP/1.1" 301 - "https://www.paladin.rip/" "HetrixTools Uptime Monitoring Bot. https://hetrix.tools/uptime-monitoring-bot.html"
23.239.7.4 - - [07/Dec/2018:04:15:37 -0500] "GET / HTTP/1.1" 301 - "https://www.paladin.rip/" "HetrixTools Uptime Monitoring Bot. https://hetrix.tools/uptime-monitoring-bot.html"
23.239.7.4 - - [07/Dec/2018:04:15:38 -0500] "GET / HTTP/1.1" 200 13512 "https://paladin-extensions.com/" "HetrixTools Uptime Monitoring Bot. https://hetrix.tools/uptime-monitoring-bot.html"
96.126.106.201 - - [07/Dec/2018:04:15:43 -0500] "GET / HTTP/1.1" 301 - "https://www.paladin.rip/" "HetrixTools Uptime Monitoring Bot. https://hetrix.tools/uptime-monitoring-bot.html"
96.126.106.201 - - [07/Dec/2018:04:15:44 -0500] "GET / HTTP/1.1" 200 13513 "https://paladin-extensions.com/" "HetrixTools Uptime Monitoring Bot. https://hetrix.tools/uptime-monitoring-bot.html"
24.251.180.38 - - [07/Dec/2018:04:15:45 -0500] "POST /admin.php?templates/account_upgrades.1717/save HTTP/1.1" 200 344 "https://www.paladin-extensions.com/admin.php?templates/account_upgrades.1717/edit&style_id=8" "Mozilla/5.0 (Windows NT 10.0; Win64; x64) AppleWebKit/537.36 (KHTML, like Gecko) Chrome/70.0.3538.110 Safari/537.36"
96.126.106.201 - - [07/Dec/2018:04:15:11 -0500] "GET / HTTP/1.1" 301 - "https://www.paladin.rip/" "HetrixTools Uptime Monitoring Bot. https://hetrix.tools/uptime-monitoring-bot.html"
51.15.61.222 - - [07/Dec/2018:04:16:05 -0500] "GET / HTTP/1.1" 301 - "https://www.paladin.rip/" "HetrixTools Uptime Monitoring Bot. https://hetrix.tools/uptime-monitoring-bot.html"
149.28.212.239 - - [07/Dec/2018:04:16:06 -0500] "GET / HTTP/1.1" 301 - "https://www.paladin.rip/" "HetrixTools Uptime Monitoring Bot. https://hetrix.tools/uptime-monitoring-bot.html"
51.15.61.222 - - [07/Dec/2018:04:16:06 -0500] "GET / HTTP/1.1" 200 13510 "https://paladin-extensions.com/" "HetrixTools Uptime Monitoring Bot. https://hetrix.tools/uptime-monitoring-bot.html"
52.23.120.125 - - [07/Dec/2018:04:16:10 -0500] "GET / HTTP/1.1" 301 - "https://www.paladin.rip/" "HetrixTools Uptime Monitoring Bot. https://hetrix.tools/uptime-monitoring-bot.html"
52.23.120.125 - - [07/Dec/2018:04:16:10 -0500] "GET / HTTP/1.1" 200 13510 "https://paladin-extensions.com/" "HetrixTools Uptime Monitoring Bot. https://hetrix.tools/uptime-monitoring-bot.html"
149.28.212.239 - - [07/Dec/2018:04:16:06 -0500] "GET / HTTP/1.1" 200 13510 "https://paladin-extensions.com/" "HetrixTools Uptime Monitoring Bot. https://hetrix.tools/uptime-monitoring-bot.html"
23.239.7.4 - - [07/Dec/2018:04:15:22 -0500] "GET / HTTP/1.1" 301 - "https://www.paladin.rip/" "HetrixTools Uptime Monitoring Bot. https://hetrix.tools/uptime-monitoring-bot.html"
96.126.106.201 - - [07/Dec/2018:04:15:28 -0500] "GET / HTTP/1.1" 200 13510 "https://paladin-extensions.com/" "HetrixTools Uptime Monitoring Bot. https://hetrix.tools/uptime-monitoring-bot.html"
24.251.180.38 - - [07/Dec/2018:04:16:32 -0500] "POST /admin.php?templates/account_upgrades.1717/save HTTP/1.1" 200 316 "https://www.paladin-extensions.com/admin.php?templates/account_upgrades.1717/edit&style_id=8" "Mozilla/5.0 (Windows NT 10.0; Win64; x64) AppleWebKit/537.36 (KHTML, like Gecko) Chrome/70.0.3538.110 Safari/537.36"
24.251.180.38 - - [07/Dec/2018:04:16:47 -0500] "POST /admin.php?templates/account_upgrades.1717/save HTTP/1.1" 200 407 "https://www.paladin-extensions.com/admin.php?templates/account_upgrades.1717/edit&style_id=8" "Mozilla/5.0 (Windows NT 10.0; Win64; x64) AppleWebKit/537.36 (KHTML, like Gecko) Chrome/70.0.3538.110 Safari/537.36"
24.251.180.38 - - [07/Dec/2018:04:17:00 -0500] "GET /admin.php HTTP/1.1" 200 15426 "https://www.paladin-extensions.com/admin.php?templates/account_upgrades.1717/edit&style_id=8" "Mozilla/5.0 (Windows NT 10.0; Win64; x64) AppleWebKit/537.36 (KHTML, like Gecko) Chrome/70.0.3538.110 Safari/537.36"
24.251.180.38 - - [07/Dec/2018:04:17:01 -0500] "GET /css.php?css=admin%3Aaddon_list.less%2Cadmin%3Aandy_admin_notes.less%2Cadmin%3Astats.less%2Cpublic%3Achartist.css%2Cpublic%3Aextra.less&s=0&l=1&d=1544174216&k=0a5712f5b9bcf0ae15760d8b5c6dc2591cd12082 HTTP/1.1" 200 2552 "https://www.paladin-extensions.com/admin.php" "Mozilla/5.0 (Windows NT 10.0; Win64; x64) AppleWebKit/537.36 (KHTML, like Gecko) Chrome/70.0.3538.110 Safari/537.36"
24.251.180.38 - - [07/Dec/2018:04:17:01 -0500] "GET /css.php?css=public%3Anormalize.css%2Cpublic%3Acore.less%2Cadmin%3Aapp.less&s=0&l=1&d=1544174216&k=70b79d3dcfe250a225cb76ad610c6941d61ef51c HTTP/1.1" 200 34067 "https://www.paladin-extensions.com/admin.php" "Mozilla/5.0 (Windows NT 10.0; Win64; x64) AppleWebKit/537.36 (KHTML, like Gecko) Chrome/70.0.3538.110 Safari/537.36"
24.251.180.38 - - [07/Dec/2018:04:17:01 -0500] "GET /admin.php?add-ons/Andy-ConversationView/icon HTTP/1.1" 200 3440 "https://www.paladin-extensions.com/admin.php" "Mozilla/5.0 (Windows NT 10.0; Win64; x64) AppleWebKit/537.36 (KHTML, like Gecko) Chrome/70.0.3538.110 Safari/537.36"
24.251.180.38 - - [07/Dec/2018:04:17:02 -0500] "GET /admin.php?add-ons/Andy-History/icon HTTP/1.1" 200 3046 "https://www.paladin-extensions.com/admin.php" "Mozilla/5.0 (Windows NT 10.0; Win64; x64) AppleWebKit/537.36 (KHTML, like Gecko) Chrome/70.0.3538.110 Safari/537.36"
24.251.180.38 - - [07/Dec/2018:04:17:02 -0500] "GET /admin.php?add-ons/Andy-InactiveMembers/icon HTTP/1.1" 200 3646 "https://www.paladin-extensions.com/admin.php" "Mozilla/5.0 (Windows NT 10.0; Win64; x64) AppleWebKit/537.36 (KHTML, like Gecko) Chrome/70.0.3538.110 Safari/537.36"
24.251.180.38 - - [07/Dec/2018:04:17:02 -0500] "POST /job.php HTTP/1.1" 200 14 "https://www.paladin-extensions.com/admin.php" "Mozilla/5.0 (Windows NT 10.0; Win64; x64) AppleWebKit/537.36 (KHTML, like Gecko) Chrome/70.0.3538.110 Safari/537.36"
24.251.180.38 - - [07/Dec/2018:04:17:01 -0500] "GET /admin.php?add-ons/XenConcept-WarningLogs/icon HTTP/1.1" 200 27385 "https://www.paladin-extensions.com/admin.php" "Mozilla/5.0 (Windows NT 10.0; Win64; x64) AppleWebKit/537.36 (KHTML, like Gecko) Chrome/70.0.3538.110 Safari/537.36"
24.251.180.38 - - [07/Dec/2018:04:17:01 -0500] "GET /admin.php?add-ons/xFv-ThreadStarter/icon HTTP/1.1" 200 7500 "https://www.paladin-extensions.com/admin.php" "Mozilla/5.0 (Windows NT 10.0; Win64; x64) AppleWebKit/537.36 (KHTML, like Gecko) Chrome/70.0.3538.110 Safari/537.36"
24.251.180.38 - - [07/Dec/2018:04:17:02 -0500] "GET /admin.php?add-ons/Andy-EmailLog/icon HTTP/1.1" 200 3399 "https://www.paladin-extensions.com/admin.php" "Mozilla/5.0 (Windows NT 10.0; Win64; x64) AppleWebKit/537.36 (KHTML, like Gecko) Chrome/70.0.3538.110 Safari/537.36"
24.251.180.38 - - [07/Dec/2018:04:17:01 -0500] "GET /admin.php?add-ons/ThemeHouse-Reactions/icon HTTP/1.1" 200 12988 "https://www.paladin-extensions.com/admin.php" "Mozilla/5.0 (Windows NT 10.0; Win64; x64) AppleWebKit/537.36 (KHTML, like Gecko) Chrome/70.0.3538.110 Safari/537.36"
24.251.180.38 - - [07/Dec/2018:04:17:02 -0500] "GET /admin.php?add-ons/Andy-SimilarThreads/icon HTTP/1.1" 200 2891 "https://www.paladin-extensions.com/admin.php" "Mozilla/5.0 (Windows NT 10.0; Win64; x64) AppleWebKit/537.36 (KHTML, like Gecko) Chrome/70.0.3538.110 Safari/537.36"
24.251.180.38 - - [07/Dec/2018:04:17:01 -0500] "GET /admin.php?add-ons/Andy-AdminNotes/icon HTTP/1.1" 200 3937 "https://www.paladin-extensions.com/admin.php" "Mozilla/5.0 (Windows NT 10.0; Win64; x64) AppleWebKit/537.36 (KHTML, like Gecko) Chrome/70.0.3538.110 Safari/537.36"
24.251.180.38 - - [07/Dec/2018:04:17:02 -0500] "GET /admin.php?add-ons/XFRM/icon HTTP/1.1" 200 1279 "https://www.paladin-extensions.com/admin.php" "Mozilla/5.0 (Windows NT 10.0; Win64; x64) AppleWebKit/537.36 (KHTML, like Gecko) Chrome/70.0.3538.110 Safari/537.36"
24.251.180.38 - - [07/Dec/2018:04:17:02 -0500] "GET /admin.php?add-ons/GoogleSearch/icon HTTP/1.1" 200 28013 "https://www.paladin-extensions.com/admin.php" "Mozilla/5.0 (Windows NT 10.0; Win64; x64) AppleWebKit/537.36 (KHTML, like Gecko) Chrome/70.0.3538.110 Safari/537.36"
24.251.180.38 - - [07/Dec/2018:04:17:01 -0500] "GET /admin.php?add-ons/ThemeHouse-UIX/icon HTTP/1.1" 200 7593 "https://www.paladin-extensions.com/admin.php" "Mozilla/5.0 (Windows NT 10.0; Win64; x64) AppleWebKit/537.36 (KHTML, like Gecko) Chrome/70.0.3538.110 Safari/537.36"
24.251.180.38 - - [07/Dec/2018:04:17:02 -0500] "GET /admin.php?add-ons/Andy-MemberNotes/icon HTTP/1.1" 200 3936 "https://www.paladin-extensions.com/admin.php" "Mozilla/5.0 (Windows NT 10.0; Win64; x64) AppleWebKit/537.36 (KHTML, like Gecko) Chrome/70.0.3538.110 Safari/537.36"
24.251.180.38 - - [07/Dec/2018:04:17:03 -0500] "GET /index.php HTTP/1.1" 301 - "https://www.paladin-extensions.com/admin.php" "Mozilla/5.0 (Windows NT 10.0; Win64; x64) AppleWebKit/537.36 (KHTML, like Gecko) Chrome/70.0.3538.110 Safari/537.36"
24.251.180.38 - - [07/Dec/2018:04:17:03 -0500] "GET / HTTP/1.1" 200 24973 "https://www.paladin-extensions.com/admin.php" "Mozilla/5.0 (Windows NT 10.0; Win64; x64) AppleWebKit/537.36 (KHTML, like Gecko) Chrome/70.0.3538.110 Safari/537.36"
24.251.180.38 - - [07/Dec/2018:04:17:04 -0500] "GET /proxy.php?image=https%3A%2F%2Fi.imgur.com%2Fr0tCHeM.png&hash=a03d2b5f8380cd2ff938cef4f2dadcec HTTP/1.1" 200 14887 "https://www.paladin-extensions.com/" "Mozilla/5.0 (Windows NT 10.0; Win64; x64) AppleWebKit/537.36 (KHTML, like Gecko) Chrome/70.0.3538.110 Safari/537.36"
159.89.159.134 - - [07/Dec/2018:04:17:07 -0500] "GET / HTTP/1.1" 301 - "https://www.paladin.rip/" "HetrixTools Uptime Monitoring Bot. https://hetrix.tools/uptime-monitoring-bot.html"
159.89.159.134 - - [07/Dec/2018:04:17:08 -0500] "GET / HTTP/1.1" 200 13492 "https://paladin-extensions.com/" "HetrixTools Uptime Monitoring Bot. https://hetrix.tools/uptime-monitoring-bot.html"
96.126.106.201 - - [07/Dec/2018:04:17:15 -0500] "GET / HTTP/1.1" 301 - "https://www.paladin.rip/" "HetrixTools Uptime Monitoring Bot. https://hetrix.tools/uptime-monitoring-bot.html"
96.126.106.201 - - [07/Dec/2018:04:17:15 -0500] "GET / HTTP/1.1" 200 13498 "https://paladin-extensions.com/" "HetrixTools Uptime Monitoring Bot. https://hetrix.tools/uptime-monitoring-bot.html"
24.251.180.38 - - [07/Dec/2018:04:17:02 -0500] "GET /admin.php?add-ons/NF-GiftUpgrades/icon HTTP/1.1" 503 21386 "https://www.paladin-extensions.com/admin.php" "Mozilla/5.0 (Windows NT 10.0; Win64; x64) AppleWebKit/537.36 (KHTML, like Gecko) Chrome/70.0.3538.110 Safari/537.36"
24.251.180.38 - - [07/Dec/2018:04:17:01 -0500] "GET /admin.php?add-ons/XenConcept-LoginAsUser/icon HTTP/1.1" 503 21386 "https://www.paladin-extensions.com/admin.php" "Mozilla/5.0 (Windows NT 10.0; Win64; x64) AppleWebKit/537.36 (KHTML, like Gecko) Chrome/70.0.3538.110 Safari/537.36"
95.179.139.97 - - [07/Dec/2018:04:17:08 -0500] "GET / HTTP/1.1" 503 38657 "https://www.paladin.rip/" "HetrixTools Uptime Monitoring Bot. https://hetrix.tools/uptime-monitoring-bot.html"
24.251.180.38 - - [07/Dec/2018:04:17:02 -0500] "GET /admin.php?add-ons/Andy-DeletePosts/icon HTTP/1.1" 503 21386 "https://www.paladin-extensions.com/admin.php" "Mozilla/5.0 (Windows NT 10.0; Win64; x64) AppleWebKit/537.36 (KHTML, like Gecko) Chrome/70.0.3538.110 Safari/537.36"
24.251.180.38 - - [07/Dec/2018:04:17:01 -0500] "GET /admin.php?add-ons/ahDiscordWidget/icon HTTP/1.1" 503 21386 "https://www.paladin-extensions.com/admin.php" "Mozilla/5.0 (Windows NT 10.0; Win64; x64) AppleWebKit/537.36 (KHTML, like Gecko) Chrome/70.0.3538.110 Safari/537.36"
24.251.180.38 - - [07/Dec/2018:04:17:01 -0500] "GET /admin.php?add-ons/ThemeHouse-Bookmarks/icon HTTP/1.1" 503 21386 "https://www.paladin-extensions.com/admin.php" "Mozilla/5.0 (Windows NT 10.0; Win64; x64) AppleWebKit/537.36 (KHTML, like Gecko) Chrome/70.0.3538.110 Safari/537.36"
24.251.180.38 - - [07/Dec/2018:04:17:04 -0500] "GET /css.php?css=public%3Aandy_countdown.less%2Cpublic%3Alightbox.less%2Cpublic%3Anode_list.less%2Cpublic%3Asiropu_shoutbox.less%2Cpublic%3Ath_reactions.less%2Cpublic%3Ath_widget_post_thread_uix.less%2Cpublic%3Aextra.less&s=8&l=1&d=1544174216&k=b19c0990550e46e3b7f8bee562a1ad3152b6c340 HTTP/1.1" 503 38997 "https://www.paladin-extensions.com/" "Mozilla/5.0 (Windows NT 10.0; Win64; x64) AppleWebKit/537.36 (KHTML, like Gecko) Chrome/70.0.3538.110 Safari/537.36"
24.251.180.38 - - [07/Dec/2018:04:17:02 -0500] "GET /admin.php?add-ons/Andy-Countdown/icon HTTP/1.1" 503 21386 "https://www.paladin-extensions.com/admin.php" "Mozilla/5.0 (Windows NT 10.0; Win64; x64) AppleWebKit/537.36 (KHTML, like Gecko) Chrome/70.0.3538.110 Safari/537.36"
24.251.180.38 - - [07/Dec/2018:04:17:32 -0500] "POST /index.php?shoutbox/refresh HTTP/1.1" 200 119 "https://www.paladin-extensions.com/" "Mozilla/5.0 (Windows NT 10.0; Win64; x64) AppleWebKit/537.36 (KHTML, like Gecko) Chrome/70.0.3538.110 Safari/537.36"
24.251.180.38 - - [07/Dec/2018:04:17:33 -0500] "POST /index.php?shoutbox/refresh HTTP/1.1" 200 119 "https://www.paladin-extensions.com/" "Mozilla/5.0 (Windows NT 10.0; Win64; x64) AppleWebKit/537.36 (KHTML, like Gecko) Chrome/70.0.3538.110 Safari/537.36"
24.251.180.38 - - [07/Dec/2018:04:17:34 -0500] "POST /index.php?shoutbox/refresh HTTP/1.1" 200 119 "https://www.paladin-extensions.com/" "Mozilla/5.0 (Windows NT 10.0; Win64; x64) AppleWebKit/537.36 (KHTML, like Gecko) Chrome/70.0.3538.110 Safari/537.36"
24.251.180.38 - - [07/Dec/2018:04:17:35 -0500] "POST /index.php?shoutbox/refresh HTTP/1.1" 200 119 "https://www.paladin-extensions.com/" "Mozilla/5.0 (Windows NT 10.0; Win64; x64) AppleWebKit/537.36 (KHTML, like Gecko) Chrome/70.0.3538.110 Safari/537.36"
95.179.139.97 - - [07/Dec/2018:04:17:27 -0500] "GET / HTTP/1.1" 301 - "https://www.paladin.rip/" "HetrixTools Uptime Monitoring Bot. https://hetrix.tools/uptime-monitoring-bot.html"
24.251.180.38 - - [07/Dec/2018:04:17:36 -0500] "GET / HTTP/1.1" 200 24980 "https://www.paladin-extensions.com/" "Mozilla/5.0 (Windows NT 10.0; Win64; x64) AppleWebKit/537.36 (KHTML, like Gecko) Chrome/70.0.3538.110 Safari/537.36"
24.251.180.38 - - [07/Dec/2018:04:17:36 -0500] "POST /index.php?shoutbox/refresh HTTP/1.1" 200 119 "https://www.paladin-extensions.com/" "Mozilla/5.0 (Windows NT 10.0; Win64; x64) AppleWebKit/537.36 (KHTML, like Gecko) Chrome/70.0.3538.110 Safari/537.36"
24.251.180.38 - - [07/Dec/2018:04:17:36 -0500] "GET /proxy.php?image=https%3A%2F%2Fi.imgur.com%2Fr0tCHeM.png&hash=a03d2b5f8380cd2ff938cef4f2dadcec HTTP/1.1" 304 - "https://www.paladin-extensions.com/" "Mozilla/5.0 (Windows NT 10.0; Win64; x64) AppleWebKit/537.36 (KHTML, like Gecko) Chrome/70.0.3538.110 Safari/537.36"
95.179.139.97 - - [07/Dec/2018:04:17:36 -0500] "GET / HTTP/1.1" 200 13495 "https://paladin-extensions.com/" "HetrixTools Uptime Monitoring Bot. https://hetrix.tools/uptime-monitoring-bot.html"
24.251.180.38 - - [07/Dec/2018:04:17:36 -0500] "GET /css.php?css=public%3Aandy_countdown.less%2Cpublic%3Alightbox.less%2Cpublic%3Anode_list.less%2Cpublic%3Asiropu_shoutbox.less%2Cpublic%3Ath_reactions.less%2Cpublic%3Ath_widget_post_thread_uix.less%2Cpublic%3Aextra.less&s=8&l=1&d=1544174216&k=b19c0990550e46e3b7f8bee562a1ad3152b6c340 HTTP/1.1" 200 17042 "https://www.paladin-extensions.com/" "Mozilla/5.0 (Windows NT 10.0; Win64; x64) AppleWebKit/537.36 (KHTML, like Gecko) Chrome/70.0.3538.110 Safari/537.36"
24.251.180.38 - - [07/Dec/2018:04:17:36 -0500] "GET /css.php?css=public%3Anormalize.css%2Cpublic%3Acore.less%2Cpublic%3Aapp.less&s=8&l=1&d=1544174216&k=56a8f8f98ae4201a1d95aad9f134c20bd812cfeb HTTP/1.1" 200 54163 "https://www.paladin-extensions.com/" "Mozilla/5.0 (Windows NT 10.0; Win64; x64) AppleWebKit/537.36 (KHTML, like Gecko) Chrome/70.0.3538.110 Safari/537.36"
24.251.180.38 - - [07/Dec/2018:04:18:02 -0500] "POST /index.php?shoutbox/refresh HTTP/1.1" 200 119 "https://www.paladin-extensions.com/" "Mozilla/5.0 (Windows NT 10.0; Win64; x64) AppleWebKit/537.36 (KHTML, like Gecko) Chrome/70.0.3538.110 Safari/537.36"
24.251.180.38 - - [07/Dec/2018:04:18:05 -0500] "POST /index.php?shoutbox/refresh HTTP/1.1" 200 119 "https://www.paladin-extensions.com/" "Mozilla/5.0 (Windows NT 10.0; Win64; x64) AppleWebKit/537.36 (KHTML, like Gecko) Chrome/70.0.3538.110 Safari/537.36"
24.251.180.38 - - [07/Dec/2018:04:18:07 -0500] "POST /index.php?shoutbox/refresh HTTP/1.1" 200 119 "https://www.paladin-extensions.com/" "Mozilla/5.0 (Windows NT 10.0; Win64; x64) AppleWebKit/537.36 (KHTML, like Gecko) Chrome/70.0.3538.110 Safari/537.36"
24.251.180.38 - - [07/Dec/2018:04:18:08 -0500] "POST /index.php?shoutbox/refresh HTTP/1.1" 200 119 "https://www.paladin-extensions.com/" "Mozilla/5.0 (Windows NT 10.0; Win64; x64) AppleWebKit/537.36 (KHTML, like Gecko) Chrome/70.0.3538.110 Safari/537.36"
24.251.180.38 - - [07/Dec/2018:04:18:10 -0500] "POST /index.php?shoutbox/refresh HTTP/1.1" 200 119 "https://www.paladin-extensions.com/" "Mozilla/5.0 (Windows NT 10.0; Win64; x64) AppleWebKit/537.36 (KHTML, like Gecko) Chrome/70.0.3538.110 Safari/537.36"
24.251.180.38 - - [07/Dec/2018:04:18:11 -0500] "POST /index.php?shoutbox/refresh HTTP/1.1" 200 119 "https://www.paladin-extensions.com/" "Mozilla/5.0 (Windows NT 10.0; Win64; x64) AppleWebKit/537.36 (KHTML, like Gecko) Chrome/70.0.3538.110 Safari/537.36"
96.126.106.201 - - [07/Dec/2018:04:18:13 -0500] "GET / HTTP/1.1" 301 - "https://www.paladin.rip/" "HetrixTools Uptime Monitoring Bot. https://hetrix.tools/uptime-monitoring-bot.html"
24.251.180.38 - - [07/Dec/2018:04:18:13 -0500] "POST /index.php?shoutbox/refresh HTTP/1.1" 200 119 "https://www.paladin-extensions.com/" "Mozilla/5.0 (Windows NT 10.0; Win64; x64) AppleWebKit/537.36 (KHTML, like Gecko) Chrome/70.0.3538.110 Safari/537.36"
96.126.106.201 - - [07/Dec/2018:04:18:14 -0500] "GET / HTTP/1.1" 200 13505 "https://paladin-extensions.com/" "HetrixTools Uptime Monitoring Bot. https://hetrix.tools/uptime-monitoring-bot.html"
24.251.180.38 - - [07/Dec/2018:04:18:15 -0500] "POST /index.php?shoutbox/refresh HTTP/1.1" 200 119 "https://www.paladin-extensions.com/" "Mozilla/5.0 (Windows NT 10.0; Win64; x64) AppleWebKit/537.36 (KHTML, like Gecko) Chrome/70.0.3538.110 Safari/537.36"
24.251.180.38 - - [07/Dec/2018:04:18:16 -0500] "POST /index.php?shoutbox/refresh HTTP/1.1" 200 119 "https://www.paladin-extensions.com/" "Mozilla/5.0 (Windows NT 10.0; Win64; x64) AppleWebKit/537.36 (KHTML, like Gecko) Chrome/70.0.3538.110 Safari/537.36"
24.251.180.38 - - [07/Dec/2018:04:18:17 -0500] "POST /index.php?shoutbox/refresh HTTP/1.1" 200 119 "https://www.paladin-extensions.com/" "Mozilla/5.0 (Windows NT 10.0; Win64; x64) AppleWebKit/537.36 (KHTML, like Gecko) Chrome/70.0.3538.110 Safari/537.36"
24.251.180.38 - - [07/Dec/2018:04:18:18 -0500] "POST /index.php?shoutbox/refresh HTTP/1.1" 200 119 "https://www.paladin-extensions.com/" "Mozilla/5.0 (Windows NT 10.0; Win64; x64) AppleWebKit/537.36 (KHTML, like Gecko) Chrome/70.0.3538.110 Safari/537.36"
24.251.180.38 - - [07/Dec/2018:04:18:19 -0500] "POST /index.php?shoutbox/refresh HTTP/1.1" 200 119 "https://www.paladin-extensions.com/" "Mozilla/5.0 (Windows NT 10.0; Win64; x64) AppleWebKit/537.36 (KHTML, like Gecko) Chrome/70.0.3538.110 Safari/537.36"
159.89.159.134 - - [07/Dec/2018:04:18:20 -0500] "GET / HTTP/1.1" 301 - "https://www.paladin.rip/" "HetrixTools Uptime Monitoring Bot. https://hetrix.tools/uptime-monitoring-bot.html"
95.179.139.97 - - [07/Dec/2018:04:18:20 -0500] "GET / HTTP/1.1" 301 - "https://www.paladin.rip/" "HetrixTools Uptime Monitoring Bot. https://hetrix.tools/uptime-monitoring-bot.html"
24.251.180.38 - - [07/Dec/2018:04:18:20 -0500] "POST /index.php?shoutbox/refresh HTTP/1.1" 200 119 "https://www.paladin-extensions.com/" "Mozilla/5.0 (Windows NT 10.0; Win64; x64) AppleWebKit/537.36 (KHTML, like Gecko) Chrome/70.0.3538.110 Safari/537.36"
159.89.159.134 - - [07/Dec/2018:04:18:21 -0500] "GET / HTTP/1.1" 200 13505 "https://paladin-extensions.com/" "HetrixTools Uptime Monitoring Bot. https://hetrix.tools/uptime-monitoring-bot.html"
95.179.139.97 - - [07/Dec/2018:04:18:21 -0500] "GET / HTTP/1.1" 200 13509 "https://paladin-extensions.com/" "HetrixTools Uptime Monitoring Bot. https://hetrix.tools/uptime-monitoring-bot.html"
24.251.180.38 - - [07/Dec/2018:04:18:21 -0500] "POST /index.php?shoutbox/refresh HTTP/1.1" 200 119 "https://www.paladin-extensions.com/" "Mozilla/5.0 (Windows NT 10.0; Win64; x64) AppleWebKit/537.36 (KHTML, like Gecko) Chrome/70.0.3538.110 Safari/537.36"
24.251.180.38 - - [07/Dec/2018:04:18:22 -0500] "POST /index.php?shoutbox/refresh HTTP/1.1" 200 119 "https://www.paladin-extensions.com/" "Mozilla/5.0 (Windows NT 10.0; Win64; x64) AppleWebKit/537.36 (KHTML, like Gecko) Chrome/70.0.3538.110 Safari/537.36"
24.251.180.38 - - [07/Dec/2018:04:18:23 -0500] "POST /index.php?shoutbox/refresh HTTP/1.1" 200 119 "https://www.paladin-extensions.com/" "Mozilla/5.0 (Windows NT 10.0; Win64; x64) AppleWebKit/537.36 (KHTML, like Gecko) Chrome/70.0.3538.110 Safari/537.36"
24.251.180.38 - - [07/Dec/2018:04:18:24 -0500] "POST /index.php?shoutbox/refresh HTTP/1.1" 200 119 "https://www.paladin-extensions.com/" "Mozilla/5.0 (Windows NT 10.0; Win64; x64) AppleWebKit/537.36 (KHTML, like Gecko) Chrome/70.0.3538.110 Safari/537.36"
24.251.180.38 - - [07/Dec/2018:04:18:25 -0500] "POST /index.php?shoutbox/refresh HTTP/1.1" 200 119 "https://www.paladin-extensions.com/" "Mozilla/5.0 (Windows NT 10.0; Win64; x64) AppleWebKit/537.36 (KHTML, like Gecko) Chrome/70.0.3538.110 Safari/537.36"
24.251.180.38 - - [07/Dec/2018:04:18:26 -0500] "POST /index.php?shoutbox/refresh HTTP/1.1" 200 119 "https://www.paladin-extensions.com/" "Mozilla/5.0 (Windows NT 10.0; Win64; x64) AppleWebKit/537.36 (KHTML, like Gecko) Chrome/70.0.3538.110 Safari/537.36"
24.251.180.38 - - [07/Dec/2018:04:18:27 -0500] "POST /index.php?shoutbox/refresh HTTP/1.1" 200 119 "https://www.paladin-extensions.com/" "Mozilla/5.0 (Windows NT 10.0; Win64; x64) AppleWebKit/537.36 (KHTML, like Gecko) Chrome/70.0.3538.110 Safari/537.36"
24.251.180.38 - - [07/Dec/2018:04:18:28 -0500] "POST /index.php?shoutbox/refresh HTTP/1.1" 200 119 "https://www.paladin-extensions.com/" "Mozilla/5.0 (Windows NT 10.0; Win64; x64) AppleWebKit/537.36 (KHTML, like Gecko) Chrome/70.0.3538.110 Safari/537.36"
24.251.180.38 - - [07/Dec/2018:04:18:29 -0500] "POST /index.php?shoutbox/refresh HTTP/1.1" 200 119 "https://www.paladin-extensions.com/" "Mozilla/5.0 (Windows NT 10.0; Win64; x64) AppleWebKit/537.36 (KHTML, like Gecko) Chrome/70.0.3538.110 Safari/537.36"
24.251.180.38 - - [07/Dec/2018:04:18:31 -0500] "GET /members/robitussin.32/?tooltip=true&_xfRequestUri=%2F&_xfWithData=1&_xfToken=1544174256%2Cfeb043f534f0087fa45b6de16f8fdf12&_xfResponseType=json HTTP/1.1" 200 5867 "https://www.paladin-extensions.com/" "Mozilla/5.0 (Windows NT 10.0; Win64; x64) AppleWebKit/537.36 (KHTML, like Gecko) Chrome/70.0.3538.110 Safari/537.36"
24.251.180.38 - - [07/Dec/2018:04:18:32 -0500] "GET /css.php?css=public:member_tooltip.less&s=8&l=1&d=1544174216 HTTP/1.1" 200 505 "https://www.paladin-extensions.com/" "Mozilla/5.0 (Windows NT 10.0; Win64; x64) AppleWebKit/537.36 (KHTML, like Gecko) Chrome/70.0.3538.110 Safari/537.36"
24.251.180.38 - - [07/Dec/2018:04:18:32 -0500] "POST /index.php?shoutbox/refresh HTTP/1.1" 200 119 "https://www.paladin-extensions.com/" "Mozilla/5.0 (Windows NT 10.0; Win64; x64) AppleWebKit/537.36 (KHTML, like Gecko) Chrome/70.0.3538.110 Safari/537.36"
