174.212.0.228 - - [26/Dec/2018:15:37:08 -0500] "GET /index.php?shoutbox/refresh&last_id=140&_xfRequestUri=%2F&_xfWithData=1&_xfToken=1545856485%2C4e577224c193d02c4f4e40056bf3ab58&_xfResponseType=json HTTP/1.1" 200 269 "https://www.paladin-extensions.com/" "Mozilla/5.0 (iPhone; CPU iPhone OS 11_2_1 like Mac OS X) AppleWebKit/604.1.34 (KHTML, like Gecko) CriOS/71.0.3578.89 Mobile/15C153 Safari/604.1"
138.197.17.201 - - [26/Dec/2018:15:37:08 -0500] "GET / HTTP/1.1" 503 10000 "https://paladin-extensions.com/" "HetrixTools Uptime Monitoring Bot. https://hetrix.tools/uptime-monitoring-bot.html"
174.212.0.228 - - [26/Dec/2018:15:37:10 -0500] "GET /index.php?shoutbox/refresh&last_id=140&_xfRequestUri=%2F&_xfWithData=1&_xfToken=1545856485%2C4e577224c193d02c4f4e40056bf3ab58&_xfResponseType=json HTTP/1.1" 200 270 "https://www.paladin-extensions.com/" "Mozilla/5.0 (iPhone; CPU iPhone OS 11_2_1 like Mac OS X) AppleWebKit/604.1.34 (KHTML, like Gecko) CriOS/71.0.3578.89 Mobile/15C153 Safari/604.1"
54.175.214.255 - - [26/Dec/2018:15:37:11 -0500] "GET / HTTP/1.1" 503 38393 "http://paladin-extensions.com/" "Mozilla/5.0 (Macintosh; Intel Mac OS X 10_13_4) AppleWebKit/537.36 (KHTML, like Gecko) Chrome/65.0.3325.181 Safari/537.36"
188.166.79.172 - - [26/Dec/2018:15:37:11 -0500] "GET / HTTP/1.1" 301 - "https://www.paladin.rip/" "HetrixTools Uptime Monitoring Bot. https://hetrix.tools/uptime-monitoring-bot.html"
188.166.79.172 - - [26/Dec/2018:15:37:12 -0500] "GET / HTTP/1.1" 503 9999 "https://paladin-extensions.com/" "HetrixTools Uptime Monitoring Bot. https://hetrix.tools/uptime-monitoring-bot.html"
174.212.0.228 - - [26/Dec/2018:15:37:12 -0500] "GET /index.php?shoutbox/refresh&last_id=140&_xfRequestUri=%2F&_xfWithData=1&_xfToken=1545856485%2C4e577224c193d02c4f4e40056bf3ab58&_xfResponseType=json HTTP/1.1" 200 269 "https://www.paladin-extensions.com/" "Mozilla/5.0 (iPhone; CPU iPhone OS 11_2_1 like Mac OS X) AppleWebKit/604.1.34 (KHTML, like Gecko) CriOS/71.0.3578.89 Mobile/15C153 Safari/604.1"
174.212.0.228 - - [26/Dec/2018:15:37:14 -0500] "GET /index.php?shoutbox/refresh&last_id=140&_xfRequestUri=%2F&_xfWithData=1&_xfToken=1545856485%2C4e577224c193d02c4f4e40056bf3ab58&_xfResponseType=json HTTP/1.1" 200 270 "https://www.paladin-extensions.com/" "Mozilla/5.0 (iPhone; CPU iPhone OS 11_2_1 like Mac OS X) AppleWebKit/604.1.34 (KHTML, like Gecko) CriOS/71.0.3578.89 Mobile/15C153 Safari/604.1"
180.76.15.138 - - [26/Dec/2018:15:37:14 -0500] "GET / HTTP/1.1" 503 38393 "-" "Mozilla/5.0 (compatible; Baiduspider/2.0; +http://www.baidu.com/search/spider.html)"
174.212.0.228 - - [26/Dec/2018:15:37:16 -0500] "GET /index.php?shoutbox/refresh&last_id=140&_xfRequestUri=%2F&_xfWithData=1&_xfToken=1545856485%2C4e577224c193d02c4f4e40056bf3ab58&_xfResponseType=json HTTP/1.1" 200 266 "https://www.paladin-extensions.com/" "Mozilla/5.0 (iPhone; CPU iPhone OS 11_2_1 like Mac OS X) AppleWebKit/604.1.34 (KHTML, like Gecko) CriOS/71.0.3578.89 Mobile/15C153 Safari/604.1"
174.212.0.228 - - [26/Dec/2018:15:37:18 -0500] "GET /index.php?shoutbox/refresh&last_id=140&_xfRequestUri=%2F&_xfWithData=1&_xfToken=1545856485%2C4e577224c193d02c4f4e40056bf3ab58&_xfResponseType=json HTTP/1.1" 200 265 "https://www.paladin-extensions.com/" "Mozilla/5.0 (iPhone; CPU iPhone OS 11_2_1 like Mac OS X) AppleWebKit/604.1.34 (KHTML, like Gecko) CriOS/71.0.3578.89 Mobile/15C153 Safari/604.1"
174.212.0.228 - - [26/Dec/2018:15:37:20 -0500] "GET /index.php?shoutbox/refresh&last_id=140&_xfRequestUri=%2F&_xfWithData=1&_xfToken=1545856485%2C4e577224c193d02c4f4e40056bf3ab58&_xfResponseType=json HTTP/1.1" 200 269 "https://www.paladin-extensions.com/" "Mozilla/5.0 (iPhone; CPU iPhone OS 11_2_1 like Mac OS X) AppleWebKit/604.1.34 (KHTML, like Gecko) CriOS/71.0.3578.89 Mobile/15C153 Safari/604.1"
174.212.0.228 - - [26/Dec/2018:15:37:22 -0500] "GET /index.php?shoutbox/refresh&last_id=140&_xfRequestUri=%2F&_xfWithData=1&_xfToken=1545856485%2C4e577224c193d02c4f4e40056bf3ab58&_xfResponseType=json HTTP/1.1" 200 264 "https://www.paladin-extensions.com/" "Mozilla/5.0 (iPhone; CPU iPhone OS 11_2_1 like Mac OS X) AppleWebKit/604.1.34 (KHTML, like Gecko) CriOS/71.0.3578.89 Mobile/15C153 Safari/604.1"
174.212.0.228 - - [26/Dec/2018:15:37:24 -0500] "GET /index.php?shoutbox/refresh&last_id=140&_xfRequestUri=%2F&_xfWithData=1&_xfToken=1545856485%2C4e577224c193d02c4f4e40056bf3ab58&_xfResponseType=json HTTP/1.1" 200 269 "https://www.paladin-extensions.com/" "Mozilla/5.0 (iPhone; CPU iPhone OS 11_2_1 like Mac OS X) AppleWebKit/604.1.34 (KHTML, like Gecko) CriOS/71.0.3578.89 Mobile/15C153 Safari/604.1"
174.212.0.228 - - [26/Dec/2018:15:37:26 -0500] "GET /index.php?shoutbox/refresh&last_id=140&_xfRequestUri=%2F&_xfWithData=1&_xfToken=1545856485%2C4e577224c193d02c4f4e40056bf3ab58&_xfResponseType=json HTTP/1.1" 200 266 "https://www.paladin-extensions.com/" "Mozilla/5.0 (iPhone; CPU iPhone OS 11_2_1 like Mac OS X) AppleWebKit/604.1.34 (KHTML, like Gecko) CriOS/71.0.3578.89 Mobile/15C153 Safari/604.1"
174.212.0.228 - - [26/Dec/2018:15:37:28 -0500] "GET /index.php?shoutbox/refresh&last_id=140&_xfRequestUri=%2F&_xfWithData=1&_xfToken=1545856485%2C4e577224c193d02c4f4e40056bf3ab58&_xfResponseType=json HTTP/1.1" 200 265 "https://www.paladin-extensions.com/" "Mozilla/5.0 (iPhone; CPU iPhone OS 11_2_1 like Mac OS X) AppleWebKit/604.1.34 (KHTML, like Gecko) CriOS/71.0.3578.89 Mobile/15C153 Safari/604.1"
174.212.0.228 - - [26/Dec/2018:15:37:30 -0500] "GET /index.php?shoutbox/refresh&last_id=140&_xfRequestUri=%2F&_xfWithData=1&_xfToken=1545856485%2C4e577224c193d02c4f4e40056bf3ab58&_xfResponseType=json HTTP/1.1" 200 268 "https://www.paladin-extensions.com/" "Mozilla/5.0 (iPhone; CPU iPhone OS 11_2_1 like Mac OS X) AppleWebKit/604.1.34 (KHTML, like Gecko) CriOS/71.0.3578.89 Mobile/15C153 Safari/604.1"
174.212.0.228 - - [26/Dec/2018:15:37:32 -0500] "GET /index.php?shoutbox/refresh&last_id=140&_xfRequestUri=%2F&_xfWithData=1&_xfToken=1545856485%2C4e577224c193d02c4f4e40056bf3ab58&_xfResponseType=json HTTP/1.1" 200 270 "https://www.paladin-extensions.com/" "Mozilla/5.0 (iPhone; CPU iPhone OS 11_2_1 like Mac OS X) AppleWebKit/604.1.34 (KHTML, like Gecko) CriOS/71.0.3578.89 Mobile/15C153 Safari/604.1"
174.212.0.228 - - [26/Dec/2018:15:37:34 -0500] "GET /index.php?shoutbox/refresh&last_id=140&_xfRequestUri=%2F&_xfWithData=1&_xfToken=1545856485%2C4e577224c193d02c4f4e40056bf3ab58&_xfResponseType=json HTTP/1.1" 200 269 "https://www.paladin-extensions.com/" "Mozilla/5.0 (iPhone; CPU iPhone OS 11_2_1 like Mac OS X) AppleWebKit/604.1.34 (KHTML, like Gecko) CriOS/71.0.3578.89 Mobile/15C153 Safari/604.1"
174.212.0.228 - - [26/Dec/2018:15:37:36 -0500] "GET /index.php?shoutbox/refresh&last_id=140&_xfRequestUri=%2F&_xfWithData=1&_xfToken=1545856485%2C4e577224c193d02c4f4e40056bf3ab58&_xfResponseType=json HTTP/1.1" 200 270 "https://www.paladin-extensions.com/" "Mozilla/5.0 (iPhone; CPU iPhone OS 11_2_1 like Mac OS X) AppleWebKit/604.1.34 (KHTML, like Gecko) CriOS/71.0.3578.89 Mobile/15C153 Safari/604.1"
174.212.0.228 - - [26/Dec/2018:15:37:38 -0500] "GET /index.php?shoutbox/refresh&last_id=140&_xfRequestUri=%2F&_xfWithData=1&_xfToken=1545856485%2C4e577224c193d02c4f4e40056bf3ab58&_xfResponseType=json HTTP/1.1" 200 269 "https://www.paladin-extensions.com/" "Mozilla/5.0 (iPhone; CPU iPhone OS 11_2_1 like Mac OS X) AppleWebKit/604.1.34 (KHTML, like Gecko) CriOS/71.0.3578.89 Mobile/15C153 Safari/604.1"
23.239.7.4 - - [26/Dec/2018:15:38:06 -0500] "GET / HTTP/1.1" 301 - "https://www.paladin.rip/" "HetrixTools Uptime Monitoring Bot. https://hetrix.tools/uptime-monitoring-bot.html"
23.239.7.4 - - [26/Dec/2018:15:38:06 -0500] "GET / HTTP/1.1" 503 10014 "https://paladin-extensions.com/" "HetrixTools Uptime Monitoring Bot. https://hetrix.tools/uptime-monitoring-bot.html"
51.15.61.222 - - [26/Dec/2018:15:38:16 -0500] "GET / HTTP/1.1" 301 - "https://www.paladin.rip/" "HetrixTools Uptime Monitoring Bot. https://hetrix.tools/uptime-monitoring-bot.html"
51.15.61.222 - - [26/Dec/2018:15:38:17 -0500] "GET / HTTP/1.1" 503 10013 "https://paladin-extensions.com/" "HetrixTools Uptime Monitoring Bot. https://hetrix.tools/uptime-monitoring-bot.html"
52.23.120.125 - - [26/Dec/2018:15:38:19 -0500] "GET / HTTP/1.1" 301 - "https://www.paladin.rip/" "HetrixTools Uptime Monitoring Bot. https://hetrix.tools/uptime-monitoring-bot.html"
52.23.120.125 - - [26/Dec/2018:15:38:20 -0500] "GET / HTTP/1.1" 503 10010 "https://paladin-extensions.com/" "HetrixTools Uptime Monitoring Bot. https://hetrix.tools/uptime-monitoring-bot.html"
51.15.61.222 - - [26/Dec/2018:15:39:05 -0500] "GET / HTTP/1.1" 301 - "https://www.paladin.rip/" "HetrixTools Uptime Monitoring Bot. https://hetrix.tools/uptime-monitoring-bot.html"
51.15.61.222 - - [26/Dec/2018:15:39:06 -0500] "GET / HTTP/1.1" 503 10009 "https://paladin-extensions.com/" "HetrixTools Uptime Monitoring Bot. https://hetrix.tools/uptime-monitoring-bot.html"
159.89.159.134 - - [26/Dec/2018:15:39:07 -0500] "GET / HTTP/1.1" 301 - "https://www.paladin.rip/" "HetrixTools Uptime Monitoring Bot. https://hetrix.tools/uptime-monitoring-bot.html"
159.89.159.134 - - [26/Dec/2018:15:39:07 -0500] "GET / HTTP/1.1" 503 10007 "https://paladin-extensions.com/" "HetrixTools Uptime Monitoring Bot. https://hetrix.tools/uptime-monitoring-bot.html"
96.126.106.201 - - [26/Dec/2018:15:39:10 -0500] "GET / HTTP/1.1" 301 - "https://www.paladin.rip/" "HetrixTools Uptime Monitoring Bot. https://hetrix.tools/uptime-monitoring-bot.html"
96.126.106.201 - - [26/Dec/2018:15:39:10 -0500] "GET / HTTP/1.1" 503 10017 "https://paladin-extensions.com/" "HetrixTools Uptime Monitoring Bot. https://hetrix.tools/uptime-monitoring-bot.html"
174.212.0.228 - - [26/Dec/2018:15:39:13 -0500] "GET /index.php?shoutbox/refresh&last_id=140&_xfRequestUri=%2F&_xfWithData=1&_xfToken=1545856485%2C4e577224c193d02c4f4e40056bf3ab58&_xfResponseType=json HTTP/1.1" 200 269 "https://www.paladin-extensions.com/" "Mozilla/5.0 (iPhone; CPU iPhone OS 11_2_1 like Mac OS X) AppleWebKit/604.1.34 (KHTML, like Gecko) CriOS/71.0.3578.89 Mobile/15C153 Safari/604.1"
174.212.0.228 - - [26/Dec/2018:15:39:15 -0500] "GET /index.php?shoutbox/refresh&last_id=140&_xfRequestUri=%2F&_xfWithData=1&_xfToken=1545856485%2C4e577224c193d02c4f4e40056bf3ab58&_xfResponseType=json HTTP/1.1" 200 265 "https://www.paladin-extensions.com/" "Mozilla/5.0 (iPhone; CPU iPhone OS 11_2_1 like Mac OS X) AppleWebKit/604.1.34 (KHTML, like Gecko) CriOS/71.0.3578.89 Mobile/15C153 Safari/604.1"
174.212.0.228 - - [26/Dec/2018:15:39:17 -0500] "GET /index.php?shoutbox/refresh&last_id=140&_xfRequestUri=%2F&_xfWithData=1&_xfToken=1545856485%2C4e577224c193d02c4f4e40056bf3ab58&_xfResponseType=json HTTP/1.1" 200 267 "https://www.paladin-extensions.com/" "Mozilla/5.0 (iPhone; CPU iPhone OS 11_2_1 like Mac OS X) AppleWebKit/604.1.34 (KHTML, like Gecko) CriOS/71.0.3578.89 Mobile/15C153 Safari/604.1"
174.212.0.228 - - [26/Dec/2018:15:39:18 -0500] "GET /admin.php?options/boardInactiveAllowModerator/edit&group_id=boardActive HTTP/1.1" 200 12650 "https://www.paladin-extensions.com/admin.php?options/groups/boardActive/" "Mozilla/5.0 (iPhone; CPU iPhone OS 11_2_1 like Mac OS X) AppleWebKit/604.1.34 (KHTML, like Gecko) CriOS/71.0.3578.89 Mobile/15C153 Safari/604.1"
174.212.0.228 - - [26/Dec/2018:15:39:19 -0500] "POST /job.php HTTP/1.1" 200 14 "https://www.paladin-extensions.com/admin.php?options/boardInactiveAllowModerator/edit&group_id=boardActive" "Mozilla/5.0 (iPhone; CPU iPhone OS 11_2_1 like Mac OS X) AppleWebKit/604.1.34 (KHTML, like Gecko) CriOS/71.0.3578.89 Mobile/15C153 Safari/604.1"
174.212.0.228 - - [26/Dec/2018:15:39:19 -0500] "GET /index.php?shoutbox/refresh&last_id=140&_xfRequestUri=%2F&_xfWithData=1&_xfToken=1545856485%2C4e577224c193d02c4f4e40056bf3ab58&_xfResponseType=json HTTP/1.1" 200 269 "https://www.paladin-extensions.com/" "Mozilla/5.0 (iPhone; CPU iPhone OS 11_2_1 like Mac OS X) AppleWebKit/604.1.34 (KHTML, like Gecko) CriOS/71.0.3578.89 Mobile/15C153 Safari/604.1"
174.212.0.228 - - [26/Dec/2018:15:39:21 -0500] "GET /index.php?shoutbox/refresh&last_id=140&_xfRequestUri=%2F&_xfWithData=1&_xfToken=1545856485%2C4e577224c193d02c4f4e40056bf3ab58&_xfResponseType=json HTTP/1.1" 200 270 "https://www.paladin-extensions.com/" "Mozilla/5.0 (iPhone; CPU iPhone OS 11_2_1 like Mac OS X) AppleWebKit/604.1.34 (KHTML, like Gecko) CriOS/71.0.3578.89 Mobile/15C153 Safari/604.1"
174.212.0.228 - - [26/Dec/2018:15:39:23 -0500] "GET /index.php?shoutbox/refresh&last_id=140&_xfRequestUri=%2F&_xfWithData=1&_xfToken=1545856485%2C4e577224c193d02c4f4e40056bf3ab58&_xfResponseType=json HTTP/1.1" 200 269 "https://www.paladin-extensions.com/" "Mozilla/5.0 (iPhone; CPU iPhone OS 11_2_1 like Mac OS X) AppleWebKit/604.1.34 (KHTML, like Gecko) CriOS/71.0.3578.89 Mobile/15C153 Safari/604.1"
174.212.0.228 - - [26/Dec/2018:15:39:25 -0500] "GET /index.php?shoutbox/refresh&last_id=140&_xfRequestUri=%2F&_xfWithData=1&_xfToken=1545856485%2C4e577224c193d02c4f4e40056bf3ab58&_xfResponseType=json HTTP/1.1" 200 270 "https://www.paladin-extensions.com/" "Mozilla/5.0 (iPhone; CPU iPhone OS 11_2_1 like Mac OS X) AppleWebKit/604.1.34 (KHTML, like Gecko) CriOS/71.0.3578.89 Mobile/15C153 Safari/604.1"
174.212.0.228 - - [26/Dec/2018:15:39:27 -0500] "GET /index.php?shoutbox/refresh&last_id=140&_xfRequestUri=%2F&_xfWithData=1&_xfToken=1545856485%2C4e577224c193d02c4f4e40056bf3ab58&_xfResponseType=json HTTP/1.1" 200 267 "https://www.paladin-extensions.com/" "Mozilla/5.0 (iPhone; CPU iPhone OS 11_2_1 like Mac OS X) AppleWebKit/604.1.34 (KHTML, like Gecko) CriOS/71.0.3578.89 Mobile/15C153 Safari/604.1"
174.212.0.228 - - [26/Dec/2018:15:39:29 -0500] "GET /index.php?shoutbox/refresh&last_id=140&_xfRequestUri=%2F&_xfWithData=1&_xfToken=1545856485%2C4e577224c193d02c4f4e40056bf3ab58&_xfResponseType=json HTTP/1.1" 200 268 "https://www.paladin-extensions.com/" "Mozilla/5.0 (iPhone; CPU iPhone OS 11_2_1 like Mac OS X) AppleWebKit/604.1.34 (KHTML, like Gecko) CriOS/71.0.3578.89 Mobile/15C153 Safari/604.1"
174.212.0.228 - - [26/Dec/2018:15:39:47 -0500] "GET /index.php?shoutbox/refresh&last_id=140&_xfRequestUri=%2F&_xfWithData=1&_xfToken=1545856485%2C4e577224c193d02c4f4e40056bf3ab58&_xfResponseType=json HTTP/1.1" 200 267 "https://www.paladin-extensions.com/" "Mozilla/5.0 (iPhone; CPU iPhone OS 11_2_1 like Mac OS X) AppleWebKit/604.1.34 (KHTML, like Gecko) CriOS/71.0.3578.89 Mobile/15C153 Safari/604.1"
174.212.0.228 - - [26/Dec/2018:15:39:51 -0500] "GET /index.php?shoutbox/refresh&last_id=140&_xfRequestUri=%2F&_xfWithData=1&_xfToken=1545856485%2C4e577224c193d02c4f4e40056bf3ab58&_xfResponseType=json HTTP/1.1" 200 264 "https://www.paladin-extensions.com/" "Mozilla/5.0 (iPhone; CPU iPhone OS 11_2_1 like Mac OS X) AppleWebKit/604.1.34 (KHTML, like Gecko) CriOS/71.0.3578.89 Mobile/15C153 Safari/604.1"
174.212.0.228 - - [26/Dec/2018:15:39:53 -0500] "GET /index.php?shoutbox/refresh&last_id=140&_xfRequestUri=%2F&_xfWithData=1&_xfToken=1545856485%2C4e577224c193d02c4f4e40056bf3ab58&_xfResponseType=json HTTP/1.1" 200 269 "https://www.paladin-extensions.com/" "Mozilla/5.0 (iPhone; CPU iPhone OS 11_2_1 like Mac OS X) AppleWebKit/604.1.34 (KHTML, like Gecko) CriOS/71.0.3578.89 Mobile/15C153 Safari/604.1"
174.212.0.228 - - [26/Dec/2018:15:39:55 -0500] "GET /index.php?shoutbox/refresh&last_id=140&_xfRequestUri=%2F&_xfWithData=1&_xfToken=1545856485%2C4e577224c193d02c4f4e40056bf3ab58&_xfResponseType=json HTTP/1.1" 200 269 "https://www.paladin-extensions.com/" "Mozilla/5.0 (iPhone; CPU iPhone OS 11_2_1 like Mac OS X) AppleWebKit/604.1.34 (KHTML, like Gecko) CriOS/71.0.3578.89 Mobile/15C153 Safari/604.1"
174.212.0.228 - - [26/Dec/2018:15:39:57 -0500] "GET /index.php?shoutbox/refresh&last_id=140&_xfRequestUri=%2F&_xfWithData=1&_xfToken=1545856485%2C4e577224c193d02c4f4e40056bf3ab58&_xfResponseType=json HTTP/1.1" 200 268 "https://www.paladin-extensions.com/" "Mozilla/5.0 (iPhone; CPU iPhone OS 11_2_1 like Mac OS X) AppleWebKit/604.1.34 (KHTML, like Gecko) CriOS/71.0.3578.89 Mobile/15C153 Safari/604.1"
174.212.0.228 - - [26/Dec/2018:15:39:59 -0500] "GET /index.php?shoutbox/refresh&last_id=140&_xfRequestUri=%2F&_xfWithData=1&_xfToken=1545856485%2C4e577224c193d02c4f4e40056bf3ab58&_xfResponseType=json HTTP/1.1" 200 270 "https://www.paladin-extensions.com/" "Mozilla/5.0 (iPhone; CPU iPhone OS 11_2_1 like Mac OS X) AppleWebKit/604.1.34 (KHTML, like Gecko) CriOS/71.0.3578.89 Mobile/15C153 Safari/604.1"
174.212.0.228 - - [26/Dec/2018:15:40:01 -0500] "GET /index.php?shoutbox/refresh&last_id=140&_xfRequestUri=%2F&_xfWithData=1&_xfToken=1545856485%2C4e577224c193d02c4f4e40056bf3ab58&_xfResponseType=json HTTP/1.1" 200 270 "https://www.paladin-extensions.com/" "Mozilla/5.0 (iPhone; CPU iPhone OS 11_2_1 like Mac OS X) AppleWebKit/604.1.34 (KHTML, like Gecko) CriOS/71.0.3578.89 Mobile/15C153 Safari/604.1"
174.212.0.228 - - [26/Dec/2018:15:40:03 -0500] "GET /index.php?shoutbox/refresh&last_id=140&_xfRequestUri=%2F&_xfWithData=1&_xfToken=1545856485%2C4e577224c193d02c4f4e40056bf3ab58&_xfResponseType=json HTTP/1.1" 200 268 "https://www.paladin-extensions.com/" "Mozilla/5.0 (iPhone; CPU iPhone OS 11_2_1 like Mac OS X) AppleWebKit/604.1.34 (KHTML, like Gecko) CriOS/71.0.3578.89 Mobile/15C153 Safari/604.1"
51.15.61.222 - - [26/Dec/2018:15:40:09 -0500] "GET / HTTP/1.1" 301 - "https://www.paladin.rip/" "HetrixTools Uptime Monitoring Bot. https://hetrix.tools/uptime-monitoring-bot.html"
51.15.61.222 - - [26/Dec/2018:15:40:10 -0500] "GET / HTTP/1.1" 503 9999 "https://paladin-extensions.com/" "HetrixTools Uptime Monitoring Bot. https://hetrix.tools/uptime-monitoring-bot.html"
159.89.159.134 - - [26/Dec/2018:15:40:11 -0500] "GET / HTTP/1.1" 301 - "https://www.paladin.rip/" "HetrixTools Uptime Monitoring Bot. https://hetrix.tools/uptime-monitoring-bot.html"
159.89.159.134 - - [26/Dec/2018:15:40:12 -0500] "GET / HTTP/1.1" 503 10004 "https://paladin-extensions.com/" "HetrixTools Uptime Monitoring Bot. https://hetrix.tools/uptime-monitoring-bot.html"
96.126.106.201 - - [26/Dec/2018:15:40:16 -0500] "GET / HTTP/1.1" 301 - "https://www.paladin.rip/" "HetrixTools Uptime Monitoring Bot. https://hetrix.tools/uptime-monitoring-bot.html"
174.212.0.228 - - [26/Dec/2018:15:40:16 -0500] "GET /index.php?shoutbox/refresh&last_id=140&_xfRequestUri=%2F&_xfWithData=1&_xfToken=1545856485%2C4e577224c193d02c4f4e40056bf3ab58&_xfResponseType=json HTTP/1.1" 200 270 "https://www.paladin-extensions.com/" "Mozilla/5.0 (iPhone; CPU iPhone OS 11_2_1 like Mac OS X) AppleWebKit/604.1.34 (KHTML, like Gecko) CriOS/71.0.3578.89 Mobile/15C153 Safari/604.1"
96.126.106.201 - - [26/Dec/2018:15:40:17 -0500] "GET / HTTP/1.1" 503 9999 "https://paladin-extensions.com/" "HetrixTools Uptime Monitoring Bot. https://hetrix.tools/uptime-monitoring-bot.html"
174.212.0.228 - - [26/Dec/2018:15:40:18 -0500] "GET /index.php?shoutbox/refresh&last_id=140&_xfRequestUri=%2F&_xfWithData=1&_xfToken=1545856485%2C4e577224c193d02c4f4e40056bf3ab58&_xfResponseType=json HTTP/1.1" 200 270 "https://www.paladin-extensions.com/" "Mozilla/5.0 (iPhone; CPU iPhone OS 11_2_1 like Mac OS X) AppleWebKit/604.1.34 (KHTML, like Gecko) CriOS/71.0.3578.89 Mobile/15C153 Safari/604.1"
174.212.0.228 - - [26/Dec/2018:15:40:20 -0500] "GET /index.php?shoutbox/refresh&last_id=140&_xfRequestUri=%2F&_xfWithData=1&_xfToken=1545856485%2C4e577224c193d02c4f4e40056bf3ab58&_xfResponseType=json HTTP/1.1" 200 270 "https://www.paladin-extensions.com/" "Mozilla/5.0 (iPhone; CPU iPhone OS 11_2_1 like Mac OS X) AppleWebKit/604.1.34 (KHTML, like Gecko) CriOS/71.0.3578.89 Mobile/15C153 Safari/604.1"
174.212.0.228 - - [26/Dec/2018:15:40:22 -0500] "GET /index.php?shoutbox/refresh&last_id=140&_xfRequestUri=%2F&_xfWithData=1&_xfToken=1545856485%2C4e577224c193d02c4f4e40056bf3ab58&_xfResponseType=json HTTP/1.1" 200 269 "https://www.paladin-extensions.com/" "Mozilla/5.0 (iPhone; CPU iPhone OS 11_2_1 like Mac OS X) AppleWebKit/604.1.34 (KHTML, like Gecko) CriOS/71.0.3578.89 Mobile/15C153 Safari/604.1"
174.212.0.228 - - [26/Dec/2018:15:40:24 -0500] "GET /index.php?shoutbox/refresh&last_id=140&_xfRequestUri=%2F&_xfWithData=1&_xfToken=1545856485%2C4e577224c193d02c4f4e40056bf3ab58&_xfResponseType=json HTTP/1.1" 200 269 "https://www.paladin-extensions.com/" "Mozilla/5.0 (iPhone; CPU iPhone OS 11_2_1 like Mac OS X) AppleWebKit/604.1.34 (KHTML, like Gecko) CriOS/71.0.3578.89 Mobile/15C153 Safari/604.1"
174.212.0.228 - - [26/Dec/2018:15:40:25 -0500] "GET /index.php?shoutbox/refresh&last_id=140&_xfRequestUri=%2F&_xfWithData=1&_xfToken=1545856485%2C4e577224c193d02c4f4e40056bf3ab58&_xfResponseType=json HTTP/1.1" 200 270 "https://www.paladin-extensions.com/" "Mozilla/5.0 (iPhone; CPU iPhone OS 11_2_1 like Mac OS X) AppleWebKit/604.1.34 (KHTML, like Gecko) CriOS/71.0.3578.89 Mobile/15C153 Safari/604.1"
174.212.0.228 - - [26/Dec/2018:15:40:26 -0500] "GET /index.php?shoutbox/refresh&last_id=140&_xfRequestUri=%2F&_xfWithData=1&_xfToken=1545856485%2C4e577224c193d02c4f4e40056bf3ab58&_xfResponseType=json HTTP/1.1" 200 270 "https://www.paladin-extensions.com/" "Mozilla/5.0 (iPhone; CPU iPhone OS 11_2_1 like Mac OS X) AppleWebKit/604.1.34 (KHTML, like Gecko) CriOS/71.0.3578.89 Mobile/15C153 Safari/604.1"
174.212.0.228 - - [26/Dec/2018:15:40:27 -0500] "GET /index.php?shoutbox/refresh&last_id=140&_xfRequestUri=%2F&_xfWithData=1&_xfToken=1545856485%2C4e577224c193d02c4f4e40056bf3ab58&_xfResponseType=json HTTP/1.1" 200 269 "https://www.paladin-extensions.com/" "Mozilla/5.0 (iPhone; CPU iPhone OS 11_2_1 like Mac OS X) AppleWebKit/604.1.34 (KHTML, like Gecko) CriOS/71.0.3578.89 Mobile/15C153 Safari/604.1"
174.212.0.228 - - [26/Dec/2018:15:40:28 -0500] "GET /index.php?shoutbox/refresh&last_id=140&_xfRequestUri=%2F&_xfWithData=1&_xfToken=1545856485%2C4e577224c193d02c4f4e40056bf3ab58&_xfResponseType=json HTTP/1.1" 200 269 "https://www.paladin-extensions.com/" "Mozilla/5.0 (iPhone; CPU iPhone OS 11_2_1 like Mac OS X) AppleWebKit/604.1.34 (KHTML, like Gecko) CriOS/71.0.3578.89 Mobile/15C153 Safari/604.1"
174.212.0.228 - - [26/Dec/2018:15:40:29 -0500] "GET /index.php?shoutbox/refresh&last_id=140&_xfRequestUri=%2F&_xfWithData=1&_xfToken=1545856485%2C4e577224c193d02c4f4e40056bf3ab58&_xfResponseType=json HTTP/1.1" 200 267 "https://www.paladin-extensions.com/" "Mozilla/5.0 (iPhone; CPU iPhone OS 11_2_1 like Mac OS X) AppleWebKit/604.1.34 (KHTML, like Gecko) CriOS/71.0.3578.89 Mobile/15C153 Safari/604.1"
174.212.0.228 - - [26/Dec/2018:15:40:30 -0500] "GET /index.php?shoutbox/refresh&last_id=140&_xfRequestUri=%2F&_xfWithData=1&_xfToken=1545856485%2C4e577224c193d02c4f4e40056bf3ab58&_xfResponseType=json HTTP/1.1" 200 270 "https://www.paladin-extensions.com/" "Mozilla/5.0 (iPhone; CPU iPhone OS 11_2_1 like Mac OS X) AppleWebKit/604.1.34 (KHTML, like Gecko) CriOS/71.0.3578.89 Mobile/15C153 Safari/604.1"
174.212.0.228 - - [26/Dec/2018:15:40:31 -0500] "GET /index.php?shoutbox/refresh&last_id=140&_xfRequestUri=%2F&_xfWithData=1&_xfToken=1545856485%2C4e577224c193d02c4f4e40056bf3ab58&_xfResponseType=json HTTP/1.1" 200 269 "https://www.paladin-extensions.com/" "Mozilla/5.0 (iPhone; CPU iPhone OS 11_2_1 like Mac OS X) AppleWebKit/604.1.34 (KHTML, like Gecko) CriOS/71.0.3578.89 Mobile/15C153 Safari/604.1"
51.15.61.222 - - [26/Dec/2018:15:41:07 -0500] "GET / HTTP/1.1" 301 - "https://www.paladin.rip/" "HetrixTools Uptime Monitoring Bot. https://hetrix.tools/uptime-monitoring-bot.html"
51.15.61.222 - - [26/Dec/2018:15:41:07 -0500] "GET / HTTP/1.1" 503 10013 "https://paladin-extensions.com/" "HetrixTools Uptime Monitoring Bot. https://hetrix.tools/uptime-monitoring-bot.html"
159.89.159.134 - - [26/Dec/2018:15:41:09 -0500] "GET / HTTP/1.1" 301 - "https://www.paladin.rip/" "HetrixTools Uptime Monitoring Bot. https://hetrix.tools/uptime-monitoring-bot.html"
159.89.159.134 - - [26/Dec/2018:15:41:10 -0500] "GET / HTTP/1.1" 503 10007 "https://paladin-extensions.com/" "HetrixTools Uptime Monitoring Bot. https://hetrix.tools/uptime-monitoring-bot.html"
138.197.17.201 - - [26/Dec/2018:15:41:11 -0500] "GET / HTTP/1.1" 301 - "https://www.paladin.rip/" "HetrixTools Uptime Monitoring Bot. https://hetrix.tools/uptime-monitoring-bot.html"
138.197.17.201 - - [26/Dec/2018:15:41:11 -0500] "GET / HTTP/1.1" 503 10017 "https://paladin-extensions.com/" "HetrixTools Uptime Monitoring Bot. https://hetrix.tools/uptime-monitoring-bot.html"
159.89.159.134 - - [26/Dec/2018:15:42:03 -0500] "GET / HTTP/1.1" 301 - "https://www.paladin.rip/" "HetrixTools Uptime Monitoring Bot. https://hetrix.tools/uptime-monitoring-bot.html"
159.89.159.134 - - [26/Dec/2018:15:42:03 -0500] "GET / HTTP/1.1" 503 10009 "https://paladin-extensions.com/" "HetrixTools Uptime Monitoring Bot. https://hetrix.tools/uptime-monitoring-bot.html"
52.207.41.187 - - [26/Dec/2018:15:42:03 -0500] "GET / HTTP/1.1" 301 - "https://www.paladin.rip/" "HetrixTools Uptime Monitoring Bot. https://hetrix.tools/uptime-monitoring-bot.html"
52.207.41.187 - - [26/Dec/2018:15:42:04 -0500] "GET / HTTP/1.1" 503 10016 "https://paladin-extensions.com/" "HetrixTools Uptime Monitoring Bot. https://hetrix.tools/uptime-monitoring-bot.html"
174.212.0.228 - - [26/Dec/2018:15:42:06 -0500] "GET /admin.php?options/boardInactiveAllowModerator/edit&group_id=boardActive HTTP/1.1" 200 12650 "https://www.paladin-extensions.com/admin.php?options/groups/boardActive/" "Mozilla/5.0 (iPhone; CPU iPhone OS 11_2_1 like Mac OS X) AppleWebKit/604.1.34 (KHTML, like Gecko) CriOS/71.0.3578.89 Mobile/15C153 Safari/604.1"
174.212.0.228 - - [26/Dec/2018:15:42:06 -0500] "GET /admin.php?options/add&group_id=boardActive HTTP/1.1" 200 12387 "https://www.paladin-extensions.com/admin.php?options/groups/boardActive/" "Mozilla/5.0 (iPhone; CPU iPhone OS 11_2_1 like Mac OS X) AppleWebKit/604.1.34 (KHTML, like Gecko) CriOS/71.0.3578.89 Mobile/15C153 Safari/604.1"
174.212.0.228 - - [26/Dec/2018:15:42:07 -0500] "POST /job.php HTTP/1.1" 200 14 "https://www.paladin-extensions.com/admin.php?options/add&group_id=boardActive" "Mozilla/5.0 (iPhone; CPU iPhone OS 11_2_1 like Mac OS X) AppleWebKit/604.1.34 (KHTML, like Gecko) CriOS/71.0.3578.89 Mobile/15C153 Safari/604.1"
174.212.0.228 - - [26/Dec/2018:15:42:07 -0500] "POST /job.php HTTP/1.1" 200 14 "https://www.paladin-extensions.com/admin.php?options/boardInactiveAllowModerator/edit&group_id=boardActive" "Mozilla/5.0 (iPhone; CPU iPhone OS 11_2_1 like Mac OS X) AppleWebKit/604.1.34 (KHTML, like Gecko) CriOS/71.0.3578.89 Mobile/15C153 Safari/604.1"
95.179.139.97 - - [26/Dec/2018:15:42:15 -0500] "GET / HTTP/1.1" 301 - "https://www.paladin.rip/" "HetrixTools Uptime Monitoring Bot. https://hetrix.tools/uptime-monitoring-bot.html"
95.179.139.97 - - [26/Dec/2018:15:42:16 -0500] "GET / HTTP/1.1" 503 10005 "https://paladin-extensions.com/" "HetrixTools Uptime Monitoring Bot. https://hetrix.tools/uptime-monitoring-bot.html"
23.239.7.4 - - [26/Dec/2018:15:43:08 -0500] "GET / HTTP/1.1" 301 - "https://www.paladin.rip/" "HetrixTools Uptime Monitoring Bot. https://hetrix.tools/uptime-monitoring-bot.html"
23.239.7.4 - - [26/Dec/2018:15:43:08 -0500] "GET / HTTP/1.1" 503 10014 "https://paladin-extensions.com/" "HetrixTools Uptime Monitoring Bot. https://hetrix.tools/uptime-monitoring-bot.html"
51.15.61.222 - - [26/Dec/2018:15:43:09 -0500] "GET / HTTP/1.1" 301 - "https://www.paladin.rip/" "HetrixTools Uptime Monitoring Bot. https://hetrix.tools/uptime-monitoring-bot.html"
51.15.61.222 - - [26/Dec/2018:15:43:10 -0500] "GET / HTTP/1.1" 503 10014 "https://paladin-extensions.com/" "HetrixTools Uptime Monitoring Bot. https://hetrix.tools/uptime-monitoring-bot.html"
174.212.0.228 - - [26/Dec/2018:15:43:16 -0500] "POST /admin.php?options/save HTTP/1.1" 200 373 "https://www.paladin-extensions.com/admin.php?options/add&group_id=boardActive" "Mozilla/5.0 (iPhone; CPU iPhone OS 11_2_1 like Mac OS X) AppleWebKit/604.1.34 (KHTML, like Gecko) CriOS/71.0.3578.89 Mobile/15C153 Safari/604.1"
174.212.0.228 - - [26/Dec/2018:15:43:17 -0500] "GET /admin.php?options/groups/boardActive/ HTTP/1.1" 200 11064 "https://www.paladin-extensions.com/admin.php?options/add&group_id=boardActive" "Mozilla/5.0 (iPhone; CPU iPhone OS 11_2_1 like Mac OS X) AppleWebKit/604.1.34 (KHTML, like Gecko) CriOS/71.0.3578.89 Mobile/15C153 Safari/604.1"
174.212.0.228 - - [26/Dec/2018:15:43:18 -0500] "GET /css.php?css=public%3Aextra.less&s=0&l=1&d=1545856997&k=eb849f925401e68902e4225a70f3aade77311cd4 HTTP/1.1" 200 65 "https://www.paladin-extensions.com/admin.php?options/groups/boardActive/" "Mozilla/5.0 (iPhone; CPU iPhone OS 11_2_1 like Mac OS X) AppleWebKit/604.1.34 (KHTML, like Gecko) CriOS/71.0.3578.89 Mobile/15C153 Safari/604.1"
174.212.0.228 - - [26/Dec/2018:15:43:18 -0500] "GET /css.php?css=public%3Anormalize.css%2Cpublic%3Acore.less%2Cadmin%3Aapp.less&s=0&l=1&d=1545856997&k=6f87c5212d87f76df318dfac9c1c50b5cb45e9ef HTTP/1.1" 200 45442 "https://www.paladin-extensions.com/admin.php?options/groups/boardActive/" "Mozilla/5.0 (iPhone; CPU iPhone OS 11_2_1 like Mac OS X) AppleWebKit/604.1.34 (KHTML, like Gecko) CriOS/71.0.3578.89 Mobile/15C153 Safari/604.1"
138.197.17.201 - - [26/Dec/2018:15:43:19 -0500] "GET / HTTP/1.1" 301 - "https://www.paladin.rip/" "HetrixTools Uptime Monitoring Bot. https://hetrix.tools/uptime-monitoring-bot.html"
174.212.0.228 - - [26/Dec/2018:15:43:19 -0500] "POST /job.php HTTP/1.1" 200 14 "https://www.paladin-extensions.com/admin.php?options/groups/boardActive/" "Mozilla/5.0 (iPhone; CPU iPhone OS 11_2_1 like Mac OS X) AppleWebKit/604.1.34 (KHTML, like Gecko) CriOS/71.0.3578.89 Mobile/15C153 Safari/604.1"
138.197.17.201 - - [26/Dec/2018:15:43:20 -0500] "GET / HTTP/1.1" 503 10004 "https://paladin-extensions.com/" "HetrixTools Uptime Monitoring Bot. https://hetrix.tools/uptime-monitoring-bot.html"
174.212.0.228 - - [26/Dec/2018:15:43:23 -0500] "POST /admin.php?options/update HTTP/1.1" 200 373 "https://www.paladin-extensions.com/admin.php?options/groups/boardActive/" "Mozilla/5.0 (iPhone; CPU iPhone OS 11_2_1 like Mac OS X) AppleWebKit/604.1.34 (KHTML, like Gecko) CriOS/71.0.3578.89 Mobile/15C153 Safari/604.1"
174.212.0.228 - - [26/Dec/2018:15:43:24 -0500] "GET /admin.php?options/groups/boardActive/ HTTP/1.1" 200 11043 "https://www.paladin-extensions.com/admin.php?options/groups/boardActive/" "Mozilla/5.0 (iPhone; CPU iPhone OS 11_2_1 like Mac OS X) AppleWebKit/604.1.34 (KHTML, like Gecko) CriOS/71.0.3578.89 Mobile/15C153 Safari/604.1"
174.212.0.228 - - [26/Dec/2018:15:43:25 -0500] "GET /css.php?css=public%3Aextra.less&s=0&l=1&d=1545856997&k=eb849f925401e68902e4225a70f3aade77311cd4 HTTP/1.1" 304 - "https://www.paladin-extensions.com/admin.php?options/groups/boardActive/" "Mozilla/5.0 (iPhone; CPU iPhone OS 11_2_1 like Mac OS X) AppleWebKit/604.1.34 (KHTML, like Gecko) CriOS/71.0.3578.89 Mobile/15C153 Safari/604.1"
174.212.0.228 - - [26/Dec/2018:15:43:25 -0500] "GET /js/xf/preamble-compiled.js?_v=dee95749 HTTP/1.1" 304 - "https://www.paladin-extensions.com/admin.php?options/groups/boardActive/" "Mozilla/5.0 (iPhone; CPU iPhone OS 11_2_1 like Mac OS X) AppleWebKit/604.1.34 (KHTML, like Gecko) CriOS/71.0.3578.89 Mobile/15C153 Safari/604.1"
174.212.0.228 - - [26/Dec/2018:15:43:25 -0500] "GET /js/xf/core-compiled.js?_v=dee95749 HTTP/1.1" 304 - "https://www.paladin-extensions.com/admin.php?options/groups/boardActive/" "Mozilla/5.0 (iPhone; CPU iPhone OS 11_2_1 like Mac OS X) AppleWebKit/604.1.34 (KHTML, like Gecko) CriOS/71.0.3578.89 Mobile/15C153 Safari/604.1"
174.212.0.228 - - [26/Dec/2018:15:43:25 -0500] "GET /js/vendor/vendor-compiled.js?_v=dee95749 HTTP/1.1" 304 - "https://www.paladin-extensions.com/admin.php?options/groups/boardActive/" "Mozilla/5.0 (iPhone; CPU iPhone OS 11_2_1 like Mac OS X) AppleWebKit/604.1.34 (KHTML, like Gecko) CriOS/71.0.3578.89 Mobile/15C153 Safari/604.1"
174.212.0.228 - - [26/Dec/2018:15:43:25 -0500] "GET /js/vendor/jquery/jquery-3.2.1.min.js?_v=dee95749 HTTP/1.1" 304 - "https://www.paladin-extensions.com/admin.php?options/groups/boardActive/" "Mozilla/5.0 (iPhone; CPU iPhone OS 11_2_1 like Mac OS X) AppleWebKit/604.1.34 (KHTML, like Gecko) CriOS/71.0.3578.89 Mobile/15C153 Safari/604.1"
174.212.0.228 - - [26/Dec/2018:15:43:25 -0500] "GET /js/xf/admin.min.js?_v=dee95749 HTTP/1.1" 304 - "https://www.paladin-extensions.com/admin.php?options/groups/boardActive/" "Mozilla/5.0 (iPhone; CPU iPhone OS 11_2_1 like Mac OS X) AppleWebKit/604.1.34 (KHTML, like Gecko) CriOS/71.0.3578.89 Mobile/15C153 Safari/604.1"
174.212.0.228 - - [26/Dec/2018:15:43:25 -0500] "GET /css.php?css=public%3Anormalize.css%2Cpublic%3Acore.less%2Cadmin%3Aapp.less&s=0&l=1&d=1545856997&k=6f87c5212d87f76df318dfac9c1c50b5cb45e9ef HTTP/1.1" 304 - "https://www.paladin-extensions.com/admin.php?options/groups/boardActive/" "Mozilla/5.0 (iPhone; CPU iPhone OS 11_2_1 like Mac OS X) AppleWebKit/604.1.34 (KHTML, like Gecko) CriOS/71.0.3578.89 Mobile/15C153 Safari/604.1"
96.126.106.201 - - [26/Dec/2018:15:44:05 -0500] "GET / HTTP/1.1" 301 - "https://www.paladin.rip/" "HetrixTools Uptime Monitoring Bot. https://hetrix.tools/uptime-monitoring-bot.html"
96.126.106.201 - - [26/Dec/2018:15:44:06 -0500] "GET / HTTP/1.1" 503 10007 "https://paladin-extensions.com/" "HetrixTools Uptime Monitoring Bot. https://hetrix.tools/uptime-monitoring-bot.html"
23.239.7.4 - - [26/Dec/2018:15:44:13 -0500] "GET / HTTP/1.1" 301 - "https://www.paladin.rip/" "HetrixTools Uptime Monitoring Bot. https://hetrix.tools/uptime-monitoring-bot.html"
23.239.7.4 - - [26/Dec/2018:15:44:13 -0500] "GET / HTTP/1.1" 503 10015 "https://paladin-extensions.com/" "HetrixTools Uptime Monitoring Bot. https://hetrix.tools/uptime-monitoring-bot.html"
51.15.61.222 - - [26/Dec/2018:15:44:15 -0500] "GET / HTTP/1.1" 301 - "https://www.paladin.rip/" "HetrixTools Uptime Monitoring Bot. https://hetrix.tools/uptime-monitoring-bot.html"
51.15.61.222 - - [26/Dec/2018:15:44:16 -0500] "GET / HTTP/1.1" 503 10015 "https://paladin-extensions.com/" "HetrixTools Uptime Monitoring Bot. https://hetrix.tools/uptime-monitoring-bot.html"
174.212.0.228 - - [26/Dec/2018:15:44:54 -0500] "GET /admin.php?options/groups/boardActive/ HTTP/1.1" 200 11051 "https://www.paladin-extensions.com/admin.php?options/groups/boardActive/" "Mozilla/5.0 (iPhone; CPU iPhone OS 11_2_1 like Mac OS X) AppleWebKit/604.1.34 (KHTML, like Gecko) CriOS/71.0.3578.89 Mobile/15C153 Safari/604.1"
174.212.0.228 - - [26/Dec/2018:15:44:54 -0500] "POST /job.php HTTP/1.1" 200 14 "https://www.paladin-extensions.com/admin.php?options/groups/boardActive/" "Mozilla/5.0 (iPhone; CPU iPhone OS 11_2_1 like Mac OS X) AppleWebKit/604.1.34 (KHTML, like Gecko) CriOS/71.0.3578.89 Mobile/15C153 Safari/604.1"
51.15.61.222 - - [26/Dec/2018:15:45:04 -0500] "GET / HTTP/1.1" 301 - "https://www.paladin.rip/" "HetrixTools Uptime Monitoring Bot. https://hetrix.tools/uptime-monitoring-bot.html"
51.15.61.222 - - [26/Dec/2018:15:45:05 -0500] "GET / HTTP/1.1" 503 10001 "https://paladin-extensions.com/" "HetrixTools Uptime Monitoring Bot. https://hetrix.tools/uptime-monitoring-bot.html"
96.126.106.201 - - [26/Dec/2018:15:45:14 -0500] "GET / HTTP/1.1" 301 - "https://www.paladin.rip/" "HetrixTools Uptime Monitoring Bot. https://hetrix.tools/uptime-monitoring-bot.html"
96.126.106.201 - - [26/Dec/2018:15:45:15 -0500] "GET / HTTP/1.1" 503 9999 "https://paladin-extensions.com/" "HetrixTools Uptime Monitoring Bot. https://hetrix.tools/uptime-monitoring-bot.html"
159.89.159.134 - - [26/Dec/2018:15:45:18 -0500] "GET / HTTP/1.1" 301 - "https://www.paladin.rip/" "HetrixTools Uptime Monitoring Bot. https://hetrix.tools/uptime-monitoring-bot.html"
159.89.159.134 - - [26/Dec/2018:15:45:18 -0500] "GET / HTTP/1.1" 503 10000 "https://paladin-extensions.com/" "HetrixTools Uptime Monitoring Bot. https://hetrix.tools/uptime-monitoring-bot.html"
51.15.61.222 - - [26/Dec/2018:15:46:09 -0500] "GET / HTTP/1.1" 301 - "https://www.paladin.rip/" "HetrixTools Uptime Monitoring Bot. https://hetrix.tools/uptime-monitoring-bot.html"
51.15.61.222 - - [26/Dec/2018:15:46:10 -0500] "GET / HTTP/1.1" 503 10009 "https://paladin-extensions.com/" "HetrixTools Uptime Monitoring Bot. https://hetrix.tools/uptime-monitoring-bot.html"
149.28.212.239 - - [26/Dec/2018:15:46:16 -0500] "GET / HTTP/1.1" 301 - "https://www.paladin.rip/" "HetrixTools Uptime Monitoring Bot. https://hetrix.tools/uptime-monitoring-bot.html"
149.28.212.239 - - [26/Dec/2018:15:46:16 -0500] "GET / HTTP/1.1" 503 10015 "https://paladin-extensions.com/" "HetrixTools Uptime Monitoring Bot. https://hetrix.tools/uptime-monitoring-bot.html"
96.126.106.201 - - [26/Dec/2018:15:46:23 -0500] "GET / HTTP/1.1" 301 - "https://www.paladin.rip/" "HetrixTools Uptime Monitoring Bot. https://hetrix.tools/uptime-monitoring-bot.html"
96.126.106.201 - - [26/Dec/2018:15:46:24 -0500] "GET / HTTP/1.1" 503 10016 "https://paladin-extensions.com/" "HetrixTools Uptime Monitoring Bot. https://hetrix.tools/uptime-monitoring-bot.html"
52.23.120.125 - - [26/Dec/2018:15:47:07 -0500] "GET / HTTP/1.1" 301 - "https://www.paladin.rip/" "HetrixTools Uptime Monitoring Bot. https://hetrix.tools/uptime-monitoring-bot.html"
52.23.120.125 - - [26/Dec/2018:15:47:08 -0500] "GET / HTTP/1.1" 503 10015 "https://paladin-extensions.com/" "HetrixTools Uptime Monitoring Bot. https://hetrix.tools/uptime-monitoring-bot.html"
188.166.79.172 - - [26/Dec/2018:15:47:10 -0500] "GET / HTTP/1.1" 301 - "https://www.paladin.rip/" "HetrixTools Uptime Monitoring Bot. https://hetrix.tools/uptime-monitoring-bot.html"
188.166.79.172 - - [26/Dec/2018:15:47:11 -0500] "GET / HTTP/1.1" 503 10008 "https://paladin-extensions.com/" "HetrixTools Uptime Monitoring Bot. https://hetrix.tools/uptime-monitoring-bot.html"
23.239.7.4 - - [26/Dec/2018:15:47:20 -0500] "GET / HTTP/1.1" 301 - "https://www.paladin.rip/" "HetrixTools Uptime Monitoring Bot. https://hetrix.tools/uptime-monitoring-bot.html"
23.239.7.4 - - [26/Dec/2018:15:47:20 -0500] "GET / HTTP/1.1" 503 10010 "https://paladin-extensions.com/" "HetrixTools Uptime Monitoring Bot. https://hetrix.tools/uptime-monitoring-bot.html"
159.89.159.134 - - [26/Dec/2018:15:48:06 -0500] "GET / HTTP/1.1" 301 - "https://www.paladin.rip/" "HetrixTools Uptime Monitoring Bot. https://hetrix.tools/uptime-monitoring-bot.html"
159.89.159.134 - - [26/Dec/2018:15:48:06 -0500] "GET / HTTP/1.1" 503 10010 "https://paladin-extensions.com/" "HetrixTools Uptime Monitoring Bot. https://hetrix.tools/uptime-monitoring-bot.html"
138.197.17.201 - - [26/Dec/2018:15:48:09 -0500] "GET / HTTP/1.1" 301 - "https://www.paladin.rip/" "HetrixTools Uptime Monitoring Bot. https://hetrix.tools/uptime-monitoring-bot.html"
138.197.17.201 - - [26/Dec/2018:15:48:10 -0500] "GET / HTTP/1.1" 503 10018 "https://paladin-extensions.com/" "HetrixTools Uptime Monitoring Bot. https://hetrix.tools/uptime-monitoring-bot.html"
51.15.61.222 - - [26/Dec/2018:15:48:20 -0500] "GET / HTTP/1.1" 301 - "https://www.paladin.rip/" "HetrixTools Uptime Monitoring Bot. https://hetrix.tools/uptime-monitoring-bot.html"
174.212.0.228 - - [26/Dec/2018:15:48:20 -0500] "GET /admin.php?user-groups/ HTTP/1.1" 200 9999 "https://www.paladin-extensions.com/admin.php?options/groups/boardActive/" "Mozilla/5.0 (iPhone; CPU iPhone OS 11_2_1 like Mac OS X) AppleWebKit/604.1.34 (KHTML, like Gecko) CriOS/71.0.3578.89 Mobile/15C153 Safari/604.1"
51.15.61.222 - - [26/Dec/2018:15:48:21 -0500] "GET / HTTP/1.1" 503 10012 "https://paladin-extensions.com/" "HetrixTools Uptime Monitoring Bot. https://hetrix.tools/uptime-monitoring-bot.html"
174.212.0.228 - - [26/Dec/2018:15:48:21 -0500] "POST /job.php HTTP/1.1" 200 14 "https://www.paladin-extensions.com/admin.php?user-groups/" "Mozilla/5.0 (iPhone; CPU iPhone OS 11_2_1 like Mac OS X) AppleWebKit/604.1.34 (KHTML, like Gecko) CriOS/71.0.3578.89 Mobile/15C153 Safari/604.1"
174.212.0.228 - - [26/Dec/2018:15:48:24 -0500] "GET /admin.php?user-groups/premium.5/edit HTTP/1.1" 200 22624 "https://www.paladin-extensions.com/admin.php?user-groups/" "Mozilla/5.0 (iPhone; CPU iPhone OS 11_2_1 like Mac OS X) AppleWebKit/604.1.34 (KHTML, like Gecko) CriOS/71.0.3578.89 Mobile/15C153 Safari/604.1"
174.212.0.228 - - [26/Dec/2018:15:48:25 -0500] "GET /js/xf/permission.min.js?_v=dee95749 HTTP/1.1" 200 2369 "https://www.paladin-extensions.com/admin.php?user-groups/premium.5/edit" "Mozilla/5.0 (iPhone; CPU iPhone OS 11_2_1 like Mac OS X) AppleWebKit/604.1.34 (KHTML, like Gecko) CriOS/71.0.3578.89 Mobile/15C153 Safari/604.1"
174.212.0.228 - - [26/Dec/2018:15:48:25 -0500] "GET /js/vendor/codemirror/mode/css/css.min.js?_v=dee95749 HTTP/1.1" 200 7855 "https://www.paladin-extensions.com/admin.php?user-groups/premium.5/edit" "Mozilla/5.0 (iPhone; CPU iPhone OS 11_2_1 like Mac OS X) AppleWebKit/604.1.34 (KHTML, like Gecko) CriOS/71.0.3578.89 Mobile/15C153 Safari/604.1"
174.212.0.228 - - [26/Dec/2018:15:48:25 -0500] "GET /js/vendor/codemirror/codemirror.min.js?_v=dee95749 HTTP/1.1" 200 63204 "https://www.paladin-extensions.com/admin.php?user-groups/premium.5/edit" "Mozilla/5.0 (iPhone; CPU iPhone OS 11_2_1 like Mac OS X) AppleWebKit/604.1.34 (KHTML, like Gecko) CriOS/71.0.3578.89 Mobile/15C153 Safari/604.1"
174.212.0.228 - - [26/Dec/2018:15:48:25 -0500] "GET /css.php?css=admin%3Apermission.less%2Cpublic%3Aapp_user_banners.less%2Cpublic%3Acode_editor.less%2Cpublic%3Aextra.less&s=0&l=1&d=1545856997&k=aa4797704335ed90ef9a9020e51b0148fb75e407 HTTP/1.1" 200 4583 "https://www.paladin-extensions.com/admin.php?user-groups/premium.5/edit" "Mozilla/5.0 (iPhone; CPU iPhone OS 11_2_1 like Mac OS X) AppleWebKit/604.1.34 (KHTML, like Gecko) CriOS/71.0.3578.89 Mobile/15C153 Safari/604.1"
138.197.17.201 - - [26/Dec/2018:15:49:06 -0500] "GET / HTTP/1.1" 301 - "https://www.paladin.rip/" "HetrixTools Uptime Monitoring Bot. https://hetrix.tools/uptime-monitoring-bot.html"
138.197.17.201 - - [26/Dec/2018:15:49:07 -0500] "GET / HTTP/1.1" 503 9999 "https://paladin-extensions.com/" "HetrixTools Uptime Monitoring Bot. https://hetrix.tools/uptime-monitoring-bot.html"
159.89.159.134 - - [26/Dec/2018:15:49:09 -0500] "GET / HTTP/1.1" 301 - "https://www.paladin.rip/" "HetrixTools Uptime Monitoring Bot. https://hetrix.tools/uptime-monitoring-bot.html"
159.89.159.134 - - [26/Dec/2018:15:49:09 -0500] "GET / HTTP/1.1" 503 10007 "https://paladin-extensions.com/" "HetrixTools Uptime Monitoring Bot. https://hetrix.tools/uptime-monitoring-bot.html"
51.15.61.222 - - [26/Dec/2018:15:49:10 -0500] "GET / HTTP/1.1" 301 - "https://www.paladin.rip/" "HetrixTools Uptime Monitoring Bot. https://hetrix.tools/uptime-monitoring-bot.html"
51.15.61.222 - - [26/Dec/2018:15:49:10 -0500] "GET / HTTP/1.1" 503 9999 "https://paladin-extensions.com/" "HetrixTools Uptime Monitoring Bot. https://hetrix.tools/uptime-monitoring-bot.html"
174.212.0.228 - - [26/Dec/2018:15:49:20 -0500] "GET /admin.php?options/groups/boardActive/ HTTP/1.1" 200 11041 "https://www.paladin-extensions.com/admin.php?options/groups/boardActive/" "Mozilla/5.0 (iPhone; CPU iPhone OS 11_2_1 like Mac OS X) AppleWebKit/604.1.34 (KHTML, like Gecko) CriOS/71.0.3578.89 Mobile/15C153 Safari/604.1"
174.212.0.228 - - [26/Dec/2018:15:49:22 -0500] "GET /index.php HTTP/1.1" 301 - "https://www.paladin-extensions.com/admin.php?options/groups/boardActive/" "Mozilla/5.0 (iPhone; CPU iPhone OS 11_2_1 like Mac OS X) AppleWebKit/604.1.34 (KHTML, like Gecko) CriOS/71.0.3578.89 Mobile/15C153 Safari/604.1"
174.212.0.228 - - [26/Dec/2018:15:49:22 -0500] "GET / HTTP/1.1" 200 50421 "https://www.paladin-extensions.com/admin.php?options/groups/boardActive/" "Mozilla/5.0 (iPhone; CPU iPhone OS 11_2_1 like Mac OS X) AppleWebKit/604.1.34 (KHTML, like Gecko) CriOS/71.0.3578.89 Mobile/15C153 Safari/604.1"
174.212.0.228 - - [26/Dec/2018:15:49:23 -0500] "GET /proxy.php?image=https%3A%2F%2Fi.imgur.com%2Fr0tCHeM.png&hash=58dd2bbfaf81cbfcd2d3e7fbdd81cb6c HTTP/1.1" 304 - "https://www.paladin-extensions.com/" "Mozilla/5.0 (iPhone; CPU iPhone OS 11_2_1 like Mac OS X) AppleWebKit/604.1.34 (KHTML, like Gecko) CriOS/71.0.3578.89 Mobile/15C153 Safari/604.1"
174.212.0.228 - - [26/Dec/2018:15:49:23 -0500] "GET /css.php?css=public%3Anormalize.css%2Cpublic%3Acore.less%2Cpublic%3Aapp.less&s=8&l=1&d=1545856997&k=edf6cfeed2b8b8213808b1692c79649ca17f77fa HTTP/1.1" 200 70652 "https://www.paladin-extensions.com/" "Mozilla/5.0 (iPhone; CPU iPhone OS 11_2_1 like Mac OS X) AppleWebKit/604.1.34 (KHTML, like Gecko) CriOS/71.0.3578.89 Mobile/15C153 Safari/604.1"
174.212.0.228 - - [26/Dec/2018:15:49:23 -0500] "GET /css.php?css=public%3Aandy_countdown.less%2Cpublic%3Aeditor.less%2Cpublic%3Alightbox.less%2Cpublic%3Anode_list.less%2Cpublic%3Anotices.less%2Cpublic%3Asiropu_shoutbox.less%2Cpublic%3Ath_reactions.less%2Cpublic%3Ath_widget_post_thread_uix.less%2Cpublic%3Awidget_ah_discord.less%2Cpublic%3Aextra.less&s=8&l=1&d=1545856997&k=5b3cfc20e41cf2f1354f3067921ddb059a807c3c HTTP/1.1" 200 30660 "https://www.paladin-extensions.com/" "Mozilla/5.0 (iPhone; CPU iPhone OS 11_2_1 like Mac OS X) AppleWebKit/604.1.34 (KHTML, like Gecko) CriOS/71.0.3578.89 Mobile/15C153 Safari/604.1"
174.212.0.228 - - [26/Dec/2018:15:49:27 -0500] "GET /index.php?shoutbox/refresh&last_id=140&_xfRequestUri=%2F&_xfWithData=1&_xfToken=1545857362%2C96a520229e6e721e2d9387078b235d6f&_xfResponseType=json HTTP/1.1" 200 267 "https://www.paladin-extensions.com/" "Mozilla/5.0 (iPhone; CPU iPhone OS 11_2_1 like Mac OS X) AppleWebKit/604.1.34 (KHTML, like Gecko) CriOS/71.0.3578.89 Mobile/15C153 Safari/604.1"
174.212.0.228 - - [26/Dec/2018:15:49:28 -0500] "GET /index.php?shoutbox/refresh&last_id=140&_xfRequestUri=%2F&_xfWithData=1&_xfToken=1545857362%2C96a520229e6e721e2d9387078b235d6f&_xfResponseType=json HTTP/1.1" 200 270 "https://www.paladin-extensions.com/" "Mozilla/5.0 (iPhone; CPU iPhone OS 11_2_1 like Mac OS X) AppleWebKit/604.1.34 (KHTML, like Gecko) CriOS/71.0.3578.89 Mobile/15C153 Safari/604.1"
174.212.0.228 - - [26/Dec/2018:15:49:30 -0500] "GET /index.php?shoutbox/refresh&last_id=140&_xfRequestUri=%2F&_xfWithData=1&_xfToken=1545857362%2C96a520229e6e721e2d9387078b235d6f&_xfResponseType=json HTTP/1.1" 200 269 "https://www.paladin-extensions.com/" "Mozilla/5.0 (iPhone; CPU iPhone OS 11_2_1 like Mac OS X) AppleWebKit/604.1.34 (KHTML, like Gecko) CriOS/71.0.3578.89 Mobile/15C153 Safari/604.1"
174.212.0.228 - - [26/Dec/2018:15:49:31 -0500] "GET /index.php?shoutbox/refresh&last_id=140&_xfRequestUri=%2F&_xfWithData=1&_xfToken=1545857362%2C96a520229e6e721e2d9387078b235d6f&_xfResponseType=json HTTP/1.1" 200 269 "https://www.paladin-extensions.com/" "Mozilla/5.0 (iPhone; CPU iPhone OS 11_2_1 like Mac OS X) AppleWebKit/604.1.34 (KHTML, like Gecko) CriOS/71.0.3578.89 Mobile/15C153 Safari/604.1"
174.212.0.228 - - [26/Dec/2018:15:49:32 -0500] "GET /index.php?shoutbox/refresh&last_id=140&_xfRequestUri=%2F&_xfWithData=1&_xfToken=1545857362%2C96a520229e6e721e2d9387078b235d6f&_xfResponseType=json HTTP/1.1" 200 269 "https://www.paladin-extensions.com/" "Mozilla/5.0 (iPhone; CPU iPhone OS 11_2_1 like Mac OS X) AppleWebKit/604.1.34 (KHTML, like Gecko) CriOS/71.0.3578.89 Mobile/15C153 Safari/604.1"
174.212.0.228 - - [26/Dec/2018:15:49:33 -0500] "GET /index.php?shoutbox/refresh&last_id=140&_xfRequestUri=%2F&_xfWithData=1&_xfToken=1545857362%2C96a520229e6e721e2d9387078b235d6f&_xfResponseType=json HTTP/1.1" 200 268 "https://www.paladin-extensions.com/" "Mozilla/5.0 (iPhone; CPU iPhone OS 11_2_1 like Mac OS X) AppleWebKit/604.1.34 (KHTML, like Gecko) CriOS/71.0.3578.89 Mobile/15C153 Safari/604.1"
174.212.0.228 - - [26/Dec/2018:15:49:34 -0500] "GET /admin.php?users/list HTTP/1.1" 200 12315 "https://www.paladin-extensions.com/admin.php?options/groups/boardActive/" "Mozilla/5.0 (iPhone; CPU iPhone OS 11_2_1 like Mac OS X) AppleWebKit/604.1.34 (KHTML, like Gecko) CriOS/71.0.3578.89 Mobile/15C153 Safari/604.1"
174.212.0.228 - - [26/Dec/2018:15:49:35 -0500] "GET /index.php?shoutbox/refresh&last_id=140&_xfRequestUri=%2F&_xfWithData=1&_xfToken=1545857362%2C96a520229e6e721e2d9387078b235d6f&_xfResponseType=json HTTP/1.1" 200 270 "https://www.paladin-extensions.com/" "Mozilla/5.0 (iPhone; CPU iPhone OS 11_2_1 like Mac OS X) AppleWebKit/604.1.34 (KHTML, like Gecko) CriOS/71.0.3578.89 Mobile/15C153 Safari/604.1"
174.212.0.228 - - [26/Dec/2018:15:49:35 -0500] "GET /data/avatars/m/0/8.jpg?1519456264 HTTP/1.1" 200 4910 "https://www.paladin-extensions.com/admin.php?users/list" "Mozilla/5.0 (iPhone; CPU iPhone OS 11_2_1 like Mac OS X) AppleWebKit/604.1.34 (KHTML, like Gecko) CriOS/71.0.3578.89 Mobile/15C153 Safari/604.1"
174.212.0.228 - - [26/Dec/2018:15:49:35 -0500] "GET /data/avatars/m/0/39.jpg?1544302529 HTTP/1.1" 200 18717 "https://www.paladin-extensions.com/admin.php?users/list" "Mozilla/5.0 (iPhone; CPU iPhone OS 11_2_1 like Mac OS X) AppleWebKit/604.1.34 (KHTML, like Gecko) CriOS/71.0.3578.89 Mobile/15C153 Safari/604.1"
174.212.0.228 - - [26/Dec/2018:15:49:35 -0500] "GET /data/avatars/m/0/13.jpg?1519322035 HTTP/1.1" 200 2745 "https://www.paladin-extensions.com/admin.php?users/list" "Mozilla/5.0 (iPhone; CPU iPhone OS 11_2_1 like Mac OS X) AppleWebKit/604.1.34 (KHTML, like Gecko) CriOS/71.0.3578.89 Mobile/15C153 Safari/604.1"
174.212.0.228 - - [26/Dec/2018:15:49:35 -0500] "GET /data/avatars/m/0/27.jpg?1528522426 HTTP/1.1" 200 3233 "https://www.paladin-extensions.com/admin.php?users/list" "Mozilla/5.0 (iPhone; CPU iPhone OS 11_2_1 like Mac OS X) AppleWebKit/604.1.34 (KHTML, like Gecko) CriOS/71.0.3578.89 Mobile/15C153 Safari/604.1"
174.212.0.228 - - [26/Dec/2018:15:49:35 -0500] "GET /data/avatars/m/0/14.jpg?1519269312 HTTP/1.1" 200 14934 "https://www.paladin-extensions.com/admin.php?users/list" "Mozilla/5.0 (iPhone; CPU iPhone OS 11_2_1 like Mac OS X) AppleWebKit/604.1.34 (KHTML, like Gecko) CriOS/71.0.3578.89 Mobile/15C153 Safari/604.1"
174.212.0.228 - - [26/Dec/2018:15:49:35 -0500] "GET /data/avatars/m/0/12.jpg?1519321709 HTTP/1.1" 200 3992 "https://www.paladin-extensions.com/admin.php?users/list" "Mozilla/5.0 (iPhone; CPU iPhone OS 11_2_1 like Mac OS X) AppleWebKit/604.1.34 (KHTML, like Gecko) CriOS/71.0.3578.89 Mobile/15C153 Safari/604.1"
