196.235.5.140 - - [20/Jan/2019:14:09:19 -0500] "GET /styles/themehouse/reactions/happy.svg HTTP/1.1" 200 1792 "https://www.paladin-extensions.com/members/aicha.8/" "Mozilla/5.0 (Windows NT 10.0; Win64; x64) AppleWebKit/537.36 (KHTML, like Gecko) Chrome/71.0.3578.98 Safari/537.36 OPR/58.0.3135.37 (Edition beta)"
196.235.5.140 - - [20/Jan/2019:14:09:19 -0500] "GET /styles/themehouse/reactions/agree.svg HTTP/1.1" 200 844 "https://www.paladin-extensions.com/members/aicha.8/" "Mozilla/5.0 (Windows NT 10.0; Win64; x64) AppleWebKit/537.36 (KHTML, like Gecko) Chrome/71.0.3578.98 Safari/537.36 OPR/58.0.3135.37 (Edition beta)"
196.235.5.140 - - [20/Jan/2019:14:09:19 -0500] "GET /styles/themehouse/reactions/sad.svg HTTP/1.1" 200 2237 "https://www.paladin-extensions.com/members/aicha.8/" "Mozilla/5.0 (Windows NT 10.0; Win64; x64) AppleWebKit/537.36 (KHTML, like Gecko) Chrome/71.0.3578.98 Safari/537.36 OPR/58.0.3135.37 (Edition beta)"
196.235.5.140 - - [20/Jan/2019:14:09:19 -0500] "GET /styles/themehouse/reactions/funny.svg HTTP/1.1" 200 2163 "https://www.paladin-extensions.com/members/aicha.8/" "Mozilla/5.0 (Windows NT 10.0; Win64; x64) AppleWebKit/537.36 (KHTML, like Gecko) Chrome/71.0.3578.98 Safari/537.36 OPR/58.0.3135.37 (Edition beta)"
196.235.5.140 - - [20/Jan/2019:14:09:19 -0500] "GET /styles/themehouse/reactions/useful.svg HTTP/1.1" 200 2186 "https://www.paladin-extensions.com/members/aicha.8/" "Mozilla/5.0 (Windows NT 10.0; Win64; x64) AppleWebKit/537.36 (KHTML, like Gecko) Chrome/71.0.3578.98 Safari/537.36 OPR/58.0.3135.37 (Edition beta)"
196.235.5.140 - - [20/Jan/2019:14:09:19 -0500] "GET /styles/themehouse/reactions/sleepy.svg HTTP/1.1" 200 1367 "https://www.paladin-extensions.com/members/aicha.8/" "Mozilla/5.0 (Windows NT 10.0; Win64; x64) AppleWebKit/537.36 (KHTML, like Gecko) Chrome/71.0.3578.98 Safari/537.36 OPR/58.0.3135.37 (Edition beta)"
196.235.5.140 - - [20/Jan/2019:14:09:19 -0500] "GET /styles/themehouse/reactions/surprised.svg HTTP/1.1" 200 1543 "https://www.paladin-extensions.com/members/aicha.8/" "Mozilla/5.0 (Windows NT 10.0; Win64; x64) AppleWebKit/537.36 (KHTML, like Gecko) Chrome/71.0.3578.98 Safari/537.36 OPR/58.0.3135.37 (Edition beta)"
196.235.5.140 - - [20/Jan/2019:14:09:19 -0500] "GET /styles/themehouse/reactions/old.svg HTTP/1.1" 200 2329 "https://www.paladin-extensions.com/members/aicha.8/" "Mozilla/5.0 (Windows NT 10.0; Win64; x64) AppleWebKit/537.36 (KHTML, like Gecko) Chrome/71.0.3578.98 Safari/537.36 OPR/58.0.3135.37 (Edition beta)"
196.235.5.140 - - [20/Jan/2019:14:09:19 -0500] "GET /styles/themehouse/reactions/creative.svg HTTP/1.1" 200 1769 "https://www.paladin-extensions.com/members/aicha.8/" "Mozilla/5.0 (Windows NT 10.0; Win64; x64) AppleWebKit/537.36 (KHTML, like Gecko) Chrome/71.0.3578.98 Safari/537.36 OPR/58.0.3135.37 (Edition beta)"
196.235.5.140 - - [20/Jan/2019:14:09:19 -0500] "GET /styles/themehouse/reactions/badspelling.svg HTTP/1.1" 200 2346 "https://www.paladin-extensions.com/members/aicha.8/" "Mozilla/5.0 (Windows NT 10.0; Win64; x64) AppleWebKit/537.36 (KHTML, like Gecko) Chrome/71.0.3578.98 Safari/537.36 OPR/58.0.3135.37 (Edition beta)"
196.235.5.140 - - [20/Jan/2019:14:09:19 -0500] "GET /styles/themehouse/reactions/dumb.svg HTTP/1.1" 200 1324 "https://www.paladin-extensions.com/members/aicha.8/" "Mozilla/5.0 (Windows NT 10.0; Win64; x64) AppleWebKit/537.36 (KHTML, like Gecko) Chrome/71.0.3578.98 Safari/537.36 OPR/58.0.3135.37 (Edition beta)"
196.235.5.140 - - [20/Jan/2019:14:09:20 -0500] "GET /members/aicha.8/about?_xfRequestUri=%2Fmembers%2Faicha.8%2F&_xfWithData=1&_xfToken=1548011353%2C8d079e6d2cb02996224a5014fbc61423&_xfResponseType=json HTTP/1.1" 200 4880 "https://www.paladin-extensions.com/members/aicha.8/" "Mozilla/5.0 (Windows NT 10.0; Win64; x64) AppleWebKit/537.36 (KHTML, like Gecko) Chrome/71.0.3578.98 Safari/537.36 OPR/58.0.3135.37 (Edition beta)"
196.235.5.140 - - [20/Jan/2019:14:09:25 -0500] "GET / HTTP/1.1" 200 45061 "https://www.paladin-extensions.com/members/aicha.8/" "Mozilla/5.0 (Windows NT 10.0; Win64; x64) AppleWebKit/537.36 (KHTML, like Gecko) Chrome/71.0.3578.98 Safari/537.36 OPR/58.0.3135.37 (Edition beta)"
196.235.5.140 - - [20/Jan/2019:14:09:26 -0500] "GET /proxy.php?image=https%3A%2F%2Fi.imgur.com%2Fr0tCHeM.png&hash=58dd2bbfaf81cbfcd2d3e7fbdd81cb6c HTTP/1.1" 304 - "https://www.paladin-extensions.com/" "Mozilla/5.0 (Windows NT 10.0; Win64; x64) AppleWebKit/537.36 (KHTML, like Gecko) Chrome/71.0.3578.98 Safari/537.36 OPR/58.0.3135.37 (Edition beta)"
196.235.5.140 - - [20/Jan/2019:14:09:28 -0500] "GET /index.php?shoutbox/refresh&last_id=140&_xfRequestUri=%2F&_xfWithData=1&_xfToken=1548011365%2C5b0ca10499556c7345a4719326acfa77&_xfResponseType=json HTTP/1.1" 200 119 "https://www.paladin-extensions.com/" "Mozilla/5.0 (Windows NT 10.0; Win64; x64) AppleWebKit/537.36 (KHTML, like Gecko) Chrome/71.0.3578.98 Safari/537.36 OPR/58.0.3135.37 (Edition beta)"
196.235.5.140 - - [20/Jan/2019:14:09:29 -0500] "GET /index.php?shoutbox/refresh&last_id=140&_xfRequestUri=%2F&_xfWithData=1&_xfToken=1548011365%2C5b0ca10499556c7345a4719326acfa77&_xfResponseType=json HTTP/1.1" 200 119 "https://www.paladin-extensions.com/" "Mozilla/5.0 (Windows NT 10.0; Win64; x64) AppleWebKit/537.36 (KHTML, like Gecko) Chrome/71.0.3578.98 Safari/537.36 OPR/58.0.3135.37 (Edition beta)"
196.235.5.140 - - [20/Jan/2019:14:09:30 -0500] "GET /index.php?shoutbox/refresh&last_id=140&_xfRequestUri=%2F&_xfWithData=1&_xfToken=1548011365%2C5b0ca10499556c7345a4719326acfa77&_xfResponseType=json HTTP/1.1" 200 119 "https://www.paladin-extensions.com/" "Mozilla/5.0 (Windows NT 10.0; Win64; x64) AppleWebKit/537.36 (KHTML, like Gecko) Chrome/71.0.3578.98 Safari/537.36 OPR/58.0.3135.37 (Edition beta)"
196.235.5.140 - - [20/Jan/2019:14:09:31 -0500] "GET /index.php?shoutbox/refresh&last_id=140&_xfRequestUri=%2F&_xfWithData=1&_xfToken=1548011365%2C5b0ca10499556c7345a4719326acfa77&_xfResponseType=json HTTP/1.1" 200 119 "https://www.paladin-extensions.com/" "Mozilla/5.0 (Windows NT 10.0; Win64; x64) AppleWebKit/537.36 (KHTML, like Gecko) Chrome/71.0.3578.98 Safari/537.36 OPR/58.0.3135.37 (Edition beta)"
196.235.5.140 - - [20/Jan/2019:14:09:32 -0500] "GET /index.php?shoutbox/refresh&last_id=140&_xfRequestUri=%2F&_xfWithData=1&_xfToken=1548011365%2C5b0ca10499556c7345a4719326acfa77&_xfResponseType=json HTTP/1.1" 200 119 "https://www.paladin-extensions.com/" "Mozilla/5.0 (Windows NT 10.0; Win64; x64) AppleWebKit/537.36 (KHTML, like Gecko) Chrome/71.0.3578.98 Safari/537.36 OPR/58.0.3135.37 (Edition beta)"
196.235.5.140 - - [20/Jan/2019:14:09:33 -0500] "GET /index.php?shoutbox/refresh&last_id=140&_xfRequestUri=%2F&_xfWithData=1&_xfToken=1548011365%2C5b0ca10499556c7345a4719326acfa77&_xfResponseType=json HTTP/1.1" 200 119 "https://www.paladin-extensions.com/" "Mozilla/5.0 (Windows NT 10.0; Win64; x64) AppleWebKit/537.36 (KHTML, like Gecko) Chrome/71.0.3578.98 Safari/537.36 OPR/58.0.3135.37 (Edition beta)"
196.235.5.140 - - [20/Jan/2019:14:09:34 -0500] "GET /index.php?shoutbox/refresh&last_id=140&_xfRequestUri=%2F&_xfWithData=1&_xfToken=1548011365%2C5b0ca10499556c7345a4719326acfa77&_xfResponseType=json HTTP/1.1" 200 119 "https://www.paladin-extensions.com/" "Mozilla/5.0 (Windows NT 10.0; Win64; x64) AppleWebKit/537.36 (KHTML, like Gecko) Chrome/71.0.3578.98 Safari/537.36 OPR/58.0.3135.37 (Edition beta)"
196.235.5.140 - - [20/Jan/2019:14:09:35 -0500] "GET /index.php?shoutbox/refresh&last_id=140&_xfRequestUri=%2F&_xfWithData=1&_xfToken=1548011365%2C5b0ca10499556c7345a4719326acfa77&_xfResponseType=json HTTP/1.1" 200 119 "https://www.paladin-extensions.com/" "Mozilla/5.0 (Windows NT 10.0; Win64; x64) AppleWebKit/537.36 (KHTML, like Gecko) Chrome/71.0.3578.98 Safari/537.36 OPR/58.0.3135.37 (Edition beta)"
196.235.5.140 - - [20/Jan/2019:14:09:36 -0500] "GET /index.php?shoutbox/refresh&last_id=140&_xfRequestUri=%2F&_xfWithData=1&_xfToken=1548011365%2C5b0ca10499556c7345a4719326acfa77&_xfResponseType=json HTTP/1.1" 200 119 "https://www.paladin-extensions.com/" "Mozilla/5.0 (Windows NT 10.0; Win64; x64) AppleWebKit/537.36 (KHTML, like Gecko) Chrome/71.0.3578.98 Safari/537.36 OPR/58.0.3135.37 (Edition beta)"
196.235.5.140 - - [20/Jan/2019:14:09:37 -0500] "GET /index.php?shoutbox/refresh&last_id=140&_xfRequestUri=%2F&_xfWithData=1&_xfToken=1548011365%2C5b0ca10499556c7345a4719326acfa77&_xfResponseType=json HTTP/1.1" 200 119 "https://www.paladin-extensions.com/" "Mozilla/5.0 (Windows NT 10.0; Win64; x64) AppleWebKit/537.36 (KHTML, like Gecko) Chrome/71.0.3578.98 Safari/537.36 OPR/58.0.3135.37 (Edition beta)"
196.235.5.140 - - [20/Jan/2019:14:09:38 -0500] "GET /index.php?shoutbox/refresh&last_id=140&_xfRequestUri=%2F&_xfWithData=1&_xfToken=1548011365%2C5b0ca10499556c7345a4719326acfa77&_xfResponseType=json HTTP/1.1" 200 119 "https://www.paladin-extensions.com/" "Mozilla/5.0 (Windows NT 10.0; Win64; x64) AppleWebKit/537.36 (KHTML, like Gecko) Chrome/71.0.3578.98 Safari/537.36 OPR/58.0.3135.37 (Edition beta)"
196.235.5.140 - - [20/Jan/2019:14:09:39 -0500] "GET /index.php?shoutbox/refresh&last_id=140&_xfRequestUri=%2F&_xfWithData=1&_xfToken=1548011365%2C5b0ca10499556c7345a4719326acfa77&_xfResponseType=json HTTP/1.1" 200 119 "https://www.paladin-extensions.com/" "Mozilla/5.0 (Windows NT 10.0; Win64; x64) AppleWebKit/537.36 (KHTML, like Gecko) Chrome/71.0.3578.98 Safari/537.36 OPR/58.0.3135.37 (Edition beta)"
196.235.5.140 - - [20/Jan/2019:14:09:40 -0500] "GET /index.php?shoutbox/refresh&last_id=140&_xfRequestUri=%2F&_xfWithData=1&_xfToken=1548011365%2C5b0ca10499556c7345a4719326acfa77&_xfResponseType=json HTTP/1.1" 200 119 "https://www.paladin-extensions.com/" "Mozilla/5.0 (Windows NT 10.0; Win64; x64) AppleWebKit/537.36 (KHTML, like Gecko) Chrome/71.0.3578.98 Safari/537.36 OPR/58.0.3135.37 (Edition beta)"
196.235.5.140 - - [20/Jan/2019:14:09:41 -0500] "GET /index.php?shoutbox/refresh&last_id=140&_xfRequestUri=%2F&_xfWithData=1&_xfToken=1548011365%2C5b0ca10499556c7345a4719326acfa77&_xfResponseType=json HTTP/1.1" 200 119 "https://www.paladin-extensions.com/" "Mozilla/5.0 (Windows NT 10.0; Win64; x64) AppleWebKit/537.36 (KHTML, like Gecko) Chrome/71.0.3578.98 Safari/537.36 OPR/58.0.3135.37 (Edition beta)"
196.235.5.140 - - [20/Jan/2019:14:09:42 -0500] "GET /index.php?shoutbox/refresh&last_id=140&_xfRequestUri=%2F&_xfWithData=1&_xfToken=1548011365%2C5b0ca10499556c7345a4719326acfa77&_xfResponseType=json HTTP/1.1" 200 119 "https://www.paladin-extensions.com/" "Mozilla/5.0 (Windows NT 10.0; Win64; x64) AppleWebKit/537.36 (KHTML, like Gecko) Chrome/71.0.3578.98 Safari/537.36 OPR/58.0.3135.37 (Edition beta)"
196.235.5.140 - - [20/Jan/2019:14:09:43 -0500] "GET /index.php?shoutbox/refresh&last_id=140&_xfRequestUri=%2F&_xfWithData=1&_xfToken=1548011365%2C5b0ca10499556c7345a4719326acfa77&_xfResponseType=json HTTP/1.1" 200 119 "https://www.paladin-extensions.com/" "Mozilla/5.0 (Windows NT 10.0; Win64; x64) AppleWebKit/537.36 (KHTML, like Gecko) Chrome/71.0.3578.98 Safari/537.36 OPR/58.0.3135.37 (Edition beta)"
196.235.5.140 - - [20/Jan/2019:14:09:44 -0500] "GET /index.php?shoutbox/refresh&last_id=140&_xfRequestUri=%2F&_xfWithData=1&_xfToken=1548011365%2C5b0ca10499556c7345a4719326acfa77&_xfResponseType=json HTTP/1.1" 200 119 "https://www.paladin-extensions.com/" "Mozilla/5.0 (Windows NT 10.0; Win64; x64) AppleWebKit/537.36 (KHTML, like Gecko) Chrome/71.0.3578.98 Safari/537.36 OPR/58.0.3135.37 (Edition beta)"
196.235.5.140 - - [20/Jan/2019:14:09:45 -0500] "GET /index.php?shoutbox/refresh&last_id=140&_xfRequestUri=%2F&_xfWithData=1&_xfToken=1548011365%2C5b0ca10499556c7345a4719326acfa77&_xfResponseType=json HTTP/1.1" 200 119 "https://www.paladin-extensions.com/" "Mozilla/5.0 (Windows NT 10.0; Win64; x64) AppleWebKit/537.36 (KHTML, like Gecko) Chrome/71.0.3578.98 Safari/537.36 OPR/58.0.3135.37 (Edition beta)"
196.235.5.140 - - [20/Jan/2019:14:09:46 -0500] "GET /index.php?shoutbox/refresh&last_id=140&_xfRequestUri=%2F&_xfWithData=1&_xfToken=1548011365%2C5b0ca10499556c7345a4719326acfa77&_xfResponseType=json HTTP/1.1" 200 119 "https://www.paladin-extensions.com/" "Mozilla/5.0 (Windows NT 10.0; Win64; x64) AppleWebKit/537.36 (KHTML, like Gecko) Chrome/71.0.3578.98 Safari/537.36 OPR/58.0.3135.37 (Edition beta)"
196.235.5.140 - - [20/Jan/2019:14:09:47 -0500] "GET /index.php?shoutbox/refresh&last_id=140&_xfRequestUri=%2F&_xfWithData=1&_xfToken=1548011365%2C5b0ca10499556c7345a4719326acfa77&_xfResponseType=json HTTP/1.1" 200 119 "https://www.paladin-extensions.com/" "Mozilla/5.0 (Windows NT 10.0; Win64; x64) AppleWebKit/537.36 (KHTML, like Gecko) Chrome/71.0.3578.98 Safari/537.36 OPR/58.0.3135.37 (Edition beta)"
196.235.5.140 - - [20/Jan/2019:14:09:48 -0500] "GET /index.php?shoutbox/refresh&last_id=140&_xfRequestUri=%2F&_xfWithData=1&_xfToken=1548011365%2C5b0ca10499556c7345a4719326acfa77&_xfResponseType=json HTTP/1.1" 200 119 "https://www.paladin-extensions.com/" "Mozilla/5.0 (Windows NT 10.0; Win64; x64) AppleWebKit/537.36 (KHTML, like Gecko) Chrome/71.0.3578.98 Safari/537.36 OPR/58.0.3135.37 (Edition beta)"
196.235.5.140 - - [20/Jan/2019:14:09:49 -0500] "GET /index.php?shoutbox/refresh&last_id=140&_xfRequestUri=%2F&_xfWithData=1&_xfToken=1548011365%2C5b0ca10499556c7345a4719326acfa77&_xfResponseType=json HTTP/1.1" 200 119 "https://www.paladin-extensions.com/" "Mozilla/5.0 (Windows NT 10.0; Win64; x64) AppleWebKit/537.36 (KHTML, like Gecko) Chrome/71.0.3578.98 Safari/537.36 OPR/58.0.3135.37 (Edition beta)"
196.235.5.140 - - [20/Jan/2019:14:09:50 -0500] "GET /index.php?shoutbox/refresh&last_id=140&_xfRequestUri=%2F&_xfWithData=1&_xfToken=1548011365%2C5b0ca10499556c7345a4719326acfa77&_xfResponseType=json HTTP/1.1" 200 119 "https://www.paladin-extensions.com/" "Mozilla/5.0 (Windows NT 10.0; Win64; x64) AppleWebKit/537.36 (KHTML, like Gecko) Chrome/71.0.3578.98 Safari/537.36 OPR/58.0.3135.37 (Edition beta)"
196.235.5.140 - - [20/Jan/2019:14:09:51 -0500] "GET /index.php?shoutbox/refresh&last_id=140&_xfRequestUri=%2F&_xfWithData=1&_xfToken=1548011365%2C5b0ca10499556c7345a4719326acfa77&_xfResponseType=json HTTP/1.1" 200 119 "https://www.paladin-extensions.com/" "Mozilla/5.0 (Windows NT 10.0; Win64; x64) AppleWebKit/537.36 (KHTML, like Gecko) Chrome/71.0.3578.98 Safari/537.36 OPR/58.0.3135.37 (Edition beta)"
196.235.5.140 - - [20/Jan/2019:14:09:52 -0500] "GET /index.php?shoutbox/refresh&last_id=140&_xfRequestUri=%2F&_xfWithData=1&_xfToken=1548011365%2C5b0ca10499556c7345a4719326acfa77&_xfResponseType=json HTTP/1.1" 200 119 "https://www.paladin-extensions.com/" "Mozilla/5.0 (Windows NT 10.0; Win64; x64) AppleWebKit/537.36 (KHTML, like Gecko) Chrome/71.0.3578.98 Safari/537.36 OPR/58.0.3135.37 (Edition beta)"
196.235.5.140 - - [20/Jan/2019:14:09:53 -0500] "GET /index.php?shoutbox/refresh&last_id=140&_xfRequestUri=%2F&_xfWithData=1&_xfToken=1548011365%2C5b0ca10499556c7345a4719326acfa77&_xfResponseType=json HTTP/1.1" 200 119 "https://www.paladin-extensions.com/" "Mozilla/5.0 (Windows NT 10.0; Win64; x64) AppleWebKit/537.36 (KHTML, like Gecko) Chrome/71.0.3578.98 Safari/537.36 OPR/58.0.3135.37 (Edition beta)"
196.235.5.140 - - [20/Jan/2019:14:09:54 -0500] "GET /index.php?shoutbox/refresh&last_id=140&_xfRequestUri=%2F&_xfWithData=1&_xfToken=1548011365%2C5b0ca10499556c7345a4719326acfa77&_xfResponseType=json HTTP/1.1" 200 119 "https://www.paladin-extensions.com/" "Mozilla/5.0 (Windows NT 10.0; Win64; x64) AppleWebKit/537.36 (KHTML, like Gecko) Chrome/71.0.3578.98 Safari/537.36 OPR/58.0.3135.37 (Edition beta)"
196.235.5.140 - - [20/Jan/2019:14:09:55 -0500] "GET /index.php?shoutbox/refresh&last_id=140&_xfRequestUri=%2F&_xfWithData=1&_xfToken=1548011365%2C5b0ca10499556c7345a4719326acfa77&_xfResponseType=json HTTP/1.1" 200 119 "https://www.paladin-extensions.com/" "Mozilla/5.0 (Windows NT 10.0; Win64; x64) AppleWebKit/537.36 (KHTML, like Gecko) Chrome/71.0.3578.98 Safari/537.36 OPR/58.0.3135.37 (Edition beta)"
196.235.5.140 - - [20/Jan/2019:14:09:56 -0500] "GET /index.php?shoutbox/refresh&last_id=140&_xfRequestUri=%2F&_xfWithData=1&_xfToken=1548011365%2C5b0ca10499556c7345a4719326acfa77&_xfResponseType=json HTTP/1.1" 200 119 "https://www.paladin-extensions.com/" "Mozilla/5.0 (Windows NT 10.0; Win64; x64) AppleWebKit/537.36 (KHTML, like Gecko) Chrome/71.0.3578.98 Safari/537.36 OPR/58.0.3135.37 (Edition beta)"
196.235.5.140 - - [20/Jan/2019:14:09:57 -0500] "GET /index.php?shoutbox/refresh&last_id=140&_xfRequestUri=%2F&_xfWithData=1&_xfToken=1548011365%2C5b0ca10499556c7345a4719326acfa77&_xfResponseType=json HTTP/1.1" 200 119 "https://www.paladin-extensions.com/" "Mozilla/5.0 (Windows NT 10.0; Win64; x64) AppleWebKit/537.36 (KHTML, like Gecko) Chrome/71.0.3578.98 Safari/537.36 OPR/58.0.3135.37 (Edition beta)"
196.235.5.140 - - [20/Jan/2019:14:09:58 -0500] "GET /index.php?shoutbox/refresh&last_id=140&_xfRequestUri=%2F&_xfWithData=1&_xfToken=1548011365%2C5b0ca10499556c7345a4719326acfa77&_xfResponseType=json HTTP/1.1" 200 119 "https://www.paladin-extensions.com/" "Mozilla/5.0 (Windows NT 10.0; Win64; x64) AppleWebKit/537.36 (KHTML, like Gecko) Chrome/71.0.3578.98 Safari/537.36 OPR/58.0.3135.37 (Edition beta)"
196.235.5.140 - - [20/Jan/2019:14:09:59 -0500] "GET /index.php?shoutbox/refresh&last_id=140&_xfRequestUri=%2F&_xfWithData=1&_xfToken=1548011365%2C5b0ca10499556c7345a4719326acfa77&_xfResponseType=json HTTP/1.1" 200 119 "https://www.paladin-extensions.com/" "Mozilla/5.0 (Windows NT 10.0; Win64; x64) AppleWebKit/537.36 (KHTML, like Gecko) Chrome/71.0.3578.98 Safari/537.36 OPR/58.0.3135.37 (Edition beta)"
196.235.5.140 - - [20/Jan/2019:14:10:00 -0500] "GET /index.php?shoutbox/refresh&last_id=140&_xfRequestUri=%2F&_xfWithData=1&_xfToken=1548011365%2C5b0ca10499556c7345a4719326acfa77&_xfResponseType=json HTTP/1.1" 200 119 "https://www.paladin-extensions.com/" "Mozilla/5.0 (Windows NT 10.0; Win64; x64) AppleWebKit/537.36 (KHTML, like Gecko) Chrome/71.0.3578.98 Safari/537.36 OPR/58.0.3135.37 (Edition beta)"
196.235.5.140 - - [20/Jan/2019:14:10:01 -0500] "GET /index.php?shoutbox/refresh&last_id=140&_xfRequestUri=%2F&_xfWithData=1&_xfToken=1548011365%2C5b0ca10499556c7345a4719326acfa77&_xfResponseType=json HTTP/1.1" 200 119 "https://www.paladin-extensions.com/" "Mozilla/5.0 (Windows NT 10.0; Win64; x64) AppleWebKit/537.36 (KHTML, like Gecko) Chrome/71.0.3578.98 Safari/537.36 OPR/58.0.3135.37 (Edition beta)"
196.235.5.140 - - [20/Jan/2019:14:10:02 -0500] "GET /index.php?shoutbox/refresh&last_id=140&_xfRequestUri=%2F&_xfWithData=1&_xfToken=1548011365%2C5b0ca10499556c7345a4719326acfa77&_xfResponseType=json HTTP/1.1" 200 119 "https://www.paladin-extensions.com/" "Mozilla/5.0 (Windows NT 10.0; Win64; x64) AppleWebKit/537.36 (KHTML, like Gecko) Chrome/71.0.3578.98 Safari/537.36 OPR/58.0.3135.37 (Edition beta)"
196.235.5.140 - - [20/Jan/2019:14:10:03 -0500] "GET /index.php?shoutbox/refresh&last_id=140&_xfRequestUri=%2F&_xfWithData=1&_xfToken=1548011365%2C5b0ca10499556c7345a4719326acfa77&_xfResponseType=json HTTP/1.1" 200 119 "https://www.paladin-extensions.com/" "Mozilla/5.0 (Windows NT 10.0; Win64; x64) AppleWebKit/537.36 (KHTML, like Gecko) Chrome/71.0.3578.98 Safari/537.36 OPR/58.0.3135.37 (Edition beta)"
196.235.5.140 - - [20/Jan/2019:14:10:04 -0500] "GET /index.php?shoutbox/refresh&last_id=140&_xfRequestUri=%2F&_xfWithData=1&_xfToken=1548011365%2C5b0ca10499556c7345a4719326acfa77&_xfResponseType=json HTTP/1.1" 200 119 "https://www.paladin-extensions.com/" "Mozilla/5.0 (Windows NT 10.0; Win64; x64) AppleWebKit/537.36 (KHTML, like Gecko) Chrome/71.0.3578.98 Safari/537.36 OPR/58.0.3135.37 (Edition beta)"
196.235.5.140 - - [20/Jan/2019:14:10:05 -0500] "GET /index.php?shoutbox/refresh&last_id=140&_xfRequestUri=%2F&_xfWithData=1&_xfToken=1548011365%2C5b0ca10499556c7345a4719326acfa77&_xfResponseType=json HTTP/1.1" 200 119 "https://www.paladin-extensions.com/" "Mozilla/5.0 (Windows NT 10.0; Win64; x64) AppleWebKit/537.36 (KHTML, like Gecko) Chrome/71.0.3578.98 Safari/537.36 OPR/58.0.3135.37 (Edition beta)"
196.235.5.140 - - [20/Jan/2019:14:10:06 -0500] "GET /index.php?shoutbox/refresh&last_id=140&_xfRequestUri=%2F&_xfWithData=1&_xfToken=1548011365%2C5b0ca10499556c7345a4719326acfa77&_xfResponseType=json HTTP/1.1" 200 119 "https://www.paladin-extensions.com/" "Mozilla/5.0 (Windows NT 10.0; Win64; x64) AppleWebKit/537.36 (KHTML, like Gecko) Chrome/71.0.3578.98 Safari/537.36 OPR/58.0.3135.37 (Edition beta)"
196.235.5.140 - - [20/Jan/2019:14:10:07 -0500] "GET /index.php?shoutbox/refresh&last_id=140&_xfRequestUri=%2F&_xfWithData=1&_xfToken=1548011365%2C5b0ca10499556c7345a4719326acfa77&_xfResponseType=json HTTP/1.1" 200 119 "https://www.paladin-extensions.com/" "Mozilla/5.0 (Windows NT 10.0; Win64; x64) AppleWebKit/537.36 (KHTML, like Gecko) Chrome/71.0.3578.98 Safari/537.36 OPR/58.0.3135.37 (Edition beta)"
196.235.5.140 - - [20/Jan/2019:14:10:08 -0500] "GET /index.php?shoutbox/refresh&last_id=140&_xfRequestUri=%2F&_xfWithData=1&_xfToken=1548011365%2C5b0ca10499556c7345a4719326acfa77&_xfResponseType=json HTTP/1.1" 200 119 "https://www.paladin-extensions.com/" "Mozilla/5.0 (Windows NT 10.0; Win64; x64) AppleWebKit/537.36 (KHTML, like Gecko) Chrome/71.0.3578.98 Safari/537.36 OPR/58.0.3135.37 (Edition beta)"
196.235.5.140 - - [20/Jan/2019:14:10:09 -0500] "GET /index.php?shoutbox/refresh&last_id=140&_xfRequestUri=%2F&_xfWithData=1&_xfToken=1548011365%2C5b0ca10499556c7345a4719326acfa77&_xfResponseType=json HTTP/1.1" 200 119 "https://www.paladin-extensions.com/" "Mozilla/5.0 (Windows NT 10.0; Win64; x64) AppleWebKit/537.36 (KHTML, like Gecko) Chrome/71.0.3578.98 Safari/537.36 OPR/58.0.3135.37 (Edition beta)"
196.235.5.140 - - [20/Jan/2019:14:10:10 -0500] "GET /index.php?shoutbox/refresh&last_id=140&_xfRequestUri=%2F&_xfWithData=1&_xfToken=1548011365%2C5b0ca10499556c7345a4719326acfa77&_xfResponseType=json HTTP/1.1" 200 119 "https://www.paladin-extensions.com/" "Mozilla/5.0 (Windows NT 10.0; Win64; x64) AppleWebKit/537.36 (KHTML, like Gecko) Chrome/71.0.3578.98 Safari/537.36 OPR/58.0.3135.37 (Edition beta)"
196.235.5.140 - - [20/Jan/2019:14:10:11 -0500] "GET /index.php?shoutbox/refresh&last_id=140&_xfRequestUri=%2F&_xfWithData=1&_xfToken=1548011365%2C5b0ca10499556c7345a4719326acfa77&_xfResponseType=json HTTP/1.1" 200 119 "https://www.paladin-extensions.com/" "Mozilla/5.0 (Windows NT 10.0; Win64; x64) AppleWebKit/537.36 (KHTML, like Gecko) Chrome/71.0.3578.98 Safari/537.36 OPR/58.0.3135.37 (Edition beta)"
196.235.5.140 - - [20/Jan/2019:14:10:11 -0500] "GET /members/robitussin.32/?tooltip=true&_xfRequestUri=%2F&_xfWithData=1&_xfToken=1548011365%2C5b0ca10499556c7345a4719326acfa77&_xfResponseType=json HTTP/1.1" 200 4491 "https://www.paladin-extensions.com/" "Mozilla/5.0 (Windows NT 10.0; Win64; x64) AppleWebKit/537.36 (KHTML, like Gecko) Chrome/71.0.3578.98 Safari/537.36 OPR/58.0.3135.37 (Edition beta)"
196.235.5.140 - - [20/Jan/2019:14:10:12 -0500] "GET /css.php?css=public:member_tooltip.less&s=8&l=1&d=1547535223 HTTP/1.1" 200 503 "https://www.paladin-extensions.com/" "Mozilla/5.0 (Windows NT 10.0; Win64; x64) AppleWebKit/537.36 (KHTML, like Gecko) Chrome/71.0.3578.98 Safari/537.36 OPR/58.0.3135.37 (Edition beta)"
196.235.5.140 - - [20/Jan/2019:14:10:12 -0500] "GET /index.php?shoutbox/refresh&last_id=140&_xfRequestUri=%2F&_xfWithData=1&_xfToken=1548011365%2C5b0ca10499556c7345a4719326acfa77&_xfResponseType=json HTTP/1.1" 200 119 "https://www.paladin-extensions.com/" "Mozilla/5.0 (Windows NT 10.0; Win64; x64) AppleWebKit/537.36 (KHTML, like Gecko) Chrome/71.0.3578.98 Safari/537.36 OPR/58.0.3135.37 (Edition beta)"
196.235.5.140 - - [20/Jan/2019:14:10:13 -0500] "GET /index.php?shoutbox/refresh&last_id=140&_xfRequestUri=%2F&_xfWithData=1&_xfToken=1548011365%2C5b0ca10499556c7345a4719326acfa77&_xfResponseType=json HTTP/1.1" 200 119 "https://www.paladin-extensions.com/" "Mozilla/5.0 (Windows NT 10.0; Win64; x64) AppleWebKit/537.36 (KHTML, like Gecko) Chrome/71.0.3578.98 Safari/537.36 OPR/58.0.3135.37 (Edition beta)"
196.235.5.140 - - [20/Jan/2019:14:10:14 -0500] "GET /index.php?shoutbox/refresh&last_id=140&_xfRequestUri=%2F&_xfWithData=1&_xfToken=1548011365%2C5b0ca10499556c7345a4719326acfa77&_xfResponseType=json HTTP/1.1" 200 119 "https://www.paladin-extensions.com/" "Mozilla/5.0 (Windows NT 10.0; Win64; x64) AppleWebKit/537.36 (KHTML, like Gecko) Chrome/71.0.3578.98 Safari/537.36 OPR/58.0.3135.37 (Edition beta)"
196.235.5.140 - - [20/Jan/2019:14:10:15 -0500] "GET /index.php?shoutbox/refresh&last_id=140&_xfRequestUri=%2F&_xfWithData=1&_xfToken=1548011365%2C5b0ca10499556c7345a4719326acfa77&_xfResponseType=json HTTP/1.1" 200 119 "https://www.paladin-extensions.com/" "Mozilla/5.0 (Windows NT 10.0; Win64; x64) AppleWebKit/537.36 (KHTML, like Gecko) Chrome/71.0.3578.98 Safari/537.36 OPR/58.0.3135.37 (Edition beta)"
196.235.5.140 - - [20/Jan/2019:14:10:16 -0500] "GET /index.php?shoutbox/refresh&last_id=140&_xfRequestUri=%2F&_xfWithData=1&_xfToken=1548011365%2C5b0ca10499556c7345a4719326acfa77&_xfResponseType=json HTTP/1.1" 200 119 "https://www.paladin-extensions.com/" "Mozilla/5.0 (Windows NT 10.0; Win64; x64) AppleWebKit/537.36 (KHTML, like Gecko) Chrome/71.0.3578.98 Safari/537.36 OPR/58.0.3135.37 (Edition beta)"
196.235.5.140 - - [20/Jan/2019:14:10:17 -0500] "GET /index.php?shoutbox/refresh&last_id=140&_xfRequestUri=%2F&_xfWithData=1&_xfToken=1548011365%2C5b0ca10499556c7345a4719326acfa77&_xfResponseType=json HTTP/1.1" 200 119 "https://www.paladin-extensions.com/" "Mozilla/5.0 (Windows NT 10.0; Win64; x64) AppleWebKit/537.36 (KHTML, like Gecko) Chrome/71.0.3578.98 Safari/537.36 OPR/58.0.3135.37 (Edition beta)"
196.235.5.140 - - [20/Jan/2019:14:10:18 -0500] "GET /index.php?shoutbox/refresh&last_id=140&_xfRequestUri=%2F&_xfWithData=1&_xfToken=1548011365%2C5b0ca10499556c7345a4719326acfa77&_xfResponseType=json HTTP/1.1" 200 119 "https://www.paladin-extensions.com/" "Mozilla/5.0 (Windows NT 10.0; Win64; x64) AppleWebKit/537.36 (KHTML, like Gecko) Chrome/71.0.3578.98 Safari/537.36 OPR/58.0.3135.37 (Edition beta)"
196.235.5.140 - - [20/Jan/2019:14:10:19 -0500] "GET /index.php?shoutbox/refresh&last_id=140&_xfRequestUri=%2F&_xfWithData=1&_xfToken=1548011365%2C5b0ca10499556c7345a4719326acfa77&_xfResponseType=json HTTP/1.1" 200 119 "https://www.paladin-extensions.com/" "Mozilla/5.0 (Windows NT 10.0; Win64; x64) AppleWebKit/537.36 (KHTML, like Gecko) Chrome/71.0.3578.98 Safari/537.36 OPR/58.0.3135.37 (Edition beta)"
196.235.5.140 - - [20/Jan/2019:14:10:20 -0500] "GET /index.php?shoutbox/refresh&last_id=140&_xfRequestUri=%2F&_xfWithData=1&_xfToken=1548011365%2C5b0ca10499556c7345a4719326acfa77&_xfResponseType=json HTTP/1.1" 200 119 "https://www.paladin-extensions.com/" "Mozilla/5.0 (Windows NT 10.0; Win64; x64) AppleWebKit/537.36 (KHTML, like Gecko) Chrome/71.0.3578.98 Safari/537.36 OPR/58.0.3135.37 (Edition beta)"
196.235.5.140 - - [20/Jan/2019:14:10:20 -0500] "GET /members/ HTTP/1.1" 200 13288 "https://www.paladin-extensions.com/" "Mozilla/5.0 (Windows NT 10.0; Win64; x64) AppleWebKit/537.36 (KHTML, like Gecko) Chrome/71.0.3578.98 Safari/537.36 OPR/58.0.3135.37 (Edition beta)"
196.235.5.140 - - [20/Jan/2019:14:10:20 -0500] "GET /data/avatars/s/0/10.jpg?1529466006 HTTP/1.1" 200 1277 "https://www.paladin-extensions.com/members/" "Mozilla/5.0 (Windows NT 10.0; Win64; x64) AppleWebKit/537.36 (KHTML, like Gecko) Chrome/71.0.3578.98 Safari/537.36 OPR/58.0.3135.37 (Edition beta)"
196.235.5.140 - - [20/Jan/2019:14:10:20 -0500] "GET /css.php?css=public%3Amember.less%2Cpublic%3Aextra.less&s=8&l=1&d=1547535223&k=777a01b33344a152a707c0f93155c2f7047ba3fe HTTP/1.1" 200 954 "https://www.paladin-extensions.com/members/" "Mozilla/5.0 (Windows NT 10.0; Win64; x64) AppleWebKit/537.36 (KHTML, like Gecko) Chrome/71.0.3578.98 Safari/537.36 OPR/58.0.3135.37 (Edition beta)"
196.235.5.140 - - [20/Jan/2019:14:10:21 -0500] "POST /job.php HTTP/1.1" 200 14 "https://www.paladin-extensions.com/members/" "Mozilla/5.0 (Windows NT 10.0; Win64; x64) AppleWebKit/537.36 (KHTML, like Gecko) Chrome/71.0.3578.98 Safari/537.36 OPR/58.0.3135.37 (Edition beta)"
196.235.5.140 - - [20/Jan/2019:14:10:30 -0500] "GET / HTTP/1.1" 200 45046 "https://www.paladin-extensions.com/members/" "Mozilla/5.0 (Windows NT 10.0; Win64; x64) AppleWebKit/537.36 (KHTML, like Gecko) Chrome/71.0.3578.98 Safari/537.36 OPR/58.0.3135.37 (Edition beta)"
196.235.5.140 - - [20/Jan/2019:14:10:31 -0500] "GET /proxy.php?image=https%3A%2F%2Fi.imgur.com%2Fr0tCHeM.png&hash=58dd2bbfaf81cbfcd2d3e7fbdd81cb6c HTTP/1.1" 304 - "https://www.paladin-extensions.com/" "Mozilla/5.0 (Windows NT 10.0; Win64; x64) AppleWebKit/537.36 (KHTML, like Gecko) Chrome/71.0.3578.98 Safari/537.36 OPR/58.0.3135.37 (Edition beta)"
196.235.5.140 - - [20/Jan/2019:14:10:32 -0500] "GET /watched/threads HTTP/1.1" 200 12129 "https://www.paladin-extensions.com/" "Mozilla/5.0 (Windows NT 10.0; Win64; x64) AppleWebKit/537.36 (KHTML, like Gecko) Chrome/71.0.3578.98 Safari/537.36 OPR/58.0.3135.37 (Edition beta)"
196.235.5.140 - - [20/Jan/2019:14:10:32 -0500] "GET /index.php?shoutbox/refresh&last_id=140&_xfRequestUri=%2F&_xfWithData=1&_xfToken=1548011430%2C404d12e61701cc0e6d666c1c0adb19b7&_xfResponseType=json HTTP/1.1" 200 119 "https://www.paladin-extensions.com/" "Mozilla/5.0 (Windows NT 10.0; Win64; x64) AppleWebKit/537.36 (KHTML, like Gecko) Chrome/71.0.3578.98 Safari/537.36 OPR/58.0.3135.37 (Edition beta)"
196.235.5.140 - - [20/Jan/2019:14:10:32 -0500] "GET /watched/threads HTTP/1.1" 200 12129 "https://www.paladin-extensions.com/" "Mozilla/5.0 (Windows NT 10.0; Win64; x64) AppleWebKit/537.36 (KHTML, like Gecko) Chrome/71.0.3578.98 Safari/537.36 OPR/58.0.3135.37 (Edition beta)"
196.235.5.140 - - [20/Jan/2019:14:10:34 -0500] "GET / HTTP/1.1" 200 45047 "https://www.paladin-extensions.com/watched/threads" "Mozilla/5.0 (Windows NT 10.0; Win64; x64) AppleWebKit/537.36 (KHTML, like Gecko) Chrome/71.0.3578.98 Safari/537.36 OPR/58.0.3135.37 (Edition beta)"
196.235.5.140 - - [20/Jan/2019:14:10:35 -0500] "GET /proxy.php?image=https%3A%2F%2Fi.imgur.com%2Fr0tCHeM.png&hash=58dd2bbfaf81cbfcd2d3e7fbdd81cb6c HTTP/1.1" 304 - "https://www.paladin-extensions.com/" "Mozilla/5.0 (Windows NT 10.0; Win64; x64) AppleWebKit/537.36 (KHTML, like Gecko) Chrome/71.0.3578.98 Safari/537.36 OPR/58.0.3135.37 (Edition beta)"
196.235.5.140 - - [20/Jan/2019:14:10:39 -0500] "GET /threads/bug-reporting-px-csgo.60/preview?_xfRequestUri=%2Fforums%2Fearly-access.24%2F&_xfWithData=1&_xfToken=1548011434%2Cb96b92b393ffc6aaf479850f94f2f031&_xfResponseType=json HTTP/1.1" 200 922 "https://www.paladin-extensions.com/forums/early-access.24/" "Mozilla/5.0 (Windows NT 10.0; Win64; x64) AppleWebKit/537.36 (KHTML, like Gecko) Chrome/71.0.3578.98 Safari/537.36 OPR/58.0.3135.37 (Edition beta)"
196.235.5.140 - - [20/Jan/2019:14:10:40 -0500] "GET /threads/bug-reporting-px-csgo.60/unread HTTP/1.1" 303 - "https://www.paladin-extensions.com/forums/early-access.24/" "Mozilla/5.0 (Windows NT 10.0; Win64; x64) AppleWebKit/537.36 (KHTML, like Gecko) Chrome/71.0.3578.98 Safari/537.36 OPR/58.0.3135.37 (Edition beta)"
196.235.5.140 - - [20/Jan/2019:14:10:40 -0500] "GET /threads/bug-reporting-px-csgo.60/ HTTP/1.1" 200 20522 "https://www.paladin-extensions.com/forums/early-access.24/" "Mozilla/5.0 (Windows NT 10.0; Win64; x64) AppleWebKit/537.36 (KHTML, like Gecko) Chrome/71.0.3578.98 Safari/537.36 OPR/58.0.3135.37 (Edition beta)"
196.235.5.140 - - [20/Jan/2019:14:10:41 -0500] "GET /data/avatars/m/0/1.jpg?1538028194 HTTP/1.1" 200 8933 "https://www.paladin-extensions.com/threads/bug-reporting-px-csgo.60/" "Mozilla/5.0 (Windows NT 10.0; Win64; x64) AppleWebKit/537.36 (KHTML, like Gecko) Chrome/71.0.3578.98 Safari/537.36 OPR/58.0.3135.37 (Edition beta)"
196.235.5.140 - - [20/Jan/2019:14:10:41 -0500] "GET /css.php?css=public%3Aaloph_op_ribbon_style.less%2Cpublic%3Aattachments.less%2Cpublic%3Aeditor.less%2Cpublic%3Alightbox.less%2Cpublic%3Amessage.less%2Cpublic%3Amessage_macros_steam.less%2Cpublic%3Ashare_controls.less%2Cpublic%3Ath_reactions.less%2Cpublic%3Aextra.less&s=8&l=1&d=1547535223&k=d320d716cea8092557a2f8371f1e8f1b12a92650 HTTP/1.1" 200 29783 "https://www.paladin-extensions.com/threads/bug-reporting-px-csgo.60/" "Mozilla/5.0 (Windows NT 10.0; Win64; x64) AppleWebKit/537.36 (KHTML, like Gecko) Chrome/71.0.3578.98 Safari/537.36 OPR/58.0.3135.37 (Edition beta)"
196.235.5.140 - - [20/Jan/2019:14:10:41 -0500] "GET /js/themehouse/reactions/react.js?_v=8f01cb2c HTTP/1.1" 200 3499 "https://www.paladin-extensions.com/threads/bug-reporting-px-csgo.60/" "Mozilla/5.0 (Windows NT 10.0; Win64; x64) AppleWebKit/537.36 (KHTML, like Gecko) Chrome/71.0.3578.98 Safari/537.36 OPR/58.0.3135.37 (Edition beta)"
196.235.5.140 - - [20/Jan/2019:14:10:41 -0500] "GET /js/xf/message.min.js?_v=8f01cb2c HTTP/1.1" 200 5930 "https://www.paladin-extensions.com/threads/bug-reporting-px-csgo.60/" "Mozilla/5.0 (Windows NT 10.0; Win64; x64) AppleWebKit/537.36 (KHTML, like Gecko) Chrome/71.0.3578.98 Safari/537.36 OPR/58.0.3135.37 (Edition beta)"
196.235.5.140 - - [20/Jan/2019:14:10:42 -0500] "GET /js/xf/attachment_manager-compiled.js?_v=8f01cb2c HTTP/1.1" 200 9473 "https://www.paladin-extensions.com/threads/bug-reporting-px-csgo.60/" "Mozilla/5.0 (Windows NT 10.0; Win64; x64) AppleWebKit/537.36 (KHTML, like Gecko) Chrome/71.0.3578.98 Safari/537.36 OPR/58.0.3135.37 (Edition beta)"
196.235.5.140 - - [20/Jan/2019:14:10:42 -0500] "GET /data/avatars/m/0/8.jpg?1519456264 HTTP/1.1" 200 4910 "https://www.paladin-extensions.com/threads/bug-reporting-px-csgo.60/" "Mozilla/5.0 (Windows NT 10.0; Win64; x64) AppleWebKit/537.36 (KHTML, like Gecko) Chrome/71.0.3578.98 Safari/537.36 OPR/58.0.3135.37 (Edition beta)"
196.235.5.140 - - [20/Jan/2019:14:10:42 -0500] "GET /js/xf/editor-compiled.js?_v=8f01cb2c HTTP/1.1" 200 89394 "https://www.paladin-extensions.com/threads/bug-reporting-px-csgo.60/" "Mozilla/5.0 (Windows NT 10.0; Win64; x64) AppleWebKit/537.36 (KHTML, like Gecko) Chrome/71.0.3578.98 Safari/537.36 OPR/58.0.3135.37 (Edition beta)"
3.84.148.136 - - [20/Jan/2019:14:16:52 -0500] "GET / HTTP/1.1" 503 38415 "http://paladin-extensions.com/" "Mozilla/5.0 (Macintosh; Intel Mac OS X 10_13_4) AppleWebKit/537.36 (KHTML, like Gecko) Chrome/65.0.3325.181 Safari/537.36"
3.84.148.136 - - [20/Jan/2019:14:36:52 -0500] "GET / HTTP/1.1" 503 38415 "http://paladin-extensions.com/" "Mozilla/5.0 (Macintosh; Intel Mac OS X 10_13_4) AppleWebKit/537.36 (KHTML, like Gecko) Chrome/65.0.3325.181 Safari/537.36"
66.249.79.114 - - [20/Jan/2019:14:41:38 -0500] "GET /robots.txt HTTP/1.1" 404 208 "-" "Mozilla/5.0 (compatible; Googlebot/2.1; +http://www.google.com/bot.html)"
196.235.5.140 - - [20/Jan/2019:14:41:37 -0500] "GET /threads/bug-reporting-px-csgo.60/ HTTP/1.1" 200 20452 "https://www.paladin-extensions.com/forums/early-access.24/" "Mozilla/5.0 (Windows NT 10.0; Win64; x64) AppleWebKit/537.36 (KHTML, like Gecko) Chrome/71.0.3578.98 Safari/537.36 OPR/58.0.3135.37 (Edition beta)"
66.249.79.112 - - [20/Jan/2019:14:41:38 -0500] "GET /css.php?css=public%3Anormalize.css%2Cpublic%3Acore.less%2Cpublic%3Aapp.less&s=4&l=1&d=1530920316&k=56a8f8f98ae4201a1d95aad9f134c20bd812cfeb HTTP/1.1" 200 62084 "https://www.paladin.rip/login/" "Mozilla/5.0 AppleWebKit/537.36 (KHTML, like Gecko; compatible; Googlebot/2.1; +http://www.google.com/bot.html) Safari/537.36"
196.235.5.140 - - [20/Jan/2019:14:41:39 -0500] "GET /styles/uix_dark/images/favicon.png HTTP/1.1" 200 37099 "https://www.paladin-extensions.com/threads/bug-reporting-px-csgo.60/" "Mozilla/5.0 (Windows NT 10.0; Win64; x64) AppleWebKit/537.36 (KHTML, like Gecko) Chrome/71.0.3578.98 Safari/537.36 OPR/58.0.3135.37 (Edition beta)"
196.235.5.140 - - [20/Jan/2019:14:41:41 -0500] "POST /job.php HTTP/1.1" 200 13 "https://www.paladin-extensions.com/threads/bug-reporting-px-csgo.60/" "Mozilla/5.0 (Windows NT 10.0; Win64; x64) AppleWebKit/537.36 (KHTML, like Gecko) Chrome/71.0.3578.98 Safari/537.36 OPR/58.0.3135.37 (Edition beta)"
196.235.5.140 - - [20/Jan/2019:14:41:43 -0500] "POST /job.php HTTP/1.1" 200 14 "https://www.paladin-extensions.com/threads/bug-reporting-px-csgo.60/" "Mozilla/5.0 (Windows NT 10.0; Win64; x64) AppleWebKit/537.36 (KHTML, like Gecko) Chrome/71.0.3578.98 Safari/537.36 OPR/58.0.3135.37 (Edition beta)"
174.238.0.87 - - [20/Jan/2019:14:46:49 -0500] "GET / HTTP/1.1" 200 50480 "-" "Mozilla/5.0 (iPhone; CPU iPhone OS 11_2_1 like Mac OS X) AppleWebKit/604.1.34 (KHTML, like Gecko) CriOS/71.0.3578.89 Mobile/15C153 Safari/604.1"
174.238.0.87 - - [20/Jan/2019:14:46:50 -0500] "GET /proxy.php?image=https%3A%2F%2Fi.imgur.com%2Fr0tCHeM.png&hash=58dd2bbfaf81cbfcd2d3e7fbdd81cb6c HTTP/1.1" 304 - "https://www.paladin-extensions.com/" "Mozilla/5.0 (iPhone; CPU iPhone OS 11_2_1 like Mac OS X) AppleWebKit/604.1.34 (KHTML, like Gecko) CriOS/71.0.3578.89 Mobile/15C153 Safari/604.1"
174.238.0.87 - - [20/Jan/2019:14:46:51 -0500] "POST /job.php HTTP/1.1" 200 14 "https://www.paladin-extensions.com/" "Mozilla/5.0 (iPhone; CPU iPhone OS 11_2_1 like Mac OS X) AppleWebKit/604.1.34 (KHTML, like Gecko) CriOS/71.0.3578.89 Mobile/15C153 Safari/604.1"
174.238.0.87 - - [20/Jan/2019:14:46:52 -0500] "GET /index.php?shoutbox/refresh&last_id=140&_xfRequestUri=%2F&_xfWithData=1&_xfToken=1548013610%2C5cbc115841893c82054b447dc0b7bb56&_xfResponseType=json HTTP/1.1" 200 119 "https://www.paladin-extensions.com/" "Mozilla/5.0 (iPhone; CPU iPhone OS 11_2_1 like Mac OS X) AppleWebKit/604.1.34 (KHTML, like Gecko) CriOS/71.0.3578.89 Mobile/15C153 Safari/604.1"
174.238.0.87 - - [20/Jan/2019:14:46:53 -0500] "GET /admin.php HTTP/1.1" 200 2688 "https://www.paladin-extensions.com/" "Mozilla/5.0 (iPhone; CPU iPhone OS 11_2_1 like Mac OS X) AppleWebKit/604.1.34 (KHTML, like Gecko) CriOS/71.0.3578.89 Mobile/15C153 Safari/604.1"
174.238.0.87 - - [20/Jan/2019:14:46:53 -0500] "GET /index.php?shoutbox/refresh&last_id=140&_xfRequestUri=%2F&_xfWithData=1&_xfToken=1548013610%2C5cbc115841893c82054b447dc0b7bb56&_xfResponseType=json HTTP/1.1" 200 119 "https://www.paladin-extensions.com/" "Mozilla/5.0 (iPhone; CPU iPhone OS 11_2_1 like Mac OS X) AppleWebKit/604.1.34 (KHTML, like Gecko) CriOS/71.0.3578.89 Mobile/15C153 Safari/604.1"
174.238.0.87 - - [20/Jan/2019:14:46:53 -0500] "GET /favicon.ico HTTP/1.1" 404 209 "-" "Mozilla/5.0 (iPhone; CPU iPhone OS 11_2_1 like Mac OS X) AppleWebKit/604.1.34 (KHTML, like Gecko) CriOS/71.0.3578.89 Mobile/15C153 Safari/604.1"
174.238.0.87 - - [20/Jan/2019:14:46:54 -0500] "GET /index.php?shoutbox/refresh&last_id=140&_xfRequestUri=%2F&_xfWithData=1&_xfToken=1548013610%2C5cbc115841893c82054b447dc0b7bb56&_xfResponseType=json HTTP/1.1" 200 119 "https://www.paladin-extensions.com/" "Mozilla/5.0 (iPhone; CPU iPhone OS 11_2_1 like Mac OS X) AppleWebKit/604.1.34 (KHTML, like Gecko) CriOS/71.0.3578.89 Mobile/15C153 Safari/604.1"
174.238.0.87 - - [20/Jan/2019:14:46:55 -0500] "GET /index.php?shoutbox/refresh&last_id=140&_xfRequestUri=%2F&_xfWithData=1&_xfToken=1548013610%2C5cbc115841893c82054b447dc0b7bb56&_xfResponseType=json HTTP/1.1" 200 119 "https://www.paladin-extensions.com/" "Mozilla/5.0 (iPhone; CPU iPhone OS 11_2_1 like Mac OS X) AppleWebKit/604.1.34 (KHTML, like Gecko) CriOS/71.0.3578.89 Mobile/15C153 Safari/604.1"
174.238.0.87 - - [20/Jan/2019:14:46:55 -0500] "POST /admin.php?login/login HTTP/1.1" 200 167 "https://www.paladin-extensions.com/admin.php" "Mozilla/5.0 (iPhone; CPU iPhone OS 11_2_1 like Mac OS X) AppleWebKit/604.1.34 (KHTML, like Gecko) CriOS/71.0.3578.89 Mobile/15C153 Safari/604.1"
174.238.0.87 - - [20/Jan/2019:14:46:56 -0500] "GET /index.php?shoutbox/refresh&last_id=140&_xfRequestUri=%2F&_xfWithData=1&_xfToken=1548013610%2C5cbc115841893c82054b447dc0b7bb56&_xfResponseType=json HTTP/1.1" 200 119 "https://www.paladin-extensions.com/" "Mozilla/5.0 (iPhone; CPU iPhone OS 11_2_1 like Mac OS X) AppleWebKit/604.1.34 (KHTML, like Gecko) CriOS/71.0.3578.89 Mobile/15C153 Safari/604.1"
174.238.0.87 - - [20/Jan/2019:14:46:56 -0500] "GET /admin.php HTTP/1.1" 200 242215 "https://www.paladin-extensions.com/admin.php" "Mozilla/5.0 (iPhone; CPU iPhone OS 11_2_1 like Mac OS X) AppleWebKit/604.1.34 (KHTML, like Gecko) CriOS/71.0.3578.89 Mobile/15C153 Safari/604.1"
174.238.0.87 - - [20/Jan/2019:14:46:56 -0500] "GET /js/xf/preamble-compiled.js?_v=8f01cb2c HTTP/1.1" 304 - "https://www.paladin-extensions.com/admin.php" "Mozilla/5.0 (iPhone; CPU iPhone OS 11_2_1 like Mac OS X) AppleWebKit/604.1.34 (KHTML, like Gecko) CriOS/71.0.3578.89 Mobile/15C153 Safari/604.1"
174.238.0.87 - - [20/Jan/2019:14:46:56 -0500] "GET /data/avatars/m/0/1.jpg?1538028194 HTTP/1.1" 304 - "https://www.paladin-extensions.com/admin.php" "Mozilla/5.0 (iPhone; CPU iPhone OS 11_2_1 like Mac OS X) AppleWebKit/604.1.34 (KHTML, like Gecko) CriOS/71.0.3578.89 Mobile/15C153 Safari/604.1"
174.238.0.87 - - [20/Jan/2019:14:46:56 -0500] "GET /css.php?css=admin%3Aaddon_list.less%2Cadmin%3Astats.less%2Cpublic%3Achartist.css%2Cpublic%3Aextra.less&s=0&l=1&d=1547535223&k=5e92531c549ac7b114c8ebe4aa7d359cc88d51fe HTTP/1.1" 200 2517 "https://www.paladin-extensions.com/admin.php" "Mozilla/5.0 (iPhone; CPU iPhone OS 11_2_1 like Mac OS X) AppleWebKit/604.1.34 (KHTML, like Gecko) CriOS/71.0.3578.89 Mobile/15C153 Safari/604.1"
174.238.0.87 - - [20/Jan/2019:14:46:56 -0500] "GET /css.php?css=public%3Anormalize.css%2Cpublic%3Acore.less%2Cadmin%3Aapp.less&s=0&l=1&d=1547535223&k=6f87c5212d87f76df318dfac9c1c50b5cb45e9ef HTTP/1.1" 304 - "https://www.paladin-extensions.com/admin.php" "Mozilla/5.0 (iPhone; CPU iPhone OS 11_2_1 like Mac OS X) AppleWebKit/604.1.34 (KHTML, like Gecko) CriOS/71.0.3578.89 Mobile/15C153 Safari/604.1"
174.238.0.87 - - [20/Jan/2019:14:46:57 -0500] "GET /js/xf/stats-compiled.js?_v=8f01cb2c HTTP/1.1" 200 13575 "https://www.paladin-extensions.com/admin.php" "Mozilla/5.0 (iPhone; CPU iPhone OS 11_2_1 like Mac OS X) AppleWebKit/604.1.34 (KHTML, like Gecko) CriOS/71.0.3578.89 Mobile/15C153 Safari/604.1"
174.238.0.87 - - [20/Jan/2019:14:46:57 -0500] "GET /js/xf/admin.min.js?_v=8f01cb2c HTTP/1.1" 304 - "https://www.paladin-extensions.com/admin.php" "Mozilla/5.0 (iPhone; CPU iPhone OS 11_2_1 like Mac OS X) AppleWebKit/604.1.34 (KHTML, like Gecko) CriOS/71.0.3578.89 Mobile/15C153 Safari/604.1"
174.238.0.87 - - [20/Jan/2019:14:46:57 -0500] "GET /js/vendor/jquery/jquery-3.2.1.min.js?_v=8f01cb2c HTTP/1.1" 304 - "https://www.paladin-extensions.com/admin.php" "Mozilla/5.0 (iPhone; CPU iPhone OS 11_2_1 like Mac OS X) AppleWebKit/604.1.34 (KHTML, like Gecko) CriOS/71.0.3578.89 Mobile/15C153 Safari/604.1"
174.238.0.87 - - [20/Jan/2019:14:46:57 -0500] "GET /js/xf/core-compiled.js?_v=8f01cb2c HTTP/1.1" 304 - "https://www.paladin-extensions.com/admin.php" "Mozilla/5.0 (iPhone; CPU iPhone OS 11_2_1 like Mac OS X) AppleWebKit/604.1.34 (KHTML, like Gecko) CriOS/71.0.3578.89 Mobile/15C153 Safari/604.1"
174.238.0.87 - - [20/Jan/2019:14:46:57 -0500] "GET /js/vendor/vendor-compiled.js?_v=8f01cb2c HTTP/1.1" 304 - "https://www.paladin-extensions.com/admin.php" "Mozilla/5.0 (iPhone; CPU iPhone OS 11_2_1 like Mac OS X) AppleWebKit/604.1.34 (KHTML, like Gecko) CriOS/71.0.3578.89 Mobile/15C153 Safari/604.1"
174.238.0.87 - - [20/Jan/2019:14:46:57 -0500] "GET /index.php?shoutbox/refresh&last_id=140&_xfRequestUri=%2F&_xfWithData=1&_xfToken=1548013610%2C5cbc115841893c82054b447dc0b7bb56&_xfResponseType=json HTTP/1.1" 200 119 "https://www.paladin-extensions.com/" "Mozilla/5.0 (iPhone; CPU iPhone OS 11_2_1 like Mac OS X) AppleWebKit/604.1.34 (KHTML, like Gecko) CriOS/71.0.3578.89 Mobile/15C153 Safari/604.1"
174.238.0.87 - - [20/Jan/2019:14:46:59 -0500] "GET /index.php?shoutbox/refresh&last_id=140&_xfRequestUri=%2F&_xfWithData=1&_xfToken=1548013610%2C5cbc115841893c82054b447dc0b7bb56&_xfResponseType=json HTTP/1.1" 200 119 "https://www.paladin-extensions.com/" "Mozilla/5.0 (iPhone; CPU iPhone OS 11_2_1 like Mac OS X) AppleWebKit/604.1.34 (KHTML, like Gecko) CriOS/71.0.3578.89 Mobile/15C153 Safari/604.1"
196.235.5.140 - - [20/Jan/2019:14:47:01 -0500] "GET / HTTP/1.1" 200 45058 "-" "Mozilla/5.0 (Windows NT 10.0; Win64; x64) AppleWebKit/537.36 (KHTML, like Gecko) Chrome/71.0.3578.98 Safari/537.36 OPR/58.0.3135.37 (Edition beta)"
174.238.0.87 - - [20/Jan/2019:14:47:01 -0500] "GET /index.php?shoutbox/refresh&last_id=140&_xfRequestUri=%2F&_xfWithData=1&_xfToken=1548013610%2C5cbc115841893c82054b447dc0b7bb56&_xfResponseType=json HTTP/1.1" 200 119 "https://www.paladin-extensions.com/" "Mozilla/5.0 (iPhone; CPU iPhone OS 11_2_1 like Mac OS X) AppleWebKit/604.1.34 (KHTML, like Gecko) CriOS/71.0.3578.89 Mobile/15C153 Safari/604.1"
174.238.0.87 - - [20/Jan/2019:14:47:02 -0500] "GET /admin.php?options/ HTTP/1.1" 200 12548 "https://www.paladin-extensions.com/admin.php" "Mozilla/5.0 (iPhone; CPU iPhone OS 11_2_1 like Mac OS X) AppleWebKit/604.1.34 (KHTML, like Gecko) CriOS/71.0.3578.89 Mobile/15C153 Safari/604.1"
196.235.5.140 - - [20/Jan/2019:14:47:02 -0500] "GET /proxy.php?image=https%3A%2F%2Fi.imgur.com%2Fr0tCHeM.png&hash=58dd2bbfaf81cbfcd2d3e7fbdd81cb6c HTTP/1.1" 304 - "https://www.paladin-extensions.com/" "Mozilla/5.0 (Windows NT 10.0; Win64; x64) AppleWebKit/537.36 (KHTML, like Gecko) Chrome/71.0.3578.98 Safari/537.36 OPR/58.0.3135.37 (Edition beta)"
174.238.0.87 - - [20/Jan/2019:14:47:03 -0500] "GET /admin.php?options/groups/boardActive/ HTTP/1.1" 200 10443 "https://www.paladin-extensions.com/admin.php?options/" "Mozilla/5.0 (iPhone; CPU iPhone OS 11_2_1 like Mac OS X) AppleWebKit/604.1.34 (KHTML, like Gecko) CriOS/71.0.3578.89 Mobile/15C153 Safari/604.1"
174.238.0.87 - - [20/Jan/2019:14:47:04 -0500] "GET /index.php?shoutbox/refresh&last_id=140&_xfRequestUri=%2F&_xfWithData=1&_xfToken=1548013610%2C5cbc115841893c82054b447dc0b7bb56&_xfResponseType=json HTTP/1.1" 200 119 "https://www.paladin-extensions.com/" "Mozilla/5.0 (iPhone; CPU iPhone OS 11_2_1 like Mac OS X) AppleWebKit/604.1.34 (KHTML, like Gecko) CriOS/71.0.3578.89 Mobile/15C153 Safari/604.1"
196.235.5.140 - - [20/Jan/2019:14:47:04 -0500] "GET /index.php?shoutbox/refresh&last_id=140&_xfRequestUri=%2F&_xfWithData=1&_xfToken=1548013621%2Cdba47cafd7f22d65e8451b0f121df3cd&_xfResponseType=json HTTP/1.1" 200 119 "https://www.paladin-extensions.com/" "Mozilla/5.0 (Windows NT 10.0; Win64; x64) AppleWebKit/537.36 (KHTML, like Gecko) Chrome/71.0.3578.98 Safari/537.36 OPR/58.0.3135.37 (Edition beta)"
196.235.5.140 - - [20/Jan/2019:14:47:05 -0500] "GET /index.php?shoutbox/refresh&last_id=140&_xfRequestUri=%2F&_xfWithData=1&_xfToken=1548013621%2Cdba47cafd7f22d65e8451b0f121df3cd&_xfResponseType=json HTTP/1.1" 200 119 "https://www.paladin-extensions.com/" "Mozilla/5.0 (Windows NT 10.0; Win64; x64) AppleWebKit/537.36 (KHTML, like Gecko) Chrome/71.0.3578.98 Safari/537.36 OPR/58.0.3135.37 (Edition beta)"
174.238.0.87 - - [20/Jan/2019:14:47:05 -0500] "GET /index.php?shoutbox/refresh&last_id=140&_xfRequestUri=%2F&_xfWithData=1&_xfToken=1548013610%2C5cbc115841893c82054b447dc0b7bb56&_xfResponseType=json HTTP/1.1" 200 119 "https://www.paladin-extensions.com/" "Mozilla/5.0 (iPhone; CPU iPhone OS 11_2_1 like Mac OS X) AppleWebKit/604.1.34 (KHTML, like Gecko) CriOS/71.0.3578.89 Mobile/15C153 Safari/604.1"
196.235.5.140 - - [20/Jan/2019:14:47:06 -0500] "GET /index.php?shoutbox/refresh&last_id=140&_xfRequestUri=%2F&_xfWithData=1&_xfToken=1548013621%2Cdba47cafd7f22d65e8451b0f121df3cd&_xfResponseType=json HTTP/1.1" 200 119 "https://www.paladin-extensions.com/" "Mozilla/5.0 (Windows NT 10.0; Win64; x64) AppleWebKit/537.36 (KHTML, like Gecko) Chrome/71.0.3578.98 Safari/537.36 OPR/58.0.3135.37 (Edition beta)"
196.235.5.140 - - [20/Jan/2019:14:47:07 -0500] "GET /index.php?shoutbox/refresh&last_id=140&_xfRequestUri=%2F&_xfWithData=1&_xfToken=1548013621%2Cdba47cafd7f22d65e8451b0f121df3cd&_xfResponseType=json HTTP/1.1" 200 119 "https://www.paladin-extensions.com/" "Mozilla/5.0 (Windows NT 10.0; Win64; x64) AppleWebKit/537.36 (KHTML, like Gecko) Chrome/71.0.3578.98 Safari/537.36 OPR/58.0.3135.37 (Edition beta)"
174.238.0.87 - - [20/Jan/2019:14:47:07 -0500] "GET /index.php?shoutbox/refresh&last_id=140&_xfRequestUri=%2F&_xfWithData=1&_xfToken=1548013610%2C5cbc115841893c82054b447dc0b7bb56&_xfResponseType=json HTTP/1.1" 200 119 "https://www.paladin-extensions.com/" "Mozilla/5.0 (iPhone; CPU iPhone OS 11_2_1 like Mac OS X) AppleWebKit/604.1.34 (KHTML, like Gecko) CriOS/71.0.3578.89 Mobile/15C153 Safari/604.1"
196.235.5.140 - - [20/Jan/2019:14:47:08 -0500] "GET /index.php?shoutbox/refresh&last_id=140&_xfRequestUri=%2F&_xfWithData=1&_xfToken=1548013621%2Cdba47cafd7f22d65e8451b0f121df3cd&_xfResponseType=json HTTP/1.1" 200 119 "https://www.paladin-extensions.com/" "Mozilla/5.0 (Windows NT 10.0; Win64; x64) AppleWebKit/537.36 (KHTML, like Gecko) Chrome/71.0.3578.98 Safari/537.36 OPR/58.0.3135.37 (Edition beta)"
174.238.0.87 - - [20/Jan/2019:14:47:08 -0500] "POST /admin.php?options/update HTTP/1.1" 200 227 "https://www.paladin-extensions.com/admin.php?options/groups/boardActive/" "Mozilla/5.0 (iPhone; CPU iPhone OS 11_2_1 like Mac OS X) AppleWebKit/604.1.34 (KHTML, like Gecko) CriOS/71.0.3578.89 Mobile/15C153 Safari/604.1"
196.235.5.140 - - [20/Jan/2019:14:47:09 -0500] "GET /index.php?shoutbox/refresh&last_id=140&_xfRequestUri=%2F&_xfWithData=1&_xfToken=1548013621%2Cdba47cafd7f22d65e8451b0f121df3cd&_xfResponseType=json HTTP/1.1" 200 119 "https://www.paladin-extensions.com/" "Mozilla/5.0 (Windows NT 10.0; Win64; x64) AppleWebKit/537.36 (KHTML, like Gecko) Chrome/71.0.3578.98 Safari/537.36 OPR/58.0.3135.37 (Edition beta)"
174.238.0.87 - - [20/Jan/2019:14:47:09 -0500] "GET /admin.php?options/groups/boardActive/ HTTP/1.1" 200 10443 "https://www.paladin-extensions.com/admin.php?options/groups/boardActive/" "Mozilla/5.0 (iPhone; CPU iPhone OS 11_2_1 like Mac OS X) AppleWebKit/604.1.34 (KHTML, like Gecko) CriOS/71.0.3578.89 Mobile/15C153 Safari/604.1"
174.238.0.87 - - [20/Jan/2019:14:47:09 -0500] "GET /js/xf/core-compiled.js?_v=8f01cb2c HTTP/1.1" 304 - "https://www.paladin-extensions.com/admin.php?options/groups/boardActive/" "Mozilla/5.0 (iPhone; CPU iPhone OS 11_2_1 like Mac OS X) AppleWebKit/604.1.34 (KHTML, like Gecko) CriOS/71.0.3578.89 Mobile/15C153 Safari/604.1"
