3.92.228.155 - - [31/Jan/2019:07:28:02 -0500] "GET / HTTP/1.1" 200 122509 "http://paladin-extensions.com/" "Mozilla/5.0 (Macintosh; Intel Mac OS X 10_13_4) AppleWebKit/537.36 (KHTML, like Gecko) Chrome/65.0.3325.181 Safari/537.36"
66.249.79.220 - - [31/Jan/2019:07:36:08 -0500] "GET /extensions/featured HTTP/1.1" 404 9864 "-" "Mozilla/5.0 (compatible; Googlebot/2.1; +http://www.google.com/bot.html)"
46.229.168.130 - - [31/Jan/2019:07:41:56 -0500] "GET /robots.txt HTTP/1.1" 404 58141 "-" "Mozilla/5.0 (compatible; SemrushBot/3~bl; +http://www.semrush.com/bot.html)"
46.229.168.130 - - [31/Jan/2019:07:41:56 -0500] "GET /members/jorgi.12/reactions?reaction_id=6&type=given HTTP/1.1" 200 10209 "-" "Mozilla/5.0 (compatible; SemrushBot/3~bl; +http://www.semrush.com/bot.html)"
46.229.168.130 - - [31/Jan/2019:07:41:57 -0500] "GET /sitemap.xml HTTP/1.1" 200 1219 "-" "Mozilla/5.0 (compatible; SemrushBot/3~bl; +http://www.semrush.com/bot.html)"
3.92.228.155 - - [31/Jan/2019:07:47:45 -0500] "GET / HTTP/1.1" 200 122509 "http://paladin-extensions.com/" "Mozilla/5.0 (Macintosh; Intel Mac OS X 10_13_4) AppleWebKit/537.36 (KHTML, like Gecko) Chrome/65.0.3325.181 Safari/537.36"
178.154.244.169 - - [31/Jan/2019:07:51:18 -0500] "GET /robots.txt HTTP/1.1" 404 58131 "-" "Mozilla/5.0 (compatible; YandexBot/3.0; +http://yandex.com/bots)"
77.88.47.79 - - [31/Jan/2019:07:51:22 -0500] "GET /members/skel.2/trophies HTTP/1.1" 200 10997 "-" "Mozilla/5.0 (compatible; YandexBot/3.0; +http://yandex.com/bots)"
180.76.15.161 - - [31/Jan/2019:07:54:47 -0500] "GET /posts/133/ HTTP/1.1" 301 - "-" "Mozilla/5.0 (compatible; Baiduspider/2.0; +http://www.baidu.com/search/spider.html)"
180.76.15.7 - - [31/Jan/2019:07:54:48 -0500] "GET /threads/cant-buy-pubg-or-rainbow-six.54/ HTTP/1.1" 200 59001 "-" "Mozilla/5.0 (compatible; Baiduspider/2.0; +http://www.baidu.com/search/spider.html)"
3.92.228.155 - - [31/Jan/2019:08:07:28 -0500] "GET / HTTP/1.1" 200 122509 "http://paladin-extensions.com/" "Mozilla/5.0 (Macintosh; Intel Mac OS X 10_13_4) AppleWebKit/537.36 (KHTML, like Gecko) Chrome/65.0.3325.181 Safari/537.36"
3.92.228.155 - - [31/Jan/2019:08:27:47 -0500] "GET / HTTP/1.1" 200 122509 "http://paladin-extensions.com/" "Mozilla/5.0 (Macintosh; Intel Mac OS X 10_13_4) AppleWebKit/537.36 (KHTML, like Gecko) Chrome/65.0.3325.181 Safari/537.36"
3.92.228.155 - - [31/Jan/2019:08:47:35 -0500] "GET / HTTP/1.1" 200 122509 "http://paladin-extensions.com/" "Mozilla/5.0 (Macintosh; Intel Mac OS X 10_13_4) AppleWebKit/537.36 (KHTML, like Gecko) Chrome/65.0.3325.181 Safari/537.36"
3.92.228.155 - - [31/Jan/2019:09:07:37 -0500] "GET / HTTP/1.1" 200 122509 "http://paladin-extensions.com/" "Mozilla/5.0 (Macintosh; Intel Mac OS X 10_13_4) AppleWebKit/537.36 (KHTML, like Gecko) Chrome/65.0.3325.181 Safari/537.36"
93.158.161.6 - - [31/Jan/2019:09:22:08 -0500] "GET /robots.txt HTTP/1.1" 404 58128 "-" "Mozilla/5.0 (compatible; YandexBot/3.0; +http://yandex.com/bots)"
37.9.87.177 - - [31/Jan/2019:09:22:08 -0500] "GET / HTTP/1.1" 200 37225 "-" "Mozilla/5.0 (compatible; YandexBot/3.0; +http://yandex.com/bots)"
77.88.47.14 - - [31/Jan/2019:09:22:12 -0500] "GET / HTTP/1.1" 301 - "-" "Mozilla/5.0 (compatible; YandexBot/3.0; +http://yandex.com/bots)"
3.92.228.155 - - [31/Jan/2019:09:28:08 -0500] "GET / HTTP/1.1" 200 122509 "http://paladin-extensions.com/" "Mozilla/5.0 (Macintosh; Intel Mac OS X 10_13_4) AppleWebKit/537.36 (KHTML, like Gecko) Chrome/65.0.3325.181 Safari/537.36"
3.92.228.155 - - [31/Jan/2019:09:47:50 -0500] "GET / HTTP/1.1" 200 122509 "http://paladin-extensions.com/" "Mozilla/5.0 (Macintosh; Intel Mac OS X 10_13_4) AppleWebKit/537.36 (KHTML, like Gecko) Chrome/65.0.3325.181 Safari/537.36"
3.92.228.155 - - [31/Jan/2019:10:07:59 -0500] "GET / HTTP/1.1" 200 122509 "http://paladin-extensions.com/" "Mozilla/5.0 (Macintosh; Intel Mac OS X 10_13_4) AppleWebKit/537.36 (KHTML, like Gecko) Chrome/65.0.3325.181 Safari/537.36"
3.87.223.232 - - [31/Jan/2019:10:27:52 -0500] "GET / HTTP/1.1" 200 122509 "http://paladin-extensions.com/" "Mozilla/5.0 (Macintosh; Intel Mac OS X 10_13_4) AppleWebKit/537.36 (KHTML, like Gecko) Chrome/65.0.3325.181 Safari/537.36"
206.189.86.127 - - [31/Jan/2019:10:37:09 -0500] "GET /.git/HEAD HTTP/1.1" 404 38029 "-" "Python-urllib/3.6"
46.229.168.154 - - [31/Jan/2019:10:46:20 -0500] "GET /robots.txt HTTP/1.1" 404 58141 "-" "Mozilla/5.0 (compatible; SemrushBot/3~bl; +http://www.semrush.com/bot.html)"
46.229.168.141 - - [31/Jan/2019:10:46:20 -0500] "GET /members/intra.14/reactions?reaction_id=23&type=given HTTP/1.1" 200 10206 "-" "Mozilla/5.0 (compatible; SemrushBot/3~bl; +http://www.semrush.com/bot.html)"
3.89.27.46 - - [31/Jan/2019:10:47:44 -0500] "GET / HTTP/1.1" 200 122509 "http://paladin-extensions.com/" "Mozilla/5.0 (Macintosh; Intel Mac OS X 10_13_4) AppleWebKit/537.36 (KHTML, like Gecko) Chrome/65.0.3325.181 Safari/537.36"
3.92.228.155 - - [31/Jan/2019:11:08:03 -0500] "GET / HTTP/1.1" 200 122509 "http://paladin-extensions.com/" "Mozilla/5.0 (Macintosh; Intel Mac OS X 10_13_4) AppleWebKit/537.36 (KHTML, like Gecko) Chrome/65.0.3325.181 Safari/537.36"
157.55.39.49 - - [31/Jan/2019:11:11:28 -0500] "GET /robots.txt HTTP/1.1" 404 58135 "-" "Mozilla/5.0 (compatible; bingbot/2.0; +http://www.bing.com/bingbot.htm)"
157.55.39.49 - - [31/Jan/2019:11:11:28 -0500] "GET /robots.txt HTTP/1.1" 404 58135 "-" "Mozilla/5.0 (compatible; bingbot/2.0; +http://www.bing.com/bingbot.htm)"
40.77.167.0 - - [31/Jan/2019:11:23:49 -0500] "GET /extensions/2/ HTTP/1.1" 200 13128 "-" "Mozilla/5.0 (compatible; bingbot/2.0; +http://www.bing.com/bingbot.htm)"
3.92.228.155 - - [31/Jan/2019:11:28:05 -0500] "GET / HTTP/1.1" 200 122509 "http://paladin-extensions.com/" "Mozilla/5.0 (Macintosh; Intel Mac OS X 10_13_4) AppleWebKit/537.36 (KHTML, like Gecko) Chrome/65.0.3325.181 Safari/537.36"
157.55.39.49 - - [31/Jan/2019:11:42:47 -0500] "GET /robots.txt HTTP/1.1" 404 58135 "-" "Mozilla/5.0 (compatible; bingbot/2.0; +http://www.bing.com/bingbot.htm)"
157.55.39.49 - - [31/Jan/2019:11:42:48 -0500] "GET /robots.txt HTTP/1.1" 404 58135 "-" "Mozilla/5.0 (compatible; bingbot/2.0; +http://www.bing.com/bingbot.htm)"
207.46.13.115 - - [31/Jan/2019:11:42:51 -0500] "GET /members/ HTTP/1.1" 301 - "-" "Mozilla/5.0 (compatible; bingbot/2.0; +http://www.bing.com/bingbot.htm)"
3.92.228.155 - - [31/Jan/2019:11:46:58 -0500] "GET / HTTP/1.1" 200 122509 "http://paladin-extensions.com/" "Mozilla/5.0 (Macintosh; Intel Mac OS X 10_13_4) AppleWebKit/537.36 (KHTML, like Gecko) Chrome/65.0.3325.181 Safari/537.36"
3.92.228.155 - - [31/Jan/2019:12:07:16 -0500] "GET / HTTP/1.1" 200 122509 "http://paladin-extensions.com/" "Mozilla/5.0 (Macintosh; Intel Mac OS X 10_13_4) AppleWebKit/537.36 (KHTML, like Gecko) Chrome/65.0.3325.181 Safari/537.36"
3.92.228.155 - - [31/Jan/2019:12:27:24 -0500] "GET / HTTP/1.1" 200 122509 "http://paladin-extensions.com/" "Mozilla/5.0 (Macintosh; Intel Mac OS X 10_13_4) AppleWebKit/537.36 (KHTML, like Gecko) Chrome/65.0.3325.181 Safari/537.36"
100.43.85.182 - - [31/Jan/2019:12:31:04 -0500] "GET /robots.txt HTTP/1.1" 404 58129 "-" "Mozilla/5.0 (compatible; YandexBot/3.0; +http://yandex.com/bots)"
5.255.250.58 - - [31/Jan/2019:12:31:08 -0500] "GET /extensions/px-csgo.1 HTTP/1.1" 200 13265 "-" "Mozilla/5.0 (compatible; YandexBot/3.0; +http://yandex.com/bots)"
180.76.15.147 - - [31/Jan/2019:12:31:16 -0500] "GET /js/xf/preamble-compiled.js HTTP/1.1" 200 19692 "-" "Mozilla/5.0 (compatible; Baiduspider/2.0; +http://www.baidu.com/search/spider.html)"
3.92.228.155 - - [31/Jan/2019:12:47:16 -0500] "GET / HTTP/1.1" 200 122509 "http://paladin-extensions.com/" "Mozilla/5.0 (Macintosh; Intel Mac OS X 10_13_4) AppleWebKit/537.36 (KHTML, like Gecko) Chrome/65.0.3325.181 Safari/537.36"
46.229.168.134 - - [31/Jan/2019:13:02:31 -0500] "GET /robots.txt HTTP/1.1" 404 58141 "-" "Mozilla/5.0 (compatible; SemrushBot/3~bl; +http://www.semrush.com/bot.html)"
46.229.168.138 - - [31/Jan/2019:13:02:32 -0500] "GET /members/zoom-zoom.28/reactions?reaction_id=7&type=received HTTP/1.1" 200 10215 "-" "Mozilla/5.0 (compatible; SemrushBot/3~bl; +http://www.semrush.com/bot.html)"
3.92.228.155 - - [31/Jan/2019:13:07:11 -0500] "GET / HTTP/1.1" 200 122509 "http://paladin-extensions.com/" "Mozilla/5.0 (Macintosh; Intel Mac OS X 10_13_4) AppleWebKit/537.36 (KHTML, like Gecko) Chrome/65.0.3325.181 Safari/537.36"
157.55.39.61 - - [31/Jan/2019:13:26:15 -0500] "GET /threads/ques-tion.47/ HTTP/1.1" 301 - "-" "Mozilla/5.0 (compatible; bingbot/2.0; +http://www.bing.com/bingbot.htm)"
18.233.225.213 - - [31/Jan/2019:13:27:35 -0500] "GET / HTTP/1.1" 200 122509 "http://paladin-extensions.com/" "Mozilla/5.0 (Macintosh; Intel Mac OS X 10_13_4) AppleWebKit/537.36 (KHTML, like Gecko) Chrome/65.0.3325.181 Safari/537.36"
157.55.39.219 - - [31/Jan/2019:13:29:52 -0500] "GET /members/zzzobobo.35/ HTTP/1.1" 301 - "-" "Mozilla/5.0 (compatible; bingbot/2.0; +http://www.bing.com/bingbot.htm)"
180.76.15.134 - - [31/Jan/2019:13:37:59 -0500] "GET /members/driftloom.37/ HTTP/1.1" 200 55887 "-" "Mozilla/5.0 (compatible; Baiduspider/2.0; +http://www.baidu.com/search/spider.html)"
18.233.225.213 - - [31/Jan/2019:13:47:42 -0500] "GET / HTTP/1.1" 200 122509 "http://paladin-extensions.com/" "Mozilla/5.0 (Macintosh; Intel Mac OS X 10_13_4) AppleWebKit/537.36 (KHTML, like Gecko) Chrome/65.0.3325.181 Safari/537.36"
66.249.79.222 - - [31/Jan/2019:14:02:55 -0500] "GET /members/wolfeelol.9/ HTTP/1.1" 200 12676 "-" "Mozilla/5.0 (compatible; Googlebot/2.1; +http://www.google.com/bot.html)"
66.249.79.193 - - [31/Jan/2019:14:03:00 -0500] "GET /js/xf/inline_mod.min.js?_v=56a48e2b HTTP/1.1" 200 2390 "https://www.paladin-extensions.com/members/wolfeelol.9/" "Mozilla/5.0 AppleWebKit/537.36 (KHTML, like Gecko; compatible; Googlebot/2.1; +http://www.google.com/bot.html) Safari/537.36"
18.233.225.213 - - [31/Jan/2019:14:07:19 -0500] "GET / HTTP/1.1" 200 122509 "http://paladin-extensions.com/" "Mozilla/5.0 (Macintosh; Intel Mac OS X 10_13_4) AppleWebKit/537.36 (KHTML, like Gecko) Chrome/65.0.3325.181 Safari/537.36"
174.3.135.102 - - [31/Jan/2019:14:24:26 -0500] "POST /auth/auth.php/ HTTP/1.1" 200 88 "-" "-"
174.3.135.102 - - [31/Jan/2019:14:24:32 -0500] "POST /auth/download.php/ HTTP/1.1" 200 4480 "-" "-"
18.233.225.213 - - [31/Jan/2019:14:27:30 -0500] "GET / HTTP/1.1" 200 122509 "http://paladin-extensions.com/" "Mozilla/5.0 (Macintosh; Intel Mac OS X 10_13_4) AppleWebKit/537.36 (KHTML, like Gecko) Chrome/65.0.3325.181 Safari/537.36"
174.3.135.102 - - [31/Jan/2019:14:35:57 -0500] "POST /auth/auth.php/ HTTP/1.1" 200 88 "-" "-"
174.3.135.102 - - [31/Jan/2019:14:37:58 -0500] "POST /auth/download.php/ HTTP/1.1" 200 - "-" "-"
174.3.135.102 - - [31/Jan/2019:14:38:25 -0500] "POST /auth/auth.php/ HTTP/1.1" 200 88 "-" "-"
174.3.135.102 - - [31/Jan/2019:14:38:34 -0500] "POST /auth/download.php/ HTTP/1.1" 200 4480 "-" "-"
174.3.135.102 - - [31/Jan/2019:14:43:10 -0500] "POST /auth/auth.php/ HTTP/1.1" 200 88 "-" "-"
174.3.135.102 - - [31/Jan/2019:14:43:13 -0500] "POST /auth/download.php/ HTTP/1.1" 200 4480 "-" "-"
180.76.15.17 - - [31/Jan/2019:14:44:37 -0500] "GET / HTTP/1.1" 200 122509 "-" "Mozilla/5.0 (compatible; Baiduspider/2.0; +http://www.baidu.com/search/spider.html)"
18.233.225.213 - - [31/Jan/2019:14:47:19 -0500] "GET / HTTP/1.1" 200 122509 "http://paladin-extensions.com/" "Mozilla/5.0 (Macintosh; Intel Mac OS X 10_13_4) AppleWebKit/537.36 (KHTML, like Gecko) Chrome/65.0.3325.181 Safari/537.36"
174.3.135.102 - - [31/Jan/2019:14:51:04 -0500] "POST /auth/auth.php/ HTTP/1.1" 200 88 "-" "-"
174.3.135.102 - - [31/Jan/2019:14:51:08 -0500] "POST /auth/download.php/ HTTP/1.1" 200 4480 "-" "-"
174.3.135.102 - - [31/Jan/2019:14:54:14 -0500] "POST /auth/auth.php/ HTTP/1.1" 200 88 "-" "-"
174.3.135.102 - - [31/Jan/2019:14:54:17 -0500] "POST /auth/download.php/ HTTP/1.1" 200 4480 "-" "-"
174.3.135.102 - - [31/Jan/2019:14:54:37 -0500] "POST /auth/auth.php/ HTTP/1.1" 200 88 "-" "-"
174.3.135.102 - - [31/Jan/2019:14:54:42 -0500] "POST /auth/download.php/ HTTP/1.1" 200 4480 "-" "-"
172.221.47.109 - - [31/Jan/2019:14:55:26 -0500] "GET / HTTP/1.1" 200 46749 "-" "Mozilla/5.0 (Windows NT 10.0; Win64; x64) AppleWebKit/537.36 (KHTML, like Gecko) Chrome/71.0.3578.98 Safari/537.36"
172.221.47.109 - - [31/Jan/2019:14:55:26 -0500] "GET /js/xf/preamble-compiled.js?_v=56a48e2b HTTP/1.1" 200 7764 "https://www.paladin-extensions.com/" "Mozilla/5.0 (Windows NT 10.0; Win64; x64) AppleWebKit/537.36 (KHTML, like Gecko) Chrome/71.0.3578.98 Safari/537.36"
172.221.47.109 - - [31/Jan/2019:14:55:26 -0500] "GET /styles/uix_dark/fonts/icons/material-icons/css/materialdesignicons.min.css HTTP/1.1" 200 18636 "https://www.paladin-extensions.com/" "Mozilla/5.0 (Windows NT 10.0; Win64; x64) AppleWebKit/537.36 (KHTML, like Gecko) Chrome/71.0.3578.98 Safari/537.36"
172.221.47.109 - - [31/Jan/2019:14:55:26 -0500] "GET /styles/uix_dark/images/uix-logo.png HTTP/1.1" 200 109563 "https://www.paladin-extensions.com/" "Mozilla/5.0 (Windows NT 10.0; Win64; x64) AppleWebKit/537.36 (KHTML, like Gecko) Chrome/71.0.3578.98 Safari/537.36"
172.221.47.109 - - [31/Jan/2019:14:55:26 -0500] "GET /styles/uix_dark/images/uix-brandmark.png HTTP/1.1" 200 112246 "https://www.paladin-extensions.com/" "Mozilla/5.0 (Windows NT 10.0; Win64; x64) AppleWebKit/537.36 (KHTML, like Gecko) Chrome/71.0.3578.98 Safari/537.36"
172.221.47.109 - - [31/Jan/2019:14:55:26 -0500] "GET /css.php?css=public%3Aandy_countdown.less%2Cpublic%3Alightbox.less%2Cpublic%3Anode_list.less%2Cpublic%3Asiropu_shoutbox.less%2Cpublic%3Ath_reactions.less%2Cpublic%3Ath_widget_post_thread_uix.less%2Cpublic%3Awidget_ah_discord.less%2Cpublic%3Aextra.less&s=8&l=1&d=1548910006&k=2095b904fcd2cace1ae58400143382ab59fbe52b HTTP/1.1" 200 18202 "https://www.paladin-extensions.com/" "Mozilla/5.0 (Windows NT 10.0; Win64; x64) AppleWebKit/537.36 (KHTML, like Gecko) Chrome/71.0.3578.98 Safari/537.36"
172.221.47.109 - - [31/Jan/2019:14:55:26 -0500] "GET /css.php?css=public%3Anormalize.css%2Cpublic%3Acore.less%2Cpublic%3Aapp.less&s=8&l=1&d=1548910006&k=edf6cfeed2b8b8213808b1692c79649ca17f77fa HTTP/1.1" 200 62092 "https://www.paladin-extensions.com/" "Mozilla/5.0 (Windows NT 10.0; Win64; x64) AppleWebKit/537.36 (KHTML, like Gecko) Chrome/71.0.3578.98 Safari/537.36"
172.221.47.109 - - [31/Jan/2019:14:55:26 -0500] "GET /js/vendor/vendor-compiled.js?_v=56a48e2b HTTP/1.1" 200 17856 "https://www.paladin-extensions.com/" "Mozilla/5.0 (Windows NT 10.0; Win64; x64) AppleWebKit/537.36 (KHTML, like Gecko) Chrome/71.0.3578.98 Safari/537.36"
172.221.47.109 - - [31/Jan/2019:14:55:26 -0500] "GET /js/xf/core-compiled.js?_v=56a48e2b HTTP/1.1" 200 47440 "https://www.paladin-extensions.com/" "Mozilla/5.0 (Windows NT 10.0; Win64; x64) AppleWebKit/537.36 (KHTML, like Gecko) Chrome/71.0.3578.98 Safari/537.36"
172.221.47.109 - - [31/Jan/2019:14:55:26 -0500] "GET /js/themehouse/global/20180112.min.js?_v=56a48e2b HTTP/1.1" 200 3938 "https://www.paladin-extensions.com/" "Mozilla/5.0 (Windows NT 10.0; Win64; x64) AppleWebKit/537.36 (KHTML, like Gecko) Chrome/71.0.3578.98 Safari/537.36"
172.221.47.109 - - [31/Jan/2019:14:55:26 -0500] "GET /data/avatars/s/0/32.jpg?1529285509 HTTP/1.1" 200 5274 "https://www.paladin-extensions.com/" "Mozilla/5.0 (Windows NT 10.0; Win64; x64) AppleWebKit/537.36 (KHTML, like Gecko) Chrome/71.0.3578.98 Safari/537.36"
172.221.47.109 - - [31/Jan/2019:14:55:26 -0500] "GET /js/siropu/shoutbox/core.min.js?_v=56a48e2b HTTP/1.1" 200 2470 "https://www.paladin-extensions.com/" "Mozilla/5.0 (Windows NT 10.0; Win64; x64) AppleWebKit/537.36 (KHTML, like Gecko) Chrome/71.0.3578.98 Safari/537.36"
172.221.47.109 - - [31/Jan/2019:14:55:26 -0500] "GET /data/avatars/s/0/15.jpg?1519322140 HTTP/1.1" 200 1416 "https://www.paladin-extensions.com/" "Mozilla/5.0 (Windows NT 10.0; Win64; x64) AppleWebKit/537.36 (KHTML, like Gecko) Chrome/71.0.3578.98 Safari/537.36"
172.221.47.109 - - [31/Jan/2019:14:55:26 -0500] "GET /data/avatars/s/0/1.jpg?1538028194 HTTP/1.1" 200 3345 "https://www.paladin-extensions.com/" "Mozilla/5.0 (Windows NT 10.0; Win64; x64) AppleWebKit/537.36 (KHTML, like Gecko) Chrome/71.0.3578.98 Safari/537.36"
172.221.47.109 - - [31/Jan/2019:14:55:26 -0500] "GET /data/avatars/s/0/26.jpg?1528514454 HTTP/1.1" 200 1722 "https://www.paladin-extensions.com/" "Mozilla/5.0 (Windows NT 10.0; Win64; x64) AppleWebKit/537.36 (KHTML, like Gecko) Chrome/71.0.3578.98 Safari/537.36"
172.221.47.109 - - [31/Jan/2019:14:55:26 -0500] "GET /data/avatars/s/0/25.jpg?1544675776 HTTP/1.1" 200 1570 "https://www.paladin-extensions.com/" "Mozilla/5.0 (Windows NT 10.0; Win64; x64) AppleWebKit/537.36 (KHTML, like Gecko) Chrome/71.0.3578.98 Safari/537.36"
172.221.47.109 - - [31/Jan/2019:14:55:26 -0500] "GET /js/themehouse/uix_dark/ripple.min.js?_v=56a48e2b HTTP/1.1" 200 692 "https://www.paladin-extensions.com/" "Mozilla/5.0 (Windows NT 10.0; Win64; x64) AppleWebKit/537.36 (KHTML, like Gecko) Chrome/71.0.3578.98 Safari/537.36"
172.221.47.109 - - [31/Jan/2019:14:55:26 -0500] "GET /data/avatars/s/0/4.jpg?1533106845 HTTP/1.1" 200 1596 "https://www.paladin-extensions.com/" "Mozilla/5.0 (Windows NT 10.0; Win64; x64) AppleWebKit/537.36 (KHTML, like Gecko) Chrome/71.0.3578.98 Safari/537.36"
172.221.47.109 - - [31/Jan/2019:14:55:26 -0500] "GET /js/themehouse/uix_dark/index.min.js?_v=56a48e2b HTTP/1.1" 200 2382 "https://www.paladin-extensions.com/" "Mozilla/5.0 (Windows NT 10.0; Win64; x64) AppleWebKit/537.36 (KHTML, like Gecko) Chrome/71.0.3578.98 Safari/537.36"
172.221.47.109 - - [31/Jan/2019:14:55:26 -0500] "GET /js/themehouse/uix_dark/defer.min.js?_v=56a48e2b HTTP/1.1" 200 5041 "https://www.paladin-extensions.com/" "Mozilla/5.0 (Windows NT 10.0; Win64; x64) AppleWebKit/537.36 (KHTML, like Gecko) Chrome/71.0.3578.98 Safari/537.36"
172.221.47.109 - - [31/Jan/2019:14:55:26 -0500] "GET /data/avatars/s/0/2.jpg?1515800046 HTTP/1.1" 200 1696 "https://www.paladin-extensions.com/" "Mozilla/5.0 (Windows NT 10.0; Win64; x64) AppleWebKit/537.36 (KHTML, like Gecko) Chrome/71.0.3578.98 Safari/537.36"
172.221.47.109 - - [31/Jan/2019:14:55:26 -0500] "GET /js/xf/lightbox-compiled.js?_v=56a48e2b HTTP/1.1" 200 14071 "https://www.paladin-extensions.com/" "Mozilla/5.0 (Windows NT 10.0; Win64; x64) AppleWebKit/537.36 (KHTML, like Gecko) Chrome/71.0.3578.98 Safari/537.36"
172.221.47.109 - - [31/Jan/2019:14:55:26 -0500] "GET /data/avatars/s/0/8.jpg?1519456264 HTTP/1.1" 200 1973 "https://www.paladin-extensions.com/" "Mozilla/5.0 (Windows NT 10.0; Win64; x64) AppleWebKit/537.36 (KHTML, like Gecko) Chrome/71.0.3578.98 Safari/537.36"
172.221.47.109 - - [31/Jan/2019:14:55:27 -0500] "GET /styles/uix_dark/fonts/icons/material-icons/fonts/materialdesignicons-webfont.woff2?v=2.3.54 HTTP/1.1" 200 125384 "https://www.paladin-extensions.com/styles/uix_dark/fonts/icons/material-icons/css/materialdesignicons.min.css" "Mozilla/5.0 (Windows NT 10.0; Win64; x64) AppleWebKit/537.36 (KHTML, like Gecko) Chrome/71.0.3578.98 Safari/537.36"
172.221.47.109 - - [31/Jan/2019:14:55:26 -0500] "GET /data/avatars/s/0/12.jpg?1519321709 HTTP/1.1" 200 1785 "https://www.paladin-extensions.com/" "Mozilla/5.0 (Windows NT 10.0; Win64; x64) AppleWebKit/537.36 (KHTML, like Gecko) Chrome/71.0.3578.98 Safari/537.36"
172.221.47.109 - - [31/Jan/2019:14:55:27 -0500] "GET /styles/default/xenforo/smilies/emojione/sprite_sheet_emojione.png HTTP/1.1" 200 88702 "https://www.paladin-extensions.com/css.php?css=public%3Anormalize.css%2Cpublic%3Acore.less%2Cpublic%3Aapp.less&s=8&l=1&d=1548910006&k=edf6cfeed2b8b8213808b1692c79649ca17f77fa" "Mozilla/5.0 (Windows NT 10.0; Win64; x64) AppleWebKit/537.36 (KHTML, like Gecko) Chrome/71.0.3578.98 Safari/537.36"
172.221.47.109 - - [31/Jan/2019:14:55:26 -0500] "GET /proxy.php?image=https%3A%2F%2Fi.imgur.com%2Fr0tCHeM.png&hash=58dd2bbfaf81cbfcd2d3e7fbdd81cb6c HTTP/1.1" 200 14887 "https://www.paladin-extensions.com/" "Mozilla/5.0 (Windows NT 10.0; Win64; x64) AppleWebKit/537.36 (KHTML, like Gecko) Chrome/71.0.3578.98 Safari/537.36"
172.221.47.109 - - [31/Jan/2019:14:55:27 -0500] "GET /styles/default/siropu/shoutbox/new.mp3 HTTP/1.1" 304 - "https://www.paladin-extensions.com/" "Mozilla/5.0 (Windows NT 10.0; Win64; x64) AppleWebKit/537.36 (KHTML, like Gecko) Chrome/71.0.3578.98 Safari/537.36"
172.221.47.109 - - [31/Jan/2019:14:55:28 -0500] "GET /styles/uix_dark/images/favicon.png HTTP/1.1" 200 37099 "https://www.paladin-extensions.com/" "Mozilla/5.0 (Windows NT 10.0; Win64; x64) AppleWebKit/537.36 (KHTML, like Gecko) Chrome/71.0.3578.98 Safari/537.36"
172.221.47.109 - - [31/Jan/2019:14:55:28 -0500] "GET /index.php?shoutbox/refresh&last_id=139&_xfRequestUri=%2F&_xfWithData=1&_xfToken=1548964526%2C780edfc9e6a758fa422a018c36d4baca&_xfResponseType=json HTTP/1.1" 200 119 "https://www.paladin-extensions.com/" "Mozilla/5.0 (Windows NT 10.0; Win64; x64) AppleWebKit/537.36 (KHTML, like Gecko) Chrome/71.0.3578.98 Safari/537.36"
172.221.47.109 - - [31/Jan/2019:14:55:29 -0500] "GET /index.php?shoutbox/refresh&last_id=139&_xfRequestUri=%2F&_xfWithData=1&_xfToken=1548964526%2C780edfc9e6a758fa422a018c36d4baca&_xfResponseType=json HTTP/1.1" 200 119 "https://www.paladin-extensions.com/" "Mozilla/5.0 (Windows NT 10.0; Win64; x64) AppleWebKit/537.36 (KHTML, like Gecko) Chrome/71.0.3578.98 Safari/537.36"
172.221.47.109 - - [31/Jan/2019:14:55:30 -0500] "GET /index.php?shoutbox/refresh&last_id=139&_xfRequestUri=%2F&_xfWithData=1&_xfToken=1548964526%2C780edfc9e6a758fa422a018c36d4baca&_xfResponseType=json HTTP/1.1" 200 119 "https://www.paladin-extensions.com/" "Mozilla/5.0 (Windows NT 10.0; Win64; x64) AppleWebKit/537.36 (KHTML, like Gecko) Chrome/71.0.3578.98 Safari/537.36"
172.221.47.109 - - [31/Jan/2019:14:55:31 -0500] "GET /index.php?shoutbox/refresh&last_id=139&_xfRequestUri=%2F&_xfWithData=1&_xfToken=1548964526%2C780edfc9e6a758fa422a018c36d4baca&_xfResponseType=json HTTP/1.1" 200 119 "https://www.paladin-extensions.com/" "Mozilla/5.0 (Windows NT 10.0; Win64; x64) AppleWebKit/537.36 (KHTML, like Gecko) Chrome/71.0.3578.98 Safari/537.36"
172.221.47.109 - - [31/Jan/2019:14:55:32 -0500] "GET /index.php?shoutbox/refresh&last_id=139&_xfRequestUri=%2F&_xfWithData=1&_xfToken=1548964526%2C780edfc9e6a758fa422a018c36d4baca&_xfResponseType=json HTTP/1.1" 200 119 "https://www.paladin-extensions.com/" "Mozilla/5.0 (Windows NT 10.0; Win64; x64) AppleWebKit/537.36 (KHTML, like Gecko) Chrome/71.0.3578.98 Safari/537.36"
172.221.47.109 - - [31/Jan/2019:14:55:32 -0500] "GET /support/open?department_id=4/ HTTP/1.1" 200 17750 "https://www.paladin-extensions.com/" "Mozilla/5.0 (Windows NT 10.0; Win64; x64) AppleWebKit/537.36 (KHTML, like Gecko) Chrome/71.0.3578.98 Safari/537.36"
172.221.47.109 - - [31/Jan/2019:14:55:32 -0500] "GET /js/xf/prefix_menu.min.js?_v=56a48e2b HTTP/1.1" 200 1958 "https://www.paladin-extensions.com/support/open?department_id=4/" "Mozilla/5.0 (Windows NT 10.0; Win64; x64) AppleWebKit/537.36 (KHTML, like Gecko) Chrome/71.0.3578.98 Safari/537.36"
172.221.47.109 - - [31/Jan/2019:14:55:32 -0500] "GET /js/xf/editor-compiled.js?_v=56a48e2b HTTP/1.1" 200 89394 "https://www.paladin-extensions.com/support/open?department_id=4/" "Mozilla/5.0 (Windows NT 10.0; Win64; x64) AppleWebKit/537.36 (KHTML, like Gecko) Chrome/71.0.3578.98 Safari/537.36"
172.221.47.109 - - [31/Jan/2019:14:55:32 -0500] "GET /js/vendor/froala/plugins/table.min.js?_v=56a48e2b HTTP/1.1" 200 12751 "https://www.paladin-extensions.com/support/open?department_id=4/" "Mozilla/5.0 (Windows NT 10.0; Win64; x64) AppleWebKit/537.36 (KHTML, like Gecko) Chrome/71.0.3578.98 Safari/537.36"
172.221.47.109 - - [31/Jan/2019:14:55:32 -0500] "GET /js/editor-manager/plugins/inlineSpoiler.plugin.min.js?_v=56a48e2b HTTP/1.1" 200 625 "https://www.paladin-extensions.com/support/open?department_id=4/" "Mozilla/5.0 (Windows NT 10.0; Win64; x64) AppleWebKit/537.36 (KHTML, like Gecko) Chrome/71.0.3578.98 Safari/537.36"
172.221.47.109 - - [31/Jan/2019:14:55:32 -0500] "GET /js/vendor/froala/plugins/special_characters.min.js?_v=56a48e2b HTTP/1.1" 200 5527 "https://www.paladin-extensions.com/support/open?department_id=4/" "Mozilla/5.0 (Windows NT 10.0; Win64; x64) AppleWebKit/537.36 (KHTML, like Gecko) Chrome/71.0.3578.98 Safari/537.36"
172.221.47.109 - - [31/Jan/2019:14:55:32 -0500] "GET /js/editor-manager/plugins/justify.plugin.min.js?_v=56a48e2b HTTP/1.1" 200 253 "https://www.paladin-extensions.com/support/open?department_id=4/" "Mozilla/5.0 (Windows NT 10.0; Win64; x64) AppleWebKit/537.36 (KHTML, like Gecko) Chrome/71.0.3578.98 Safari/537.36"
172.221.47.109 - - [31/Jan/2019:14:55:32 -0500] "GET /js/editor-manager/plugins/dropdowns.plugin.min.js?_v=56a48e2b HTTP/1.1" 200 538 "https://www.paladin-extensions.com/support/open?department_id=4/" "Mozilla/5.0 (Windows NT 10.0; Win64; x64) AppleWebKit/537.36 (KHTML, like Gecko) Chrome/71.0.3578.98 Safari/537.36"
172.221.47.109 - - [31/Jan/2019:14:55:33 -0500] "GET /js/editor-manager/plugins/colors.plugin.min.js?_v=56a48e2b HTTP/1.1" 200 331 "https://www.paladin-extensions.com/support/open?department_id=4/" "Mozilla/5.0 (Windows NT 10.0; Win64; x64) AppleWebKit/537.36 (KHTML, like Gecko) Chrome/71.0.3578.98 Safari/537.36"
172.221.47.109 - - [31/Jan/2019:14:55:33 -0500] "GET /js/editor-manager/base.min.js?_v=56a48e2b HTTP/1.1" 200 335 "https://www.paladin-extensions.com/support/open?department_id=4/" "Mozilla/5.0 (Windows NT 10.0; Win64; x64) AppleWebKit/537.36 (KHTML, like Gecko) Chrome/71.0.3578.98 Safari/537.36"
172.221.47.109 - - [31/Jan/2019:14:55:33 -0500] "GET /js/xf/attachment_manager-compiled.js?_v=56a48e2b HTTP/1.1" 200 9473 "https://www.paladin-extensions.com/support/open?department_id=4/" "Mozilla/5.0 (Windows NT 10.0; Win64; x64) AppleWebKit/537.36 (KHTML, like Gecko) Chrome/71.0.3578.98 Safari/537.36"
172.221.47.109 - - [31/Jan/2019:14:55:32 -0500] "GET /css.php?css=public%3Aandy_similarthreads.less%2Cpublic%3Aattachments.less%2Cpublic%3Aeditor.less%2Cpublic%3Akl_em_froala_image.less%2Cpublic%3Akl_em_froala_special_characters.less%2Cpublic%3Akl_em_froala_table.less%2Cpublic%3Amjst_ticket_open.less%2Cpublic%3Aprefix_menu.less%2Cpublic%3Aextra.less&s=8&l=1&d=1548910006&k=311101d2cfc802a45377b602a0f89c6c65037da4 HTTP/1.1" 200 11443 "https://www.paladin-extensions.com/support/open?department_id=4/" "Mozilla/5.0 (Windows NT 10.0; Win64; x64) AppleWebKit/537.36 (KHTML, like Gecko) Chrome/71.0.3578.98 Safari/537.36"
172.221.47.109 - - [31/Jan/2019:14:55:33 -0500] "GET /js/mj/mjst/custom-field.js?_v=56a48e2b HTTP/1.1" 200 552 "https://www.paladin-extensions.com/support/open?department_id=4/" "Mozilla/5.0 (Windows NT 10.0; Win64; x64) AppleWebKit/537.36 (KHTML, like Gecko) Chrome/71.0.3578.98 Safari/537.36"
172.221.47.109 - - [31/Jan/2019:14:55:33 -0500] "POST /job.php HTTP/1.1" 200 14 "https://www.paladin-extensions.com/support/open?department_id=4/" "Mozilla/5.0 (Windows NT 10.0; Win64; x64) AppleWebKit/537.36 (KHTML, like Gecko) Chrome/71.0.3578.98 Safari/537.36"
172.221.47.109 - - [31/Jan/2019:14:55:35 -0500] "GET / HTTP/1.1" 200 46734 "https://www.paladin-extensions.com/support/open?department_id=4/" "Mozilla/5.0 (Windows NT 10.0; Win64; x64) AppleWebKit/537.36 (KHTML, like Gecko) Chrome/71.0.3578.98 Safari/537.36"
172.221.47.109 - - [31/Jan/2019:14:55:35 -0500] "GET /proxy.php?image=https%3A%2F%2Fi.imgur.com%2Fr0tCHeM.png&hash=58dd2bbfaf81cbfcd2d3e7fbdd81cb6c HTTP/1.1" 304 - "https://www.paladin-extensions.com/" "Mozilla/5.0 (Windows NT 10.0; Win64; x64) AppleWebKit/537.36 (KHTML, like Gecko) Chrome/71.0.3578.98 Safari/537.36"
172.221.47.109 - - [31/Jan/2019:14:55:35 -0500] "POST /job.php HTTP/1.1" 200 14 "https://www.paladin-extensions.com/" "Mozilla/5.0 (Windows NT 10.0; Win64; x64) AppleWebKit/537.36 (KHTML, like Gecko) Chrome/71.0.3578.98 Safari/537.36"
172.221.47.109 - - [31/Jan/2019:14:55:36 -0500] "GET /index.php?shoutbox/refresh&last_id=139&_xfRequestUri=%2F&_xfWithData=1&_xfToken=1548964535%2Cde106ac506826207a17ece2ca9eb0a3b&_xfResponseType=json HTTP/1.1" 200 119 "https://www.paladin-extensions.com/" "Mozilla/5.0 (Windows NT 10.0; Win64; x64) AppleWebKit/537.36 (KHTML, like Gecko) Chrome/71.0.3578.98 Safari/537.36"
172.221.47.109 - - [31/Jan/2019:14:55:37 -0500] "GET /index.php?shoutbox/refresh&last_id=139&_xfRequestUri=%2F&_xfWithData=1&_xfToken=1548964535%2Cde106ac506826207a17ece2ca9eb0a3b&_xfResponseType=json HTTP/1.1" 200 119 "https://www.paladin-extensions.com/" "Mozilla/5.0 (Windows NT 10.0; Win64; x64) AppleWebKit/537.36 (KHTML, like Gecko) Chrome/71.0.3578.98 Safari/537.36"
172.221.47.109 - - [31/Jan/2019:14:55:27 -0500] "POST /job.php HTTP/1.1" 503 38152 "https://www.paladin-extensions.com/" "Mozilla/5.0 (Windows NT 10.0; Win64; x64) AppleWebKit/537.36 (KHTML, like Gecko) Chrome/71.0.3578.98 Safari/537.36"
172.221.47.109 - - [31/Jan/2019:14:55:58 -0500] "GET /index.php?shoutbox/refresh&last_id=139&_xfRequestUri=%2F&_xfWithData=1&_xfToken=1548964535%2Cde106ac506826207a17ece2ca9eb0a3b&_xfResponseType=json HTTP/1.1" 200 119 "https://www.paladin-extensions.com/" "Mozilla/5.0 (Windows NT 10.0; Win64; x64) AppleWebKit/537.36 (KHTML, like Gecko) Chrome/71.0.3578.98 Safari/537.36"
172.221.47.109 - - [31/Jan/2019:14:56:00 -0500] "GET /forums/early-access.24/ HTTP/1.1" 200 15341 "https://www.paladin-extensions.com/" "Mozilla/5.0 (Windows NT 10.0; Win64; x64) AppleWebKit/537.36 (KHTML, like Gecko) Chrome/71.0.3578.98 Safari/537.36"
172.221.47.109 - - [31/Jan/2019:14:56:01 -0500] "GET /index.php?shoutbox/refresh&last_id=139&_xfRequestUri=%2F&_xfWithData=1&_xfToken=1548964535%2Cde106ac506826207a17ece2ca9eb0a3b&_xfResponseType=json HTTP/1.1" 200 119 "https://www.paladin-extensions.com/" "Mozilla/5.0 (Windows NT 10.0; Win64; x64) AppleWebKit/537.36 (KHTML, like Gecko) Chrome/71.0.3578.98 Safari/537.36"
172.221.47.109 - - [31/Jan/2019:14:56:02 -0500] "GET /index.php?shoutbox/refresh&last_id=139&_xfRequestUri=%2F&_xfWithData=1&_xfToken=1548964535%2Cde106ac506826207a17ece2ca9eb0a3b&_xfResponseType=json HTTP/1.1" 200 119 "https://www.paladin-extensions.com/" "Mozilla/5.0 (Windows NT 10.0; Win64; x64) AppleWebKit/537.36 (KHTML, like Gecko) Chrome/71.0.3578.98 Safari/537.36"
172.221.47.109 - - [31/Jan/2019:14:56:02 -0500] "GET /js/xf/thread.min.js?_v=56a48e2b HTTP/1.1" 200 962 "https://www.paladin-extensions.com/forums/early-access.24/" "Mozilla/5.0 (Windows NT 10.0; Win64; x64) AppleWebKit/537.36 (KHTML, like Gecko) Chrome/71.0.3578.98 Safari/537.36"
172.221.47.109 - - [31/Jan/2019:14:56:02 -0500] "GET /css.php?css=public%3Aandy_similarthreads.less%2Cpublic%3Aprefix_menu.less%2Cpublic%3Astructured_list.less%2Cpublic%3Ath_reactions.less%2Cpublic%3Aextra.less&s=8&l=1&d=1548910006&k=5fc5c360f795d116f6591b18ae8f7e6f815d6dde HTTP/1.1" 200 12461 "https://www.paladin-extensions.com/forums/early-access.24/" "Mozilla/5.0 (Windows NT 10.0; Win64; x64) AppleWebKit/537.36 (KHTML, like Gecko) Chrome/71.0.3578.98 Safari/537.36"
174.3.135.102 - - [31/Jan/2019:14:58:31 -0500] "POST /auth/auth.php/ HTTP/1.1" 200 88 "-" "-"
174.3.135.102 - - [31/Jan/2019:14:58:36 -0500] "POST /auth/download.php/ HTTP/1.1" 200 4480 "-" "-"
174.3.135.102 - - [31/Jan/2019:15:02:01 -0500] "POST /auth/auth.php/ HTTP/1.1" 200 88 "-" "-"
174.3.135.102 - - [31/Jan/2019:15:02:20 -0500] "POST /auth/auth.php/ HTTP/1.1" 200 88 "-" "-"
174.3.135.102 - - [31/Jan/2019:15:02:33 -0500] "POST /auth/download.php/ HTTP/1.1" 200 4480 "-" "-"
157.55.39.61 - - [31/Jan/2019:15:03:01 -0500] "GET /help/ HTTP/1.1" 301 - "-" "Mozilla/5.0 (compatible; bingbot/2.0; +http://www.bing.com/bingbot.htm)"
174.3.135.102 - - [31/Jan/2019:15:03:46 -0500] "POST /auth/auth.php/ HTTP/1.1" 200 88 "-" "-"
174.3.135.102 - - [31/Jan/2019:15:03:48 -0500] "POST /auth/download.php/ HTTP/1.1" 200 4480 "-" "-"
174.3.135.102 - - [31/Jan/2019:15:06:42 -0500] "POST /auth/auth.php/ HTTP/1.1" 200 88 "-" "-"
174.3.135.102 - - [31/Jan/2019:15:06:45 -0500] "POST /auth/download.php/ HTTP/1.1" 200 4480 "-" "-"
60.191.38.77 - - [31/Jan/2019:15:07:09 -0500] "GET / HTTP/1.1" 200 122509 "-" "Mozilla/5.0 (Macintosh; Intel Mac OS X 10.11; rv:47.0) Gecko/20100101 Firefox/47.0"
18.233.225.213 - - [31/Jan/2019:15:07:16 -0500] "GET / HTTP/1.1" 200 122509 "http://paladin-extensions.com/" "Mozilla/5.0 (Macintosh; Intel Mac OS X 10_13_4) AppleWebKit/537.36 (KHTML, like Gecko) Chrome/65.0.3325.181 Safari/537.36"
174.3.135.102 - - [31/Jan/2019:15:11:36 -0500] "POST /auth/auth.php/ HTTP/1.1" 200 88 "-" "-"
174.3.135.102 - - [31/Jan/2019:15:11:38 -0500] "POST /auth/download.php/ HTTP/1.1" 200 4480 "-" "-"
174.3.135.102 - - [31/Jan/2019:15:11:58 -0500] "POST /auth/auth.php/ HTTP/1.1" 200 88 "-" "-"
174.3.135.102 - - [31/Jan/2019:15:12:00 -0500] "POST /auth/download.php/ HTTP/1.1" 200 4480 "-" "-"
174.3.135.102 - - [31/Jan/2019:15:13:22 -0500] "POST /auth/auth.php/ HTTP/1.1" 200 88 "-" "-"
174.3.135.102 - - [31/Jan/2019:15:13:24 -0500] "POST /auth/download.php/ HTTP/1.1" 200 4480 "-" "-"
174.3.135.102 - - [31/Jan/2019:15:16:22 -0500] "POST /auth/auth.php/ HTTP/1.1" 200 88 "-" "-"
174.3.135.102 - - [31/Jan/2019:15:16:24 -0500] "POST /auth/download.php/ HTTP/1.1" 200 4480 "-" "-"
180.76.15.137 - - [31/Jan/2019:15:17:56 -0500] "GET /styles/uix_dark/fonts/icons/material-icons/css/materialdesignicons.min.css HTTP/1.1" 200 100102 "-" "Mozilla/5.0 (compatible; Baiduspider/2.0; +http://www.baidu.com/search/spider.html)"
174.3.135.102 - - [31/Jan/2019:15:21:33 -0500] "POST /auth/auth.php/ HTTP/1.1" 200 88 "-" "-"
174.3.135.102 - - [31/Jan/2019:15:21:37 -0500] "POST /auth/download.php/ HTTP/1.1" 200 4480 "-" "-"
174.3.135.102 - - [31/Jan/2019:15:24:41 -0500] "POST /auth/auth.php/ HTTP/1.1" 200 88 "-" "-"
174.3.135.102 - - [31/Jan/2019:15:24:53 -0500] "POST /auth/download.php/ HTTP/1.1" 200 4480 "-" "-"
18.233.225.213 - - [31/Jan/2019:15:27:01 -0500] "GET / HTTP/1.1" 200 122509 "http://paladin-extensions.com/" "Mozilla/5.0 (Macintosh; Intel Mac OS X 10_13_4) AppleWebKit/537.36 (KHTML, like Gecko) Chrome/65.0.3325.181 Safari/537.36"
174.3.135.102 - - [31/Jan/2019:15:28:12 -0500] "POST /auth/auth.php/ HTTP/1.1" 200 88 "-" "-"
174.3.135.102 - - [31/Jan/2019:15:28:12 -0500] "POST /auth/download.php/ HTTP/1.1" 200 4578988 "-" "-"
174.3.135.102 - - [31/Jan/2019:15:28:18 -0500] "POST /auth/auth.php/ HTTP/1.1" 200 88 "-" "-"
174.3.135.102 - - [31/Jan/2019:15:29:06 -0500] "POST /auth/auth.php/ HTTP/1.1" 200 88 "-" "-"
174.3.135.102 - - [31/Jan/2019:15:29:07 -0500] "POST /auth/download.php/ HTTP/1.1" 200 4480 "-" "-"
174.3.135.102 - - [31/Jan/2019:15:31:19 -0500] "POST /auth/auth.php/ HTTP/1.1" 200 88 "-" "-"
174.3.135.102 - - [31/Jan/2019:15:31:22 -0500] "POST /auth/download.php/ HTTP/1.1" 200 4480 "-" "-"
174.3.135.102 - - [31/Jan/2019:15:32:09 -0500] "POST /auth/auth.php/ HTTP/1.1" 200 88 "-" "-"
174.3.135.102 - - [31/Jan/2019:15:32:12 -0500] "POST /auth/download.php/ HTTP/1.1" 200 4480 "-" "-"
174.3.135.102 - - [31/Jan/2019:15:33:52 -0500] "POST /auth/auth.php/ HTTP/1.1" 200 88 "-" "-"
174.3.135.102 - - [31/Jan/2019:15:33:54 -0500] "POST /auth/download.php/ HTTP/1.1" 200 4480 "-" "-"
174.3.135.102 - - [31/Jan/2019:15:36:06 -0500] "POST /auth/auth.php/ HTTP/1.1" 200 88 "-" "-"
174.3.135.102 - - [31/Jan/2019:15:36:11 -0500] "POST /auth/download.php/ HTTP/1.1" 200 4480 "-" "-"
66.249.79.193 - - [31/Jan/2019:15:36:28 -0500] "GET / HTTP/1.1" 200 37234 "-" "Mozilla/5.0 (compatible; Googlebot/2.1; +http://www.google.com/bot.html)"
174.3.135.102 - - [31/Jan/2019:15:38:58 -0500] "POST /auth/auth.php/ HTTP/1.1" 200 88 "-" "-"
174.3.135.102 - - [31/Jan/2019:15:40:57 -0500] "POST /auth/download.php/ HTTP/1.1" 200 - "-" "-"
174.3.135.102 - - [31/Jan/2019:15:41:29 -0500] "POST /auth/auth.php/ HTTP/1.1" 200 88 "-" "-"
174.3.135.102 - - [31/Jan/2019:15:41:34 -0500] "POST /auth/download.php/ HTTP/1.1" 200 4480 "-" "-"
174.3.135.102 - - [31/Jan/2019:15:43:30 -0500] "GET / HTTP/1.1" 200 49978 "-" "Mozilla/5.0 (Windows NT 10.0; Win64; x64) AppleWebKit/537.36 (KHTML, like Gecko) Chrome/71.0.3578.98 Safari/537.36"
174.3.135.102 - - [31/Jan/2019:15:43:31 -0500] "GET /styles/uix_dark/fonts/icons/material-icons/css/materialdesignicons.min.css HTTP/1.1" 200 18636 "https://www.paladin-extensions.com/" "Mozilla/5.0 (Windows NT 10.0; Win64; x64) AppleWebKit/537.36 (KHTML, like Gecko) Chrome/71.0.3578.98 Safari/537.36"
174.3.135.102 - - [31/Jan/2019:15:43:31 -0500] "GET /css.php?css=public%3Anormalize.css%2Cpublic%3Acore.less%2Cpublic%3Aapp.less&s=8&l=1&d=1548910006&k=edf6cfeed2b8b8213808b1692c79649ca17f77fa HTTP/1.1" 200 62092 "https://www.paladin-extensions.com/" "Mozilla/5.0 (Windows NT 10.0; Win64; x64) AppleWebKit/537.36 (KHTML, like Gecko) Chrome/71.0.3578.98 Safari/537.36"
174.3.135.102 - - [31/Jan/2019:15:43:31 -0500] "GET /js/xf/preamble-compiled.js?_v=56a48e2b HTTP/1.1" 304 - "https://www.paladin-extensions.com/" "Mozilla/5.0 (Windows NT 10.0; Win64; x64) AppleWebKit/537.36 (KHTML, like Gecko) Chrome/71.0.3578.98 Safari/537.36"
174.3.135.102 - - [31/Jan/2019:15:43:31 -0500] "GET /styles/uix_dark/images/uix-brandmark.png HTTP/1.1" 200 112246 "https://www.paladin-extensions.com/" "Mozilla/5.0 (Windows NT 10.0; Win64; x64) AppleWebKit/537.36 (KHTML, like Gecko) Chrome/71.0.3578.98 Safari/537.36"
174.3.135.102 - - [31/Jan/2019:15:43:31 -0500] "GET /styles/uix_dark/images/uix-logo.png HTTP/1.1" 200 109563 "https://www.paladin-extensions.com/" "Mozilla/5.0 (Windows NT 10.0; Win64; x64) AppleWebKit/537.36 (KHTML, like Gecko) Chrome/71.0.3578.98 Safari/537.36"
174.3.135.102 - - [31/Jan/2019:15:43:31 -0500] "GET /css.php?css=public%3Aandy_countdown.less%2Cpublic%3Aeditor.less%2Cpublic%3Alightbox.less%2Cpublic%3Anode_list.less%2Cpublic%3Asiropu_shoutbox.less%2Cpublic%3Ath_reactions.less%2Cpublic%3Ath_widget_post_thread_uix.less%2Cpublic%3Awidget_ah_discord.less%2Cpublic%3Aextra.less&s=8&l=1&d=1548910006&k=ec436b85afd8a5a199dc8d8d63a55ffd92837231 HTTP/1.1" 200 26587 "https://www.paladin-extensions.com/" "Mozilla/5.0 (Windows NT 10.0; Win64; x64) AppleWebKit/537.36 (KHTML, like Gecko) Chrome/71.0.3578.98 Safari/537.36"
174.3.135.102 - - [31/Jan/2019:15:43:31 -0500] "GET /js/siropu/shoutbox/core.min.js?_v=56a48e2b HTTP/1.1" 304 - "https://www.paladin-extensions.com/" "Mozilla/5.0 (Windows NT 10.0; Win64; x64) AppleWebKit/537.36 (KHTML, like Gecko) Chrome/71.0.3578.98 Safari/537.36"
174.3.135.102 - - [31/Jan/2019:15:43:31 -0500] "GET /data/avatars/s/0/15.jpg?1519322140 HTTP/1.1" 200 1416 "https://www.paladin-extensions.com/" "Mozilla/5.0 (Windows NT 10.0; Win64; x64) AppleWebKit/537.36 (KHTML, like Gecko) Chrome/71.0.3578.98 Safari/537.36"
174.3.135.102 - - [31/Jan/2019:15:43:31 -0500] "GET /data/avatars/s/0/1.jpg?1538028194 HTTP/1.1" 200 3345 "https://www.paladin-extensions.com/" "Mozilla/5.0 (Windows NT 10.0; Win64; x64) AppleWebKit/537.36 (KHTML, like Gecko) Chrome/71.0.3578.98 Safari/537.36"
174.3.135.102 - - [31/Jan/2019:15:43:31 -0500] "GET /data/avatars/s/0/32.jpg?1529285509 HTTP/1.1" 200 5274 "https://www.paladin-extensions.com/" "Mozilla/5.0 (Windows NT 10.0; Win64; x64) AppleWebKit/537.36 (KHTML, like Gecko) Chrome/71.0.3578.98 Safari/537.36"
174.3.135.102 - - [31/Jan/2019:15:43:31 -0500] "GET /js/xf/lightbox-compiled.js?_v=56a48e2b HTTP/1.1" 304 - "https://www.paladin-extensions.com/" "Mozilla/5.0 (Windows NT 10.0; Win64; x64) AppleWebKit/537.36 (KHTML, like Gecko) Chrome/71.0.3578.98 Safari/537.36"
174.3.135.102 - - [31/Jan/2019:15:43:31 -0500] "GET /js/themehouse/global/20180112.min.js?_v=56a48e2b HTTP/1.1" 304 - "https://www.paladin-extensions.com/" "Mozilla/5.0 (Windows NT 10.0; Win64; x64) AppleWebKit/537.36 (KHTML, like Gecko) Chrome/71.0.3578.98 Safari/537.36"
174.3.135.102 - - [31/Jan/2019:15:43:31 -0500] "GET /data/avatars/s/0/2.jpg?1515800046 HTTP/1.1" 200 1696 "https://www.paladin-extensions.com/" "Mozilla/5.0 (Windows NT 10.0; Win64; x64) AppleWebKit/537.36 (KHTML, like Gecko) Chrome/71.0.3578.98 Safari/537.36"
174.3.135.102 - - [31/Jan/2019:15:43:31 -0500] "GET /js/vendor/vendor-compiled.js?_v=56a48e2b HTTP/1.1" 304 - "https://www.paladin-extensions.com/" "Mozilla/5.0 (Windows NT 10.0; Win64; x64) AppleWebKit/537.36 (KHTML, like Gecko) Chrome/71.0.3578.98 Safari/537.36"
174.3.135.102 - - [31/Jan/2019:15:43:31 -0500] "GET /data/avatars/s/0/4.jpg?1533106845 HTTP/1.1" 200 1596 "https://www.paladin-extensions.com/" "Mozilla/5.0 (Windows NT 10.0; Win64; x64) AppleWebKit/537.36 (KHTML, like Gecko) Chrome/71.0.3578.98 Safari/537.36"
174.3.135.102 - - [31/Jan/2019:15:43:31 -0500] "GET /data/avatars/s/0/26.jpg?1528514454 HTTP/1.1" 200 1722 "https://www.paladin-extensions.com/" "Mozilla/5.0 (Windows NT 10.0; Win64; x64) AppleWebKit/537.36 (KHTML, like Gecko) Chrome/71.0.3578.98 Safari/537.36"
174.3.135.102 - - [31/Jan/2019:15:43:31 -0500] "GET /js/xf/core-compiled.js?_v=56a48e2b HTTP/1.1" 304 - "https://www.paladin-extensions.com/" "Mozilla/5.0 (Windows NT 10.0; Win64; x64) AppleWebKit/537.36 (KHTML, like Gecko) Chrome/71.0.3578.98 Safari/537.36"
174.3.135.102 - - [31/Jan/2019:15:43:31 -0500] "GET /js/themehouse/uix_dark/ripple.min.js?_v=56a48e2b HTTP/1.1" 304 - "https://www.paladin-extensions.com/" "Mozilla/5.0 (Windows NT 10.0; Win64; x64) AppleWebKit/537.36 (KHTML, like Gecko) Chrome/71.0.3578.98 Safari/537.36"
174.3.135.102 - - [31/Jan/2019:15:43:31 -0500] "GET /data/avatars/s/0/8.jpg?1519456264 HTTP/1.1" 200 1973 "https://www.paladin-extensions.com/" "Mozilla/5.0 (Windows NT 10.0; Win64; x64) AppleWebKit/537.36 (KHTML, like Gecko) Chrome/71.0.3578.98 Safari/537.36"
174.3.135.102 - - [31/Jan/2019:15:43:31 -0500] "GET /data/avatars/s/0/12.jpg?1519321709 HTTP/1.1" 200 1785 "https://www.paladin-extensions.com/" "Mozilla/5.0 (Windows NT 10.0; Win64; x64) AppleWebKit/537.36 (KHTML, like Gecko) Chrome/71.0.3578.98 Safari/537.36"
174.3.135.102 - - [31/Jan/2019:15:43:31 -0500] "GET /js/themehouse/uix_dark/index.min.js?_v=56a48e2b HTTP/1.1" 304 - "https://www.paladin-extensions.com/" "Mozilla/5.0 (Windows NT 10.0; Win64; x64) AppleWebKit/537.36 (KHTML, like Gecko) Chrome/71.0.3578.98 Safari/537.36"
174.3.135.102 - - [31/Jan/2019:15:43:31 -0500] "GET /js/themehouse/uix_dark/defer.min.js?_v=56a48e2b HTTP/1.1" 304 - "https://www.paladin-extensions.com/" "Mozilla/5.0 (Windows NT 10.0; Win64; x64) AppleWebKit/537.36 (KHTML, like Gecko) Chrome/71.0.3578.98 Safari/537.36"
174.3.135.102 - - [31/Jan/2019:15:43:31 -0500] "GET /styles/uix_dark/fonts/icons/material-icons/fonts/materialdesignicons-webfont.woff2?v=2.3.54 HTTP/1.1" 200 125384 "https://www.paladin-extensions.com/styles/uix_dark/fonts/icons/material-icons/css/materialdesignicons.min.css" "Mozilla/5.0 (Windows NT 10.0; Win64; x64) AppleWebKit/537.36 (KHTML, like Gecko) Chrome/71.0.3578.98 Safari/537.36"
174.3.135.102 - - [31/Jan/2019:15:43:31 -0500] "GET /proxy.php?image=https%3A%2F%2Fi.imgur.com%2Fr0tCHeM.png&hash=58dd2bbfaf81cbfcd2d3e7fbdd81cb6c HTTP/1.1" 200 14887 "https://www.paladin-extensions.com/" "Mozilla/5.0 (Windows NT 10.0; Win64; x64) AppleWebKit/537.36 (KHTML, like Gecko) Chrome/71.0.3578.98 Safari/537.36"
174.3.135.102 - - [31/Jan/2019:15:43:31 -0500] "GET /styles/default/xenforo/smilies/emojione/sprite_sheet_emojione.png HTTP/1.1" 200 88702 "https://www.paladin-extensions.com/css.php?css=public%3Anormalize.css%2Cpublic%3Acore.less%2Cpublic%3Aapp.less&s=8&l=1&d=1548910006&k=edf6cfeed2b8b8213808b1692c79649ca17f77fa" "Mozilla/5.0 (Windows NT 10.0; Win64; x64) AppleWebKit/537.36 (KHTML, like Gecko) Chrome/71.0.3578.98 Safari/537.36"
174.3.135.102 - - [31/Jan/2019:15:43:32 -0500] "POST /job.php HTTP/1.1" 200 13 "https://www.paladin-extensions.com/" "Mozilla/5.0 (Windows NT 10.0; Win64; x64) AppleWebKit/537.36 (KHTML, like Gecko) Chrome/71.0.3578.98 Safari/537.36"
174.3.135.102 - - [31/Jan/2019:15:43:33 -0500] "GET /index.php?shoutbox/refresh&last_id=139&_xfRequestUri=%2F&_xfWithData=1&_xfToken=1548967410%2C045a70e94aa94d2d8d7737816e9d7249&_xfResponseType=json HTTP/1.1" 200 119 "https://www.paladin-extensions.com/" "Mozilla/5.0 (Windows NT 10.0; Win64; x64) AppleWebKit/537.36 (KHTML, like Gecko) Chrome/71.0.3578.98 Safari/537.36"
174.3.135.102 - - [31/Jan/2019:15:43:33 -0500] "POST /job.php HTTP/1.1" 200 14 "https://www.paladin-extensions.com/" "Mozilla/5.0 (Windows NT 10.0; Win64; x64) AppleWebKit/537.36 (KHTML, like Gecko) Chrome/71.0.3578.98 Safari/537.36"
18.233.225.213 - - [31/Jan/2019:15:47:47 -0500] "GET / HTTP/1.1" 200 124265 "http://paladin-extensions.com/" "Mozilla/5.0 (Macintosh; Intel Mac OS X 10_13_4) AppleWebKit/537.36 (KHTML, like Gecko) Chrome/65.0.3325.181 Safari/537.36"
18.233.225.213 - - [31/Jan/2019:16:07:16 -0500] "GET / HTTP/1.1" 200 122509 "http://paladin-extensions.com/" "Mozilla/5.0 (Macintosh; Intel Mac OS X 10_13_4) AppleWebKit/537.36 (KHTML, like Gecko) Chrome/65.0.3325.181 Safari/537.36"
157.55.39.212 - - [31/Jan/2019:16:26:40 -0500] "GET /members/housecat.29/about HTTP/1.1" 200 10195 "-" "Mozilla/5.0 (compatible; bingbot/2.0; +http://www.bing.com/bingbot.htm)"
18.233.225.213 - - [31/Jan/2019:16:27:10 -0500] "GET / HTTP/1.1" 200 122509 "http://paladin-extensions.com/" "Mozilla/5.0 (Macintosh; Intel Mac OS X 10_13_4) AppleWebKit/537.36 (KHTML, like Gecko) Chrome/65.0.3325.181 Safari/537.36"
157.55.39.212 - - [31/Jan/2019:16:36:44 -0500] "GET /members/pumpfake.31/latest-activity HTTP/1.1" 301 - "-" "Mozilla/5.0 (compatible; bingbot/2.0; +http://www.bing.com/bingbot.htm)"
18.233.225.213 - - [31/Jan/2019:16:47:08 -0500] "GET / HTTP/1.1" 200 122509 "http://paladin-extensions.com/" "Mozilla/5.0 (Macintosh; Intel Mac OS X 10_13_4) AppleWebKit/537.36 (KHTML, like Gecko) Chrome/65.0.3325.181 Safari/537.36"
18.233.225.213 - - [31/Jan/2019:17:06:53 -0500] "GET / HTTP/1.1" 200 122509 "http://paladin-extensions.com/" "Mozilla/5.0 (Macintosh; Intel Mac OS X 10_13_4) AppleWebKit/537.36 (KHTML, like Gecko) Chrome/65.0.3325.181 Safari/537.36"
18.233.225.213 - - [31/Jan/2019:17:27:05 -0500] "GET / HTTP/1.1" 200 122509 "http://paladin-extensions.com/" "Mozilla/5.0 (Macintosh; Intel Mac OS X 10_13_4) AppleWebKit/537.36 (KHTML, like Gecko) Chrome/65.0.3325.181 Safari/537.36"
196.52.84.59 - - [31/Jan/2019:17:34:44 -0500] "GET /help/ HTTP/1.0" 200 41953 "-" "Mozilla/5.0 (Windows NT 6.1; Win64; x64) AppleWebKit/537.36 (KHTML, like Gecko) Chrome/62.0.3202.94 Safari/537.36"
77.88.47.52 - - [31/Jan/2019:17:39:14 -0500] "GET /robots.txt HTTP/1.1" 404 58127 "-" "Mozilla/5.0 (compatible; YandexBot/3.0; +http://yandex.com/bots)"
178.154.244.132 - - [31/Jan/2019:17:39:18 -0500] "GET /threads/cant-buy-pubg-or-rainbow-six.54/ HTTP/1.1" 200 14171 "-" "Mozilla/5.0 (compatible; YandexBot/3.0; +http://yandex.com/bots)"
207.46.13.152 - - [31/Jan/2019:17:44:19 -0500] "GET /members/super_developer_56.4/ HTTP/1.1" 301 - "-" "Mozilla/5.0 (compatible; bingbot/2.0; +http://www.bing.com/bingbot.htm)"
207.46.13.152 - - [31/Jan/2019:17:44:23 -0500] "GET /link-forums/premium-link.23/ HTTP/1.1" 301 - "-" "Mozilla/5.0 (compatible; bingbot/2.0; +http://www.bing.com/bingbot.htm)"
18.233.225.213 - - [31/Jan/2019:17:47:07 -0500] "GET / HTTP/1.1" 200 122509 "http://paladin-extensions.com/" "Mozilla/5.0 (Macintosh; Intel Mac OS X 10_13_4) AppleWebKit/537.36 (KHTML, like Gecko) Chrome/65.0.3325.181 Safari/537.36"
18.233.225.213 - - [31/Jan/2019:18:07:13 -0500] "GET / HTTP/1.1" 200 122509 "http://paladin-extensions.com/" "Mozilla/5.0 (Macintosh; Intel Mac OS X 10_13_4) AppleWebKit/537.36 (KHTML, like Gecko) Chrome/65.0.3325.181 Safari/537.36"
46.229.168.141 - - [31/Jan/2019:18:19:11 -0500] "GET /robots.txt HTTP/1.1" 404 58141 "-" "Mozilla/5.0 (compatible; SemrushBot/3~bl; +http://www.semrush.com/bot.html)"
46.229.168.139 - - [31/Jan/2019:18:19:12 -0500] "GET /members/intra.14/reactions?reaction_id=16&type=received HTTP/1.1" 200 10217 "-" "Mozilla/5.0 (compatible; SemrushBot/3~bl; +http://www.semrush.com/bot.html)"
66.249.79.220 - - [31/Jan/2019:18:20:17 -0500] "GET / HTTP/1.1" 200 37226 "-" "Mozilla/5.0 (Linux; Android 6.0.1; Nexus 5X Build/MMB29P) AppleWebKit/537.36 (KHTML, like Gecko) Chrome/41.0.2272.96 Mobile Safari/537.36 (compatible; Googlebot/2.1; +http://www.google.com/bot.html)"
66.249.79.220 - - [31/Jan/2019:18:20:42 -0500] "GET /extensions/px-pubg.2/terms HTTP/1.1" 200 15834 "-" "Mozilla/5.0 (compatible; Googlebot/2.1; +http://www.google.com/bot.html)"
46.229.168.154 - - [31/Jan/2019:18:25:48 -0500] "GET /forums/media.22/ HTTP/1.1" 200 11954 "-" "Mozilla/5.0 (compatible; SemrushBot/3~bl; +http://www.semrush.com/bot.html)"
18.233.225.213 - - [31/Jan/2019:18:26:49 -0500] "GET / HTTP/1.1" 200 122509 "http://paladin-extensions.com/" "Mozilla/5.0 (Macintosh; Intel Mac OS X 10_13_4) AppleWebKit/537.36 (KHTML, like Gecko) Chrome/65.0.3325.181 Safari/537.36"
46.229.168.135 - - [31/Jan/2019:18:39:13 -0500] "GET /members/zoom-zoom.28/reactions?reaction_id=9&type=received HTTP/1.1" 200 10220 "-" "Mozilla/5.0 (compatible; SemrushBot/3~bl; +http://www.semrush.com/bot.html)"
18.233.225.213 - - [31/Jan/2019:18:46:43 -0500] "GET / HTTP/1.1" 200 122509 "http://paladin-extensions.com/" "Mozilla/5.0 (Macintosh; Intel Mac OS X 10_13_4) AppleWebKit/537.36 (KHTML, like Gecko) Chrome/65.0.3325.181 Safari/537.36"
35.0.127.52 - - [31/Jan/2019:18:56:03 -0500] "GET / HTTP/1.1" 200 37228 "http://hundejo.com/" "Mozilla/5.0 (Windows NT 6.1; WOW64) AppleWebKit/537.36 (KHTML, like Gecko) Chrome/41.0.2272.89 Safari/537.36"
46.229.168.149 - - [31/Jan/2019:19:00:06 -0500] "GET /members/skel.2/ HTTP/1.1" 200 13710 "-" "Mozilla/5.0 (compatible; SemrushBot/3~bl; +http://www.semrush.com/bot.html)"
18.233.225.213 - - [31/Jan/2019:19:06:46 -0500] "GET / HTTP/1.1" 200 122509 "http://paladin-extensions.com/" "Mozilla/5.0 (Macintosh; Intel Mac OS X 10_13_4) AppleWebKit/537.36 (KHTML, like Gecko) Chrome/65.0.3325.181 Safari/537.36"
66.249.79.114 - - [31/Jan/2019:19:11:09 -0500] "GET /robots.txt HTTP/1.1" 404 58135 "-" "Mozilla/5.0 (compatible; Googlebot/2.1; +http://www.google.com/bot.html)"
66.249.79.110 - - [31/Jan/2019:19:11:11 -0500] "GET / HTTP/1.1" 301 - "-" "Mozilla/5.0 (Linux; Android 6.0.1; Nexus 5X Build/MMB29P) AppleWebKit/537.36 (KHTML, like Gecko) Chrome/41.0.2272.96 Mobile Safari/537.36 (compatible; Googlebot/2.1; +http://www.google.com/bot.html)"
