24.251.180.38 - - [02/Dec/2018:05:00:56 -0500] "GET /admin.php?add-ons/Andy-Countdown/icon HTTP/1.1" 200 3323 "https://www.paladin-extensions.com/admin.php" "Mozilla/5.0 (Windows NT 10.0; Win64; x64) AppleWebKit/537.36 (KHTML, like Gecko) Chrome/70.0.3538.110 Safari/537.36"
24.251.180.38 - - [02/Dec/2018:05:00:56 -0500] "GET /admin.php?add-ons/ThemeHouse-Reactions/icon HTTP/1.1" 200 12988 "https://www.paladin-extensions.com/admin.php" "Mozilla/5.0 (Windows NT 10.0; Win64; x64) AppleWebKit/537.36 (KHTML, like Gecko) Chrome/70.0.3538.110 Safari/537.36"
24.251.180.38 - - [02/Dec/2018:05:00:56 -0500] "GET /admin.php?add-ons/Andy-ConversationView/icon HTTP/1.1" 200 3440 "https://www.paladin-extensions.com/admin.php" "Mozilla/5.0 (Windows NT 10.0; Win64; x64) AppleWebKit/537.36 (KHTML, like Gecko) Chrome/70.0.3538.110 Safari/537.36"
24.251.180.38 - - [02/Dec/2018:05:00:57 -0500] "POST /index.php?shoutbox/refresh HTTP/1.1" 200 119 "https://www.paladin-extensions.com/" "Mozilla/5.0 (Windows NT 10.0; Win64; x64) AppleWebKit/537.36 (KHTML, like Gecko) Chrome/70.0.3538.110 Safari/537.36"
24.251.180.38 - - [02/Dec/2018:05:00:58 -0500] "POST /index.php?shoutbox/refresh HTTP/1.1" 200 119 "https://www.paladin-extensions.com/" "Mozilla/5.0 (Windows NT 10.0; Win64; x64) AppleWebKit/537.36 (KHTML, like Gecko) Chrome/70.0.3538.110 Safari/537.36"
24.251.180.38 - - [02/Dec/2018:05:00:58 -0500] "GET /admin.php?add-ons/ HTTP/1.1" 200 11693 "https://www.paladin-extensions.com/admin.php" "Mozilla/5.0 (Windows NT 10.0; Win64; x64) AppleWebKit/537.36 (KHTML, like Gecko) Chrome/70.0.3538.110 Safari/537.36"
66.249.79.220 - - [02/Dec/2018:05:00:58 -0500] "GET /js/xf/preamble-compiled.js?_v=8cdd3a6e HTTP/1.1" 200 7764 "https://www.paladin-extensions.com/extensions/paladin-csgo-extension.2/" "Mozilla/5.0 (Linux; Android 6.0.1; Nexus 5X Build/MMB29P) AppleWebKit/537.36 (KHTML, like Gecko) Chrome/41.0.2272.96 Mobile Safari/537.36 (compatible; Googlebot/2.1; +http://www.google.com/bot.html)"
24.251.180.38 - - [02/Dec/2018:05:00:58 -0500] "GET /admin.php?add-ons/ahDiscordWidget/icon HTTP/1.1" 200 9679 "https://www.paladin-extensions.com/admin.php?add-ons/" "Mozilla/5.0 (Windows NT 10.0; Win64; x64) AppleWebKit/537.36 (KHTML, like Gecko) Chrome/70.0.3538.110 Safari/537.36"
24.251.180.38 - - [02/Dec/2018:05:00:58 -0500] "GET /admin.php?add-ons/KL-AutoMergeDoublePost/icon HTTP/1.1" 200 85028 "https://www.paladin-extensions.com/admin.php?add-ons/" "Mozilla/5.0 (Windows NT 10.0; Win64; x64) AppleWebKit/537.36 (KHTML, like Gecko) Chrome/70.0.3538.110 Safari/537.36"
24.251.180.38 - - [02/Dec/2018:05:00:58 -0500] "GET /admin.php?add-ons/ThemeHouse-Bookmarks/icon HTTP/1.1" 200 7188 "https://www.paladin-extensions.com/admin.php?add-ons/" "Mozilla/5.0 (Windows NT 10.0; Win64; x64) AppleWebKit/537.36 (KHTML, like Gecko) Chrome/70.0.3538.110 Safari/537.36"
24.251.180.38 - - [02/Dec/2018:05:00:58 -0500] "GET /admin.php?add-ons/Andy-SimilarThreads/icon HTTP/1.1" 200 2891 "https://www.paladin-extensions.com/admin.php?add-ons/" "Mozilla/5.0 (Windows NT 10.0; Win64; x64) AppleWebKit/537.36 (KHTML, like Gecko) Chrome/70.0.3538.110 Safari/537.36"
24.251.180.38 - - [02/Dec/2018:05:00:58 -0500] "GET /admin.php?add-ons/Andy-AdminNotes/icon HTTP/1.1" 200 3937 "https://www.paladin-extensions.com/admin.php?add-ons/" "Mozilla/5.0 (Windows NT 10.0; Win64; x64) AppleWebKit/537.36 (KHTML, like Gecko) Chrome/70.0.3538.110 Safari/537.36"
24.251.180.38 - - [02/Dec/2018:05:00:58 -0500] "GET /admin.php?add-ons/Andy-InactiveMembers/icon HTTP/1.1" 200 3646 "https://www.paladin-extensions.com/admin.php?add-ons/" "Mozilla/5.0 (Windows NT 10.0; Win64; x64) AppleWebKit/537.36 (KHTML, like Gecko) Chrome/70.0.3538.110 Safari/537.36"
24.251.180.38 - - [02/Dec/2018:05:00:58 -0500] "GET /admin.php?add-ons/Andy-MemberNotes/icon HTTP/1.1" 200 3936 "https://www.paladin-extensions.com/admin.php?add-ons/" "Mozilla/5.0 (Windows NT 10.0; Win64; x64) AppleWebKit/537.36 (KHTML, like Gecko) Chrome/70.0.3538.110 Safari/537.36"
24.251.180.38 - - [02/Dec/2018:05:00:58 -0500] "GET /admin.php?add-ons/Andy-History/icon HTTP/1.1" 200 3046 "https://www.paladin-extensions.com/admin.php?add-ons/" "Mozilla/5.0 (Windows NT 10.0; Win64; x64) AppleWebKit/537.36 (KHTML, like Gecko) Chrome/70.0.3538.110 Safari/537.36"
24.251.180.38 - - [02/Dec/2018:05:00:58 -0500] "GET /admin.php?add-ons/Andy-EmailLog/icon HTTP/1.1" 200 3399 "https://www.paladin-extensions.com/admin.php?add-ons/" "Mozilla/5.0 (Windows NT 10.0; Win64; x64) AppleWebKit/537.36 (KHTML, like Gecko) Chrome/70.0.3538.110 Safari/537.36"
24.251.180.38 - - [02/Dec/2018:05:00:58 -0500] "GET /admin.php?add-ons/NF-GiftUpgrades/icon HTTP/1.1" 200 27227 "https://www.paladin-extensions.com/admin.php?add-ons/" "Mozilla/5.0 (Windows NT 10.0; Win64; x64) AppleWebKit/537.36 (KHTML, like Gecko) Chrome/70.0.3538.110 Safari/537.36"
24.251.180.38 - - [02/Dec/2018:05:00:58 -0500] "GET /admin.php?add-ons/Andy-RegistrationCode/icon HTTP/1.1" 200 6293 "https://www.paladin-extensions.com/admin.php?add-ons/" "Mozilla/5.0 (Windows NT 10.0; Win64; x64) AppleWebKit/537.36 (KHTML, like Gecko) Chrome/70.0.3538.110 Safari/537.36"
24.251.180.38 - - [02/Dec/2018:05:00:58 -0500] "GET /admin.php?add-ons/xFv-ThreadStarter/icon HTTP/1.1" 200 7500 "https://www.paladin-extensions.com/admin.php?add-ons/" "Mozilla/5.0 (Windows NT 10.0; Win64; x64) AppleWebKit/537.36 (KHTML, like Gecko) Chrome/70.0.3538.110 Safari/537.36"
24.251.180.38 - - [02/Dec/2018:05:00:58 -0500] "GET /admin.php?add-ons/ThemeHouse-Reactions/icon HTTP/1.1" 200 12988 "https://www.paladin-extensions.com/admin.php?add-ons/" "Mozilla/5.0 (Windows NT 10.0; Win64; x64) AppleWebKit/537.36 (KHTML, like Gecko) Chrome/70.0.3538.110 Safari/537.36"
24.251.180.38 - - [02/Dec/2018:05:00:58 -0500] "GET /admin.php?add-ons/Andy-ConversationView/icon HTTP/1.1" 200 3440 "https://www.paladin-extensions.com/admin.php?add-ons/" "Mozilla/5.0 (Windows NT 10.0; Win64; x64) AppleWebKit/537.36 (KHTML, like Gecko) Chrome/70.0.3538.110 Safari/537.36"
24.251.180.38 - - [02/Dec/2018:05:00:58 -0500] "GET /admin.php?add-ons/XenConcept-WarningLogs/icon HTTP/1.1" 200 27385 "https://www.paladin-extensions.com/admin.php?add-ons/" "Mozilla/5.0 (Windows NT 10.0; Win64; x64) AppleWebKit/537.36 (KHTML, like Gecko) Chrome/70.0.3538.110 Safari/537.36"
24.251.180.38 - - [02/Dec/2018:05:00:58 -0500] "GET /admin.php?add-ons/XFRM/icon HTTP/1.1" 200 1279 "https://www.paladin-extensions.com/admin.php?add-ons/" "Mozilla/5.0 (Windows NT 10.0; Win64; x64) AppleWebKit/537.36 (KHTML, like Gecko) Chrome/70.0.3538.110 Safari/537.36"
24.251.180.38 - - [02/Dec/2018:05:00:58 -0500] "GET /admin.php?add-ons/XenConcept-LoginAsUser/icon HTTP/1.1" 200 27226 "https://www.paladin-extensions.com/admin.php?add-ons/" "Mozilla/5.0 (Windows NT 10.0; Win64; x64) AppleWebKit/537.36 (KHTML, like Gecko) Chrome/70.0.3538.110 Safari/537.36"
24.251.180.38 - - [02/Dec/2018:05:00:58 -0500] "GET /admin.php?add-ons/Andy-UserUpgradeReminder/icon HTTP/1.1" 200 2165 "https://www.paladin-extensions.com/admin.php?add-ons/" "Mozilla/5.0 (Windows NT 10.0; Win64; x64) AppleWebKit/537.36 (KHTML, like Gecko) Chrome/70.0.3538.110 Safari/537.36"
24.251.180.38 - - [02/Dec/2018:05:00:58 -0500] "GET /admin.php?add-ons/ThemeHouse-UIX/icon HTTP/1.1" 200 7593 "https://www.paladin-extensions.com/admin.php?add-ons/" "Mozilla/5.0 (Windows NT 10.0; Win64; x64) AppleWebKit/537.36 (KHTML, like Gecko) Chrome/70.0.3538.110 Safari/537.36"
24.251.180.38 - - [02/Dec/2018:05:00:58 -0500] "GET /admin.php?add-ons/Andy-Countdown/icon HTTP/1.1" 200 3323 "https://www.paladin-extensions.com/admin.php?add-ons/" "Mozilla/5.0 (Windows NT 10.0; Win64; x64) AppleWebKit/537.36 (KHTML, like Gecko) Chrome/70.0.3538.110 Safari/537.36"
24.251.180.38 - - [02/Dec/2018:05:00:58 -0500] "GET /admin.php?add-ons/Andy-DeletePosts/icon HTTP/1.1" 200 3349 "https://www.paladin-extensions.com/admin.php?add-ons/" "Mozilla/5.0 (Windows NT 10.0; Win64; x64) AppleWebKit/537.36 (KHTML, like Gecko) Chrome/70.0.3538.110 Safari/537.36"
24.251.180.38 - - [02/Dec/2018:05:00:59 -0500] "POST /index.php?shoutbox/refresh HTTP/1.1" 200 119 "https://www.paladin-extensions.com/" "Mozilla/5.0 (Windows NT 10.0; Win64; x64) AppleWebKit/537.36 (KHTML, like Gecko) Chrome/70.0.3538.110 Safari/537.36"
66.249.79.193 - - [02/Dec/2018:05:00:59 -0500] "GET /js/xf/core-compiled.js?_v=8cdd3a6e HTTP/1.1" 200 46841 "https://www.paladin-extensions.com/extensions/paladin-csgo-extension.2/" "Mozilla/5.0 (Linux; Android 6.0.1; Nexus 5X Build/MMB29P) AppleWebKit/537.36 (KHTML, like Gecko) Chrome/41.0.2272.96 Mobile Safari/537.36 (compatible; Googlebot/2.1; +http://www.google.com/bot.html)"
66.249.79.193 - - [02/Dec/2018:05:01:00 -0500] "GET /css.php?css=public%3Anormalize.css%2Cpublic%3Acore.less%2Cpublic%3Aapp.less&s=4&l=1&d=1542240000&k=f4460359bd4e809428a46384fd4f5c9c7a234eb0 HTTP/1.1" 200 47449 "https://www.paladin-extensions.com/extensions/paladin-csgo-extension.2/" "Mozilla/5.0 (Linux; Android 6.0.1; Nexus 5X Build/MMB29P) AppleWebKit/537.36 (KHTML, like Gecko) Chrome/41.0.2272.96 Mobile Safari/537.36 (compatible; Googlebot/2.1; +http://www.google.com/bot.html)"
24.251.180.38 - - [02/Dec/2018:05:01:00 -0500] "GET /admin.php?add-ons/SV-TitleEditHistory/install&_xfRequestUri=%2Fadmin.php%3Fadd-ons%2F&_xfWithData=1&_xfToken=1543744858%2C4f1461c71443bc3a8c52470f827304df&_xfResponseType=json HTTP/1.1" 200 1407 "https://www.paladin-extensions.com/admin.php?add-ons/" "Mozilla/5.0 (Windows NT 10.0; Win64; x64) AppleWebKit/537.36 (KHTML, like Gecko) Chrome/70.0.3538.110 Safari/537.36"
24.251.180.38 - - [02/Dec/2018:05:01:00 -0500] "POST /index.php?shoutbox/refresh HTTP/1.1" 200 119 "https://www.paladin-extensions.com/" "Mozilla/5.0 (Windows NT 10.0; Win64; x64) AppleWebKit/537.36 (KHTML, like Gecko) Chrome/70.0.3538.110 Safari/537.36"
66.249.79.222 - - [02/Dec/2018:05:01:01 -0500] "GET /js/xf/lightbox-compiled.js?_v=8cdd3a6e HTTP/1.1" 200 14073 "https://www.paladin-extensions.com/extensions/paladin-csgo-extension.2/" "Mozilla/5.0 (Linux; Android 6.0.1; Nexus 5X Build/MMB29P) AppleWebKit/537.36 (KHTML, like Gecko) Chrome/41.0.2272.96 Mobile Safari/537.36 (compatible; Googlebot/2.1; +http://www.google.com/bot.html)"
24.251.180.38 - - [02/Dec/2018:05:01:01 -0500] "POST /index.php?shoutbox/refresh HTTP/1.1" 200 119 "https://www.paladin-extensions.com/" "Mozilla/5.0 (Windows NT 10.0; Win64; x64) AppleWebKit/537.36 (KHTML, like Gecko) Chrome/70.0.3538.110 Safari/537.36"
66.249.79.193 - - [02/Dec/2018:05:01:01 -0500] "GET /js/themehouse/reactions/react.js?_v=8cdd3a6e HTTP/1.1" 200 985 "https://www.paladin-extensions.com/extensions/paladin-csgo-extension.2/" "Mozilla/5.0 (Linux; Android 6.0.1; Nexus 5X Build/MMB29P) AppleWebKit/537.36 (KHTML, like Gecko) Chrome/41.0.2272.96 Mobile Safari/537.36 (compatible; Googlebot/2.1; +http://www.google.com/bot.html)"
24.251.180.38 - - [02/Dec/2018:05:01:01 -0500] "POST /admin.php?add-ons/SV-TitleEditHistory/install HTTP/1.1" 200 2362 "https://www.paladin-extensions.com/admin.php?add-ons/" "Mozilla/5.0 (Windows NT 10.0; Win64; x64) AppleWebKit/537.36 (KHTML, like Gecko) Chrome/70.0.3538.110 Safari/537.36"
66.249.79.193 - - [02/Dec/2018:05:01:02 -0500] "GET /css.php?css=public%3Alightbox.less%2Cpublic%3Ashare_controls.less%2Cpublic%3Ath_reactions.less%2Cpublic%3Axfrm.less%2Cpublic%3Aextra.less&s=4&l=1&d=1542240000&k=fc8d14fc87de56ca5e64cb806f9a9bc1aff082da HTTP/1.1" 200 14419 "https://www.paladin-extensions.com/extensions/paladin-csgo-extension.2/" "Mozilla/5.0 (Linux; Android 6.0.1; Nexus 5X Build/MMB29P) AppleWebKit/537.36 (KHTML, like Gecko) Chrome/41.0.2272.96 Mobile Safari/537.36 (compatible; Googlebot/2.1; +http://www.google.com/bot.html)"
24.251.180.38 - - [02/Dec/2018:05:01:02 -0500] "POST /index.php?shoutbox/refresh HTTP/1.1" 200 119 "https://www.paladin-extensions.com/" "Mozilla/5.0 (Windows NT 10.0; Win64; x64) AppleWebKit/537.36 (KHTML, like Gecko) Chrome/70.0.3538.110 Safari/537.36"
24.251.180.38 - - [02/Dec/2018:05:01:02 -0500] "POST /admin.php?add-ons/SV-TitleEditHistory/install HTTP/1.1" 200 2365 "https://www.paladin-extensions.com/admin.php?add-ons/SV-TitleEditHistory/install" "Mozilla/5.0 (Windows NT 10.0; Win64; x64) AppleWebKit/537.36 (KHTML, like Gecko) Chrome/70.0.3538.110 Safari/537.36"
24.251.180.38 - - [02/Dec/2018:05:01:02 -0500] "POST /admin.php?add-ons/SV-TitleEditHistory/install HTTP/1.1" 303 - "https://www.paladin-extensions.com/admin.php?add-ons/SV-TitleEditHistory/install" "Mozilla/5.0 (Windows NT 10.0; Win64; x64) AppleWebKit/537.36 (KHTML, like Gecko) Chrome/70.0.3538.110 Safari/537.36"
24.251.180.38 - - [02/Dec/2018:05:01:02 -0500] "GET /admin.php?tools/run-job&only_ids=165&_xfRedirect=https%3A%2F%2Fwww.paladin-extensions.com%2Fadmin.php%3Fadd-ons%2FSV-TitleEditHistory%2Ffinalize%26t%3D1543744862%252Ce2fe627fc81bc41e1605273cf78dad9c%26a%3Dinstall HTTP/1.1" 200 2320 "https://www.paladin-extensions.com/admin.php?add-ons/SV-TitleEditHistory/install" "Mozilla/5.0 (Windows NT 10.0; Win64; x64) AppleWebKit/537.36 (KHTML, like Gecko) Chrome/70.0.3538.110 Safari/537.36"
159.89.159.134 - - [02/Dec/2018:05:01:02 -0500] "GET / HTTP/1.1" 301 - "https://www.paladin.rip/" "HetrixTools Uptime Monitoring Bot. https://hetrix.tools/uptime-monitoring-bot.html"
24.251.180.38 - - [02/Dec/2018:05:01:02 -0500] "POST /admin.php?tools/run-job HTTP/1.1" 200 2329 "https://www.paladin-extensions.com/admin.php?tools/run-job&only_ids=165&_xfRedirect=https%3A%2F%2Fwww.paladin-extensions.com%2Fadmin.php%3Fadd-ons%2FSV-TitleEditHistory%2Ffinalize%26t%3D1543744862%252Ce2fe627fc81bc41e1605273cf78dad9c%26a%3Dinstall" "Mozilla/5.0 (Windows NT 10.0; Win64; x64) AppleWebKit/537.36 (KHTML, like Gecko) Chrome/70.0.3538.110 Safari/537.36"
159.89.159.134 - - [02/Dec/2018:05:01:03 -0500] "GET / HTTP/1.1" 200 14280 "https://paladin-extensions.com/" "HetrixTools Uptime Monitoring Bot. https://hetrix.tools/uptime-monitoring-bot.html"
24.251.180.38 - - [02/Dec/2018:05:01:03 -0500] "POST /admin.php?tools/run-job HTTP/1.1" 200 2359 "https://www.paladin-extensions.com/admin.php?tools/run-job" "Mozilla/5.0 (Windows NT 10.0; Win64; x64) AppleWebKit/537.36 (KHTML, like Gecko) Chrome/70.0.3538.110 Safari/537.36"
24.251.180.38 - - [02/Dec/2018:05:01:03 -0500] "POST /index.php?shoutbox/refresh HTTP/1.1" 200 119 "https://www.paladin-extensions.com/" "Mozilla/5.0 (Windows NT 10.0; Win64; x64) AppleWebKit/537.36 (KHTML, like Gecko) Chrome/70.0.3538.110 Safari/537.36"
24.251.180.38 - - [02/Dec/2018:05:01:03 -0500] "POST /admin.php?tools/run-job HTTP/1.1" 200 2341 "https://www.paladin-extensions.com/admin.php?tools/run-job" "Mozilla/5.0 (Windows NT 10.0; Win64; x64) AppleWebKit/537.36 (KHTML, like Gecko) Chrome/70.0.3538.110 Safari/537.36"
24.251.180.38 - - [02/Dec/2018:05:01:03 -0500] "GET /css.php?css=public%3Aextra.less&s=0&l=1&d=1543744863&k=810a93d77e693dd58b911c042676801ae0dab462 HTTP/1.1" 200 65 "https://www.paladin-extensions.com/admin.php?tools/run-job" "Mozilla/5.0 (Windows NT 10.0; Win64; x64) AppleWebKit/537.36 (KHTML, like Gecko) Chrome/70.0.3538.110 Safari/537.36"
66.249.79.220 - - [02/Dec/2018:05:01:04 -0500] "GET /js/themehouse/uix_dark/index.min.js?_v=8cdd3a6e HTTP/1.1" 200 2339 "https://www.paladin-extensions.com/extensions/paladin-csgo-extension.2/" "Mozilla/5.0 (Linux; Android 6.0.1; Nexus 5X Build/MMB29P) AppleWebKit/537.36 (KHTML, like Gecko) Chrome/41.0.2272.96 Mobile Safari/537.36 (compatible; Googlebot/2.1; +http://www.google.com/bot.html)"
24.251.180.38 - - [02/Dec/2018:05:01:04 -0500] "POST /index.php?shoutbox/refresh HTTP/1.1" 200 119 "https://www.paladin-extensions.com/" "Mozilla/5.0 (Windows NT 10.0; Win64; x64) AppleWebKit/537.36 (KHTML, like Gecko) Chrome/70.0.3538.110 Safari/537.36"
24.251.180.38 - - [02/Dec/2018:05:01:03 -0500] "GET /css.php?css=public%3Anormalize.css%2Cpublic%3Acore.less%2Cadmin%3Aapp.less&s=0&l=1&d=1543744863&k=a22d9645af25f24109ad73471897829774d49471 HTTP/1.1" 200 34067 "https://www.paladin-extensions.com/admin.php?tools/run-job" "Mozilla/5.0 (Windows NT 10.0; Win64; x64) AppleWebKit/537.36 (KHTML, like Gecko) Chrome/70.0.3538.110 Safari/537.36"
66.249.79.220 - - [02/Dec/2018:05:01:04 -0500] "GET /js/vendor/vendor-compiled.js?_v=8cdd3a6e HTTP/1.1" 200 17905 "https://www.paladin-extensions.com/extensions/paladin-csgo-extension.2/" "Mozilla/5.0 (Linux; Android 6.0.1; Nexus 5X Build/MMB29P) AppleWebKit/537.36 (KHTML, like Gecko) Chrome/41.0.2272.96 Mobile Safari/537.36 (compatible; Googlebot/2.1; +http://www.google.com/bot.html)"
24.251.180.38 - - [02/Dec/2018:05:01:04 -0500] "POST /admin.php?tools/run-job HTTP/1.1" 200 2350 "https://www.paladin-extensions.com/admin.php?tools/run-job" "Mozilla/5.0 (Windows NT 10.0; Win64; x64) AppleWebKit/537.36 (KHTML, like Gecko) Chrome/70.0.3538.110 Safari/537.36"
24.251.180.38 - - [02/Dec/2018:05:01:04 -0500] "GET /css.php?css=public%3Aextra.less&s=0&l=1&d=1543744864&k=810a93d77e693dd58b911c042676801ae0dab462 HTTP/1.1" 200 65 "https://www.paladin-extensions.com/admin.php?tools/run-job" "Mozilla/5.0 (Windows NT 10.0; Win64; x64) AppleWebKit/537.36 (KHTML, like Gecko) Chrome/70.0.3538.110 Safari/537.36"
66.249.79.220 - - [02/Dec/2018:05:01:05 -0500] "GET /js/themehouse/uix_dark/defer.min.js?_v=8cdd3a6e HTTP/1.1" 200 4742 "https://www.paladin-extensions.com/extensions/paladin-csgo-extension.2/" "Mozilla/5.0 (Linux; Android 6.0.1; Nexus 5X Build/MMB29P) AppleWebKit/537.36 (KHTML, like Gecko) Chrome/41.0.2272.96 Mobile Safari/537.36 (compatible; Googlebot/2.1; +http://www.google.com/bot.html)"
24.251.180.38 - - [02/Dec/2018:05:01:04 -0500] "GET /css.php?css=public%3Anormalize.css%2Cpublic%3Acore.less%2Cadmin%3Aapp.less&s=0&l=1&d=1543744864&k=a22d9645af25f24109ad73471897829774d49471 HTTP/1.1" 200 34067 "https://www.paladin-extensions.com/admin.php?tools/run-job" "Mozilla/5.0 (Windows NT 10.0; Win64; x64) AppleWebKit/537.36 (KHTML, like Gecko) Chrome/70.0.3538.110 Safari/537.36"
24.251.180.38 - - [02/Dec/2018:05:01:05 -0500] "POST /index.php?shoutbox/refresh HTTP/1.1" 200 119 "https://www.paladin-extensions.com/" "Mozilla/5.0 (Windows NT 10.0; Win64; x64) AppleWebKit/537.36 (KHTML, like Gecko) Chrome/70.0.3538.110 Safari/537.36"
66.249.79.222 - - [02/Dec/2018:05:01:05 -0500] "GET /js/themehouse/global/20171204.min.js?_v=8cdd3a6e HTTP/1.1" 200 3938 "https://www.paladin-extensions.com/extensions/paladin-csgo-extension.2/" "Mozilla/5.0 (Linux; Android 6.0.1; Nexus 5X Build/MMB29P) AppleWebKit/537.36 (KHTML, like Gecko) Chrome/41.0.2272.96 Mobile Safari/537.36 (compatible; Googlebot/2.1; +http://www.google.com/bot.html)"
24.251.180.38 - - [02/Dec/2018:05:01:05 -0500] "POST /admin.php?tools/run-job HTTP/1.1" 200 2358 "https://www.paladin-extensions.com/admin.php?tools/run-job" "Mozilla/5.0 (Windows NT 10.0; Win64; x64) AppleWebKit/537.36 (KHTML, like Gecko) Chrome/70.0.3538.110 Safari/537.36"
24.251.180.38 - - [02/Dec/2018:05:01:06 -0500] "GET /css.php?css=public%3Aextra.less&s=0&l=1&d=1543744866&k=810a93d77e693dd58b911c042676801ae0dab462 HTTP/1.1" 200 65 "https://www.paladin-extensions.com/admin.php?tools/run-job" "Mozilla/5.0 (Windows NT 10.0; Win64; x64) AppleWebKit/537.36 (KHTML, like Gecko) Chrome/70.0.3538.110 Safari/537.36"
24.251.180.38 - - [02/Dec/2018:05:01:06 -0500] "POST /index.php?shoutbox/refresh HTTP/1.1" 200 119 "https://www.paladin-extensions.com/" "Mozilla/5.0 (Windows NT 10.0; Win64; x64) AppleWebKit/537.36 (KHTML, like Gecko) Chrome/70.0.3538.110 Safari/537.36"
66.249.79.222 - - [02/Dec/2018:05:01:06 -0500] "GET /js/themehouse/uix_dark/ripple.js?_v=8cdd3a6e HTTP/1.1" 200 985 "https://www.paladin-extensions.com/extensions/paladin-csgo-extension.2/" "Mozilla/5.0 (Linux; Android 6.0.1; Nexus 5X Build/MMB29P) AppleWebKit/537.36 (KHTML, like Gecko) Chrome/41.0.2272.96 Mobile Safari/537.36 (compatible; Googlebot/2.1; +http://www.google.com/bot.html)"
24.251.180.38 - - [02/Dec/2018:05:01:06 -0500] "GET /css.php?css=public%3Anormalize.css%2Cpublic%3Acore.less%2Cadmin%3Aapp.less&s=0&l=1&d=1543744866&k=a22d9645af25f24109ad73471897829774d49471 HTTP/1.1" 200 34067 "https://www.paladin-extensions.com/admin.php?tools/run-job" "Mozilla/5.0 (Windows NT 10.0; Win64; x64) AppleWebKit/537.36 (KHTML, like Gecko) Chrome/70.0.3538.110 Safari/537.36"
24.251.180.38 - - [02/Dec/2018:05:01:06 -0500] "POST /admin.php?tools/run-job HTTP/1.1" 303 - "https://www.paladin-extensions.com/admin.php?tools/run-job" "Mozilla/5.0 (Windows NT 10.0; Win64; x64) AppleWebKit/537.36 (KHTML, like Gecko) Chrome/70.0.3538.110 Safari/537.36"
24.251.180.38 - - [02/Dec/2018:05:01:06 -0500] "GET /admin.php?add-ons/SV-TitleEditHistory/finalize&t=1543744862%2Ce2fe627fc81bc41e1605273cf78dad9c&a=install HTTP/1.1" 303 - "https://www.paladin-extensions.com/admin.php?tools/run-job" "Mozilla/5.0 (Windows NT 10.0; Win64; x64) AppleWebKit/537.36 (KHTML, like Gecko) Chrome/70.0.3538.110 Safari/537.36"
24.251.180.38 - - [02/Dec/2018:05:01:07 -0500] "GET /admin.php?add-ons/ HTTP/1.1" 200 11506 "https://www.paladin-extensions.com/admin.php?tools/run-job" "Mozilla/5.0 (Windows NT 10.0; Win64; x64) AppleWebKit/537.36 (KHTML, like Gecko) Chrome/70.0.3538.110 Safari/537.36"
24.251.180.38 - - [02/Dec/2018:05:01:07 -0500] "GET /js/xf/preamble-compiled.js?_v=16def951 HTTP/1.1" 200 7764 "https://www.paladin-extensions.com/admin.php?add-ons/" "Mozilla/5.0 (Windows NT 10.0; Win64; x64) AppleWebKit/537.36 (KHTML, like Gecko) Chrome/70.0.3538.110 Safari/537.36"
24.251.180.38 - - [02/Dec/2018:05:01:07 -0500] "GET /admin.php?add-ons/KL-AutoMergeDoublePost/icon HTTP/1.1" 200 85028 "https://www.paladin-extensions.com/admin.php?add-ons/" "Mozilla/5.0 (Windows NT 10.0; Win64; x64) AppleWebKit/537.36 (KHTML, like Gecko) Chrome/70.0.3538.110 Safari/537.36"
24.251.180.38 - - [02/Dec/2018:05:01:07 -0500] "GET /admin.php?add-ons/ahDiscordWidget/icon HTTP/1.1" 200 9679 "https://www.paladin-extensions.com/admin.php?add-ons/" "Mozilla/5.0 (Windows NT 10.0; Win64; x64) AppleWebKit/537.36 (KHTML, like Gecko) Chrome/70.0.3538.110 Safari/537.36"
24.251.180.38 - - [02/Dec/2018:05:01:07 -0500] "POST /index.php?shoutbox/refresh HTTP/1.1" 200 119 "https://www.paladin-extensions.com/" "Mozilla/5.0 (Windows NT 10.0; Win64; x64) AppleWebKit/537.36 (KHTML, like Gecko) Chrome/70.0.3538.110 Safari/537.36"
24.251.180.38 - - [02/Dec/2018:05:01:07 -0500] "GET /css.php?css=admin%3Aaddon_list.less%2Cpublic%3Aextra.less&s=0&l=1&d=1543744866&k=bb7c15161cb9a94a8759b56f869eb346fe207169 HTTP/1.1" 200 290 "https://www.paladin-extensions.com/admin.php?add-ons/" "Mozilla/5.0 (Windows NT 10.0; Win64; x64) AppleWebKit/537.36 (KHTML, like Gecko) Chrome/70.0.3538.110 Safari/537.36"
24.251.180.38 - - [02/Dec/2018:05:01:07 -0500] "GET /js/vendor/vendor-compiled.js?_v=16def951 HTTP/1.1" 200 17905 "https://www.paladin-extensions.com/admin.php?add-ons/" "Mozilla/5.0 (Windows NT 10.0; Win64; x64) AppleWebKit/537.36 (KHTML, like Gecko) Chrome/70.0.3538.110 Safari/537.36"
24.251.180.38 - - [02/Dec/2018:05:01:07 -0500] "GET /js/vendor/jquery/jquery-3.2.1.min.js?_v=16def951 HTTP/1.1" 200 30138 "https://www.paladin-extensions.com/admin.php?add-ons/" "Mozilla/5.0 (Windows NT 10.0; Win64; x64) AppleWebKit/537.36 (KHTML, like Gecko) Chrome/70.0.3538.110 Safari/537.36"
24.251.180.38 - - [02/Dec/2018:05:01:07 -0500] "GET /js/xf/filter.min.js?_v=16def951 HTTP/1.1" 200 3338 "https://www.paladin-extensions.com/admin.php?add-ons/" "Mozilla/5.0 (Windows NT 10.0; Win64; x64) AppleWebKit/537.36 (KHTML, like Gecko) Chrome/70.0.3538.110 Safari/537.36"
24.251.180.38 - - [02/Dec/2018:05:01:07 -0500] "GET /js/xf/admin.min.js?_v=16def951 HTTP/1.1" 200 1805 "https://www.paladin-extensions.com/admin.php?add-ons/" "Mozilla/5.0 (Windows NT 10.0; Win64; x64) AppleWebKit/537.36 (KHTML, like Gecko) Chrome/70.0.3538.110 Safari/537.36"
24.251.180.38 - - [02/Dec/2018:05:01:07 -0500] "GET /js/xf/core-compiled.js?_v=16def951 HTTP/1.1" 200 46841 "https://www.paladin-extensions.com/admin.php?add-ons/" "Mozilla/5.0 (Windows NT 10.0; Win64; x64) AppleWebKit/537.36 (KHTML, like Gecko) Chrome/70.0.3538.110 Safari/537.36"
24.251.180.38 - - [02/Dec/2018:05:01:07 -0500] "GET /admin.php?add-ons/Andy-History/icon HTTP/1.1" 200 3046 "https://www.paladin-extensions.com/admin.php?add-ons/" "Mozilla/5.0 (Windows NT 10.0; Win64; x64) AppleWebKit/537.36 (KHTML, like Gecko) Chrome/70.0.3538.110 Safari/537.36"
24.251.180.38 - - [02/Dec/2018:05:01:07 -0500] "GET /admin.php?add-ons/Andy-SimilarThreads/icon HTTP/1.1" 200 2891 "https://www.paladin-extensions.com/admin.php?add-ons/" "Mozilla/5.0 (Windows NT 10.0; Win64; x64) AppleWebKit/537.36 (KHTML, like Gecko) Chrome/70.0.3538.110 Safari/537.36"
24.251.180.38 - - [02/Dec/2018:05:01:07 -0500] "GET /admin.php?add-ons/Andy-UserUpgradeReminder/icon HTTP/1.1" 200 2165 "https://www.paladin-extensions.com/admin.php?add-ons/" "Mozilla/5.0 (Windows NT 10.0; Win64; x64) AppleWebKit/537.36 (KHTML, like Gecko) Chrome/70.0.3538.110 Safari/537.36"
24.251.180.38 - - [02/Dec/2018:05:01:07 -0500] "GET /admin.php?add-ons/XenConcept-WarningLogs/icon HTTP/1.1" 200 27385 "https://www.paladin-extensions.com/admin.php?add-ons/" "Mozilla/5.0 (Windows NT 10.0; Win64; x64) AppleWebKit/537.36 (KHTML, like Gecko) Chrome/70.0.3538.110 Safari/537.36"
24.251.180.38 - - [02/Dec/2018:05:01:07 -0500] "GET /admin.php?add-ons/XFRM/icon HTTP/1.1" 200 1279 "https://www.paladin-extensions.com/admin.php?add-ons/" "Mozilla/5.0 (Windows NT 10.0; Win64; x64) AppleWebKit/537.36 (KHTML, like Gecko) Chrome/70.0.3538.110 Safari/537.36"
24.251.180.38 - - [02/Dec/2018:05:01:07 -0500] "GET /admin.php?add-ons/Andy-Countdown/icon HTTP/1.1" 200 3323 "https://www.paladin-extensions.com/admin.php?add-ons/" "Mozilla/5.0 (Windows NT 10.0; Win64; x64) AppleWebKit/537.36 (KHTML, like Gecko) Chrome/70.0.3538.110 Safari/537.36"
24.251.180.38 - - [02/Dec/2018:05:01:07 -0500] "GET /admin.php?add-ons/ThemeHouse-Bookmarks/icon HTTP/1.1" 200 7188 "https://www.paladin-extensions.com/admin.php?add-ons/" "Mozilla/5.0 (Windows NT 10.0; Win64; x64) AppleWebKit/537.36 (KHTML, like Gecko) Chrome/70.0.3538.110 Safari/537.36"
24.251.180.38 - - [02/Dec/2018:05:01:07 -0500] "GET /admin.php?add-ons/ThemeHouse-UIX/icon HTTP/1.1" 200 7593 "https://www.paladin-extensions.com/admin.php?add-ons/" "Mozilla/5.0 (Windows NT 10.0; Win64; x64) AppleWebKit/537.36 (KHTML, like Gecko) Chrome/70.0.3538.110 Safari/537.36"
24.251.180.38 - - [02/Dec/2018:05:01:07 -0500] "GET /admin.php?add-ons/XenConcept-LoginAsUser/icon HTTP/1.1" 200 27226 "https://www.paladin-extensions.com/admin.php?add-ons/" "Mozilla/5.0 (Windows NT 10.0; Win64; x64) AppleWebKit/537.36 (KHTML, like Gecko) Chrome/70.0.3538.110 Safari/537.36"
24.251.180.38 - - [02/Dec/2018:05:01:07 -0500] "GET /admin.php?add-ons/Andy-InactiveMembers/icon HTTP/1.1" 200 3646 "https://www.paladin-extensions.com/admin.php?add-ons/" "Mozilla/5.0 (Windows NT 10.0; Win64; x64) AppleWebKit/537.36 (KHTML, like Gecko) Chrome/70.0.3538.110 Safari/537.36"
24.251.180.38 - - [02/Dec/2018:05:01:07 -0500] "GET /admin.php?add-ons/ThemeHouse-Reactions/icon HTTP/1.1" 200 12988 "https://www.paladin-extensions.com/admin.php?add-ons/" "Mozilla/5.0 (Windows NT 10.0; Win64; x64) AppleWebKit/537.36 (KHTML, like Gecko) Chrome/70.0.3538.110 Safari/537.36"
24.251.180.38 - - [02/Dec/2018:05:01:07 -0500] "GET /admin.php?add-ons/xFv-ThreadStarter/icon HTTP/1.1" 200 7500 "https://www.paladin-extensions.com/admin.php?add-ons/" "Mozilla/5.0 (Windows NT 10.0; Win64; x64) AppleWebKit/537.36 (KHTML, like Gecko) Chrome/70.0.3538.110 Safari/537.36"
24.251.180.38 - - [02/Dec/2018:05:01:07 -0500] "GET /admin.php?add-ons/Andy-AdminNotes/icon HTTP/1.1" 200 3937 "https://www.paladin-extensions.com/admin.php?add-ons/" "Mozilla/5.0 (Windows NT 10.0; Win64; x64) AppleWebKit/537.36 (KHTML, like Gecko) Chrome/70.0.3538.110 Safari/537.36"
24.251.180.38 - - [02/Dec/2018:05:01:07 -0500] "GET /admin.php?add-ons/Andy-MemberNotes/icon HTTP/1.1" 200 3936 "https://www.paladin-extensions.com/admin.php?add-ons/" "Mozilla/5.0 (Windows NT 10.0; Win64; x64) AppleWebKit/537.36 (KHTML, like Gecko) Chrome/70.0.3538.110 Safari/537.36"
24.251.180.38 - - [02/Dec/2018:05:01:07 -0500] "GET /admin.php?add-ons/Andy-RegistrationCode/icon HTTP/1.1" 200 6293 "https://www.paladin-extensions.com/admin.php?add-ons/" "Mozilla/5.0 (Windows NT 10.0; Win64; x64) AppleWebKit/537.36 (KHTML, like Gecko) Chrome/70.0.3538.110 Safari/537.36"
24.251.180.38 - - [02/Dec/2018:05:01:07 -0500] "GET /admin.php?add-ons/Andy-DeletePosts/icon HTTP/1.1" 200 3349 "https://www.paladin-extensions.com/admin.php?add-ons/" "Mozilla/5.0 (Windows NT 10.0; Win64; x64) AppleWebKit/537.36 (KHTML, like Gecko) Chrome/70.0.3538.110 Safari/537.36"
24.251.180.38 - - [02/Dec/2018:05:01:07 -0500] "GET /admin.php?add-ons/Andy-EmailLog/icon HTTP/1.1" 200 3399 "https://www.paladin-extensions.com/admin.php?add-ons/" "Mozilla/5.0 (Windows NT 10.0; Win64; x64) AppleWebKit/537.36 (KHTML, like Gecko) Chrome/70.0.3538.110 Safari/537.36"
24.251.180.38 - - [02/Dec/2018:05:01:07 -0500] "GET /admin.php?add-ons/NF-GiftUpgrades/icon HTTP/1.1" 200 27227 "https://www.paladin-extensions.com/admin.php?add-ons/" "Mozilla/5.0 (Windows NT 10.0; Win64; x64) AppleWebKit/537.36 (KHTML, like Gecko) Chrome/70.0.3538.110 Safari/537.36"
24.251.180.38 - - [02/Dec/2018:05:01:07 -0500] "GET /admin.php?add-ons/Andy-ConversationView/icon HTTP/1.1" 200 3440 "https://www.paladin-extensions.com/admin.php?add-ons/" "Mozilla/5.0 (Windows NT 10.0; Win64; x64) AppleWebKit/537.36 (KHTML, like Gecko) Chrome/70.0.3538.110 Safari/537.36"
24.251.180.38 - - [02/Dec/2018:05:01:08 -0500] "POST /index.php?shoutbox/refresh HTTP/1.1" 200 119 "https://www.paladin-extensions.com/" "Mozilla/5.0 (Windows NT 10.0; Win64; x64) AppleWebKit/537.36 (KHTML, like Gecko) Chrome/70.0.3538.110 Safari/537.36"
24.251.180.38 - - [02/Dec/2018:05:01:09 -0500] "POST /index.php?shoutbox/refresh HTTP/1.1" 200 119 "https://www.paladin-extensions.com/" "Mozilla/5.0 (Windows NT 10.0; Win64; x64) AppleWebKit/537.36 (KHTML, like Gecko) Chrome/70.0.3538.110 Safari/537.36"
24.251.180.38 - - [02/Dec/2018:05:01:10 -0500] "POST /index.php?shoutbox/refresh HTTP/1.1" 200 119 "https://www.paladin-extensions.com/" "Mozilla/5.0 (Windows NT 10.0; Win64; x64) AppleWebKit/537.36 (KHTML, like Gecko) Chrome/70.0.3538.110 Safari/537.36"
24.251.180.38 - - [02/Dec/2018:05:01:11 -0500] "POST /index.php?shoutbox/refresh HTTP/1.1" 200 119 "https://www.paladin-extensions.com/" "Mozilla/5.0 (Windows NT 10.0; Win64; x64) AppleWebKit/537.36 (KHTML, like Gecko) Chrome/70.0.3538.110 Safari/537.36"
24.251.180.38 - - [02/Dec/2018:05:01:12 -0500] "POST /index.php?shoutbox/refresh HTTP/1.1" 200 119 "https://www.paladin-extensions.com/" "Mozilla/5.0 (Windows NT 10.0; Win64; x64) AppleWebKit/537.36 (KHTML, like Gecko) Chrome/70.0.3538.110 Safari/537.36"
24.251.180.38 - - [02/Dec/2018:05:01:13 -0500] "GET /admin.php?add-ons/SV-TitleEditHistory/controls&_xfRequestUri=%2Fadmin.php%3Fadd-ons%2F&_xfWithData=1&_xfToken=1543744867%2C2d045f2c02deb7389035b854ee1dbf9b&_xfResponseType=json HTTP/1.1" 200 1104 "https://www.paladin-extensions.com/admin.php?add-ons/" "Mozilla/5.0 (Windows NT 10.0; Win64; x64) AppleWebKit/537.36 (KHTML, like Gecko) Chrome/70.0.3538.110 Safari/537.36"
24.251.180.38 - - [02/Dec/2018:05:01:13 -0500] "POST /index.php?shoutbox/refresh HTTP/1.1" 200 119 "https://www.paladin-extensions.com/" "Mozilla/5.0 (Windows NT 10.0; Win64; x64) AppleWebKit/537.36 (KHTML, like Gecko) Chrome/70.0.3538.110 Safari/537.36"
24.251.180.38 - - [02/Dec/2018:05:01:14 -0500] "POST /index.php?shoutbox/refresh HTTP/1.1" 200 119 "https://www.paladin-extensions.com/" "Mozilla/5.0 (Windows NT 10.0; Win64; x64) AppleWebKit/537.36 (KHTML, like Gecko) Chrome/70.0.3538.110 Safari/537.36"
24.251.180.38 - - [02/Dec/2018:05:01:15 -0500] "POST /index.php?shoutbox/refresh HTTP/1.1" 200 119 "https://www.paladin-extensions.com/" "Mozilla/5.0 (Windows NT 10.0; Win64; x64) AppleWebKit/537.36 (KHTML, like Gecko) Chrome/70.0.3538.110 Safari/537.36"
24.251.180.38 - - [02/Dec/2018:05:01:16 -0500] "POST /index.php?shoutbox/refresh HTTP/1.1" 200 119 "https://www.paladin-extensions.com/" "Mozilla/5.0 (Windows NT 10.0; Win64; x64) AppleWebKit/537.36 (KHTML, like Gecko) Chrome/70.0.3538.110 Safari/537.36"
138.197.17.201 - - [02/Dec/2018:05:01:16 -0500] "GET / HTTP/1.1" 301 - "https://www.paladin.rip/" "HetrixTools Uptime Monitoring Bot. https://hetrix.tools/uptime-monitoring-bot.html"
24.251.180.38 - - [02/Dec/2018:05:01:17 -0500] "POST /index.php?shoutbox/refresh HTTP/1.1" 200 119 "https://www.paladin-extensions.com/" "Mozilla/5.0 (Windows NT 10.0; Win64; x64) AppleWebKit/537.36 (KHTML, like Gecko) Chrome/70.0.3538.110 Safari/537.36"
138.197.17.201 - - [02/Dec/2018:05:01:17 -0500] "GET / HTTP/1.1" 200 14270 "https://paladin-extensions.com/" "HetrixTools Uptime Monitoring Bot. https://hetrix.tools/uptime-monitoring-bot.html"
51.15.61.222 - - [02/Dec/2018:05:01:18 -0500] "GET / HTTP/1.1" 301 - "https://www.paladin.rip/" "HetrixTools Uptime Monitoring Bot. https://hetrix.tools/uptime-monitoring-bot.html"
24.251.180.38 - - [02/Dec/2018:05:01:18 -0500] "GET /admin.php?users/list HTTP/1.1" 200 10539 "https://www.paladin-extensions.com/admin.php?add-ons/" "Mozilla/5.0 (Windows NT 10.0; Win64; x64) AppleWebKit/537.36 (KHTML, like Gecko) Chrome/70.0.3538.110 Safari/537.36"
24.251.180.38 - - [02/Dec/2018:05:01:18 -0500] "POST /index.php?shoutbox/refresh HTTP/1.1" 200 119 "https://www.paladin-extensions.com/" "Mozilla/5.0 (Windows NT 10.0; Win64; x64) AppleWebKit/537.36 (KHTML, like Gecko) Chrome/70.0.3538.110 Safari/537.36"
51.15.61.222 - - [02/Dec/2018:05:01:18 -0500] "GET / HTTP/1.1" 200 14251 "https://paladin-extensions.com/" "HetrixTools Uptime Monitoring Bot. https://hetrix.tools/uptime-monitoring-bot.html"
24.251.180.38 - - [02/Dec/2018:05:01:19 -0500] "POST /index.php?shoutbox/refresh HTTP/1.1" 200 119 "https://www.paladin-extensions.com/" "Mozilla/5.0 (Windows NT 10.0; Win64; x64) AppleWebKit/537.36 (KHTML, like Gecko) Chrome/70.0.3538.110 Safari/537.36"
24.251.180.38 - - [02/Dec/2018:05:01:20 -0500] "POST /index.php?shoutbox/refresh HTTP/1.1" 200 119 "https://www.paladin-extensions.com/" "Mozilla/5.0 (Windows NT 10.0; Win64; x64) AppleWebKit/537.36 (KHTML, like Gecko) Chrome/70.0.3538.110 Safari/537.36"
24.251.180.38 - - [02/Dec/2018:05:01:21 -0500] "GET /admin.php?users/bhopfu1.1/edit HTTP/1.1" 200 14513 "https://www.paladin-extensions.com/admin.php?users/list" "Mozilla/5.0 (Windows NT 10.0; Win64; x64) AppleWebKit/537.36 (KHTML, like Gecko) Chrome/70.0.3538.110 Safari/537.36"
24.251.180.38 - - [02/Dec/2018:05:01:21 -0500] "POST /index.php?shoutbox/refresh HTTP/1.1" 200 119 "https://www.paladin-extensions.com/" "Mozilla/5.0 (Windows NT 10.0; Win64; x64) AppleWebKit/537.36 (KHTML, like Gecko) Chrome/70.0.3538.110 Safari/537.36"
24.251.180.38 - - [02/Dec/2018:05:01:22 -0500] "POST /index.php?shoutbox/refresh HTTP/1.1" 200 119 "https://www.paladin-extensions.com/" "Mozilla/5.0 (Windows NT 10.0; Win64; x64) AppleWebKit/537.36 (KHTML, like Gecko) Chrome/70.0.3538.110 Safari/537.36"
24.251.180.38 - - [02/Dec/2018:05:01:23 -0500] "POST /index.php?shoutbox/refresh HTTP/1.1" 200 119 "https://www.paladin-extensions.com/" "Mozilla/5.0 (Windows NT 10.0; Win64; x64) AppleWebKit/537.36 (KHTML, like Gecko) Chrome/70.0.3538.110 Safari/537.36"
24.251.180.38 - - [02/Dec/2018:05:01:24 -0500] "POST /index.php?shoutbox/refresh HTTP/1.1" 200 119 "https://www.paladin-extensions.com/" "Mozilla/5.0 (Windows NT 10.0; Win64; x64) AppleWebKit/537.36 (KHTML, like Gecko) Chrome/70.0.3538.110 Safari/537.36"
24.251.180.38 - - [02/Dec/2018:05:01:25 -0500] "POST /index.php?shoutbox/refresh HTTP/1.1" 200 119 "https://www.paladin-extensions.com/" "Mozilla/5.0 (Windows NT 10.0; Win64; x64) AppleWebKit/537.36 (KHTML, like Gecko) Chrome/70.0.3538.110 Safari/537.36"
24.251.180.38 - - [02/Dec/2018:05:01:25 -0500] "GET /admin.php?user-groups/ HTTP/1.1" 200 8283 "https://www.paladin-extensions.com/admin.php?users/bhopfu1.1/edit" "Mozilla/5.0 (Windows NT 10.0; Win64; x64) AppleWebKit/537.36 (KHTML, like Gecko) Chrome/70.0.3538.110 Safari/537.36"
24.251.180.38 - - [02/Dec/2018:05:01:26 -0500] "GET /admin.php?user-groups/administrator.3/edit HTTP/1.1" 200 20274 "https://www.paladin-extensions.com/admin.php?user-groups/" "Mozilla/5.0 (Windows NT 10.0; Win64; x64) AppleWebKit/537.36 (KHTML, like Gecko) Chrome/70.0.3538.110 Safari/537.36"
24.251.180.38 - - [02/Dec/2018:05:01:26 -0500] "POST /index.php?shoutbox/refresh HTTP/1.1" 200 119 "https://www.paladin-extensions.com/" "Mozilla/5.0 (Windows NT 10.0; Win64; x64) AppleWebKit/537.36 (KHTML, like Gecko) Chrome/70.0.3538.110 Safari/537.36"
24.251.180.38 - - [02/Dec/2018:05:01:26 -0500] "GET /css.php?css=admin%3Apermission.less%2Cpublic%3Aapp_user_banners.less%2Cpublic%3Acode_editor.less%2Cpublic%3Aextra.less&s=0&l=1&d=1543744866&k=b42a678b9d451c936a0126ebcc1bcd4bc99fcd08 HTTP/1.1" 200 3574 "https://www.paladin-extensions.com/admin.php?user-groups/administrator.3/edit" "Mozilla/5.0 (Windows NT 10.0; Win64; x64) AppleWebKit/537.36 (KHTML, like Gecko) Chrome/70.0.3538.110 Safari/537.36"
24.251.180.38 - - [02/Dec/2018:05:01:26 -0500] "GET /js/xf/permission.min.js?_v=16def951 HTTP/1.1" 200 2369 "https://www.paladin-extensions.com/admin.php?user-groups/administrator.3/edit" "Mozilla/5.0 (Windows NT 10.0; Win64; x64) AppleWebKit/537.36 (KHTML, like Gecko) Chrome/70.0.3538.110 Safari/537.36"
24.251.180.38 - - [02/Dec/2018:05:01:26 -0500] "GET /js/xf/code_editor.min.js?_v=16def951 HTTP/1.1" 200 2045 "https://www.paladin-extensions.com/admin.php?user-groups/administrator.3/edit" "Mozilla/5.0 (Windows NT 10.0; Win64; x64) AppleWebKit/537.36 (KHTML, like Gecko) Chrome/70.0.3538.110 Safari/537.36"
24.251.180.38 - - [02/Dec/2018:05:01:26 -0500] "GET /js/vendor/codemirror/mode/css/css.min.js?_v=16def951 HTTP/1.1" 200 7855 "https://www.paladin-extensions.com/admin.php?user-groups/administrator.3/edit" "Mozilla/5.0 (Windows NT 10.0; Win64; x64) AppleWebKit/537.36 (KHTML, like Gecko) Chrome/70.0.3538.110 Safari/537.36"
24.251.180.38 - - [02/Dec/2018:05:01:26 -0500] "GET /js/vendor/codemirror/codemirror.min.js?_v=16def951 HTTP/1.1" 200 62960 "https://www.paladin-extensions.com/admin.php?user-groups/administrator.3/edit" "Mozilla/5.0 (Windows NT 10.0; Win64; x64) AppleWebKit/537.36 (KHTML, like Gecko) Chrome/70.0.3538.110 Safari/537.36"
24.251.180.38 - - [02/Dec/2018:05:01:27 -0500] "POST /index.php?shoutbox/refresh HTTP/1.1" 200 119 "https://www.paladin-extensions.com/" "Mozilla/5.0 (Windows NT 10.0; Win64; x64) AppleWebKit/537.36 (KHTML, like Gecko) Chrome/70.0.3538.110 Safari/537.36"
24.251.180.38 - - [02/Dec/2018:05:01:28 -0500] "POST /index.php?shoutbox/refresh HTTP/1.1" 200 119 "https://www.paladin-extensions.com/" "Mozilla/5.0 (Windows NT 10.0; Win64; x64) AppleWebKit/537.36 (KHTML, like Gecko) Chrome/70.0.3538.110 Safari/537.36"
24.251.180.38 - - [02/Dec/2018:05:01:29 -0500] "POST /index.php?shoutbox/refresh HTTP/1.1" 200 119 "https://www.paladin-extensions.com/" "Mozilla/5.0 (Windows NT 10.0; Win64; x64) AppleWebKit/537.36 (KHTML, like Gecko) Chrome/70.0.3538.110 Safari/537.36"
24.251.180.38 - - [02/Dec/2018:05:01:30 -0500] "POST /index.php?shoutbox/refresh HTTP/1.1" 200 119 "https://www.paladin-extensions.com/" "Mozilla/5.0 (Windows NT 10.0; Win64; x64) AppleWebKit/537.36 (KHTML, like Gecko) Chrome/70.0.3538.110 Safari/537.36"
24.251.180.38 - - [02/Dec/2018:05:01:31 -0500] "POST /index.php?shoutbox/refresh HTTP/1.1" 200 119 "https://www.paladin-extensions.com/" "Mozilla/5.0 (Windows NT 10.0; Win64; x64) AppleWebKit/537.36 (KHTML, like Gecko) Chrome/70.0.3538.110 Safari/537.36"
24.251.180.38 - - [02/Dec/2018:05:01:32 -0500] "POST /index.php?shoutbox/refresh HTTP/1.1" 200 119 "https://www.paladin-extensions.com/" "Mozilla/5.0 (Windows NT 10.0; Win64; x64) AppleWebKit/537.36 (KHTML, like Gecko) Chrome/70.0.3538.110 Safari/537.36"
24.251.180.38 - - [02/Dec/2018:05:01:33 -0500] "POST /index.php?shoutbox/refresh HTTP/1.1" 200 119 "https://www.paladin-extensions.com/" "Mozilla/5.0 (Windows NT 10.0; Win64; x64) AppleWebKit/537.36 (KHTML, like Gecko) Chrome/70.0.3538.110 Safari/537.36"
24.251.180.38 - - [02/Dec/2018:05:01:34 -0500] "POST /index.php?shoutbox/refresh HTTP/1.1" 200 119 "https://www.paladin-extensions.com/" "Mozilla/5.0 (Windows NT 10.0; Win64; x64) AppleWebKit/537.36 (KHTML, like Gecko) Chrome/70.0.3538.110 Safari/537.36"
24.251.180.38 - - [02/Dec/2018:05:01:35 -0500] "POST /index.php?shoutbox/refresh HTTP/1.1" 200 119 "https://www.paladin-extensions.com/" "Mozilla/5.0 (Windows NT 10.0; Win64; x64) AppleWebKit/537.36 (KHTML, like Gecko) Chrome/70.0.3538.110 Safari/537.36"
24.251.180.38 - - [02/Dec/2018:05:01:36 -0500] "POST /index.php?shoutbox/refresh HTTP/1.1" 200 119 "https://www.paladin-extensions.com/" "Mozilla/5.0 (Windows NT 10.0; Win64; x64) AppleWebKit/537.36 (KHTML, like Gecko) Chrome/70.0.3538.110 Safari/537.36"
24.251.180.38 - - [02/Dec/2018:05:01:37 -0500] "POST /index.php?shoutbox/refresh HTTP/1.1" 200 119 "https://www.paladin-extensions.com/" "Mozilla/5.0 (Windows NT 10.0; Win64; x64) AppleWebKit/537.36 (KHTML, like Gecko) Chrome/70.0.3538.110 Safari/537.36"
24.251.180.38 - - [02/Dec/2018:05:01:38 -0500] "POST /index.php?shoutbox/refresh HTTP/1.1" 200 119 "https://www.paladin-extensions.com/" "Mozilla/5.0 (Windows NT 10.0; Win64; x64) AppleWebKit/537.36 (KHTML, like Gecko) Chrome/70.0.3538.110 Safari/537.36"
24.251.180.38 - - [02/Dec/2018:05:01:39 -0500] "POST /index.php?shoutbox/refresh HTTP/1.1" 200 119 "https://www.paladin-extensions.com/" "Mozilla/5.0 (Windows NT 10.0; Win64; x64) AppleWebKit/537.36 (KHTML, like Gecko) Chrome/70.0.3538.110 Safari/537.36"
24.251.180.38 - - [02/Dec/2018:05:01:40 -0500] "POST /index.php?shoutbox/refresh HTTP/1.1" 200 119 "https://www.paladin-extensions.com/" "Mozilla/5.0 (Windows NT 10.0; Win64; x64) AppleWebKit/537.36 (KHTML, like Gecko) Chrome/70.0.3538.110 Safari/537.36"
24.251.180.38 - - [02/Dec/2018:05:01:41 -0500] "POST /index.php?shoutbox/refresh HTTP/1.1" 200 119 "https://www.paladin-extensions.com/" "Mozilla/5.0 (Windows NT 10.0; Win64; x64) AppleWebKit/537.36 (KHTML, like Gecko) Chrome/70.0.3538.110 Safari/537.36"
24.251.180.38 - - [02/Dec/2018:05:01:42 -0500] "POST /index.php?shoutbox/refresh HTTP/1.1" 200 119 "https://www.paladin-extensions.com/" "Mozilla/5.0 (Windows NT 10.0; Win64; x64) AppleWebKit/537.36 (KHTML, like Gecko) Chrome/70.0.3538.110 Safari/537.36"
24.251.180.38 - - [02/Dec/2018:05:01:43 -0500] "POST /index.php?shoutbox/refresh HTTP/1.1" 200 119 "https://www.paladin-extensions.com/" "Mozilla/5.0 (Windows NT 10.0; Win64; x64) AppleWebKit/537.36 (KHTML, like Gecko) Chrome/70.0.3538.110 Safari/537.36"
24.251.180.38 - - [02/Dec/2018:05:01:44 -0500] "POST /index.php?shoutbox/refresh HTTP/1.1" 200 119 "https://www.paladin-extensions.com/" "Mozilla/5.0 (Windows NT 10.0; Win64; x64) AppleWebKit/537.36 (KHTML, like Gecko) Chrome/70.0.3538.110 Safari/537.36"
24.251.180.38 - - [02/Dec/2018:05:01:45 -0500] "POST /index.php?shoutbox/refresh HTTP/1.1" 200 119 "https://www.paladin-extensions.com/" "Mozilla/5.0 (Windows NT 10.0; Win64; x64) AppleWebKit/537.36 (KHTML, like Gecko) Chrome/70.0.3538.110 Safari/537.36"
24.251.180.38 - - [02/Dec/2018:05:01:46 -0500] "POST /index.php?shoutbox/refresh HTTP/1.1" 200 119 "https://www.paladin-extensions.com/" "Mozilla/5.0 (Windows NT 10.0; Win64; x64) AppleWebKit/537.36 (KHTML, like Gecko) Chrome/70.0.3538.110 Safari/537.36"
24.251.180.38 - - [02/Dec/2018:05:01:47 -0500] "POST /index.php?shoutbox/refresh HTTP/1.1" 200 119 "https://www.paladin-extensions.com/" "Mozilla/5.0 (Windows NT 10.0; Win64; x64) AppleWebKit/537.36 (KHTML, like Gecko) Chrome/70.0.3538.110 Safari/537.36"
24.251.180.38 - - [02/Dec/2018:05:01:48 -0500] "POST /index.php?shoutbox/refresh HTTP/1.1" 200 119 "https://www.paladin-extensions.com/" "Mozilla/5.0 (Windows NT 10.0; Win64; x64) AppleWebKit/537.36 (KHTML, like Gecko) Chrome/70.0.3538.110 Safari/537.36"
24.251.180.38 - - [02/Dec/2018:05:01:49 -0500] "POST /index.php?shoutbox/refresh HTTP/1.1" 200 119 "https://www.paladin-extensions.com/" "Mozilla/5.0 (Windows NT 10.0; Win64; x64) AppleWebKit/537.36 (KHTML, like Gecko) Chrome/70.0.3538.110 Safari/537.36"
24.251.180.38 - - [02/Dec/2018:05:01:50 -0500] "POST /index.php?shoutbox/refresh HTTP/1.1" 200 119 "https://www.paladin-extensions.com/" "Mozilla/5.0 (Windows NT 10.0; Win64; x64) AppleWebKit/537.36 (KHTML, like Gecko) Chrome/70.0.3538.110 Safari/537.36"
24.251.180.38 - - [02/Dec/2018:05:01:51 -0500] "POST /index.php?shoutbox/refresh HTTP/1.1" 200 119 "https://www.paladin-extensions.com/" "Mozilla/5.0 (Windows NT 10.0; Win64; x64) AppleWebKit/537.36 (KHTML, like Gecko) Chrome/70.0.3538.110 Safari/537.36"
24.251.180.38 - - [02/Dec/2018:05:01:52 -0500] "POST /index.php?shoutbox/refresh HTTP/1.1" 200 119 "https://www.paladin-extensions.com/" "Mozilla/5.0 (Windows NT 10.0; Win64; x64) AppleWebKit/537.36 (KHTML, like Gecko) Chrome/70.0.3538.110 Safari/537.36"
24.251.180.38 - - [02/Dec/2018:05:01:53 -0500] "POST /index.php?shoutbox/refresh HTTP/1.1" 200 119 "https://www.paladin-extensions.com/" "Mozilla/5.0 (Windows NT 10.0; Win64; x64) AppleWebKit/537.36 (KHTML, like Gecko) Chrome/70.0.3538.110 Safari/537.36"
24.251.180.38 - - [02/Dec/2018:05:01:54 -0500] "POST /index.php?shoutbox/refresh HTTP/1.1" 200 119 "https://www.paladin-extensions.com/" "Mozilla/5.0 (Windows NT 10.0; Win64; x64) AppleWebKit/537.36 (KHTML, like Gecko) Chrome/70.0.3538.110 Safari/537.36"
24.251.180.38 - - [02/Dec/2018:05:01:55 -0500] "POST /index.php?shoutbox/refresh HTTP/1.1" 200 119 "https://www.paladin-extensions.com/" "Mozilla/5.0 (Windows NT 10.0; Win64; x64) AppleWebKit/537.36 (KHTML, like Gecko) Chrome/70.0.3538.110 Safari/537.36"
24.251.180.38 - - [02/Dec/2018:05:01:56 -0500] "POST /index.php?shoutbox/refresh HTTP/1.1" 200 119 "https://www.paladin-extensions.com/" "Mozilla/5.0 (Windows NT 10.0; Win64; x64) AppleWebKit/537.36 (KHTML, like Gecko) Chrome/70.0.3538.110 Safari/537.36"
24.251.180.38 - - [02/Dec/2018:05:01:57 -0500] "POST /index.php?shoutbox/refresh HTTP/1.1" 200 119 "https://www.paladin-extensions.com/" "Mozilla/5.0 (Windows NT 10.0; Win64; x64) AppleWebKit/537.36 (KHTML, like Gecko) Chrome/70.0.3538.110 Safari/537.36"
24.251.180.38 - - [02/Dec/2018:05:01:58 -0500] "POST /index.php?shoutbox/refresh HTTP/1.1" 200 119 "https://www.paladin-extensions.com/" "Mozilla/5.0 (Windows NT 10.0; Win64; x64) AppleWebKit/537.36 (KHTML, like Gecko) Chrome/70.0.3538.110 Safari/537.36"
24.251.180.38 - - [02/Dec/2018:05:01:59 -0500] "POST /index.php?shoutbox/refresh HTTP/1.1" 200 119 "https://www.paladin-extensions.com/" "Mozilla/5.0 (Windows NT 10.0; Win64; x64) AppleWebKit/537.36 (KHTML, like Gecko) Chrome/70.0.3538.110 Safari/537.36"
24.251.180.38 - - [02/Dec/2018:05:02:00 -0500] "POST /index.php?shoutbox/refresh HTTP/1.1" 200 119 "https://www.paladin-extensions.com/" "Mozilla/5.0 (Windows NT 10.0; Win64; x64) AppleWebKit/537.36 (KHTML, like Gecko) Chrome/70.0.3538.110 Safari/537.36"
24.251.180.38 - - [02/Dec/2018:05:02:00 -0500] "GET /index.php HTTP/1.1" 301 - "https://www.paladin-extensions.com/admin.php?user-groups/administrator.3/edit" "Mozilla/5.0 (Windows NT 10.0; Win64; x64) AppleWebKit/537.36 (KHTML, like Gecko) Chrome/70.0.3538.110 Safari/537.36"
24.251.180.38 - - [02/Dec/2018:05:02:00 -0500] "GET / HTTP/1.1" 200 25168 "https://www.paladin-extensions.com/admin.php?user-groups/administrator.3/edit" "Mozilla/5.0 (Windows NT 10.0; Win64; x64) AppleWebKit/537.36 (KHTML, like Gecko) Chrome/70.0.3538.110 Safari/537.36"
24.251.180.38 - - [02/Dec/2018:05:02:00 -0500] "GET /css.php?css=public%3Aandy_countdown.less%2Cpublic%3Alightbox.less%2Cpublic%3Anode_list.less%2Cpublic%3Asiropu_shoutbox.less%2Cpublic%3Awidget_ah_discord.less%2Cpublic%3Aextra.less&s=4&l=1&d=1543744866&k=d42c5aa32dff231512fd4ec0c897dd2ad54595ba HTTP/1.1" 200 8112 "https://www.paladin-extensions.com/" "Mozilla/5.0 (Windows NT 10.0; Win64; x64) AppleWebKit/537.36 (KHTML, like Gecko) Chrome/70.0.3538.110 Safari/537.36"
24.251.180.38 - - [02/Dec/2018:05:02:01 -0500] "GET /js/siropu/shoutbox/core.min.js?_v=16def951 HTTP/1.1" 200 2049 "https://www.paladin-extensions.com/" "Mozilla/5.0 (Windows NT 10.0; Win64; x64) AppleWebKit/537.36 (KHTML, like Gecko) Chrome/70.0.3538.110 Safari/537.36"
24.251.180.38 - - [02/Dec/2018:05:02:01 -0500] "GET /js/xf/lightbox-compiled.js?_v=16def951 HTTP/1.1" 200 14073 "https://www.paladin-extensions.com/" "Mozilla/5.0 (Windows NT 10.0; Win64; x64) AppleWebKit/537.36 (KHTML, like Gecko) Chrome/70.0.3538.110 Safari/537.36"
24.251.180.38 - - [02/Dec/2018:05:02:01 -0500] "GET /js/themehouse/uix_dark/ripple.js?_v=16def951 HTTP/1.1" 200 985 "https://www.paladin-extensions.com/" "Mozilla/5.0 (Windows NT 10.0; Win64; x64) AppleWebKit/537.36 (KHTML, like Gecko) Chrome/70.0.3538.110 Safari/537.36"
24.251.180.38 - - [02/Dec/2018:05:02:01 -0500] "GET /js/themehouse/global/20171204.min.js?_v=16def951 HTTP/1.1" 200 3938 "https://www.paladin-extensions.com/" "Mozilla/5.0 (Windows NT 10.0; Win64; x64) AppleWebKit/537.36 (KHTML, like Gecko) Chrome/70.0.3538.110 Safari/537.36"
24.251.180.38 - - [02/Dec/2018:05:02:01 -0500] "GET /js/themehouse/uix_dark/index.min.js?_v=16def951 HTTP/1.1" 200 2339 "https://www.paladin-extensions.com/" "Mozilla/5.0 (Windows NT 10.0; Win64; x64) AppleWebKit/537.36 (KHTML, like Gecko) Chrome/70.0.3538.110 Safari/537.36"
24.251.180.38 - - [02/Dec/2018:05:02:01 -0500] "POST /index.php?shoutbox/refresh HTTP/1.1" 200 119 "https://www.paladin-extensions.com/" "Mozilla/5.0 (Windows NT 10.0; Win64; x64) AppleWebKit/537.36 (KHTML, like Gecko) Chrome/70.0.3538.110 Safari/537.36"
24.251.180.38 - - [02/Dec/2018:05:02:01 -0500] "GET /js/themehouse/uix_dark/defer.min.js?_v=16def951 HTTP/1.1" 200 4742 "https://www.paladin-extensions.com/" "Mozilla/5.0 (Windows NT 10.0; Win64; x64) AppleWebKit/537.36 (KHTML, like Gecko) Chrome/70.0.3538.110 Safari/537.36"
