24.251.180.38 - - [05/Feb/2019:23:44:45 -0500] "GET /proxy.php?image=https%3A%2F%2Fcdn.discordapp.com%2Fattachments%2F492142646912090114%2F541561138089820160%2Fterrorists-win_c_7219146.jpg&hash=1eed8987ec3094e94b17f49a40baf31b HTTP/1.1" 304 - "https://www.paladin-extensions.com/" "Mozilla/5.0 (Windows NT 10.0; Win64; x64) AppleWebKit/537.36 (KHTML, like Gecko) Chrome/71.0.3578.98 Safari/537.36"
24.251.180.38 - - [05/Feb/2019:23:44:45 -0500] "GET /proxy.php?image=https%3A%2F%2Fcdn.discordapp.com%2Fattachments%2F492142646912090114%2F541582337079771136%2FScreenshot_20190203-042443.png&hash=14482d93545848ba26942d682ad47b27 HTTP/1.1" 304 - "https://www.paladin-extensions.com/" "Mozilla/5.0 (Windows NT 10.0; Win64; x64) AppleWebKit/537.36 (KHTML, like Gecko) Chrome/71.0.3578.98 Safari/537.36"
24.251.180.38 - - [05/Feb/2019:23:44:47 -0500] "GET /index.php?shoutbox/refresh&last_id=150&_xfRequestUri=%2F&_xfWithData=1&_xfToken=1549428285%2Cd5323c4bb969cd488803a430094b98e4&_xfResponseType=json HTTP/1.1" 200 119 "https://www.paladin-extensions.com/" "Mozilla/5.0 (Windows NT 10.0; Win64; x64) AppleWebKit/537.36 (KHTML, like Gecko) Chrome/71.0.3578.98 Safari/537.36"
24.251.180.38 - - [05/Feb/2019:23:44:48 -0500] "GET /index.php?shoutbox/refresh&last_id=150&_xfRequestUri=%2F&_xfWithData=1&_xfToken=1549428285%2Cd5323c4bb969cd488803a430094b98e4&_xfResponseType=json HTTP/1.1" 200 119 "https://www.paladin-extensions.com/" "Mozilla/5.0 (Windows NT 10.0; Win64; x64) AppleWebKit/537.36 (KHTML, like Gecko) Chrome/71.0.3578.98 Safari/537.36"
24.251.180.38 - - [05/Feb/2019:23:44:49 -0500] "GET /index.php?shoutbox/refresh&last_id=150&_xfRequestUri=%2F&_xfWithData=1&_xfToken=1549428285%2Cd5323c4bb969cd488803a430094b98e4&_xfResponseType=json HTTP/1.1" 200 119 "https://www.paladin-extensions.com/" "Mozilla/5.0 (Windows NT 10.0; Win64; x64) AppleWebKit/537.36 (KHTML, like Gecko) Chrome/71.0.3578.98 Safari/537.36"
24.251.180.38 - - [05/Feb/2019:23:44:50 -0500] "GET /index.php?shoutbox/refresh&last_id=150&_xfRequestUri=%2F&_xfWithData=1&_xfToken=1549428285%2Cd5323c4bb969cd488803a430094b98e4&_xfResponseType=json HTTP/1.1" 200 119 "https://www.paladin-extensions.com/" "Mozilla/5.0 (Windows NT 10.0; Win64; x64) AppleWebKit/537.36 (KHTML, like Gecko) Chrome/71.0.3578.98 Safari/537.36"
24.251.180.38 - - [05/Feb/2019:23:44:51 -0500] "GET /index.php?shoutbox/refresh&last_id=150&_xfRequestUri=%2F&_xfWithData=1&_xfToken=1549428285%2Cd5323c4bb969cd488803a430094b98e4&_xfResponseType=json HTTP/1.1" 200 119 "https://www.paladin-extensions.com/" "Mozilla/5.0 (Windows NT 10.0; Win64; x64) AppleWebKit/537.36 (KHTML, like Gecko) Chrome/71.0.3578.98 Safari/537.36"
24.251.180.38 - - [05/Feb/2019:23:44:52 -0500] "GET /index.php?shoutbox/refresh&last_id=150&_xfRequestUri=%2F&_xfWithData=1&_xfToken=1549428285%2Cd5323c4bb969cd488803a430094b98e4&_xfResponseType=json HTTP/1.1" 200 119 "https://www.paladin-extensions.com/" "Mozilla/5.0 (Windows NT 10.0; Win64; x64) AppleWebKit/537.36 (KHTML, like Gecko) Chrome/71.0.3578.98 Safari/537.36"
24.251.180.38 - - [05/Feb/2019:23:44:53 -0500] "GET /index.php?shoutbox/refresh&last_id=150&_xfRequestUri=%2F&_xfWithData=1&_xfToken=1549428285%2Cd5323c4bb969cd488803a430094b98e4&_xfResponseType=json HTTP/1.1" 200 119 "https://www.paladin-extensions.com/" "Mozilla/5.0 (Windows NT 10.0; Win64; x64) AppleWebKit/537.36 (KHTML, like Gecko) Chrome/71.0.3578.98 Safari/537.36"
24.251.180.38 - - [05/Feb/2019:23:44:54 -0500] "GET /index.php?shoutbox/refresh&last_id=150&_xfRequestUri=%2F&_xfWithData=1&_xfToken=1549428285%2Cd5323c4bb969cd488803a430094b98e4&_xfResponseType=json HTTP/1.1" 200 119 "https://www.paladin-extensions.com/" "Mozilla/5.0 (Windows NT 10.0; Win64; x64) AppleWebKit/537.36 (KHTML, like Gecko) Chrome/71.0.3578.98 Safari/537.36"
24.251.180.38 - - [05/Feb/2019:23:44:55 -0500] "GET /index.php?shoutbox/refresh&last_id=150&_xfRequestUri=%2F&_xfWithData=1&_xfToken=1549428285%2Cd5323c4bb969cd488803a430094b98e4&_xfResponseType=json HTTP/1.1" 200 119 "https://www.paladin-extensions.com/" "Mozilla/5.0 (Windows NT 10.0; Win64; x64) AppleWebKit/537.36 (KHTML, like Gecko) Chrome/71.0.3578.98 Safari/537.36"
24.251.180.38 - - [05/Feb/2019:23:44:56 -0500] "GET /index.php?shoutbox/refresh&last_id=150&_xfRequestUri=%2F&_xfWithData=1&_xfToken=1549428285%2Cd5323c4bb969cd488803a430094b98e4&_xfResponseType=json HTTP/1.1" 200 119 "https://www.paladin-extensions.com/" "Mozilla/5.0 (Windows NT 10.0; Win64; x64) AppleWebKit/537.36 (KHTML, like Gecko) Chrome/71.0.3578.98 Safari/537.36"
24.251.180.38 - - [05/Feb/2019:23:44:57 -0500] "GET /index.php?shoutbox/refresh&last_id=150&_xfRequestUri=%2F&_xfWithData=1&_xfToken=1549428285%2Cd5323c4bb969cd488803a430094b98e4&_xfResponseType=json HTTP/1.1" 200 119 "https://www.paladin-extensions.com/" "Mozilla/5.0 (Windows NT 10.0; Win64; x64) AppleWebKit/537.36 (KHTML, like Gecko) Chrome/71.0.3578.98 Safari/537.36"
24.251.180.38 - - [05/Feb/2019:23:44:58 -0500] "GET /index.php?shoutbox/refresh&last_id=150&_xfRequestUri=%2F&_xfWithData=1&_xfToken=1549428285%2Cd5323c4bb969cd488803a430094b98e4&_xfResponseType=json HTTP/1.1" 200 119 "https://www.paladin-extensions.com/" "Mozilla/5.0 (Windows NT 10.0; Win64; x64) AppleWebKit/537.36 (KHTML, like Gecko) Chrome/71.0.3578.98 Safari/537.36"
24.251.180.38 - - [05/Feb/2019:23:44:59 -0500] "GET /index.php?shoutbox/refresh&last_id=150&_xfRequestUri=%2F&_xfWithData=1&_xfToken=1549428285%2Cd5323c4bb969cd488803a430094b98e4&_xfResponseType=json HTTP/1.1" 200 119 "https://www.paladin-extensions.com/" "Mozilla/5.0 (Windows NT 10.0; Win64; x64) AppleWebKit/537.36 (KHTML, like Gecko) Chrome/71.0.3578.98 Safari/537.36"
24.251.180.38 - - [05/Feb/2019:23:45:00 -0500] "GET /index.php?shoutbox/refresh&last_id=150&_xfRequestUri=%2F&_xfWithData=1&_xfToken=1549428285%2Cd5323c4bb969cd488803a430094b98e4&_xfResponseType=json HTTP/1.1" 200 119 "https://www.paladin-extensions.com/" "Mozilla/5.0 (Windows NT 10.0; Win64; x64) AppleWebKit/537.36 (KHTML, like Gecko) Chrome/71.0.3578.98 Safari/537.36"
24.251.180.38 - - [05/Feb/2019:23:45:01 -0500] "GET /index.php?shoutbox/refresh&last_id=150&_xfRequestUri=%2F&_xfWithData=1&_xfToken=1549428285%2Cd5323c4bb969cd488803a430094b98e4&_xfResponseType=json HTTP/1.1" 200 119 "https://www.paladin-extensions.com/" "Mozilla/5.0 (Windows NT 10.0; Win64; x64) AppleWebKit/537.36 (KHTML, like Gecko) Chrome/71.0.3578.98 Safari/537.36"
24.251.180.38 - - [05/Feb/2019:23:45:02 -0500] "GET /index.php?shoutbox/refresh&last_id=150&_xfRequestUri=%2F&_xfWithData=1&_xfToken=1549428285%2Cd5323c4bb969cd488803a430094b98e4&_xfResponseType=json HTTP/1.1" 200 119 "https://www.paladin-extensions.com/" "Mozilla/5.0 (Windows NT 10.0; Win64; x64) AppleWebKit/537.36 (KHTML, like Gecko) Chrome/71.0.3578.98 Safari/537.36"
24.251.180.38 - - [05/Feb/2019:23:45:03 -0500] "GET /index.php?shoutbox/refresh&last_id=150&_xfRequestUri=%2F&_xfWithData=1&_xfToken=1549428285%2Cd5323c4bb969cd488803a430094b98e4&_xfResponseType=json HTTP/1.1" 200 119 "https://www.paladin-extensions.com/" "Mozilla/5.0 (Windows NT 10.0; Win64; x64) AppleWebKit/537.36 (KHTML, like Gecko) Chrome/71.0.3578.98 Safari/537.36"
24.251.180.38 - - [05/Feb/2019:23:45:03 -0500] "GET /members/terry-davis.4/?tooltip=true&_xfRequestUri=%2F&_xfWithData=1&_xfToken=1549428285%2Cd5323c4bb969cd488803a430094b98e4&_xfResponseType=json HTTP/1.1" 200 5788 "https://www.paladin-extensions.com/" "Mozilla/5.0 (Windows NT 10.0; Win64; x64) AppleWebKit/537.36 (KHTML, like Gecko) Chrome/71.0.3578.98 Safari/537.36"
24.251.180.38 - - [05/Feb/2019:23:45:03 -0500] "GET /css.php?css=public:member_tooltip.less&s=8&l=1&d=1549226017 HTTP/1.1" 200 503 "https://www.paladin-extensions.com/" "Mozilla/5.0 (Windows NT 10.0; Win64; x64) AppleWebKit/537.36 (KHTML, like Gecko) Chrome/71.0.3578.98 Safari/537.36"
24.251.180.38 - - [05/Feb/2019:23:45:04 -0500] "GET /index.php?shoutbox/refresh&last_id=150&_xfRequestUri=%2F&_xfWithData=1&_xfToken=1549428285%2Cd5323c4bb969cd488803a430094b98e4&_xfResponseType=json HTTP/1.1" 200 119 "https://www.paladin-extensions.com/" "Mozilla/5.0 (Windows NT 10.0; Win64; x64) AppleWebKit/537.36 (KHTML, like Gecko) Chrome/71.0.3578.98 Safari/537.36"
24.251.180.38 - - [05/Feb/2019:23:45:05 -0500] "GET /index.php?shoutbox/refresh&last_id=150&_xfRequestUri=%2F&_xfWithData=1&_xfToken=1549428285%2Cd5323c4bb969cd488803a430094b98e4&_xfResponseType=json HTTP/1.1" 200 119 "https://www.paladin-extensions.com/" "Mozilla/5.0 (Windows NT 10.0; Win64; x64) AppleWebKit/537.36 (KHTML, like Gecko) Chrome/71.0.3578.98 Safari/537.36"
24.251.180.38 - - [05/Feb/2019:23:45:06 -0500] "GET /index.php?shoutbox/refresh&last_id=150&_xfRequestUri=%2F&_xfWithData=1&_xfToken=1549428285%2Cd5323c4bb969cd488803a430094b98e4&_xfResponseType=json HTTP/1.1" 200 119 "https://www.paladin-extensions.com/" "Mozilla/5.0 (Windows NT 10.0; Win64; x64) AppleWebKit/537.36 (KHTML, like Gecko) Chrome/71.0.3578.98 Safari/537.36"
24.251.180.38 - - [05/Feb/2019:23:45:07 -0500] "GET /index.php?shoutbox/refresh&last_id=150&_xfRequestUri=%2F&_xfWithData=1&_xfToken=1549428285%2Cd5323c4bb969cd488803a430094b98e4&_xfResponseType=json HTTP/1.1" 200 119 "https://www.paladin-extensions.com/" "Mozilla/5.0 (Windows NT 10.0; Win64; x64) AppleWebKit/537.36 (KHTML, like Gecko) Chrome/71.0.3578.98 Safari/537.36"
24.251.180.38 - - [05/Feb/2019:23:45:08 -0500] "GET /index.php?shoutbox/refresh&last_id=150&_xfRequestUri=%2F&_xfWithData=1&_xfToken=1549428285%2Cd5323c4bb969cd488803a430094b98e4&_xfResponseType=json HTTP/1.1" 200 119 "https://www.paladin-extensions.com/" "Mozilla/5.0 (Windows NT 10.0; Win64; x64) AppleWebKit/537.36 (KHTML, like Gecko) Chrome/71.0.3578.98 Safari/537.36"
24.251.180.38 - - [05/Feb/2019:23:45:09 -0500] "GET /index.php?shoutbox/refresh&last_id=150&_xfRequestUri=%2F&_xfWithData=1&_xfToken=1549428285%2Cd5323c4bb969cd488803a430094b98e4&_xfResponseType=json HTTP/1.1" 200 119 "https://www.paladin-extensions.com/" "Mozilla/5.0 (Windows NT 10.0; Win64; x64) AppleWebKit/537.36 (KHTML, like Gecko) Chrome/71.0.3578.98 Safari/537.36"
24.251.180.38 - - [05/Feb/2019:23:45:10 -0500] "GET /index.php?shoutbox/refresh&last_id=150&_xfRequestUri=%2F&_xfWithData=1&_xfToken=1549428285%2Cd5323c4bb969cd488803a430094b98e4&_xfResponseType=json HTTP/1.1" 200 119 "https://www.paladin-extensions.com/" "Mozilla/5.0 (Windows NT 10.0; Win64; x64) AppleWebKit/537.36 (KHTML, like Gecko) Chrome/71.0.3578.98 Safari/537.36"
24.251.180.38 - - [05/Feb/2019:23:45:11 -0500] "GET /index.php?shoutbox/refresh&last_id=150&_xfRequestUri=%2F&_xfWithData=1&_xfToken=1549428285%2Cd5323c4bb969cd488803a430094b98e4&_xfResponseType=json HTTP/1.1" 200 119 "https://www.paladin-extensions.com/" "Mozilla/5.0 (Windows NT 10.0; Win64; x64) AppleWebKit/537.36 (KHTML, like Gecko) Chrome/71.0.3578.98 Safari/537.36"
24.251.180.38 - - [05/Feb/2019:23:45:12 -0500] "GET /index.php?shoutbox/refresh&last_id=150&_xfRequestUri=%2F&_xfWithData=1&_xfToken=1549428285%2Cd5323c4bb969cd488803a430094b98e4&_xfResponseType=json HTTP/1.1" 200 119 "https://www.paladin-extensions.com/" "Mozilla/5.0 (Windows NT 10.0; Win64; x64) AppleWebKit/537.36 (KHTML, like Gecko) Chrome/71.0.3578.98 Safari/537.36"
24.251.180.38 - - [05/Feb/2019:23:45:13 -0500] "GET /index.php?shoutbox/refresh&last_id=150&_xfRequestUri=%2F&_xfWithData=1&_xfToken=1549428285%2Cd5323c4bb969cd488803a430094b98e4&_xfResponseType=json HTTP/1.1" 200 119 "https://www.paladin-extensions.com/" "Mozilla/5.0 (Windows NT 10.0; Win64; x64) AppleWebKit/537.36 (KHTML, like Gecko) Chrome/71.0.3578.98 Safari/537.36"
24.251.180.38 - - [05/Feb/2019:23:45:14 -0500] "GET /index.php?shoutbox/refresh&last_id=150&_xfRequestUri=%2F&_xfWithData=1&_xfToken=1549428285%2Cd5323c4bb969cd488803a430094b98e4&_xfResponseType=json HTTP/1.1" 200 119 "https://www.paladin-extensions.com/" "Mozilla/5.0 (Windows NT 10.0; Win64; x64) AppleWebKit/537.36 (KHTML, like Gecko) Chrome/71.0.3578.98 Safari/537.36"
24.251.180.38 - - [05/Feb/2019:23:45:15 -0500] "GET /index.php?shoutbox/refresh&last_id=150&_xfRequestUri=%2F&_xfWithData=1&_xfToken=1549428285%2Cd5323c4bb969cd488803a430094b98e4&_xfResponseType=json HTTP/1.1" 200 119 "https://www.paladin-extensions.com/" "Mozilla/5.0 (Windows NT 10.0; Win64; x64) AppleWebKit/537.36 (KHTML, like Gecko) Chrome/71.0.3578.98 Safari/537.36"
24.251.180.38 - - [05/Feb/2019:23:45:16 -0500] "GET /index.php?shoutbox/refresh&last_id=150&_xfRequestUri=%2F&_xfWithData=1&_xfToken=1549428285%2Cd5323c4bb969cd488803a430094b98e4&_xfResponseType=json HTTP/1.1" 200 119 "https://www.paladin-extensions.com/" "Mozilla/5.0 (Windows NT 10.0; Win64; x64) AppleWebKit/537.36 (KHTML, like Gecko) Chrome/71.0.3578.98 Safari/537.36"
24.251.180.38 - - [05/Feb/2019:23:45:17 -0500] "GET /index.php?shoutbox/refresh&last_id=150&_xfRequestUri=%2F&_xfWithData=1&_xfToken=1549428285%2Cd5323c4bb969cd488803a430094b98e4&_xfResponseType=json HTTP/1.1" 200 119 "https://www.paladin-extensions.com/" "Mozilla/5.0 (Windows NT 10.0; Win64; x64) AppleWebKit/537.36 (KHTML, like Gecko) Chrome/71.0.3578.98 Safari/537.36"
24.251.180.38 - - [05/Feb/2019:23:45:18 -0500] "GET /index.php?shoutbox/refresh&last_id=150&_xfRequestUri=%2F&_xfWithData=1&_xfToken=1549428285%2Cd5323c4bb969cd488803a430094b98e4&_xfResponseType=json HTTP/1.1" 200 119 "https://www.paladin-extensions.com/" "Mozilla/5.0 (Windows NT 10.0; Win64; x64) AppleWebKit/537.36 (KHTML, like Gecko) Chrome/71.0.3578.98 Safari/537.36"
24.251.180.38 - - [05/Feb/2019:23:45:19 -0500] "GET /index.php?shoutbox/refresh&last_id=150&_xfRequestUri=%2F&_xfWithData=1&_xfToken=1549428285%2Cd5323c4bb969cd488803a430094b98e4&_xfResponseType=json HTTP/1.1" 200 119 "https://www.paladin-extensions.com/" "Mozilla/5.0 (Windows NT 10.0; Win64; x64) AppleWebKit/537.36 (KHTML, like Gecko) Chrome/71.0.3578.98 Safari/537.36"
24.251.180.38 - - [05/Feb/2019:23:45:20 -0500] "GET /index.php?shoutbox/refresh&last_id=150&_xfRequestUri=%2F&_xfWithData=1&_xfToken=1549428285%2Cd5323c4bb969cd488803a430094b98e4&_xfResponseType=json HTTP/1.1" 200 119 "https://www.paladin-extensions.com/" "Mozilla/5.0 (Windows NT 10.0; Win64; x64) AppleWebKit/537.36 (KHTML, like Gecko) Chrome/71.0.3578.98 Safari/537.36"
24.251.180.38 - - [05/Feb/2019:23:45:21 -0500] "GET /index.php?shoutbox/refresh&last_id=150&_xfRequestUri=%2F&_xfWithData=1&_xfToken=1549428285%2Cd5323c4bb969cd488803a430094b98e4&_xfResponseType=json HTTP/1.1" 200 119 "https://www.paladin-extensions.com/" "Mozilla/5.0 (Windows NT 10.0; Win64; x64) AppleWebKit/537.36 (KHTML, like Gecko) Chrome/71.0.3578.98 Safari/537.36"
24.251.180.38 - - [05/Feb/2019:23:45:22 -0500] "GET /index.php?shoutbox/refresh&last_id=150&_xfRequestUri=%2F&_xfWithData=1&_xfToken=1549428285%2Cd5323c4bb969cd488803a430094b98e4&_xfResponseType=json HTTP/1.1" 200 119 "https://www.paladin-extensions.com/" "Mozilla/5.0 (Windows NT 10.0; Win64; x64) AppleWebKit/537.36 (KHTML, like Gecko) Chrome/71.0.3578.98 Safari/537.36"
24.251.180.38 - - [05/Feb/2019:23:45:23 -0500] "GET /index.php?shoutbox/refresh&last_id=150&_xfRequestUri=%2F&_xfWithData=1&_xfToken=1549428285%2Cd5323c4bb969cd488803a430094b98e4&_xfResponseType=json HTTP/1.1" 200 119 "https://www.paladin-extensions.com/" "Mozilla/5.0 (Windows NT 10.0; Win64; x64) AppleWebKit/537.36 (KHTML, like Gecko) Chrome/71.0.3578.98 Safari/537.36"
24.251.180.38 - - [05/Feb/2019:23:45:24 -0500] "GET /index.php?shoutbox/refresh&last_id=150&_xfRequestUri=%2F&_xfWithData=1&_xfToken=1549428285%2Cd5323c4bb969cd488803a430094b98e4&_xfResponseType=json HTTP/1.1" 200 119 "https://www.paladin-extensions.com/" "Mozilla/5.0 (Windows NT 10.0; Win64; x64) AppleWebKit/537.36 (KHTML, like Gecko) Chrome/71.0.3578.98 Safari/537.36"
24.251.180.38 - - [05/Feb/2019:23:45:25 -0500] "GET /index.php?shoutbox/refresh&last_id=150&_xfRequestUri=%2F&_xfWithData=1&_xfToken=1549428285%2Cd5323c4bb969cd488803a430094b98e4&_xfResponseType=json HTTP/1.1" 200 119 "https://www.paladin-extensions.com/" "Mozilla/5.0 (Windows NT 10.0; Win64; x64) AppleWebKit/537.36 (KHTML, like Gecko) Chrome/71.0.3578.98 Safari/537.36"
24.251.180.38 - - [05/Feb/2019:23:45:26 -0500] "GET /index.php?shoutbox/refresh&last_id=150&_xfRequestUri=%2F&_xfWithData=1&_xfToken=1549428285%2Cd5323c4bb969cd488803a430094b98e4&_xfResponseType=json HTTP/1.1" 200 119 "https://www.paladin-extensions.com/" "Mozilla/5.0 (Windows NT 10.0; Win64; x64) AppleWebKit/537.36 (KHTML, like Gecko) Chrome/71.0.3578.98 Safari/537.36"
24.251.180.38 - - [05/Feb/2019:23:45:27 -0500] "GET /index.php?shoutbox/refresh&last_id=150&_xfRequestUri=%2F&_xfWithData=1&_xfToken=1549428285%2Cd5323c4bb969cd488803a430094b98e4&_xfResponseType=json HTTP/1.1" 200 119 "https://www.paladin-extensions.com/" "Mozilla/5.0 (Windows NT 10.0; Win64; x64) AppleWebKit/537.36 (KHTML, like Gecko) Chrome/71.0.3578.98 Safari/537.36"
24.251.180.38 - - [05/Feb/2019:23:45:28 -0500] "GET /index.php?shoutbox/refresh&last_id=150&_xfRequestUri=%2F&_xfWithData=1&_xfToken=1549428285%2Cd5323c4bb969cd488803a430094b98e4&_xfResponseType=json HTTP/1.1" 200 119 "https://www.paladin-extensions.com/" "Mozilla/5.0 (Windows NT 10.0; Win64; x64) AppleWebKit/537.36 (KHTML, like Gecko) Chrome/71.0.3578.98 Safari/537.36"
24.251.180.38 - - [05/Feb/2019:23:45:29 -0500] "GET /index.php?shoutbox/refresh&last_id=150&_xfRequestUri=%2F&_xfWithData=1&_xfToken=1549428285%2Cd5323c4bb969cd488803a430094b98e4&_xfResponseType=json HTTP/1.1" 200 119 "https://www.paladin-extensions.com/" "Mozilla/5.0 (Windows NT 10.0; Win64; x64) AppleWebKit/537.36 (KHTML, like Gecko) Chrome/71.0.3578.98 Safari/537.36"
24.251.180.38 - - [05/Feb/2019:23:45:30 -0500] "GET /index.php?shoutbox/refresh&last_id=150&_xfRequestUri=%2F&_xfWithData=1&_xfToken=1549428285%2Cd5323c4bb969cd488803a430094b98e4&_xfResponseType=json HTTP/1.1" 200 119 "https://www.paladin-extensions.com/" "Mozilla/5.0 (Windows NT 10.0; Win64; x64) AppleWebKit/537.36 (KHTML, like Gecko) Chrome/71.0.3578.98 Safari/537.36"
24.251.180.38 - - [05/Feb/2019:23:45:31 -0500] "GET /index.php?shoutbox/refresh&last_id=150&_xfRequestUri=%2F&_xfWithData=1&_xfToken=1549428285%2Cd5323c4bb969cd488803a430094b98e4&_xfResponseType=json HTTP/1.1" 200 119 "https://www.paladin-extensions.com/" "Mozilla/5.0 (Windows NT 10.0; Win64; x64) AppleWebKit/537.36 (KHTML, like Gecko) Chrome/71.0.3578.98 Safari/537.36"
174.3.135.102 - - [05/Feb/2019:23:45:31 -0500] "GET / HTTP/1.1" 200 52134 "-" "Mozilla/5.0 (Windows NT 10.0; Win64; x64) AppleWebKit/537.36 (KHTML, like Gecko) Chrome/71.0.3578.98 Safari/537.36"
174.3.135.102 - - [05/Feb/2019:23:45:31 -0500] "GET /js/xf/preamble-compiled.js?_v=56a48e2b HTTP/1.1" 200 7764 "https://www.paladin-extensions.com/" "Mozilla/5.0 (Windows NT 10.0; Win64; x64) AppleWebKit/537.36 (KHTML, like Gecko) Chrome/71.0.3578.98 Safari/537.36"
174.3.135.102 - - [05/Feb/2019:23:45:31 -0500] "GET /styles/uix_dark/images/uix-logo.png HTTP/1.1" 200 109563 "https://www.paladin-extensions.com/" "Mozilla/5.0 (Windows NT 10.0; Win64; x64) AppleWebKit/537.36 (KHTML, like Gecko) Chrome/71.0.3578.98 Safari/537.36"
174.3.135.102 - - [05/Feb/2019:23:45:31 -0500] "GET /styles/uix_dark/fonts/icons/material-icons/css/materialdesignicons.min.css HTTP/1.1" 200 18636 "https://www.paladin-extensions.com/" "Mozilla/5.0 (Windows NT 10.0; Win64; x64) AppleWebKit/537.36 (KHTML, like Gecko) Chrome/71.0.3578.98 Safari/537.36"
174.3.135.102 - - [05/Feb/2019:23:45:31 -0500] "GET /styles/uix_dark/images/uix-brandmark.png HTTP/1.1" 200 112246 "https://www.paladin-extensions.com/" "Mozilla/5.0 (Windows NT 10.0; Win64; x64) AppleWebKit/537.36 (KHTML, like Gecko) Chrome/71.0.3578.98 Safari/537.36"
174.3.135.102 - - [05/Feb/2019:23:45:31 -0500] "GET /css.php?css=public%3Aandy_countdown.less%2Cpublic%3Aeditor.less%2Cpublic%3Alightbox.less%2Cpublic%3Anode_list.less%2Cpublic%3Asiropu_shoutbox.less%2Cpublic%3Ath_reactions.less%2Cpublic%3Ath_widget_post_thread_uix.less%2Cpublic%3Awidget_ah_discord.less%2Cpublic%3Aextra.less&s=8&l=1&d=1549226017&k=ec436b85afd8a5a199dc8d8d63a55ffd92837231 HTTP/1.1" 200 26587 "https://www.paladin-extensions.com/" "Mozilla/5.0 (Windows NT 10.0; Win64; x64) AppleWebKit/537.36 (KHTML, like Gecko) Chrome/71.0.3578.98 Safari/537.36"
174.3.135.102 - - [05/Feb/2019:23:45:31 -0500] "GET /css.php?css=public%3Anormalize.css%2Cpublic%3Acore.less%2Cpublic%3Aapp.less&s=8&l=1&d=1549226017&k=edf6cfeed2b8b8213808b1692c79649ca17f77fa HTTP/1.1" 200 62092 "https://www.paladin-extensions.com/" "Mozilla/5.0 (Windows NT 10.0; Win64; x64) AppleWebKit/537.36 (KHTML, like Gecko) Chrome/71.0.3578.98 Safari/537.36"
174.3.135.102 - - [05/Feb/2019:23:45:32 -0500] "GET /js/vendor/vendor-compiled.js?_v=56a48e2b HTTP/1.1" 200 17856 "https://www.paladin-extensions.com/" "Mozilla/5.0 (Windows NT 10.0; Win64; x64) AppleWebKit/537.36 (KHTML, like Gecko) Chrome/71.0.3578.98 Safari/537.36"
24.251.180.38 - - [05/Feb/2019:23:45:32 -0500] "GET /index.php?shoutbox/refresh&last_id=150&_xfRequestUri=%2F&_xfWithData=1&_xfToken=1549428285%2Cd5323c4bb969cd488803a430094b98e4&_xfResponseType=json HTTP/1.1" 200 119 "https://www.paladin-extensions.com/" "Mozilla/5.0 (Windows NT 10.0; Win64; x64) AppleWebKit/537.36 (KHTML, like Gecko) Chrome/71.0.3578.98 Safari/537.36"
174.3.135.102 - - [05/Feb/2019:23:45:32 -0500] "GET /js/xf/core-compiled.js?_v=56a48e2b HTTP/1.1" 200 47440 "https://www.paladin-extensions.com/" "Mozilla/5.0 (Windows NT 10.0; Win64; x64) AppleWebKit/537.36 (KHTML, like Gecko) Chrome/71.0.3578.98 Safari/537.36"
174.3.135.102 - - [05/Feb/2019:23:45:32 -0500] "GET /js/siropu/shoutbox/core.min.js?_v=56a48e2b HTTP/1.1" 200 2470 "https://www.paladin-extensions.com/" "Mozilla/5.0 (Windows NT 10.0; Win64; x64) AppleWebKit/537.36 (KHTML, like Gecko) Chrome/71.0.3578.98 Safari/537.36"
174.3.135.102 - - [05/Feb/2019:23:45:32 -0500] "GET /js/xf/message.min.js?_v=56a48e2b HTTP/1.1" 200 5930 "https://www.paladin-extensions.com/" "Mozilla/5.0 (Windows NT 10.0; Win64; x64) AppleWebKit/537.36 (KHTML, like Gecko) Chrome/71.0.3578.98 Safari/537.36"
174.3.135.102 - - [05/Feb/2019:23:45:32 -0500] "GET /js/xf/lightbox-compiled.js?_v=56a48e2b HTTP/1.1" 200 14071 "https://www.paladin-extensions.com/" "Mozilla/5.0 (Windows NT 10.0; Win64; x64) AppleWebKit/537.36 (KHTML, like Gecko) Chrome/71.0.3578.98 Safari/537.36"
174.3.135.102 - - [05/Feb/2019:23:45:32 -0500] "GET /styles/uix_dark/fonts/icons/material-icons/fonts/materialdesignicons-webfont.woff2?v=2.3.54 HTTP/1.1" 200 125384 "https://www.paladin-extensions.com/styles/uix_dark/fonts/icons/material-icons/css/materialdesignicons.min.css" "Mozilla/5.0 (Windows NT 10.0; Win64; x64) AppleWebKit/537.36 (KHTML, like Gecko) Chrome/71.0.3578.98 Safari/537.36"
174.3.135.102 - - [05/Feb/2019:23:45:32 -0500] "GET /data/avatars/s/0/4.jpg?1533106845 HTTP/1.1" 200 1596 "https://www.paladin-extensions.com/" "Mozilla/5.0 (Windows NT 10.0; Win64; x64) AppleWebKit/537.36 (KHTML, like Gecko) Chrome/71.0.3578.98 Safari/537.36"
174.3.135.102 - - [05/Feb/2019:23:45:32 -0500] "GET /data/avatars/s/0/2.jpg?1515800046 HTTP/1.1" 200 1696 "https://www.paladin-extensions.com/" "Mozilla/5.0 (Windows NT 10.0; Win64; x64) AppleWebKit/537.36 (KHTML, like Gecko) Chrome/71.0.3578.98 Safari/537.36"
174.3.135.102 - - [05/Feb/2019:23:45:32 -0500] "GET /data/avatars/s/0/1.jpg?1538028194 HTTP/1.1" 200 3345 "https://www.paladin-extensions.com/" "Mozilla/5.0 (Windows NT 10.0; Win64; x64) AppleWebKit/537.36 (KHTML, like Gecko) Chrome/71.0.3578.98 Safari/537.36"
174.3.135.102 - - [05/Feb/2019:23:45:32 -0500] "GET /styles/default/xenforo/smilies/emojione/sprite_sheet_emojione.png HTTP/1.1" 200 88702 "https://www.paladin-extensions.com/css.php?css=public%3Anormalize.css%2Cpublic%3Acore.less%2Cpublic%3Aapp.less&s=8&l=1&d=1549226017&k=edf6cfeed2b8b8213808b1692c79649ca17f77fa" "Mozilla/5.0 (Windows NT 10.0; Win64; x64) AppleWebKit/537.36 (KHTML, like Gecko) Chrome/71.0.3578.98 Safari/537.36"
174.3.135.102 - - [05/Feb/2019:23:45:33 -0500] "GET /js/themehouse/uix_dark/ripple.min.js?_v=56a48e2b HTTP/1.1" 200 692 "https://www.paladin-extensions.com/" "Mozilla/5.0 (Windows NT 10.0; Win64; x64) AppleWebKit/537.36 (KHTML, like Gecko) Chrome/71.0.3578.98 Safari/537.36"
174.3.135.102 - - [05/Feb/2019:23:45:33 -0500] "GET /js/themehouse/global/20180112.min.js?_v=56a48e2b HTTP/1.1" 200 3938 "https://www.paladin-extensions.com/" "Mozilla/5.0 (Windows NT 10.0; Win64; x64) AppleWebKit/537.36 (KHTML, like Gecko) Chrome/71.0.3578.98 Safari/537.36"
174.3.135.102 - - [05/Feb/2019:23:45:33 -0500] "GET /js/themehouse/uix_dark/index.min.js?_v=56a48e2b HTTP/1.1" 200 2382 "https://www.paladin-extensions.com/" "Mozilla/5.0 (Windows NT 10.0; Win64; x64) AppleWebKit/537.36 (KHTML, like Gecko) Chrome/71.0.3578.98 Safari/537.36"
174.3.135.102 - - [05/Feb/2019:23:45:33 -0500] "GET /data/avatars/s/0/12.jpg?1519321709 HTTP/1.1" 200 1785 "https://www.paladin-extensions.com/" "Mozilla/5.0 (Windows NT 10.0; Win64; x64) AppleWebKit/537.36 (KHTML, like Gecko) Chrome/71.0.3578.98 Safari/537.36"
174.3.135.102 - - [05/Feb/2019:23:45:33 -0500] "GET /data/avatars/s/0/25.jpg?1544675776 HTTP/1.1" 200 1570 "https://www.paladin-extensions.com/" "Mozilla/5.0 (Windows NT 10.0; Win64; x64) AppleWebKit/537.36 (KHTML, like Gecko) Chrome/71.0.3578.98 Safari/537.36"
174.3.135.102 - - [05/Feb/2019:23:45:33 -0500] "GET /data/avatars/s/0/15.jpg?1519322140 HTTP/1.1" 200 1416 "https://www.paladin-extensions.com/" "Mozilla/5.0 (Windows NT 10.0; Win64; x64) AppleWebKit/537.36 (KHTML, like Gecko) Chrome/71.0.3578.98 Safari/537.36"
174.3.135.102 - - [05/Feb/2019:23:45:33 -0500] "GET /data/avatars/s/0/8.jpg?1519456264 HTTP/1.1" 200 1973 "https://www.paladin-extensions.com/" "Mozilla/5.0 (Windows NT 10.0; Win64; x64) AppleWebKit/537.36 (KHTML, like Gecko) Chrome/71.0.3578.98 Safari/537.36"
174.3.135.102 - - [05/Feb/2019:23:45:33 -0500] "GET /js/themehouse/uix_dark/defer.min.js?_v=56a48e2b HTTP/1.1" 200 5041 "https://www.paladin-extensions.com/" "Mozilla/5.0 (Windows NT 10.0; Win64; x64) AppleWebKit/537.36 (KHTML, like Gecko) Chrome/71.0.3578.98 Safari/537.36"
174.3.135.102 - - [05/Feb/2019:23:45:33 -0500] "GET /data/avatars/s/0/26.jpg?1528514454 HTTP/1.1" 200 1722 "https://www.paladin-extensions.com/" "Mozilla/5.0 (Windows NT 10.0; Win64; x64) AppleWebKit/537.36 (KHTML, like Gecko) Chrome/71.0.3578.98 Safari/537.36"
174.3.135.102 - - [05/Feb/2019:23:45:33 -0500] "GET /data/avatars/s/0/32.jpg?1529285509 HTTP/1.1" 200 5274 "https://www.paladin-extensions.com/" "Mozilla/5.0 (Windows NT 10.0; Win64; x64) AppleWebKit/537.36 (KHTML, like Gecko) Chrome/71.0.3578.98 Safari/537.36"
174.3.135.102 - - [05/Feb/2019:23:45:33 -0500] "GET /proxy.php?image=https%3A%2F%2Fcdn.discordapp.com%2Fattachments%2F492142646912090114%2F541561138089820160%2Fterrorists-win_c_7219146.jpg&hash=1eed8987ec3094e94b17f49a40baf31b HTTP/1.1" 200 121836 "https://www.paladin-extensions.com/" "Mozilla/5.0 (Windows NT 10.0; Win64; x64) AppleWebKit/537.36 (KHTML, like Gecko) Chrome/71.0.3578.98 Safari/537.36"
174.3.135.102 - - [05/Feb/2019:23:45:33 -0500] "GET /proxy.php?image=https%3A%2F%2Fi.imgur.com%2Fr0tCHeM.png&hash=58dd2bbfaf81cbfcd2d3e7fbdd81cb6c HTTP/1.1" 200 14887 "https://www.paladin-extensions.com/" "Mozilla/5.0 (Windows NT 10.0; Win64; x64) AppleWebKit/537.36 (KHTML, like Gecko) Chrome/71.0.3578.98 Safari/537.36"
174.3.135.102 - - [05/Feb/2019:23:45:33 -0500] "GET /proxy.php?image=https%3A%2F%2Fcdn.discordapp.com%2Fattachments%2F492142646912090114%2F541564546448621568%2Fimage0-25.jpg&hash=68e7dffefcc2c104ee655bdbab1e7916 HTTP/1.1" 200 538669 "https://www.paladin-extensions.com/" "Mozilla/5.0 (Windows NT 10.0; Win64; x64) AppleWebKit/537.36 (KHTML, like Gecko) Chrome/71.0.3578.98 Safari/537.36"
24.251.180.38 - - [05/Feb/2019:23:45:33 -0500] "GET /index.php?shoutbox/refresh&last_id=150&_xfRequestUri=%2F&_xfWithData=1&_xfToken=1549428285%2Cd5323c4bb969cd488803a430094b98e4&_xfResponseType=json HTTP/1.1" 200 119 "https://www.paladin-extensions.com/" "Mozilla/5.0 (Windows NT 10.0; Win64; x64) AppleWebKit/537.36 (KHTML, like Gecko) Chrome/71.0.3578.98 Safari/537.36"
174.3.135.102 - - [05/Feb/2019:23:45:33 -0500] "GET /proxy.php?image=https%3A%2F%2Fcdn.discordapp.com%2Fattachments%2F492142646912090114%2F541561296529653771%2FScreenshot_20190117-213756.png&hash=ddadf05cc4a19fc2124ed236a94bed90 HTTP/1.1" 200 983975 "https://www.paladin-extensions.com/" "Mozilla/5.0 (Windows NT 10.0; Win64; x64) AppleWebKit/537.36 (KHTML, like Gecko) Chrome/71.0.3578.98 Safari/537.36"
174.3.135.102 - - [05/Feb/2019:23:45:33 -0500] "GET /proxy.php?image=https%3A%2F%2Fcdn.discordapp.com%2Fattachments%2F492142646912090114%2F541582337079771136%2FScreenshot_20190203-042443.png&hash=14482d93545848ba26942d682ad47b27 HTTP/1.1" 200 1732445 "https://www.paladin-extensions.com/" "Mozilla/5.0 (Windows NT 10.0; Win64; x64) AppleWebKit/537.36 (KHTML, like Gecko) Chrome/71.0.3578.98 Safari/537.36"
24.251.180.38 - - [05/Feb/2019:23:45:34 -0500] "GET /index.php?shoutbox/refresh&last_id=150&_xfRequestUri=%2F&_xfWithData=1&_xfToken=1549428285%2Cd5323c4bb969cd488803a430094b98e4&_xfResponseType=json HTTP/1.1" 200 119 "https://www.paladin-extensions.com/" "Mozilla/5.0 (Windows NT 10.0; Win64; x64) AppleWebKit/537.36 (KHTML, like Gecko) Chrome/71.0.3578.98 Safari/537.36"
174.3.135.102 - - [05/Feb/2019:23:45:34 -0500] "GET /index.php?shoutbox/refresh&last_id=150&_xfRequestUri=%2F&_xfWithData=1&_xfToken=1549428331%2C035a40a0bbeb9d78855db8a7aff11c04&_xfResponseType=json HTTP/1.1" 200 119 "https://www.paladin-extensions.com/" "Mozilla/5.0 (Windows NT 10.0; Win64; x64) AppleWebKit/537.36 (KHTML, like Gecko) Chrome/71.0.3578.98 Safari/537.36"
24.251.180.38 - - [05/Feb/2019:23:45:35 -0500] "GET /index.php?shoutbox/refresh&last_id=150&_xfRequestUri=%2F&_xfWithData=1&_xfToken=1549428285%2Cd5323c4bb969cd488803a430094b98e4&_xfResponseType=json HTTP/1.1" 200 119 "https://www.paladin-extensions.com/" "Mozilla/5.0 (Windows NT 10.0; Win64; x64) AppleWebKit/537.36 (KHTML, like Gecko) Chrome/71.0.3578.98 Safari/537.36"
24.251.180.38 - - [05/Feb/2019:23:45:36 -0500] "GET /index.php?shoutbox/refresh&last_id=150&_xfRequestUri=%2F&_xfWithData=1&_xfToken=1549428285%2Cd5323c4bb969cd488803a430094b98e4&_xfResponseType=json HTTP/1.1" 200 119 "https://www.paladin-extensions.com/" "Mozilla/5.0 (Windows NT 10.0; Win64; x64) AppleWebKit/537.36 (KHTML, like Gecko) Chrome/71.0.3578.98 Safari/537.36"
24.251.180.38 - - [05/Feb/2019:23:45:37 -0500] "GET /index.php?shoutbox/refresh&last_id=150&_xfRequestUri=%2F&_xfWithData=1&_xfToken=1549428285%2Cd5323c4bb969cd488803a430094b98e4&_xfResponseType=json HTTP/1.1" 200 119 "https://www.paladin-extensions.com/" "Mozilla/5.0 (Windows NT 10.0; Win64; x64) AppleWebKit/537.36 (KHTML, like Gecko) Chrome/71.0.3578.98 Safari/537.36"
174.3.135.102 - - [05/Feb/2019:23:45:37 -0500] "GET /index.php?shoutbox/refresh&last_id=150&_xfRequestUri=%2F&_xfWithData=1&_xfToken=1549428331%2C035a40a0bbeb9d78855db8a7aff11c04&_xfResponseType=json HTTP/1.1" 200 119 "https://www.paladin-extensions.com/" "Mozilla/5.0 (Windows NT 10.0; Win64; x64) AppleWebKit/537.36 (KHTML, like Gecko) Chrome/71.0.3578.98 Safari/537.36"
174.3.135.102 - - [05/Feb/2019:23:45:38 -0500] "GET /index.php?shoutbox/refresh&last_id=150&_xfRequestUri=%2F&_xfWithData=1&_xfToken=1549428331%2C035a40a0bbeb9d78855db8a7aff11c04&_xfResponseType=json HTTP/1.1" 200 119 "https://www.paladin-extensions.com/" "Mozilla/5.0 (Windows NT 10.0; Win64; x64) AppleWebKit/537.36 (KHTML, like Gecko) Chrome/71.0.3578.98 Safari/537.36"
174.3.135.102 - - [05/Feb/2019:23:45:38 -0500] "GET /index.php?shoutbox/refresh&last_id=150&_xfRequestUri=%2F&_xfWithData=1&_xfToken=1549428331%2C035a40a0bbeb9d78855db8a7aff11c04&_xfResponseType=json HTTP/1.1" 304 - "https://www.paladin-extensions.com/" "Mozilla/5.0 (Windows NT 10.0; Win64; x64) AppleWebKit/537.36 (KHTML, like Gecko) Chrome/71.0.3578.98 Safari/537.36"
24.251.180.38 - - [05/Feb/2019:23:45:38 -0500] "GET /index.php?shoutbox/refresh&last_id=150&_xfRequestUri=%2F&_xfWithData=1&_xfToken=1549428285%2Cd5323c4bb969cd488803a430094b98e4&_xfResponseType=json HTTP/1.1" 200 119 "https://www.paladin-extensions.com/" "Mozilla/5.0 (Windows NT 10.0; Win64; x64) AppleWebKit/537.36 (KHTML, like Gecko) Chrome/71.0.3578.98 Safari/537.36"
174.3.135.102 - - [05/Feb/2019:23:45:38 -0500] "GET /index.php?shoutbox/refresh&last_id=150&_xfRequestUri=%2F&_xfWithData=1&_xfToken=1549428331%2C035a40a0bbeb9d78855db8a7aff11c04&_xfResponseType=json HTTP/1.1" 304 - "https://www.paladin-extensions.com/" "Mozilla/5.0 (Windows NT 10.0; Win64; x64) AppleWebKit/537.36 (KHTML, like Gecko) Chrome/71.0.3578.98 Safari/537.36"
24.251.180.38 - - [05/Feb/2019:23:45:39 -0500] "GET /index.php?shoutbox/refresh&last_id=150&_xfRequestUri=%2F&_xfWithData=1&_xfToken=1549428285%2Cd5323c4bb969cd488803a430094b98e4&_xfResponseType=json HTTP/1.1" 200 119 "https://www.paladin-extensions.com/" "Mozilla/5.0 (Windows NT 10.0; Win64; x64) AppleWebKit/537.36 (KHTML, like Gecko) Chrome/71.0.3578.98 Safari/537.36"
174.3.135.102 - - [05/Feb/2019:23:45:39 -0500] "GET /index.php?shoutbox/refresh&last_id=150&_xfRequestUri=%2F&_xfWithData=1&_xfToken=1549428331%2C035a40a0bbeb9d78855db8a7aff11c04&_xfResponseType=json HTTP/1.1" 200 119 "https://www.paladin-extensions.com/" "Mozilla/5.0 (Windows NT 10.0; Win64; x64) AppleWebKit/537.36 (KHTML, like Gecko) Chrome/71.0.3578.98 Safari/537.36"
24.251.180.38 - - [05/Feb/2019:23:45:40 -0500] "GET /index.php?shoutbox/refresh&last_id=150&_xfRequestUri=%2F&_xfWithData=1&_xfToken=1549428285%2Cd5323c4bb969cd488803a430094b98e4&_xfResponseType=json HTTP/1.1" 200 119 "https://www.paladin-extensions.com/" "Mozilla/5.0 (Windows NT 10.0; Win64; x64) AppleWebKit/537.36 (KHTML, like Gecko) Chrome/71.0.3578.98 Safari/537.36"
174.3.135.102 - - [05/Feb/2019:23:45:40 -0500] "GET /index.php?shoutbox/refresh&last_id=150&_xfRequestUri=%2F&_xfWithData=1&_xfToken=1549428331%2C035a40a0bbeb9d78855db8a7aff11c04&_xfResponseType=json HTTP/1.1" 200 119 "https://www.paladin-extensions.com/" "Mozilla/5.0 (Windows NT 10.0; Win64; x64) AppleWebKit/537.36 (KHTML, like Gecko) Chrome/71.0.3578.98 Safari/537.36"
24.251.180.38 - - [05/Feb/2019:23:45:41 -0500] "GET /index.php?shoutbox/refresh&last_id=150&_xfRequestUri=%2F&_xfWithData=1&_xfToken=1549428285%2Cd5323c4bb969cd488803a430094b98e4&_xfResponseType=json HTTP/1.1" 200 119 "https://www.paladin-extensions.com/" "Mozilla/5.0 (Windows NT 10.0; Win64; x64) AppleWebKit/537.36 (KHTML, like Gecko) Chrome/71.0.3578.98 Safari/537.36"
174.3.135.102 - - [05/Feb/2019:23:45:41 -0500] "GET /index.php?shoutbox/refresh&last_id=150&_xfRequestUri=%2F&_xfWithData=1&_xfToken=1549428331%2C035a40a0bbeb9d78855db8a7aff11c04&_xfResponseType=json HTTP/1.1" 200 119 "https://www.paladin-extensions.com/" "Mozilla/5.0 (Windows NT 10.0; Win64; x64) AppleWebKit/537.36 (KHTML, like Gecko) Chrome/71.0.3578.98 Safari/537.36"
24.251.180.38 - - [05/Feb/2019:23:45:42 -0500] "GET /index.php?shoutbox/refresh&last_id=150&_xfRequestUri=%2F&_xfWithData=1&_xfToken=1549428285%2Cd5323c4bb969cd488803a430094b98e4&_xfResponseType=json HTTP/1.1" 200 119 "https://www.paladin-extensions.com/" "Mozilla/5.0 (Windows NT 10.0; Win64; x64) AppleWebKit/537.36 (KHTML, like Gecko) Chrome/71.0.3578.98 Safari/537.36"
174.3.135.102 - - [05/Feb/2019:23:45:42 -0500] "GET /index.php?shoutbox/refresh&last_id=150&_xfRequestUri=%2F&_xfWithData=1&_xfToken=1549428331%2C035a40a0bbeb9d78855db8a7aff11c04&_xfResponseType=json HTTP/1.1" 200 119 "https://www.paladin-extensions.com/" "Mozilla/5.0 (Windows NT 10.0; Win64; x64) AppleWebKit/537.36 (KHTML, like Gecko) Chrome/71.0.3578.98 Safari/537.36"
24.251.180.38 - - [05/Feb/2019:23:45:43 -0500] "GET /index.php?shoutbox/refresh&last_id=150&_xfRequestUri=%2F&_xfWithData=1&_xfToken=1549428285%2Cd5323c4bb969cd488803a430094b98e4&_xfResponseType=json HTTP/1.1" 200 119 "https://www.paladin-extensions.com/" "Mozilla/5.0 (Windows NT 10.0; Win64; x64) AppleWebKit/537.36 (KHTML, like Gecko) Chrome/71.0.3578.98 Safari/537.36"
174.3.135.102 - - [05/Feb/2019:23:45:43 -0500] "GET /index.php?shoutbox/refresh&last_id=150&_xfRequestUri=%2F&_xfWithData=1&_xfToken=1549428331%2C035a40a0bbeb9d78855db8a7aff11c04&_xfResponseType=json HTTP/1.1" 200 119 "https://www.paladin-extensions.com/" "Mozilla/5.0 (Windows NT 10.0; Win64; x64) AppleWebKit/537.36 (KHTML, like Gecko) Chrome/71.0.3578.98 Safari/537.36"
24.251.180.38 - - [05/Feb/2019:23:45:44 -0500] "GET /index.php?shoutbox/refresh&last_id=150&_xfRequestUri=%2F&_xfWithData=1&_xfToken=1549428285%2Cd5323c4bb969cd488803a430094b98e4&_xfResponseType=json HTTP/1.1" 200 119 "https://www.paladin-extensions.com/" "Mozilla/5.0 (Windows NT 10.0; Win64; x64) AppleWebKit/537.36 (KHTML, like Gecko) Chrome/71.0.3578.98 Safari/537.36"
174.3.135.102 - - [05/Feb/2019:23:45:44 -0500] "GET /index.php?shoutbox/refresh&last_id=150&_xfRequestUri=%2F&_xfWithData=1&_xfToken=1549428331%2C035a40a0bbeb9d78855db8a7aff11c04&_xfResponseType=json HTTP/1.1" 200 119 "https://www.paladin-extensions.com/" "Mozilla/5.0 (Windows NT 10.0; Win64; x64) AppleWebKit/537.36 (KHTML, like Gecko) Chrome/71.0.3578.98 Safari/537.36"
24.251.180.38 - - [05/Feb/2019:23:45:45 -0500] "GET /index.php?shoutbox/refresh&last_id=150&_xfRequestUri=%2F&_xfWithData=1&_xfToken=1549428285%2Cd5323c4bb969cd488803a430094b98e4&_xfResponseType=json HTTP/1.1" 200 119 "https://www.paladin-extensions.com/" "Mozilla/5.0 (Windows NT 10.0; Win64; x64) AppleWebKit/537.36 (KHTML, like Gecko) Chrome/71.0.3578.98 Safari/537.36"
174.3.135.102 - - [05/Feb/2019:23:45:45 -0500] "GET /index.php?shoutbox/refresh&last_id=150&_xfRequestUri=%2F&_xfWithData=1&_xfToken=1549428331%2C035a40a0bbeb9d78855db8a7aff11c04&_xfResponseType=json HTTP/1.1" 200 119 "https://www.paladin-extensions.com/" "Mozilla/5.0 (Windows NT 10.0; Win64; x64) AppleWebKit/537.36 (KHTML, like Gecko) Chrome/71.0.3578.98 Safari/537.36"
24.251.180.38 - - [05/Feb/2019:23:45:46 -0500] "GET /index.php?shoutbox/refresh&last_id=150&_xfRequestUri=%2F&_xfWithData=1&_xfToken=1549428285%2Cd5323c4bb969cd488803a430094b98e4&_xfResponseType=json HTTP/1.1" 200 119 "https://www.paladin-extensions.com/" "Mozilla/5.0 (Windows NT 10.0; Win64; x64) AppleWebKit/537.36 (KHTML, like Gecko) Chrome/71.0.3578.98 Safari/537.36"
174.3.135.102 - - [05/Feb/2019:23:45:46 -0500] "GET /index.php?shoutbox/refresh&last_id=150&_xfRequestUri=%2F&_xfWithData=1&_xfToken=1549428331%2C035a40a0bbeb9d78855db8a7aff11c04&_xfResponseType=json HTTP/1.1" 200 119 "https://www.paladin-extensions.com/" "Mozilla/5.0 (Windows NT 10.0; Win64; x64) AppleWebKit/537.36 (KHTML, like Gecko) Chrome/71.0.3578.98 Safari/537.36"
174.3.135.102 - - [05/Feb/2019:23:45:46 -0500] "GET /posts/144/ HTTP/1.1" 301 - "https://www.paladin-extensions.com/" "Mozilla/5.0 (Windows NT 10.0; Win64; x64) AppleWebKit/537.36 (KHTML, like Gecko) Chrome/71.0.3578.98 Safari/537.36"
174.3.135.102 - - [05/Feb/2019:23:45:46 -0500] "GET /threads/bug-reporting-px-csgo.60/ HTTP/1.1" 200 26998 "https://www.paladin-extensions.com/" "Mozilla/5.0 (Windows NT 10.0; Win64; x64) AppleWebKit/537.36 (KHTML, like Gecko) Chrome/71.0.3578.98 Safari/537.36"
174.3.135.102 - - [05/Feb/2019:23:45:46 -0500] "GET /data/avatars/m/0/1.jpg?1538028194 HTTP/1.1" 200 8933 "https://www.paladin-extensions.com/threads/bug-reporting-px-csgo.60/" "Mozilla/5.0 (Windows NT 10.0; Win64; x64) AppleWebKit/537.36 (KHTML, like Gecko) Chrome/71.0.3578.98 Safari/537.36"
174.3.135.102 - - [05/Feb/2019:23:45:46 -0500] "GET /js/xf/inline_mod.min.js?_v=56a48e2b HTTP/1.1" 200 2390 "https://www.paladin-extensions.com/threads/bug-reporting-px-csgo.60/" "Mozilla/5.0 (Windows NT 10.0; Win64; x64) AppleWebKit/537.36 (KHTML, like Gecko) Chrome/71.0.3578.98 Safari/537.36"
174.3.135.102 - - [05/Feb/2019:23:45:46 -0500] "GET /css.php?css=public%3Aaloph_op_ribbon_style.less%2Cpublic%3Aattachments.less%2Cpublic%3Aeditor.less%2Cpublic%3Akl_em_froala_image.less%2Cpublic%3Akl_em_froala_special_characters.less%2Cpublic%3Akl_em_froala_table.less%2Cpublic%3Alightbox.less%2Cpublic%3Amessage.less%2Cpublic%3Amessage_macros_steam.less%2Cpublic%3Ashare_controls.less%2Cpublic%3Ath_reactions.less%2Cpublic%3Aextra.less&s=8&l=1&d=1549226017&k=202d791956e8b826190cc53bbadefa4dbd632b4b HTTP/1.1" 200 31261 "https://www.paladin-extensions.com/threads/bug-reporting-px-csgo.60/" "Mozilla/5.0 (Windows NT 10.0; Win64; x64) AppleWebKit/537.36 (KHTML, like Gecko) Chrome/71.0.3578.98 Safari/537.36"
174.3.135.102 - - [05/Feb/2019:23:45:46 -0500] "GET /js/editor-manager/hide-refresh.js?_v=56a48e2b HTTP/1.1" 200 385 "https://www.paladin-extensions.com/threads/bug-reporting-px-csgo.60/" "Mozilla/5.0 (Windows NT 10.0; Win64; x64) AppleWebKit/537.36 (KHTML, like Gecko) Chrome/71.0.3578.98 Safari/537.36"
174.3.135.102 - - [05/Feb/2019:23:45:46 -0500] "GET /js/themehouse/reactions/react.js?_v=56a48e2b HTTP/1.1" 200 3499 "https://www.paladin-extensions.com/threads/bug-reporting-px-csgo.60/" "Mozilla/5.0 (Windows NT 10.0; Win64; x64) AppleWebKit/537.36 (KHTML, like Gecko) Chrome/71.0.3578.98 Safari/537.36"
174.3.135.102 - - [05/Feb/2019:23:45:47 -0500] "GET /js/vendor/froala/plugins/table.min.js?_v=56a48e2b HTTP/1.1" 200 12751 "https://www.paladin-extensions.com/threads/bug-reporting-px-csgo.60/" "Mozilla/5.0 (Windows NT 10.0; Win64; x64) AppleWebKit/537.36 (KHTML, like Gecko) Chrome/71.0.3578.98 Safari/537.36"
174.3.135.102 - - [05/Feb/2019:23:45:47 -0500] "GET /js/xf/editor-compiled.js?_v=56a48e2b HTTP/1.1" 200 89394 "https://www.paladin-extensions.com/threads/bug-reporting-px-csgo.60/" "Mozilla/5.0 (Windows NT 10.0; Win64; x64) AppleWebKit/537.36 (KHTML, like Gecko) Chrome/71.0.3578.98 Safari/537.36"
174.3.135.102 - - [05/Feb/2019:23:45:47 -0500] "GET /js/editor-manager/plugins/hide.plugin.min.js?_v=56a48e2b HTTP/1.1" 200 552 "https://www.paladin-extensions.com/threads/bug-reporting-px-csgo.60/" "Mozilla/5.0 (Windows NT 10.0; Win64; x64) AppleWebKit/537.36 (KHTML, like Gecko) Chrome/71.0.3578.98 Safari/537.36"
174.3.135.102 - - [05/Feb/2019:23:45:47 -0500] "GET /js/vendor/froala/plugins/special_characters.min.js?_v=56a48e2b HTTP/1.1" 200 5527 "https://www.paladin-extensions.com/threads/bug-reporting-px-csgo.60/" "Mozilla/5.0 (Windows NT 10.0; Win64; x64) AppleWebKit/537.36 (KHTML, like Gecko) Chrome/71.0.3578.98 Safari/537.36"
174.3.135.102 - - [05/Feb/2019:23:45:47 -0500] "GET /js/editor-manager/plugins/inlineSpoiler.plugin.min.js?_v=56a48e2b HTTP/1.1" 200 625 "https://www.paladin-extensions.com/threads/bug-reporting-px-csgo.60/" "Mozilla/5.0 (Windows NT 10.0; Win64; x64) AppleWebKit/537.36 (KHTML, like Gecko) Chrome/71.0.3578.98 Safari/537.36"
174.3.135.102 - - [05/Feb/2019:23:45:47 -0500] "GET /styles/themehouse/reactions/disagree.svg HTTP/1.1" 200 893 "https://www.paladin-extensions.com/threads/bug-reporting-px-csgo.60/" "Mozilla/5.0 (Windows NT 10.0; Win64; x64) AppleWebKit/537.36 (KHTML, like Gecko) Chrome/71.0.3578.98 Safari/537.36"
174.3.135.102 - - [05/Feb/2019:23:45:47 -0500] "GET /styles/themehouse/reactions/informative.svg HTTP/1.1" 200 1166 "https://www.paladin-extensions.com/threads/bug-reporting-px-csgo.60/" "Mozilla/5.0 (Windows NT 10.0; Win64; x64) AppleWebKit/537.36 (KHTML, like Gecko) Chrome/71.0.3578.98 Safari/537.36"
174.3.135.102 - - [05/Feb/2019:23:45:47 -0500] "GET /js/editor-manager/plugins/dropdowns.plugin.min.js?_v=56a48e2b HTTP/1.1" 200 538 "https://www.paladin-extensions.com/threads/bug-reporting-px-csgo.60/" "Mozilla/5.0 (Windows NT 10.0; Win64; x64) AppleWebKit/537.36 (KHTML, like Gecko) Chrome/71.0.3578.98 Safari/537.36"
174.3.135.102 - - [05/Feb/2019:23:45:47 -0500] "GET /styles/themehouse/reactions/agree.svg HTTP/1.1" 200 844 "https://www.paladin-extensions.com/threads/bug-reporting-px-csgo.60/" "Mozilla/5.0 (Windows NT 10.0; Win64; x64) AppleWebKit/537.36 (KHTML, like Gecko) Chrome/71.0.3578.98 Safari/537.36"
174.3.135.102 - - [05/Feb/2019:23:45:47 -0500] "GET /js/editor-manager/plugins/justify.plugin.min.js?_v=56a48e2b HTTP/1.1" 200 253 "https://www.paladin-extensions.com/threads/bug-reporting-px-csgo.60/" "Mozilla/5.0 (Windows NT 10.0; Win64; x64) AppleWebKit/537.36 (KHTML, like Gecko) Chrome/71.0.3578.98 Safari/537.36"
174.3.135.102 - - [05/Feb/2019:23:45:47 -0500] "GET /styles/themehouse/reactions/badspelling.svg HTTP/1.1" 200 2346 "https://www.paladin-extensions.com/threads/bug-reporting-px-csgo.60/" "Mozilla/5.0 (Windows NT 10.0; Win64; x64) AppleWebKit/537.36 (KHTML, like Gecko) Chrome/71.0.3578.98 Safari/537.36"
174.3.135.102 - - [05/Feb/2019:23:45:47 -0500] "GET /js/xf/attachment_manager-compiled.js?_v=56a48e2b HTTP/1.1" 200 9473 "https://www.paladin-extensions.com/threads/bug-reporting-px-csgo.60/" "Mozilla/5.0 (Windows NT 10.0; Win64; x64) AppleWebKit/537.36 (KHTML, like Gecko) Chrome/71.0.3578.98 Safari/537.36"
174.3.135.102 - - [05/Feb/2019:23:45:47 -0500] "GET /styles/themehouse/reactions/like.svg HTTP/1.1" 200 1551 "https://www.paladin-extensions.com/threads/bug-reporting-px-csgo.60/" "Mozilla/5.0 (Windows NT 10.0; Win64; x64) AppleWebKit/537.36 (KHTML, like Gecko) Chrome/71.0.3578.98 Safari/537.36"
174.3.135.102 - - [05/Feb/2019:23:45:47 -0500] "GET /styles/themehouse/reactions/happy.svg HTTP/1.1" 200 1792 "https://www.paladin-extensions.com/threads/bug-reporting-px-csgo.60/" "Mozilla/5.0 (Windows NT 10.0; Win64; x64) AppleWebKit/537.36 (KHTML, like Gecko) Chrome/71.0.3578.98 Safari/537.36"
174.3.135.102 - - [05/Feb/2019:23:45:47 -0500] "GET /js/editor-manager/plugins/colors.plugin.min.js?_v=56a48e2b HTTP/1.1" 200 331 "https://www.paladin-extensions.com/threads/bug-reporting-px-csgo.60/" "Mozilla/5.0 (Windows NT 10.0; Win64; x64) AppleWebKit/537.36 (KHTML, like Gecko) Chrome/71.0.3578.98 Safari/537.36"
174.3.135.102 - - [05/Feb/2019:23:45:47 -0500] "GET /styles/themehouse/reactions/sad.svg HTTP/1.1" 200 2237 "https://www.paladin-extensions.com/threads/bug-reporting-px-csgo.60/" "Mozilla/5.0 (Windows NT 10.0; Win64; x64) AppleWebKit/537.36 (KHTML, like Gecko) Chrome/71.0.3578.98 Safari/537.36"
174.3.135.102 - - [05/Feb/2019:23:45:47 -0500] "GET /styles/themehouse/reactions/angry.svg HTTP/1.1" 200 1688 "https://www.paladin-extensions.com/threads/bug-reporting-px-csgo.60/" "Mozilla/5.0 (Windows NT 10.0; Win64; x64) AppleWebKit/537.36 (KHTML, like Gecko) Chrome/71.0.3578.98 Safari/537.36"
174.3.135.102 - - [05/Feb/2019:23:45:47 -0500] "GET /styles/themehouse/reactions/old.svg HTTP/1.1" 200 2329 "https://www.paladin-extensions.com/threads/bug-reporting-px-csgo.60/" "Mozilla/5.0 (Windows NT 10.0; Win64; x64) AppleWebKit/537.36 (KHTML, like Gecko) Chrome/71.0.3578.98 Safari/537.36"
174.3.135.102 - - [05/Feb/2019:23:45:47 -0500] "GET /styles/themehouse/reactions/dislike.svg HTTP/1.1" 200 1581 "https://www.paladin-extensions.com/threads/bug-reporting-px-csgo.60/" "Mozilla/5.0 (Windows NT 10.0; Win64; x64) AppleWebKit/537.36 (KHTML, like Gecko) Chrome/71.0.3578.98 Safari/537.36"
174.3.135.102 - - [05/Feb/2019:23:45:47 -0500] "GET /styles/themehouse/reactions/funny.svg HTTP/1.1" 200 2163 "https://www.paladin-extensions.com/threads/bug-reporting-px-csgo.60/" "Mozilla/5.0 (Windows NT 10.0; Win64; x64) AppleWebKit/537.36 (KHTML, like Gecko) Chrome/71.0.3578.98 Safari/537.36"
174.3.135.102 - - [05/Feb/2019:23:45:47 -0500] "GET /styles/themehouse/reactions/surprised.svg HTTP/1.1" 200 1543 "https://www.paladin-extensions.com/threads/bug-reporting-px-csgo.60/" "Mozilla/5.0 (Windows NT 10.0; Win64; x64) AppleWebKit/537.36 (KHTML, like Gecko) Chrome/71.0.3578.98 Safari/537.36"
174.3.135.102 - - [05/Feb/2019:23:45:47 -0500] "GET /js/editor-manager/base.min.js?_v=56a48e2b HTTP/1.1" 200 335 "https://www.paladin-extensions.com/threads/bug-reporting-px-csgo.60/" "Mozilla/5.0 (Windows NT 10.0; Win64; x64) AppleWebKit/537.36 (KHTML, like Gecko) Chrome/71.0.3578.98 Safari/537.36"
174.3.135.102 - - [05/Feb/2019:23:45:47 -0500] "GET /data/avatars/m/0/25.jpg?1544675776 HTTP/1.1" 200 3337 "https://www.paladin-extensions.com/threads/bug-reporting-px-csgo.60/" "Mozilla/5.0 (Windows NT 10.0; Win64; x64) AppleWebKit/537.36 (KHTML, like Gecko) Chrome/71.0.3578.98 Safari/537.36"
174.3.135.102 - - [05/Feb/2019:23:45:47 -0500] "GET /styles/themehouse/reactions/useful.svg HTTP/1.1" 200 2186 "https://www.paladin-extensions.com/threads/bug-reporting-px-csgo.60/" "Mozilla/5.0 (Windows NT 10.0; Win64; x64) AppleWebKit/537.36 (KHTML, like Gecko) Chrome/71.0.3578.98 Safari/537.36"
174.3.135.102 - - [05/Feb/2019:23:45:47 -0500] "GET /styles/themehouse/reactions/creative.svg HTTP/1.1" 200 1769 "https://www.paladin-extensions.com/threads/bug-reporting-px-csgo.60/" "Mozilla/5.0 (Windows NT 10.0; Win64; x64) AppleWebKit/537.36 (KHTML, like Gecko) Chrome/71.0.3578.98 Safari/537.36"
174.3.135.102 - - [05/Feb/2019:23:45:47 -0500] "GET /data/avatars/m/0/4.jpg?1533106845 HTTP/1.1" 200 3727 "https://www.paladin-extensions.com/threads/bug-reporting-px-csgo.60/" "Mozilla/5.0 (Windows NT 10.0; Win64; x64) AppleWebKit/537.36 (KHTML, like Gecko) Chrome/71.0.3578.98 Safari/537.36"
174.3.135.102 - - [05/Feb/2019:23:45:47 -0500] "GET /styles/themehouse/reactions/dumb.svg HTTP/1.1" 200 1324 "https://www.paladin-extensions.com/threads/bug-reporting-px-csgo.60/" "Mozilla/5.0 (Windows NT 10.0; Win64; x64) AppleWebKit/537.36 (KHTML, like Gecko) Chrome/71.0.3578.98 Safari/537.36"
174.3.135.102 - - [05/Feb/2019:23:45:47 -0500] "GET /styles/themehouse/reactions/sleepy.svg HTTP/1.1" 200 1367 "https://www.paladin-extensions.com/threads/bug-reporting-px-csgo.60/" "Mozilla/5.0 (Windows NT 10.0; Win64; x64) AppleWebKit/537.36 (KHTML, like Gecko) Chrome/71.0.3578.98 Safari/537.36"
24.251.180.38 - - [05/Feb/2019:23:45:47 -0500] "GET /index.php?shoutbox/refresh&last_id=150&_xfRequestUri=%2F&_xfWithData=1&_xfToken=1549428285%2Cd5323c4bb969cd488803a430094b98e4&_xfResponseType=json HTTP/1.1" 200 119 "https://www.paladin-extensions.com/" "Mozilla/5.0 (Windows NT 10.0; Win64; x64) AppleWebKit/537.36 (KHTML, like Gecko) Chrome/71.0.3578.98 Safari/537.36"
