96.126.106.201 - - [23/Dec/2018:05:22:25 -0500] "GET / HTTP/1.1" 301 - "https://www.paladin.rip/" "HetrixTools Uptime Monitoring Bot. https://hetrix.tools/uptime-monitoring-bot.html"
149.28.212.239 - - [23/Dec/2018:05:22:25 -0500] "GET / HTTP/1.1" 301 - "https://www.paladin.rip/" "HetrixTools Uptime Monitoring Bot. https://hetrix.tools/uptime-monitoring-bot.html"
149.28.212.239 - - [23/Dec/2018:05:22:25 -0500] "GET / HTTP/1.1" 500 10101 "https://paladin-extensions.com/" "HetrixTools Uptime Monitoring Bot. https://hetrix.tools/uptime-monitoring-bot.html"
96.126.106.201 - - [23/Dec/2018:05:22:25 -0500] "GET / HTTP/1.1" 500 10100 "https://paladin-extensions.com/" "HetrixTools Uptime Monitoring Bot. https://hetrix.tools/uptime-monitoring-bot.html"
24.251.180.38 - - [23/Dec/2018:05:22:34 -0500] "GET /admin.php?options/groups/boardActive/ HTTP/1.1" 200 10302 "https://www.paladin-extensions.com/admin.php?options/boardActive/edit&group_id=boardActive" "Mozilla/5.0 (Windows NT 10.0; Win64; x64) AppleWebKit/537.36 (KHTML, like Gecko) Chrome/71.0.3578.98 Safari/537.36"
24.251.180.38 - - [23/Dec/2018:05:22:35 -0500] "POST /job.php HTTP/1.1" 200 14 "https://www.paladin-extensions.com/admin.php?options/groups/boardActive/" "Mozilla/5.0 (Windows NT 10.0; Win64; x64) AppleWebKit/537.36 (KHTML, like Gecko) Chrome/71.0.3578.98 Safari/537.36"
24.251.180.38 - - [23/Dec/2018:05:22:42 -0500] "POST /admin.php?options/save HTTP/1.1" 200 376 "https://www.paladin-extensions.com/admin.php?options/add&group_id=boardActive" "Mozilla/5.0 (Windows NT 10.0; Win64; x64) AppleWebKit/537.36 (KHTML, like Gecko) Chrome/71.0.3578.98 Safari/537.36"
24.251.180.38 - - [23/Dec/2018:05:22:43 -0500] "GET /admin.php?options/groups/boardActive/ HTTP/1.1" 200 10356 "https://www.paladin-extensions.com/admin.php?options/add&group_id=boardActive" "Mozilla/5.0 (Windows NT 10.0; Win64; x64) AppleWebKit/537.36 (KHTML, like Gecko) Chrome/71.0.3578.98 Safari/537.36"
24.251.180.38 - - [23/Dec/2018:05:22:43 -0500] "GET /css.php?css=public%3Aextra.less&s=0&l=1&d=1545560563&k=eb849f925401e68902e4225a70f3aade77311cd4 HTTP/1.1" 200 65 "https://www.paladin-extensions.com/admin.php?options/groups/boardActive/" "Mozilla/5.0 (Windows NT 10.0; Win64; x64) AppleWebKit/537.36 (KHTML, like Gecko) Chrome/71.0.3578.98 Safari/537.36"
24.251.180.38 - - [23/Dec/2018:05:22:43 -0500] "GET /css.php?css=public%3Anormalize.css%2Cpublic%3Acore.less%2Cadmin%3Aapp.less&s=0&l=1&d=1545560563&k=6f87c5212d87f76df318dfac9c1c50b5cb45e9ef HTTP/1.1" 200 37963 "https://www.paladin-extensions.com/admin.php?options/groups/boardActive/" "Mozilla/5.0 (Windows NT 10.0; Win64; x64) AppleWebKit/537.36 (KHTML, like Gecko) Chrome/71.0.3578.98 Safari/537.36"
24.251.180.38 - - [23/Dec/2018:05:22:58 -0500] "GET /admin.php?options/groups/boardActive/ HTTP/1.1" 200 9447 "https://www.paladin-extensions.com/admin.php?options/add&group_id=boardActive" "Mozilla/5.0 (Windows NT 10.0; Win64; x64) AppleWebKit/537.36 (KHTML, like Gecko) Chrome/71.0.3578.98 Safari/537.36"
24.251.180.38 - - [23/Dec/2018:05:22:59 -0500] "POST /job.php HTTP/1.1" 200 14 "https://www.paladin-extensions.com/admin.php?options/groups/boardActive/" "Mozilla/5.0 (Windows NT 10.0; Win64; x64) AppleWebKit/537.36 (KHTML, like Gecko) Chrome/71.0.3578.98 Safari/537.36"
24.251.180.38 - - [23/Dec/2018:05:23:08 -0500] "GET /admin.php?add-ons/ahDiscordWidget/upgrade&_xfRequestUri=%2Fadmin.php%3Fadd-ons%2F&_xfWithData=1&_xfToken=1545560578%2Cd51b40b7ba8347b7bff28efae727dcc5&_xfResponseType=json HTTP/1.1" 200 1409 "https://www.paladin-extensions.com/admin.php?add-ons/" "Mozilla/5.0 (Windows NT 10.0; Win64; x64) AppleWebKit/537.36 (KHTML, like Gecko) Chrome/71.0.3578.98 Safari/537.36"
24.251.180.38 - - [23/Dec/2018:05:23:10 -0500] "POST /admin.php?add-ons/ahDiscordWidget/upgrade HTTP/1.1" 200 2466 "https://www.paladin-extensions.com/admin.php?add-ons/" "Mozilla/5.0 (Windows NT 10.0; Win64; x64) AppleWebKit/537.36 (KHTML, like Gecko) Chrome/71.0.3578.98 Safari/537.36"
138.197.17.201 - - [23/Dec/2018:05:23:10 -0500] "GET / HTTP/1.1" 301 - "https://www.paladin.rip/" "HetrixTools Uptime Monitoring Bot. https://hetrix.tools/uptime-monitoring-bot.html"
24.251.180.38 - - [23/Dec/2018:05:23:10 -0500] "POST /admin.php?add-ons/ahDiscordWidget/upgrade HTTP/1.1" 200 2467 "https://www.paladin-extensions.com/admin.php?add-ons/ahDiscordWidget/upgrade" "Mozilla/5.0 (Windows NT 10.0; Win64; x64) AppleWebKit/537.36 (KHTML, like Gecko) Chrome/71.0.3578.98 Safari/537.36"
24.251.180.38 - - [23/Dec/2018:05:23:11 -0500] "POST /admin.php?add-ons/ahDiscordWidget/upgrade HTTP/1.1" 303 - "https://www.paladin-extensions.com/admin.php?add-ons/ahDiscordWidget/upgrade" "Mozilla/5.0 (Windows NT 10.0; Win64; x64) AppleWebKit/537.36 (KHTML, like Gecko) Chrome/71.0.3578.98 Safari/537.36"
24.251.180.38 - - [23/Dec/2018:05:23:11 -0500] "GET /admin.php?tools/run-job&only_ids=70&_xfRedirect=https%3A%2F%2Fwww.paladin-extensions.com%2Fadmin.php%3Fadd-ons%2FahDiscordWidget%2Ffinalize%26t%3D1545560591%252C726ee0c5d82017db200e1f39443b8966%26a%3Dupgrade HTTP/1.1" 200 2428 "https://www.paladin-extensions.com/admin.php?add-ons/ahDiscordWidget/upgrade" "Mozilla/5.0 (Windows NT 10.0; Win64; x64) AppleWebKit/537.36 (KHTML, like Gecko) Chrome/71.0.3578.98 Safari/537.36"
138.197.17.201 - - [23/Dec/2018:05:23:11 -0500] "GET / HTTP/1.1" 503 9789 "https://paladin-extensions.com/" "HetrixTools Uptime Monitoring Bot. https://hetrix.tools/uptime-monitoring-bot.html"
24.251.180.38 - - [23/Dec/2018:05:23:11 -0500] "POST /admin.php?tools/run-job HTTP/1.1" 200 2437 "https://www.paladin-extensions.com/admin.php?tools/run-job&only_ids=70&_xfRedirect=https%3A%2F%2Fwww.paladin-extensions.com%2Fadmin.php%3Fadd-ons%2FahDiscordWidget%2Ffinalize%26t%3D1545560591%252C726ee0c5d82017db200e1f39443b8966%26a%3Dupgrade" "Mozilla/5.0 (Windows NT 10.0; Win64; x64) AppleWebKit/537.36 (KHTML, like Gecko) Chrome/71.0.3578.98 Safari/537.36"
24.251.180.38 - - [23/Dec/2018:05:23:11 -0500] "POST /admin.php?tools/run-job HTTP/1.1" 200 2435 "https://www.paladin-extensions.com/admin.php?tools/run-job" "Mozilla/5.0 (Windows NT 10.0; Win64; x64) AppleWebKit/537.36 (KHTML, like Gecko) Chrome/71.0.3578.98 Safari/537.36"
24.251.180.38 - - [23/Dec/2018:05:23:12 -0500] "POST /admin.php?tools/run-job HTTP/1.1" 200 2462 "https://www.paladin-extensions.com/admin.php?tools/run-job" "Mozilla/5.0 (Windows NT 10.0; Win64; x64) AppleWebKit/537.36 (KHTML, like Gecko) Chrome/71.0.3578.98 Safari/537.36"
24.251.180.38 - - [23/Dec/2018:05:23:12 -0500] "POST /admin.php?tools/run-job HTTP/1.1" 200 2459 "https://www.paladin-extensions.com/admin.php?tools/run-job" "Mozilla/5.0 (Windows NT 10.0; Win64; x64) AppleWebKit/537.36 (KHTML, like Gecko) Chrome/71.0.3578.98 Safari/537.36"
138.197.17.201 - - [23/Dec/2018:05:23:12 -0500] "GET / HTTP/1.1" 301 - "https://www.paladin.rip/" "HetrixTools Uptime Monitoring Bot. https://hetrix.tools/uptime-monitoring-bot.html"
24.251.180.38 - - [23/Dec/2018:05:23:12 -0500] "POST /admin.php?tools/run-job HTTP/1.1" 200 2454 "https://www.paladin-extensions.com/admin.php?tools/run-job" "Mozilla/5.0 (Windows NT 10.0; Win64; x64) AppleWebKit/537.36 (KHTML, like Gecko) Chrome/71.0.3578.98 Safari/537.36"
138.197.17.201 - - [23/Dec/2018:05:23:13 -0500] "GET / HTTP/1.1" 503 9856 "https://paladin-extensions.com/" "HetrixTools Uptime Monitoring Bot. https://hetrix.tools/uptime-monitoring-bot.html"
24.251.180.38 - - [23/Dec/2018:05:23:12 -0500] "POST /admin.php?tools/run-job HTTP/1.1" 200 2436 "https://www.paladin-extensions.com/admin.php?tools/run-job" "Mozilla/5.0 (Windows NT 10.0; Win64; x64) AppleWebKit/537.36 (KHTML, like Gecko) Chrome/71.0.3578.98 Safari/537.36"
24.251.180.38 - - [23/Dec/2018:05:23:13 -0500] "GET /css.php?css=public%3Aextra.less&s=0&l=1&d=1545560593&k=eb849f925401e68902e4225a70f3aade77311cd4 HTTP/1.1" 200 65 "https://www.paladin-extensions.com/admin.php?tools/run-job" "Mozilla/5.0 (Windows NT 10.0; Win64; x64) AppleWebKit/537.36 (KHTML, like Gecko) Chrome/71.0.3578.98 Safari/537.36"
138.197.17.201 - - [23/Dec/2018:05:23:14 -0500] "GET / HTTP/1.1" 301 - "https://www.paladin.rip/" "HetrixTools Uptime Monitoring Bot. https://hetrix.tools/uptime-monitoring-bot.html"
24.251.180.38 - - [23/Dec/2018:05:23:13 -0500] "GET /css.php?css=public%3Anormalize.css%2Cpublic%3Acore.less%2Cadmin%3Aapp.less&s=0&l=1&d=1545560593&k=6f87c5212d87f76df318dfac9c1c50b5cb45e9ef HTTP/1.1" 200 34456 "https://www.paladin-extensions.com/admin.php?tools/run-job" "Mozilla/5.0 (Windows NT 10.0; Win64; x64) AppleWebKit/537.36 (KHTML, like Gecko) Chrome/71.0.3578.98 Safari/537.36"
24.251.180.38 - - [23/Dec/2018:05:23:14 -0500] "POST /admin.php?tools/run-job HTTP/1.1" 200 2457 "https://www.paladin-extensions.com/admin.php?tools/run-job" "Mozilla/5.0 (Windows NT 10.0; Win64; x64) AppleWebKit/537.36 (KHTML, like Gecko) Chrome/71.0.3578.98 Safari/537.36"
138.197.17.201 - - [23/Dec/2018:05:23:14 -0500] "GET / HTTP/1.1" 503 9850 "https://paladin-extensions.com/" "HetrixTools Uptime Monitoring Bot. https://hetrix.tools/uptime-monitoring-bot.html"
24.251.180.38 - - [23/Dec/2018:05:23:14 -0500] "POST /admin.php?tools/run-job HTTP/1.1" 200 2464 "https://www.paladin-extensions.com/admin.php?tools/run-job" "Mozilla/5.0 (Windows NT 10.0; Win64; x64) AppleWebKit/537.36 (KHTML, like Gecko) Chrome/71.0.3578.98 Safari/537.36"
188.166.79.172 - - [23/Dec/2018:05:23:15 -0500] "GET / HTTP/1.1" 301 - "https://www.paladin.rip/" "HetrixTools Uptime Monitoring Bot. https://hetrix.tools/uptime-monitoring-bot.html"
24.251.180.38 - - [23/Dec/2018:05:23:15 -0500] "GET /css.php?css=public%3Aextra.less&s=0&l=1&d=1545560595&k=eb849f925401e68902e4225a70f3aade77311cd4 HTTP/1.1" 200 65 "https://www.paladin-extensions.com/admin.php?tools/run-job" "Mozilla/5.0 (Windows NT 10.0; Win64; x64) AppleWebKit/537.36 (KHTML, like Gecko) Chrome/71.0.3578.98 Safari/537.36"
24.251.180.38 - - [23/Dec/2018:05:23:15 -0500] "GET /css.php?css=public%3Anormalize.css%2Cpublic%3Acore.less%2Cadmin%3Aapp.less&s=0&l=1&d=1545560595&k=6f87c5212d87f76df318dfac9c1c50b5cb45e9ef HTTP/1.1" 200 34456 "https://www.paladin-extensions.com/admin.php?tools/run-job" "Mozilla/5.0 (Windows NT 10.0; Win64; x64) AppleWebKit/537.36 (KHTML, like Gecko) Chrome/71.0.3578.98 Safari/537.36"
188.166.79.172 - - [23/Dec/2018:05:23:16 -0500] "GET / HTTP/1.1" 503 9848 "https://paladin-extensions.com/" "HetrixTools Uptime Monitoring Bot. https://hetrix.tools/uptime-monitoring-bot.html"
24.251.180.38 - - [23/Dec/2018:05:23:16 -0500] "POST /admin.php?tools/run-job HTTP/1.1" 200 2471 "https://www.paladin-extensions.com/admin.php?tools/run-job" "Mozilla/5.0 (Windows NT 10.0; Win64; x64) AppleWebKit/537.36 (KHTML, like Gecko) Chrome/71.0.3578.98 Safari/537.36"
24.251.180.38 - - [23/Dec/2018:05:23:16 -0500] "POST /admin.php?tools/run-job HTTP/1.1" 200 2459 "https://www.paladin-extensions.com/admin.php?tools/run-job" "Mozilla/5.0 (Windows NT 10.0; Win64; x64) AppleWebKit/537.36 (KHTML, like Gecko) Chrome/71.0.3578.98 Safari/537.36"
24.251.180.38 - - [23/Dec/2018:05:23:16 -0500] "GET /css.php?css=public%3Aextra.less&s=0&l=1&d=1545560596&k=eb849f925401e68902e4225a70f3aade77311cd4 HTTP/1.1" 200 65 "https://www.paladin-extensions.com/admin.php?tools/run-job" "Mozilla/5.0 (Windows NT 10.0; Win64; x64) AppleWebKit/537.36 (KHTML, like Gecko) Chrome/71.0.3578.98 Safari/537.36"
24.251.180.38 - - [23/Dec/2018:05:23:16 -0500] "GET /css.php?css=public%3Anormalize.css%2Cpublic%3Acore.less%2Cadmin%3Aapp.less&s=0&l=1&d=1545560596&k=6f87c5212d87f76df318dfac9c1c50b5cb45e9ef HTTP/1.1" 200 34456 "https://www.paladin-extensions.com/admin.php?tools/run-job" "Mozilla/5.0 (Windows NT 10.0; Win64; x64) AppleWebKit/537.36 (KHTML, like Gecko) Chrome/71.0.3578.98 Safari/537.36"
24.251.180.38 - - [23/Dec/2018:05:23:17 -0500] "POST /admin.php?tools/run-job HTTP/1.1" 200 2461 "https://www.paladin-extensions.com/admin.php?tools/run-job" "Mozilla/5.0 (Windows NT 10.0; Win64; x64) AppleWebKit/537.36 (KHTML, like Gecko) Chrome/71.0.3578.98 Safari/537.36"
188.166.79.172 - - [23/Dec/2018:05:23:17 -0500] "GET / HTTP/1.1" 301 - "https://www.paladin.rip/" "HetrixTools Uptime Monitoring Bot. https://hetrix.tools/uptime-monitoring-bot.html"
24.251.180.38 - - [23/Dec/2018:05:23:17 -0500] "POST /admin.php?tools/run-job HTTP/1.1" 303 - "https://www.paladin-extensions.com/admin.php?tools/run-job" "Mozilla/5.0 (Windows NT 10.0; Win64; x64) AppleWebKit/537.36 (KHTML, like Gecko) Chrome/71.0.3578.98 Safari/537.36"
24.251.180.38 - - [23/Dec/2018:05:23:18 -0500] "GET /admin.php?add-ons/ahDiscordWidget/finalize&t=1545560591%2C726ee0c5d82017db200e1f39443b8966&a=upgrade HTTP/1.1" 303 - "https://www.paladin-extensions.com/admin.php?tools/run-job" "Mozilla/5.0 (Windows NT 10.0; Win64; x64) AppleWebKit/537.36 (KHTML, like Gecko) Chrome/71.0.3578.98 Safari/537.36"
188.166.79.172 - - [23/Dec/2018:05:23:18 -0500] "GET / HTTP/1.1" 503 9861 "https://paladin-extensions.com/" "HetrixTools Uptime Monitoring Bot. https://hetrix.tools/uptime-monitoring-bot.html"
24.251.180.38 - - [23/Dec/2018:05:23:18 -0500] "GET /admin.php?add-ons/ HTTP/1.1" 200 300176 "https://www.paladin-extensions.com/admin.php?tools/run-job" "Mozilla/5.0 (Windows NT 10.0; Win64; x64) AppleWebKit/537.36 (KHTML, like Gecko) Chrome/71.0.3578.98 Safari/537.36"
24.251.180.38 - - [23/Dec/2018:05:23:19 -0500] "GET /js/xf/preamble-compiled.js?_v=de74c7ef HTTP/1.1" 200 7764 "https://www.paladin-extensions.com/admin.php?add-ons/" "Mozilla/5.0 (Windows NT 10.0; Win64; x64) AppleWebKit/537.36 (KHTML, like Gecko) Chrome/71.0.3578.98 Safari/537.36"
24.251.180.38 - - [23/Dec/2018:05:23:19 -0500] "GET /css.php?css=admin%3Aaddon_list.less%2Cpublic%3Aextra.less&s=0&l=1&d=1545560596&k=01dbc271e162bc2fbff90c1a654aa3d8130e88a7 HTTP/1.1" 200 290 "https://www.paladin-extensions.com/admin.php?add-ons/" "Mozilla/5.0 (Windows NT 10.0; Win64; x64) AppleWebKit/537.36 (KHTML, like Gecko) Chrome/71.0.3578.98 Safari/537.36"
24.251.180.38 - - [23/Dec/2018:05:23:19 -0500] "GET /js/vendor/vendor-compiled.js?_v=de74c7ef HTTP/1.1" 200 17856 "https://www.paladin-extensions.com/admin.php?add-ons/" "Mozilla/5.0 (Windows NT 10.0; Win64; x64) AppleWebKit/537.36 (KHTML, like Gecko) Chrome/71.0.3578.98 Safari/537.36"
24.251.180.38 - - [23/Dec/2018:05:23:19 -0500] "GET /js/vendor/jquery/jquery-3.2.1.min.js?_v=de74c7ef HTTP/1.1" 200 30138 "https://www.paladin-extensions.com/admin.php?add-ons/" "Mozilla/5.0 (Windows NT 10.0; Win64; x64) AppleWebKit/537.36 (KHTML, like Gecko) Chrome/71.0.3578.98 Safari/537.36"
24.251.180.38 - - [23/Dec/2018:05:23:19 -0500] "GET /js/xf/admin.min.js?_v=de74c7ef HTTP/1.1" 200 1805 "https://www.paladin-extensions.com/admin.php?add-ons/" "Mozilla/5.0 (Windows NT 10.0; Win64; x64) AppleWebKit/537.36 (KHTML, like Gecko) Chrome/71.0.3578.98 Safari/537.36"
24.251.180.38 - - [23/Dec/2018:05:23:19 -0500] "GET /js/xf/filter.min.js?_v=de74c7ef HTTP/1.1" 200 3338 "https://www.paladin-extensions.com/admin.php?add-ons/" "Mozilla/5.0 (Windows NT 10.0; Win64; x64) AppleWebKit/537.36 (KHTML, like Gecko) Chrome/71.0.3578.98 Safari/537.36"
24.251.180.38 - - [23/Dec/2018:05:23:19 -0500] "GET /js/xf/core-compiled.js?_v=de74c7ef HTTP/1.1" 200 47440 "https://www.paladin-extensions.com/admin.php?add-ons/" "Mozilla/5.0 (Windows NT 10.0; Win64; x64) AppleWebKit/537.36 (KHTML, like Gecko) Chrome/71.0.3578.98 Safari/537.36"
24.251.180.38 - - [23/Dec/2018:05:23:19 -0500] "POST /job.php HTTP/1.1" 200 13 "https://www.paladin-extensions.com/admin.php?add-ons/" "Mozilla/5.0 (Windows NT 10.0; Win64; x64) AppleWebKit/537.36 (KHTML, like Gecko) Chrome/71.0.3578.98 Safari/537.36"
24.251.180.38 - - [23/Dec/2018:05:23:20 -0500] "POST /job.php HTTP/1.1" 200 14 "https://www.paladin-extensions.com/admin.php?add-ons/" "Mozilla/5.0 (Windows NT 10.0; Win64; x64) AppleWebKit/537.36 (KHTML, like Gecko) Chrome/71.0.3578.98 Safari/537.36"
188.166.79.172 - - [23/Dec/2018:05:23:20 -0500] "GET / HTTP/1.1" 301 - "https://www.paladin.rip/" "HetrixTools Uptime Monitoring Bot. https://hetrix.tools/uptime-monitoring-bot.html"
188.166.79.172 - - [23/Dec/2018:05:23:21 -0500] "GET / HTTP/1.1" 503 9854 "https://paladin-extensions.com/" "HetrixTools Uptime Monitoring Bot. https://hetrix.tools/uptime-monitoring-bot.html"
24.251.180.38 - - [23/Dec/2018:05:23:21 -0500] "GET /admin.php HTTP/1.1" 200 79107 "https://www.paladin-extensions.com/admin.php?add-ons/" "Mozilla/5.0 (Windows NT 10.0; Win64; x64) AppleWebKit/537.36 (KHTML, like Gecko) Chrome/71.0.3578.98 Safari/537.36"
24.251.180.38 - - [23/Dec/2018:05:23:22 -0500] "GET /js/xf/stats-compiled.js?_v=de74c7ef HTTP/1.1" 200 13575 "https://www.paladin-extensions.com/admin.php" "Mozilla/5.0 (Windows NT 10.0; Win64; x64) AppleWebKit/537.36 (KHTML, like Gecko) Chrome/71.0.3578.98 Safari/537.36"
24.251.180.38 - - [23/Dec/2018:05:23:21 -0500] "GET /css.php?css=admin%3Aaddon_list.less%2Cadmin%3Astats.less%2Cpublic%3Achartist.css%2Cpublic%3Aextra.less&s=0&l=1&d=1545560596&k=5e92531c549ac7b114c8ebe4aa7d359cc88d51fe HTTP/1.1" 200 2517 "https://www.paladin-extensions.com/admin.php" "Mozilla/5.0 (Windows NT 10.0; Win64; x64) AppleWebKit/537.36 (KHTML, like Gecko) Chrome/71.0.3578.98 Safari/537.36"
24.251.180.38 - - [23/Dec/2018:05:23:23 -0500] "GET /admin.php?templates/outdated HTTP/1.1" 200 8604 "https://www.paladin-extensions.com/admin.php" "Mozilla/5.0 (Windows NT 10.0; Win64; x64) AppleWebKit/537.36 (KHTML, like Gecko) Chrome/71.0.3578.98 Safari/537.36"
24.251.180.38 - - [23/Dec/2018:05:23:24 -0500] "GET /admin.php?logs/server-errors/ HTTP/1.1" 200 8959 "https://www.paladin-extensions.com/admin.php" "Mozilla/5.0 (Windows NT 10.0; Win64; x64) AppleWebKit/537.36 (KHTML, like Gecko) Chrome/71.0.3578.98 Safari/537.36"
149.28.212.239 - - [23/Dec/2018:05:23:25 -0500] "GET / HTTP/1.1" 301 - "https://www.paladin.rip/" "HetrixTools Uptime Monitoring Bot. https://hetrix.tools/uptime-monitoring-bot.html"
149.28.212.239 - - [23/Dec/2018:05:23:26 -0500] "GET / HTTP/1.1" 503 9852 "https://paladin-extensions.com/" "HetrixTools Uptime Monitoring Bot. https://hetrix.tools/uptime-monitoring-bot.html"
149.28.212.239 - - [23/Dec/2018:05:23:27 -0500] "GET / HTTP/1.1" 301 - "https://www.paladin.rip/" "HetrixTools Uptime Monitoring Bot. https://hetrix.tools/uptime-monitoring-bot.html"
149.28.212.239 - - [23/Dec/2018:05:23:27 -0500] "GET / HTTP/1.1" 503 9854 "https://paladin-extensions.com/" "HetrixTools Uptime Monitoring Bot. https://hetrix.tools/uptime-monitoring-bot.html"
149.28.212.239 - - [23/Dec/2018:05:23:28 -0500] "GET / HTTP/1.1" 301 - "https://www.paladin.rip/" "HetrixTools Uptime Monitoring Bot. https://hetrix.tools/uptime-monitoring-bot.html"
149.28.212.239 - - [23/Dec/2018:05:23:28 -0500] "GET / HTTP/1.1" 503 9853 "https://paladin-extensions.com/" "HetrixTools Uptime Monitoring Bot. https://hetrix.tools/uptime-monitoring-bot.html"
24.251.180.38 - - [23/Dec/2018:05:23:32 -0500] "GET /admin.php?logs/server-errors/ HTTP/1.1" 200 8958 "https://www.paladin-extensions.com/admin.php" "Mozilla/5.0 (Windows NT 10.0; Win64; x64) AppleWebKit/537.36 (KHTML, like Gecko) Chrome/71.0.3578.98 Safari/537.36"
24.251.180.38 - - [23/Dec/2018:05:23:32 -0500] "POST /job.php HTTP/1.1" 200 14 "https://www.paladin-extensions.com/admin.php?logs/server-errors/" "Mozilla/5.0 (Windows NT 10.0; Win64; x64) AppleWebKit/537.36 (KHTML, like Gecko) Chrome/71.0.3578.98 Safari/537.36"
24.251.180.38 - - [23/Dec/2018:05:23:33 -0500] "GET /admin.php?logs/server-errors/ HTTP/1.1" 200 8945 "https://www.paladin-extensions.com/admin.php" "Mozilla/5.0 (Windows NT 10.0; Win64; x64) AppleWebKit/537.36 (KHTML, like Gecko) Chrome/71.0.3578.98 Safari/537.36"
24.251.180.38 - - [23/Dec/2018:05:23:37 -0500] "GET /admin.php?logs/server-errors/8/&_xfRequestUri=%2Fadmin.php%3Flogs%2Fserver-errors%2F&_xfWithData=1&_xfToken=1545560613%2C614f77ef879a05bb1af3c2dab1dbe86f&_xfResponseType=json HTTP/1.1" 200 2712 "https://www.paladin-extensions.com/admin.php?logs/server-errors/" "Mozilla/5.0 (Windows NT 10.0; Win64; x64) AppleWebKit/537.36 (KHTML, like Gecko) Chrome/71.0.3578.98 Safari/537.36"
24.251.180.38 - - [23/Dec/2018:05:23:42 -0500] "GET /admin.php HTTP/1.1" 200 79112 "https://www.paladin-extensions.com/admin.php?logs/server-errors/" "Mozilla/5.0 (Windows NT 10.0; Win64; x64) AppleWebKit/537.36 (KHTML, like Gecko) Chrome/71.0.3578.98 Safari/537.36"
24.251.180.38 - - [23/Dec/2018:05:23:44 -0500] "GET /admin.php?options/ HTTP/1.1" 200 11423 "https://www.paladin-extensions.com/admin.php" "Mozilla/5.0 (Windows NT 10.0; Win64; x64) AppleWebKit/537.36 (KHTML, like Gecko) Chrome/71.0.3578.98 Safari/537.36"
24.251.180.38 - - [23/Dec/2018:05:23:45 -0500] "GET /admin.php?options/groups/boardActive/ HTTP/1.1" 200 9441 "https://www.paladin-extensions.com/admin.php?options/" "Mozilla/5.0 (Windows NT 10.0; Win64; x64) AppleWebKit/537.36 (KHTML, like Gecko) Chrome/71.0.3578.98 Safari/537.36"
24.251.180.38 - - [23/Dec/2018:05:23:48 -0500] "GET /admin.php HTTP/1.1" 200 79109 "https://www.paladin-extensions.com/admin.php?options/groups/boardActive/" "Mozilla/5.0 (Windows NT 10.0; Win64; x64) AppleWebKit/537.36 (KHTML, like Gecko) Chrome/71.0.3578.98 Safari/537.36"
24.251.180.38 - - [23/Dec/2018:05:23:50 -0500] "GET /admin.php?templates/outdated HTTP/1.1" 200 8607 "https://www.paladin-extensions.com/admin.php" "Mozilla/5.0 (Windows NT 10.0; Win64; x64) AppleWebKit/537.36 (KHTML, like Gecko) Chrome/71.0.3578.98 Safari/537.36"
24.251.180.38 - - [23/Dec/2018:05:23:51 -0500] "GET /admin.php?logs/server-errors/ HTTP/1.1" 200 8944 "https://www.paladin-extensions.com/admin.php" "Mozilla/5.0 (Windows NT 10.0; Win64; x64) AppleWebKit/537.36 (KHTML, like Gecko) Chrome/71.0.3578.98 Safari/537.36"
24.251.180.38 - - [23/Dec/2018:05:23:54 -0500] "GET / HTTP/1.1" 200 28113 "-" "Mozilla/5.0 (Windows NT 10.0; Win64; x64) AppleWebKit/537.36 (KHTML, like Gecko) Chrome/71.0.3578.98 Safari/537.36"
24.251.180.38 - - [23/Dec/2018:05:23:55 -0500] "GET /js/siropu/shoutbox/core.min.js?_v=de74c7ef HTTP/1.1" 200 2470 "https://www.paladin-extensions.com/" "Mozilla/5.0 (Windows NT 10.0; Win64; x64) AppleWebKit/537.36 (KHTML, like Gecko) Chrome/71.0.3578.98 Safari/537.36"
24.251.180.38 - - [23/Dec/2018:05:23:55 -0500] "GET /js/xf/lightbox-compiled.js?_v=de74c7ef HTTP/1.1" 200 14071 "https://www.paladin-extensions.com/" "Mozilla/5.0 (Windows NT 10.0; Win64; x64) AppleWebKit/537.36 (KHTML, like Gecko) Chrome/71.0.3578.98 Safari/537.36"
24.251.180.38 - - [23/Dec/2018:05:23:55 -0500] "GET /js/themehouse/uix_dark/ripple.min.js?_v=de74c7ef HTTP/1.1" 200 692 "https://www.paladin-extensions.com/" "Mozilla/5.0 (Windows NT 10.0; Win64; x64) AppleWebKit/537.36 (KHTML, like Gecko) Chrome/71.0.3578.98 Safari/537.36"
24.251.180.38 - - [23/Dec/2018:05:23:55 -0500] "GET /js/xf/notice.min.js?_v=de74c7ef HTTP/1.1" 200 1922 "https://www.paladin-extensions.com/" "Mozilla/5.0 (Windows NT 10.0; Win64; x64) AppleWebKit/537.36 (KHTML, like Gecko) Chrome/71.0.3578.98 Safari/537.36"
24.251.180.38 - - [23/Dec/2018:05:23:55 -0500] "GET /js/themehouse/global/20180112.min.js?_v=de74c7ef HTTP/1.1" 200 3938 "https://www.paladin-extensions.com/" "Mozilla/5.0 (Windows NT 10.0; Win64; x64) AppleWebKit/537.36 (KHTML, like Gecko) Chrome/71.0.3578.98 Safari/537.36"
24.251.180.38 - - [23/Dec/2018:05:23:55 -0500] "GET /js/themehouse/uix_dark/index.min.js?_v=de74c7ef HTTP/1.1" 200 2382 "https://www.paladin-extensions.com/" "Mozilla/5.0 (Windows NT 10.0; Win64; x64) AppleWebKit/537.36 (KHTML, like Gecko) Chrome/71.0.3578.98 Safari/537.36"
24.251.180.38 - - [23/Dec/2018:05:23:55 -0500] "GET /js/themehouse/uix_dark/defer.min.js?_v=de74c7ef HTTP/1.1" 200 5041 "https://www.paladin-extensions.com/" "Mozilla/5.0 (Windows NT 10.0; Win64; x64) AppleWebKit/537.36 (KHTML, like Gecko) Chrome/71.0.3578.98 Safari/537.36"
24.251.180.38 - - [23/Dec/2018:05:23:55 -0500] "GET /proxy.php?image=https%3A%2F%2Fi.imgur.com%2Fr0tCHeM.png&hash=58dd2bbfaf81cbfcd2d3e7fbdd81cb6c HTTP/1.1" 304 - "https://www.paladin-extensions.com/" "Mozilla/5.0 (Windows NT 10.0; Win64; x64) AppleWebKit/537.36 (KHTML, like Gecko) Chrome/71.0.3578.98 Safari/537.36"
24.251.180.38 - - [23/Dec/2018:05:23:55 -0500] "GET /css.php?css=public%3Anormalize.css%2Cpublic%3Acore.less%2Cpublic%3Aapp.less&s=8&l=1&d=1545560596&k=edf6cfeed2b8b8213808b1692c79649ca17f77fa HTTP/1.1" 200 54997 "https://www.paladin-extensions.com/" "Mozilla/5.0 (Windows NT 10.0; Win64; x64) AppleWebKit/537.36 (KHTML, like Gecko) Chrome/71.0.3578.98 Safari/537.36"
24.251.180.38 - - [23/Dec/2018:05:23:55 -0500] "GET /css.php?css=public%3Aandy_countdown.less%2Cpublic%3Alightbox.less%2Cpublic%3Anode_list.less%2Cpublic%3Anotices.less%2Cpublic%3Asiropu_shoutbox.less%2Cpublic%3Ath_reactions.less%2Cpublic%3Ath_widget_post_thread_uix.less%2Cpublic%3Awidget_ah_discord.less%2Cpublic%3Aextra.less&s=8&l=1&d=1545560596&k=d7db404f976b00a0e7ab79d9699f3252b1bf307d HTTP/1.1" 200 18890 "https://www.paladin-extensions.com/" "Mozilla/5.0 (Windows NT 10.0; Win64; x64) AppleWebKit/537.36 (KHTML, like Gecko) Chrome/71.0.3578.98 Safari/537.36"
24.251.180.38 - - [23/Dec/2018:05:23:56 -0500] "GET /admin.php?logs/server-errors/ HTTP/1.1" 200 8944 "https://www.paladin-extensions.com/admin.php" "Mozilla/5.0 (Windows NT 10.0; Win64; x64) AppleWebKit/537.36 (KHTML, like Gecko) Chrome/71.0.3578.98 Safari/537.36"
24.251.180.38 - - [23/Dec/2018:05:23:57 -0500] "GET /admin.php?logs/server-errors/ HTTP/1.1" 200 8945 "https://www.paladin-extensions.com/admin.php" "Mozilla/5.0 (Windows NT 10.0; Win64; x64) AppleWebKit/537.36 (KHTML, like Gecko) Chrome/71.0.3578.98 Safari/537.36"
24.251.180.38 - - [23/Dec/2018:05:23:58 -0500] "GET /admin.php?logs/server-errors/ HTTP/1.1" 200 8944 "https://www.paladin-extensions.com/admin.php" "Mozilla/5.0 (Windows NT 10.0; Win64; x64) AppleWebKit/537.36 (KHTML, like Gecko) Chrome/71.0.3578.98 Safari/537.36"
24.251.180.38 - - [23/Dec/2018:05:23:58 -0500] "GET /index.php?shoutbox/refresh&last_id=140&_xfRequestUri=%2F&_xfWithData=1&_xfToken=1545560634%2Cc739ef169becb8c385e23785c8d9b29a&_xfResponseType=json HTTP/1.1" 200 119 "https://www.paladin-extensions.com/" "Mozilla/5.0 (Windows NT 10.0; Win64; x64) AppleWebKit/537.36 (KHTML, like Gecko) Chrome/71.0.3578.98 Safari/537.36"
24.251.180.38 - - [23/Dec/2018:05:23:58 -0500] "GET /index.php?shoutbox/refresh&last_id=140&_xfRequestUri=%2F&_xfWithData=1&_xfToken=1545560634%2Cc739ef169becb8c385e23785c8d9b29a&_xfResponseType=json HTTP/1.1" 304 - "https://www.paladin-extensions.com/" "Mozilla/5.0 (Windows NT 10.0; Win64; x64) AppleWebKit/537.36 (KHTML, like Gecko) Chrome/71.0.3578.98 Safari/537.36"
24.251.180.38 - - [23/Dec/2018:05:23:59 -0500] "GET / HTTP/1.1" 200 28140 "https://www.paladin-extensions.com/" "Mozilla/5.0 (Windows NT 10.0; Win64; x64) AppleWebKit/537.36 (KHTML, like Gecko) Chrome/71.0.3578.98 Safari/537.36"
24.251.180.38 - - [23/Dec/2018:05:23:59 -0500] "GET /index.php?shoutbox/refresh&last_id=140&_xfRequestUri=%2F&_xfWithData=1&_xfToken=1545560634%2Cc739ef169becb8c385e23785c8d9b29a&_xfResponseType=json HTTP/1.1" 200 119 "https://www.paladin-extensions.com/" "Mozilla/5.0 (Windows NT 10.0; Win64; x64) AppleWebKit/537.36 (KHTML, like Gecko) Chrome/71.0.3578.98 Safari/537.36"
24.251.180.38 - - [23/Dec/2018:05:23:59 -0500] "GET /proxy.php?image=https%3A%2F%2Fi.imgur.com%2Fr0tCHeM.png&hash=58dd2bbfaf81cbfcd2d3e7fbdd81cb6c HTTP/1.1" 304 - "https://www.paladin-extensions.com/" "Mozilla/5.0 (Windows NT 10.0; Win64; x64) AppleWebKit/537.36 (KHTML, like Gecko) Chrome/71.0.3578.98 Safari/537.36"
24.251.180.38 - - [23/Dec/2018:05:24:00 -0500] "GET /members/ HTTP/1.1" 200 15537 "https://www.paladin-extensions.com/" "Mozilla/5.0 (Windows NT 10.0; Win64; x64) AppleWebKit/537.36 (KHTML, like Gecko) Chrome/71.0.3578.98 Safari/537.36"
24.251.180.38 - - [23/Dec/2018:05:24:01 -0500] "GET /css.php?css=public%3Amember.less%2Cpublic%3Anotices.less%2Cpublic%3Aextra.less&s=8&l=1&d=1545560596&k=86965d5d80393cb5e744f65bac8c62d19f7ba51e HTTP/1.1" 200 1966 "https://www.paladin-extensions.com/members/" "Mozilla/5.0 (Windows NT 10.0; Win64; x64) AppleWebKit/537.36 (KHTML, like Gecko) Chrome/71.0.3578.98 Safari/537.36"
24.251.180.38 - - [23/Dec/2018:05:24:01 -0500] "GET /admin.php?logs/server-errors/ HTTP/1.1" 200 8945 "https://www.paladin-extensions.com/admin.php" "Mozilla/5.0 (Windows NT 10.0; Win64; x64) AppleWebKit/537.36 (KHTML, like Gecko) Chrome/71.0.3578.98 Safari/537.36"
24.251.180.38 - - [23/Dec/2018:05:24:06 -0500] "GET /members/ HTTP/1.1" 503 9786 "-" "Mozilla/5.0 (Windows NT 10.0; Win64; x64) AppleWebKit/537.36 (KHTML, like Gecko) Chrome/71.0.3578.98 Safari/537.36"
24.251.180.38 - - [23/Dec/2018:05:24:07 -0500] "GET /js/xf/preamble-compiled.js?_v=de74c7ef HTTP/1.1" 200 7764 "https://www.paladin-extensions.com/members/" "Mozilla/5.0 (Windows NT 10.0; Win64; x64) AppleWebKit/537.36 (KHTML, like Gecko) Chrome/71.0.3578.98 Safari/537.36"
24.251.180.38 - - [23/Dec/2018:05:24:07 -0500] "GET /styles/uix_dark/images/uix-logo.png HTTP/1.1" 200 109563 "https://www.paladin-extensions.com/members/" "Mozilla/5.0 (Windows NT 10.0; Win64; x64) AppleWebKit/537.36 (KHTML, like Gecko) Chrome/71.0.3578.98 Safari/537.36"
24.251.180.38 - - [23/Dec/2018:05:24:07 -0500] "GET /styles/uix_dark/fonts/icons/material-icons/css/materialdesignicons.min.css HTTP/1.1" 200 18636 "https://www.paladin-extensions.com/members/" "Mozilla/5.0 (Windows NT 10.0; Win64; x64) AppleWebKit/537.36 (KHTML, like Gecko) Chrome/71.0.3578.98 Safari/537.36"
24.251.180.38 - - [23/Dec/2018:05:24:07 -0500] "GET /css.php?css=public%3Anormalize.css%2Cpublic%3Acore.less%2Cpublic%3Aapp.less&s=8&l=1&d=1545560596&k=edf6cfeed2b8b8213808b1692c79649ca17f77fa HTTP/1.1" 200 54997 "https://www.paladin-extensions.com/members/" "Mozilla/5.0 (Windows NT 10.0; Win64; x64) AppleWebKit/537.36 (KHTML, like Gecko) Chrome/71.0.3578.98 Safari/537.36"
24.251.180.38 - - [23/Dec/2018:05:24:07 -0500] "GET /css.php?css=public%3Aextra.less&s=8&l=1&d=1545560596&k=eb849f925401e68902e4225a70f3aade77311cd4 HTTP/1.1" 200 65 "https://www.paladin-extensions.com/members/" "Mozilla/5.0 (Windows NT 10.0; Win64; x64) AppleWebKit/537.36 (KHTML, like Gecko) Chrome/71.0.3578.98 Safari/537.36"
24.251.180.38 - - [23/Dec/2018:05:24:07 -0500] "GET /js/vendor/vendor-compiled.js?_v=de74c7ef HTTP/1.1" 200 17856 "https://www.paladin-extensions.com/members/" "Mozilla/5.0 (Windows NT 10.0; Win64; x64) AppleWebKit/537.36 (KHTML, like Gecko) Chrome/71.0.3578.98 Safari/537.36"
24.251.180.38 - - [23/Dec/2018:05:24:07 -0500] "GET /js/xf/core-compiled.js?_v=de74c7ef HTTP/1.1" 200 47440 "https://www.paladin-extensions.com/members/" "Mozilla/5.0 (Windows NT 10.0; Win64; x64) AppleWebKit/537.36 (KHTML, like Gecko) Chrome/71.0.3578.98 Safari/537.36"
24.251.180.38 - - [23/Dec/2018:05:24:07 -0500] "GET /js/themehouse/uix_dark/ripple.min.js?_v=de74c7ef HTTP/1.1" 200 692 "https://www.paladin-extensions.com/members/" "Mozilla/5.0 (Windows NT 10.0; Win64; x64) AppleWebKit/537.36 (KHTML, like Gecko) Chrome/71.0.3578.98 Safari/537.36"
24.251.180.38 - - [23/Dec/2018:05:24:07 -0500] "GET /admin.php?logs/server-errors/ HTTP/1.1" 200 8944 "https://www.paladin-extensions.com/admin.php" "Mozilla/5.0 (Windows NT 10.0; Win64; x64) AppleWebKit/537.36 (KHTML, like Gecko) Chrome/71.0.3578.98 Safari/537.36"
24.251.180.38 - - [23/Dec/2018:05:24:07 -0500] "GET /js/themehouse/global/20180112.min.js?_v=de74c7ef HTTP/1.1" 200 3938 "https://www.paladin-extensions.com/members/" "Mozilla/5.0 (Windows NT 10.0; Win64; x64) AppleWebKit/537.36 (KHTML, like Gecko) Chrome/71.0.3578.98 Safari/537.36"
24.251.180.38 - - [23/Dec/2018:05:24:07 -0500] "GET /js/themehouse/uix_dark/index.min.js?_v=de74c7ef HTTP/1.1" 200 2382 "https://www.paladin-extensions.com/members/" "Mozilla/5.0 (Windows NT 10.0; Win64; x64) AppleWebKit/537.36 (KHTML, like Gecko) Chrome/71.0.3578.98 Safari/537.36"
24.251.180.38 - - [23/Dec/2018:05:24:07 -0500] "GET /js/themehouse/uix_dark/defer.min.js?_v=de74c7ef HTTP/1.1" 200 5041 "https://www.paladin-extensions.com/members/" "Mozilla/5.0 (Windows NT 10.0; Win64; x64) AppleWebKit/537.36 (KHTML, like Gecko) Chrome/71.0.3578.98 Safari/537.36"
24.251.180.38 - - [23/Dec/2018:05:24:07 -0500] "GET /styles/uix_dark/images/uix-brandmark.png HTTP/1.1" 200 112246 "https://www.paladin-extensions.com/members/" "Mozilla/5.0 (Windows NT 10.0; Win64; x64) AppleWebKit/537.36 (KHTML, like Gecko) Chrome/71.0.3578.98 Safari/537.36"
24.251.180.38 - - [23/Dec/2018:05:24:07 -0500] "GET /styles/uix_dark/fonts/icons/material-icons/fonts/materialdesignicons-webfont.woff2?v=2.3.54 HTTP/1.1" 200 125384 "https://www.paladin-extensions.com/styles/uix_dark/fonts/icons/material-icons/css/materialdesignicons.min.css" "Mozilla/5.0 (Windows NT 10.0; Win64; x64) AppleWebKit/537.36 (KHTML, like Gecko) Chrome/71.0.3578.98 Safari/537.36"
52.23.120.125 - - [23/Dec/2018:05:24:13 -0500] "GET / HTTP/1.1" 301 - "https://www.paladin.rip/" "HetrixTools Uptime Monitoring Bot. https://hetrix.tools/uptime-monitoring-bot.html"
52.23.120.125 - - [23/Dec/2018:05:24:14 -0500] "GET / HTTP/1.1" 503 9854 "https://paladin-extensions.com/" "HetrixTools Uptime Monitoring Bot. https://hetrix.tools/uptime-monitoring-bot.html"
24.251.180.38 - - [23/Dec/2018:05:24:15 -0500] "GET /admin.php HTTP/1.1" 200 79108 "https://www.paladin-extensions.com/admin.php?logs/server-errors/" "Mozilla/5.0 (Windows NT 10.0; Win64; x64) AppleWebKit/537.36 (KHTML, like Gecko) Chrome/71.0.3578.98 Safari/537.36"
24.251.180.38 - - [23/Dec/2018:05:24:16 -0500] "GET /admin.php?logs/server-errors/ HTTP/1.1" 200 8957 "https://www.paladin-extensions.com/admin.php" "Mozilla/5.0 (Windows NT 10.0; Win64; x64) AppleWebKit/537.36 (KHTML, like Gecko) Chrome/71.0.3578.98 Safari/537.36"
24.251.180.38 - - [23/Dec/2018:05:24:18 -0500] "GET /admin.php?logs/server-errors/clear&_xfRequestUri=%2Fadmin.php%3Flogs%2Fserver-errors%2F&_xfWithData=1&_xfToken=1545560656%2Cf5761f4dee6b653fd625001562363838&_xfResponseType=json HTTP/1.1" 200 1178 "https://www.paladin-extensions.com/admin.php?logs/server-errors/" "Mozilla/5.0 (Windows NT 10.0; Win64; x64) AppleWebKit/537.36 (KHTML, like Gecko) Chrome/71.0.3578.98 Safari/537.36"
24.251.180.38 - - [23/Dec/2018:05:24:19 -0500] "POST /admin.php?logs/server-errors/clear HTTP/1.1" 200 218 "https://www.paladin-extensions.com/admin.php?logs/server-errors/" "Mozilla/5.0 (Windows NT 10.0; Win64; x64) AppleWebKit/537.36 (KHTML, like Gecko) Chrome/71.0.3578.98 Safari/537.36"
24.251.180.38 - - [23/Dec/2018:05:24:19 -0500] "GET /admin.php?logs/server-errors/ HTTP/1.1" 200 7726 "https://www.paladin-extensions.com/admin.php?logs/server-errors/" "Mozilla/5.0 (Windows NT 10.0; Win64; x64) AppleWebKit/537.36 (KHTML, like Gecko) Chrome/71.0.3578.98 Safari/537.36"
24.251.180.38 - - [23/Dec/2018:05:24:20 -0500] "GET /admin.php HTTP/1.1" 200 79085 "https://www.paladin-extensions.com/admin.php?logs/server-errors/" "Mozilla/5.0 (Windows NT 10.0; Win64; x64) AppleWebKit/537.36 (KHTML, like Gecko) Chrome/71.0.3578.98 Safari/537.36"
51.15.61.222 - - [23/Dec/2018:05:24:20 -0500] "GET / HTTP/1.1" 301 - "https://www.paladin.rip/" "HetrixTools Uptime Monitoring Bot. https://hetrix.tools/uptime-monitoring-bot.html"
24.251.180.38 - - [23/Dec/2018:05:24:21 -0500] "GET /admin.php?templates/outdated HTTP/1.1" 200 8608 "https://www.paladin-extensions.com/admin.php" "Mozilla/5.0 (Windows NT 10.0; Win64; x64) AppleWebKit/537.36 (KHTML, like Gecko) Chrome/71.0.3578.98 Safari/537.36"
51.15.61.222 - - [23/Dec/2018:05:24:21 -0500] "GET / HTTP/1.1" 503 9853 "https://paladin-extensions.com/" "HetrixTools Uptime Monitoring Bot. https://hetrix.tools/uptime-monitoring-bot.html"
23.239.7.4 - - [23/Dec/2018:05:24:23 -0500] "GET / HTTP/1.1" 301 - "https://www.paladin.rip/" "HetrixTools Uptime Monitoring Bot. https://hetrix.tools/uptime-monitoring-bot.html"
23.239.7.4 - - [23/Dec/2018:05:24:23 -0500] "GET / HTTP/1.1" 503 9860 "https://paladin-extensions.com/" "HetrixTools Uptime Monitoring Bot. https://hetrix.tools/uptime-monitoring-bot.html"
24.251.180.38 - - [23/Dec/2018:05:24:24 -0500] "GET /admin.php?templates/widget_ah_discord.1795/edit HTTP/1.1" 200 9851 "https://www.paladin-extensions.com/admin.php?templates/outdated" "Mozilla/5.0 (Windows NT 10.0; Win64; x64) AppleWebKit/537.36 (KHTML, like Gecko) Chrome/71.0.3578.98 Safari/537.36"
24.251.180.38 - - [23/Dec/2018:05:24:24 -0500] "GET /js/xf/code_editor.min.js?_v=de74c7ef HTTP/1.1" 200 2118 "https://www.paladin-extensions.com/admin.php?templates/widget_ah_discord.1795/edit" "Mozilla/5.0 (Windows NT 10.0; Win64; x64) AppleWebKit/537.36 (KHTML, like Gecko) Chrome/71.0.3578.98 Safari/537.36"
24.251.180.38 - - [23/Dec/2018:05:24:24 -0500] "GET /js/vendor/codemirror/mode/htmlmixed/htmlmixed.min.js?_v=de74c7ef HTTP/1.1" 200 1239 "https://www.paladin-extensions.com/admin.php?templates/widget_ah_discord.1795/edit" "Mozilla/5.0 (Windows NT 10.0; Win64; x64) AppleWebKit/537.36 (KHTML, like Gecko) Chrome/71.0.3578.98 Safari/537.36"
24.251.180.38 - - [23/Dec/2018:05:24:24 -0500] "GET /js/vendor/codemirror/addon/edit/closetag.min.js?_v=de74c7ef HTTP/1.1" 200 1470 "https://www.paladin-extensions.com/admin.php?templates/widget_ah_discord.1795/edit" "Mozilla/5.0 (Windows NT 10.0; Win64; x64) AppleWebKit/537.36 (KHTML, like Gecko) Chrome/71.0.3578.98 Safari/537.36"
24.251.180.38 - - [23/Dec/2018:05:24:24 -0500] "GET /js/vendor/codemirror/mode/xml/xml.min.js?_v=de74c7ef HTTP/1.1" 200 2280 "https://www.paladin-extensions.com/admin.php?templates/widget_ah_discord.1795/edit" "Mozilla/5.0 (Windows NT 10.0; Win64; x64) AppleWebKit/537.36 (KHTML, like Gecko) Chrome/71.0.3578.98 Safari/537.36"
24.251.180.38 - - [23/Dec/2018:05:24:24 -0500] "GET /js/vendor/codemirror/mode/javascript/javascript.min.js?_v=de74c7ef HTTP/1.1" 200 5651 "https://www.paladin-extensions.com/admin.php?templates/widget_ah_discord.1795/edit" "Mozilla/5.0 (Windows NT 10.0; Win64; x64) AppleWebKit/537.36 (KHTML, like Gecko) Chrome/71.0.3578.98 Safari/537.36"
24.251.180.38 - - [23/Dec/2018:05:24:24 -0500] "GET /js/vendor/codemirror/mode/css/css.min.js?_v=de74c7ef HTTP/1.1" 200 7855 "https://www.paladin-extensions.com/admin.php?templates/widget_ah_discord.1795/edit" "Mozilla/5.0 (Windows NT 10.0; Win64; x64) AppleWebKit/537.36 (KHTML, like Gecko) Chrome/71.0.3578.98 Safari/537.36"
24.251.180.38 - - [23/Dec/2018:05:24:24 -0500] "GET /js/vendor/codemirror/addon/fold/xml-fold.min.js?_v=de74c7ef HTTP/1.1" 200 1350 "https://www.paladin-extensions.com/admin.php?templates/widget_ah_discord.1795/edit" "Mozilla/5.0 (Windows NT 10.0; Win64; x64) AppleWebKit/537.36 (KHTML, like Gecko) Chrome/71.0.3578.98 Safari/537.36"
24.251.180.38 - - [23/Dec/2018:05:24:24 -0500] "GET /js/vendor/codemirror/codemirror.min.js?_v=de74c7ef HTTP/1.1" 200 63204 "https://www.paladin-extensions.com/admin.php?templates/widget_ah_discord.1795/edit" "Mozilla/5.0 (Windows NT 10.0; Win64; x64) AppleWebKit/537.36 (KHTML, like Gecko) Chrome/71.0.3578.98 Safari/537.36"
24.251.180.38 - - [23/Dec/2018:05:24:24 -0500] "GET /css.php?css=public%3Acode_editor.less%2Cpublic%3Aextra.less&s=0&l=1&d=1545560596&k=f43b9c64dee591c06651f783a7665d9f1ab3a882 HTTP/1.1" 200 2524 "https://www.paladin-extensions.com/admin.php?templates/widget_ah_discord.1795/edit" "Mozilla/5.0 (Windows NT 10.0; Win64; x64) AppleWebKit/537.36 (KHTML, like Gecko) Chrome/71.0.3578.98 Safari/537.36"
24.251.180.38 - - [23/Dec/2018:05:24:26 -0500] "GET /admin.php?templates/widget_ah_discord.1795/merge-outdated HTTP/1.1" 200 9952 "https://www.paladin-extensions.com/admin.php?templates/outdated" "Mozilla/5.0 (Windows NT 10.0; Win64; x64) AppleWebKit/537.36 (KHTML, like Gecko) Chrome/71.0.3578.98 Safari/537.36"
24.251.180.38 - - [23/Dec/2018:05:24:26 -0500] "GET /css.php?css=public%3Adiff.less%2Cpublic%3Aextra.less&s=0&l=1&d=1545560596&k=a9697ab521767f893e5f3915a730f8728410a27d HTTP/1.1" 200 680 "https://www.paladin-extensions.com/admin.php?templates/widget_ah_discord.1795/merge-outdated" "Mozilla/5.0 (Windows NT 10.0; Win64; x64) AppleWebKit/537.36 (KHTML, like Gecko) Chrome/71.0.3578.98 Safari/537.36"
24.251.180.38 - - [23/Dec/2018:05:24:41 -0500] "GET /admin.php?templates/widget_ah_discord.1795/edit HTTP/1.1" 200 9853 "https://www.paladin-extensions.com/admin.php?templates/outdated" "Mozilla/5.0 (Windows NT 10.0; Win64; x64) AppleWebKit/537.36 (KHTML, like Gecko) Chrome/71.0.3578.98 Safari/537.36"
24.251.180.38 - - [23/Dec/2018:05:24:44 -0500] "GET /admin.php?templates/widget_ah_discord.1795/delete&_xfRedirect=https%3A%2F%2Fwww.paladin-extensions.com%2Fadmin.php%3Ftemplates%2Foutdated&_xfRequestUri=%2Fadmin.php%3Ftemplates%2Fwidget_ah_discord.1795%2Fedit&_xfWithData=1&_xfToken=1545560681%2C0c3944c85d8377b6bb76316f26167dd3&_xfResponseType=json HTTP/1.1" 200 1565 "https://www.paladin-extensions.com/admin.php?templates/widget_ah_discord.1795/edit" "Mozilla/5.0 (Windows NT 10.0; Win64; x64) AppleWebKit/537.36 (KHTML, like Gecko) Chrome/71.0.3578.98 Safari/537.36"
24.251.180.38 - - [23/Dec/2018:05:24:44 -0500] "POST /admin.php?templates/widget_ah_discord.1795/delete HTTP/1.1" 200 216 "https://www.paladin-extensions.com/admin.php?templates/widget_ah_discord.1795/edit" "Mozilla/5.0 (Windows NT 10.0; Win64; x64) AppleWebKit/537.36 (KHTML, like Gecko) Chrome/71.0.3578.98 Safari/537.36"
24.251.180.38 - - [23/Dec/2018:05:24:45 -0500] "GET /admin.php?templates/outdated HTTP/1.1" 200 7763 "https://www.paladin-extensions.com/admin.php?templates/widget_ah_discord.1795/edit" "Mozilla/5.0 (Windows NT 10.0; Win64; x64) AppleWebKit/537.36 (KHTML, like Gecko) Chrome/71.0.3578.98 Safari/537.36"
24.251.180.38 - - [23/Dec/2018:05:24:45 -0500] "GET /css.php?css=public%3Aextra.less&s=0&l=1&d=1545560685&k=eb849f925401e68902e4225a70f3aade77311cd4 HTTP/1.1" 200 65 "https://www.paladin-extensions.com/admin.php?templates/outdated" "Mozilla/5.0 (Windows NT 10.0; Win64; x64) AppleWebKit/537.36 (KHTML, like Gecko) Chrome/71.0.3578.98 Safari/537.36"
24.251.180.38 - - [23/Dec/2018:05:24:45 -0500] "GET /css.php?css=public%3Anormalize.css%2Cpublic%3Acore.less%2Cadmin%3Aapp.less&s=0&l=1&d=1545560685&k=6f87c5212d87f76df318dfac9c1c50b5cb45e9ef HTTP/1.1" 200 34456 "https://www.paladin-extensions.com/admin.php?templates/outdated" "Mozilla/5.0 (Windows NT 10.0; Win64; x64) AppleWebKit/537.36 (KHTML, like Gecko) Chrome/71.0.3578.98 Safari/537.36"
24.251.180.38 - - [23/Dec/2018:05:24:48 -0500] "GET /admin.php?users/list HTTP/1.1" 200 11100 "https://www.paladin-extensions.com/admin.php?templates/outdated" "Mozilla/5.0 (Windows NT 10.0; Win64; x64) AppleWebKit/537.36 (KHTML, like Gecko) Chrome/71.0.3578.98 Safari/537.36"
24.251.180.38 - - [23/Dec/2018:05:24:49 -0500] "GET /data/avatars/s/0/13.jpg?1519322035 HTTP/1.1" 200 1380 "https://www.paladin-extensions.com/admin.php?users/list" "Mozilla/5.0 (Windows NT 10.0; Win64; x64) AppleWebKit/537.36 (KHTML, like Gecko) Chrome/71.0.3578.98 Safari/537.36"
24.251.180.38 - - [23/Dec/2018:05:24:49 -0500] "GET /data/avatars/s/0/14.jpg?1519269312 HTTP/1.1" 200 4155 "https://www.paladin-extensions.com/admin.php?users/list" "Mozilla/5.0 (Windows NT 10.0; Win64; x64) AppleWebKit/537.36 (KHTML, like Gecko) Chrome/71.0.3578.98 Safari/537.36"
24.251.180.38 - - [23/Dec/2018:05:24:49 -0500] "GET /data/avatars/s/0/27.jpg?1528522426 HTTP/1.1" 200 1585 "https://www.paladin-extensions.com/admin.php?users/list" "Mozilla/5.0 (Windows NT 10.0; Win64; x64) AppleWebKit/537.36 (KHTML, like Gecko) Chrome/71.0.3578.98 Safari/537.36"
24.251.180.38 - - [23/Dec/2018:05:24:52 -0500] "GET /admin.php?user-groups/ HTTP/1.1" 200 8744 "https://www.paladin-extensions.com/admin.php?users/list" "Mozilla/5.0 (Windows NT 10.0; Win64; x64) AppleWebKit/537.36 (KHTML, like Gecko) Chrome/71.0.3578.98 Safari/537.36"
24.251.180.38 - - [23/Dec/2018:05:24:53 -0500] "GET /admin.php?user-groups/premium.5/edit HTTP/1.1" 200 20592 "https://www.paladin-extensions.com/admin.php?user-groups/" "Mozilla/5.0 (Windows NT 10.0; Win64; x64) AppleWebKit/537.36 (KHTML, like Gecko) Chrome/71.0.3578.98 Safari/537.36"
24.251.180.38 - - [23/Dec/2018:05:24:54 -0500] "GET /css.php?css=admin%3Apermission.less%2Cpublic%3Aapp_user_banners.less%2Cpublic%3Acode_editor.less%2Cpublic%3Aextra.less&s=0&l=1&d=1545560685&k=aa4797704335ed90ef9a9020e51b0148fb75e407 HTTP/1.1" 200 3518 "https://www.paladin-extensions.com/admin.php?user-groups/premium.5/edit" "Mozilla/5.0 (Windows NT 10.0; Win64; x64) AppleWebKit/537.36 (KHTML, like Gecko) Chrome/71.0.3578.98 Safari/537.36"
24.251.180.38 - - [23/Dec/2018:05:24:54 -0500] "GET /admin.php?user-groups/moderator.4/edit HTTP/1.1" 200 20817 "https://www.paladin-extensions.com/admin.php?user-groups/" "Mozilla/5.0 (Windows NT 10.0; Win64; x64) AppleWebKit/537.36 (KHTML, like Gecko) Chrome/71.0.3578.98 Safari/537.36"
24.251.180.38 - - [23/Dec/2018:05:24:54 -0500] "GET /js/xf/permission.min.js?_v=de74c7ef HTTP/1.1" 200 2369 "https://www.paladin-extensions.com/admin.php?user-groups/premium.5/edit" "Mozilla/5.0 (Windows NT 10.0; Win64; x64) AppleWebKit/537.36 (KHTML, like Gecko) Chrome/71.0.3578.98 Safari/537.36"
24.251.180.38 - - [23/Dec/2018:05:24:54 -0500] "GET /admin.php?user-groups/administrator.3/edit HTTP/1.1" 200 20956 "https://www.paladin-extensions.com/admin.php?user-groups/" "Mozilla/5.0 (Windows NT 10.0; Win64; x64) AppleWebKit/537.36 (KHTML, like Gecko) Chrome/71.0.3578.98 Safari/537.36"
24.251.180.38 - - [23/Dec/2018:05:24:55 -0500] "GET /admin.php?user-groups/verified.9/edit HTTP/1.1" 200 20566 "https://www.paladin-extensions.com/admin.php?user-groups/" "Mozilla/5.0 (Windows NT 10.0; Win64; x64) AppleWebKit/537.36 (KHTML, like Gecko) Chrome/71.0.3578.98 Safari/537.36"
24.251.180.38 - - [23/Dec/2018:05:25:00 -0500] "POST /admin.php?user-groups/premium.5/save HTTP/1.1" 200 214 "https://www.paladin-extensions.com/admin.php?user-groups/premium.5/edit" "Mozilla/5.0 (Windows NT 10.0; Win64; x64) AppleWebKit/537.36 (KHTML, like Gecko) Chrome/71.0.3578.98 Safari/537.36"
24.251.180.38 - - [23/Dec/2018:05:25:01 -0500] "GET /admin.php?user-groups/ HTTP/1.1" 200 8745 "https://www.paladin-extensions.com/admin.php?user-groups/premium.5/edit" "Mozilla/5.0 (Windows NT 10.0; Win64; x64) AppleWebKit/537.36 (KHTML, like Gecko) Chrome/71.0.3578.98 Safari/537.36"
159.89.159.134 - - [23/Dec/2018:05:25:04 -0500] "GET / HTTP/1.1" 301 - "https://www.paladin.rip/" "HetrixTools Uptime Monitoring Bot. https://hetrix.tools/uptime-monitoring-bot.html"
24.251.180.38 - - [23/Dec/2018:05:25:04 -0500] "POST /admin.php?user-groups/moderator.4/save HTTP/1.1" 200 214 "https://www.paladin-extensions.com/admin.php?user-groups/moderator.4/edit" "Mozilla/5.0 (Windows NT 10.0; Win64; x64) AppleWebKit/537.36 (KHTML, like Gecko) Chrome/71.0.3578.98 Safari/537.36"
24.251.180.38 - - [23/Dec/2018:05:25:05 -0500] "GET /admin.php?user-groups/ HTTP/1.1" 200 8747 "https://www.paladin-extensions.com/admin.php?user-groups/moderator.4/edit" "Mozilla/5.0 (Windows NT 10.0; Win64; x64) AppleWebKit/537.36 (KHTML, like Gecko) Chrome/71.0.3578.98 Safari/537.36"
159.89.159.134 - - [23/Dec/2018:05:25:04 -0500] "GET / HTTP/1.1" 503 9859 "https://paladin-extensions.com/" "HetrixTools Uptime Monitoring Bot. https://hetrix.tools/uptime-monitoring-bot.html"
51.15.61.222 - - [23/Dec/2018:05:25:05 -0500] "GET / HTTP/1.1" 301 - "https://www.paladin.rip/" "HetrixTools Uptime Monitoring Bot. https://hetrix.tools/uptime-monitoring-bot.html"
51.15.61.222 - - [23/Dec/2018:05:25:06 -0500] "GET / HTTP/1.1" 503 9856 "https://paladin-extensions.com/" "HetrixTools Uptime Monitoring Bot. https://hetrix.tools/uptime-monitoring-bot.html"
24.251.180.38 - - [23/Dec/2018:05:25:08 -0500] "POST /admin.php?user-groups/administrator.3/save HTTP/1.1" 200 214 "https://www.paladin-extensions.com/admin.php?user-groups/administrator.3/edit" "Mozilla/5.0 (Windows NT 10.0; Win64; x64) AppleWebKit/537.36 (KHTML, like Gecko) Chrome/71.0.3578.98 Safari/537.36"
24.251.180.38 - - [23/Dec/2018:05:25:08 -0500] "GET /admin.php?user-groups/ HTTP/1.1" 200 8748 "https://www.paladin-extensions.com/admin.php?user-groups/administrator.3/edit" "Mozilla/5.0 (Windows NT 10.0; Win64; x64) AppleWebKit/537.36 (KHTML, like Gecko) Chrome/71.0.3578.98 Safari/537.36"
24.251.180.38 - - [23/Dec/2018:05:25:12 -0500] "POST /admin.php?user-groups/verified.9/save HTTP/1.1" 200 214 "https://www.paladin-extensions.com/admin.php?user-groups/verified.9/edit" "Mozilla/5.0 (Windows NT 10.0; Win64; x64) AppleWebKit/537.36 (KHTML, like Gecko) Chrome/71.0.3578.98 Safari/537.36"
24.251.180.38 - - [23/Dec/2018:05:25:12 -0500] "GET /admin.php?user-groups/ HTTP/1.1" 200 8747 "https://www.paladin-extensions.com/admin.php?user-groups/verified.9/edit" "Mozilla/5.0 (Windows NT 10.0; Win64; x64) AppleWebKit/537.36 (KHTML, like Gecko) Chrome/71.0.3578.98 Safari/537.36"
138.197.17.201 - - [23/Dec/2018:05:25:13 -0500] "GET / HTTP/1.1" 301 - "https://www.paladin.rip/" "HetrixTools Uptime Monitoring Bot. https://hetrix.tools/uptime-monitoring-bot.html"
138.197.17.201 - - [23/Dec/2018:05:25:14 -0500] "GET / HTTP/1.1" 503 9853 "https://paladin-extensions.com/" "HetrixTools Uptime Monitoring Bot. https://hetrix.tools/uptime-monitoring-bot.html"
24.251.180.38 - - [23/Dec/2018:05:25:15 -0500] "GET /admin.php?user-groups/untrusted.11/edit HTTP/1.1" 200 20513 "https://www.paladin-extensions.com/admin.php?user-groups/" "Mozilla/5.0 (Windows NT 10.0; Win64; x64) AppleWebKit/537.36 (KHTML, like Gecko) Chrome/71.0.3578.98 Safari/537.36"
24.251.180.38 - - [23/Dec/2018:05:25:19 -0500] "POST /admin.php?user-groups/untrusted.11/save HTTP/1.1" 200 215 "https://www.paladin-extensions.com/admin.php?user-groups/untrusted.11/edit" "Mozilla/5.0 (Windows NT 10.0; Win64; x64) AppleWebKit/537.36 (KHTML, like Gecko) Chrome/71.0.3578.98 Safari/537.36"
24.251.180.38 - - [23/Dec/2018:05:25:19 -0500] "GET /admin.php?user-groups/ HTTP/1.1" 200 8748 "https://www.paladin-extensions.com/admin.php?user-groups/untrusted.11/edit" "Mozilla/5.0 (Windows NT 10.0; Win64; x64) AppleWebKit/537.36 (KHTML, like Gecko) Chrome/71.0.3578.98 Safari/537.36"
