174.3.135.102 - - [31/Jan/2019:21:13:13 -0500] "GET /index.php?shoutbox/refresh&last_id=141&_xfRequestUri=%2F&_xfWithData=1&_xfToken=1548987113%2C9c0a91a65840f80cddf682f8d2017670&_xfResponseType=json HTTP/1.1" 200 119 "https://www.paladin-extensions.com/" "Mozilla/5.0 (Windows NT 10.0; Win64; x64) AppleWebKit/537.36 (KHTML, like Gecko) Chrome/71.0.3578.98 Safari/537.36"
174.3.135.102 - - [31/Jan/2019:21:13:14 -0500] "GET /index.php?shoutbox/refresh&last_id=141&_xfRequestUri=%2F&_xfWithData=1&_xfToken=1548987113%2C9c0a91a65840f80cddf682f8d2017670&_xfResponseType=json HTTP/1.1" 200 119 "https://www.paladin-extensions.com/" "Mozilla/5.0 (Windows NT 10.0; Win64; x64) AppleWebKit/537.36 (KHTML, like Gecko) Chrome/71.0.3578.98 Safari/537.36"
174.3.135.102 - - [31/Jan/2019:21:13:15 -0500] "GET /index.php?shoutbox/refresh&last_id=141&_xfRequestUri=%2F&_xfWithData=1&_xfToken=1548987113%2C9c0a91a65840f80cddf682f8d2017670&_xfResponseType=json HTTP/1.1" 200 119 "https://www.paladin-extensions.com/" "Mozilla/5.0 (Windows NT 10.0; Win64; x64) AppleWebKit/537.36 (KHTML, like Gecko) Chrome/71.0.3578.98 Safari/537.36"
174.3.135.102 - - [31/Jan/2019:21:13:16 -0500] "GET /index.php?shoutbox/refresh&last_id=141&_xfRequestUri=%2F&_xfWithData=1&_xfToken=1548987113%2C9c0a91a65840f80cddf682f8d2017670&_xfResponseType=json HTTP/1.1" 200 119 "https://www.paladin-extensions.com/" "Mozilla/5.0 (Windows NT 10.0; Win64; x64) AppleWebKit/537.36 (KHTML, like Gecko) Chrome/71.0.3578.98 Safari/537.36"
174.3.135.102 - - [31/Jan/2019:21:13:17 -0500] "GET /index.php?shoutbox/refresh&last_id=141&_xfRequestUri=%2F&_xfWithData=1&_xfToken=1548987113%2C9c0a91a65840f80cddf682f8d2017670&_xfResponseType=json HTTP/1.1" 200 119 "https://www.paladin-extensions.com/" "Mozilla/5.0 (Windows NT 10.0; Win64; x64) AppleWebKit/537.36 (KHTML, like Gecko) Chrome/71.0.3578.98 Safari/537.36"
174.3.135.102 - - [31/Jan/2019:21:13:18 -0500] "GET /index.php?shoutbox/refresh&last_id=141&_xfRequestUri=%2F&_xfWithData=1&_xfToken=1548987113%2C9c0a91a65840f80cddf682f8d2017670&_xfResponseType=json HTTP/1.1" 200 119 "https://www.paladin-extensions.com/" "Mozilla/5.0 (Windows NT 10.0; Win64; x64) AppleWebKit/537.36 (KHTML, like Gecko) Chrome/71.0.3578.98 Safari/537.36"
174.3.135.102 - - [31/Jan/2019:21:13:19 -0500] "GET /index.php?shoutbox/refresh&last_id=141&_xfRequestUri=%2F&_xfWithData=1&_xfToken=1548987113%2C9c0a91a65840f80cddf682f8d2017670&_xfResponseType=json HTTP/1.1" 200 119 "https://www.paladin-extensions.com/" "Mozilla/5.0 (Windows NT 10.0; Win64; x64) AppleWebKit/537.36 (KHTML, like Gecko) Chrome/71.0.3578.98 Safari/537.36"
174.3.135.102 - - [31/Jan/2019:21:13:20 -0500] "GET /index.php?shoutbox/refresh&last_id=141&_xfRequestUri=%2F&_xfWithData=1&_xfToken=1548987113%2C9c0a91a65840f80cddf682f8d2017670&_xfResponseType=json HTTP/1.1" 200 119 "https://www.paladin-extensions.com/" "Mozilla/5.0 (Windows NT 10.0; Win64; x64) AppleWebKit/537.36 (KHTML, like Gecko) Chrome/71.0.3578.98 Safari/537.36"
174.3.135.102 - - [31/Jan/2019:21:13:21 -0500] "GET /index.php?shoutbox/refresh&last_id=141&_xfRequestUri=%2F&_xfWithData=1&_xfToken=1548987113%2C9c0a91a65840f80cddf682f8d2017670&_xfResponseType=json HTTP/1.1" 200 119 "https://www.paladin-extensions.com/" "Mozilla/5.0 (Windows NT 10.0; Win64; x64) AppleWebKit/537.36 (KHTML, like Gecko) Chrome/71.0.3578.98 Safari/537.36"
174.3.135.102 - - [31/Jan/2019:21:13:22 -0500] "GET /index.php?shoutbox/refresh&last_id=141&_xfRequestUri=%2F&_xfWithData=1&_xfToken=1548987113%2C9c0a91a65840f80cddf682f8d2017670&_xfResponseType=json HTTP/1.1" 200 119 "https://www.paladin-extensions.com/" "Mozilla/5.0 (Windows NT 10.0; Win64; x64) AppleWebKit/537.36 (KHTML, like Gecko) Chrome/71.0.3578.98 Safari/537.36"
174.3.135.102 - - [31/Jan/2019:21:13:23 -0500] "GET /index.php?shoutbox/refresh&last_id=141&_xfRequestUri=%2F&_xfWithData=1&_xfToken=1548987113%2C9c0a91a65840f80cddf682f8d2017670&_xfResponseType=json HTTP/1.1" 200 119 "https://www.paladin-extensions.com/" "Mozilla/5.0 (Windows NT 10.0; Win64; x64) AppleWebKit/537.36 (KHTML, like Gecko) Chrome/71.0.3578.98 Safari/537.36"
174.3.135.102 - - [31/Jan/2019:21:13:24 -0500] "GET /index.php?shoutbox/refresh&last_id=141&_xfRequestUri=%2F&_xfWithData=1&_xfToken=1548987113%2C9c0a91a65840f80cddf682f8d2017670&_xfResponseType=json HTTP/1.1" 200 119 "https://www.paladin-extensions.com/" "Mozilla/5.0 (Windows NT 10.0; Win64; x64) AppleWebKit/537.36 (KHTML, like Gecko) Chrome/71.0.3578.98 Safari/537.36"
174.3.135.102 - - [31/Jan/2019:21:13:25 -0500] "GET /index.php?shoutbox/refresh&last_id=141&_xfRequestUri=%2F&_xfWithData=1&_xfToken=1548987113%2C9c0a91a65840f80cddf682f8d2017670&_xfResponseType=json HTTP/1.1" 200 119 "https://www.paladin-extensions.com/" "Mozilla/5.0 (Windows NT 10.0; Win64; x64) AppleWebKit/537.36 (KHTML, like Gecko) Chrome/71.0.3578.98 Safari/537.36"
174.3.135.102 - - [31/Jan/2019:21:13:26 -0500] "GET /index.php?shoutbox/refresh&last_id=141&_xfRequestUri=%2F&_xfWithData=1&_xfToken=1548987113%2C9c0a91a65840f80cddf682f8d2017670&_xfResponseType=json HTTP/1.1" 200 119 "https://www.paladin-extensions.com/" "Mozilla/5.0 (Windows NT 10.0; Win64; x64) AppleWebKit/537.36 (KHTML, like Gecko) Chrome/71.0.3578.98 Safari/537.36"
24.251.180.38 - - [31/Jan/2019:21:13:26 -0500] "GET / HTTP/1.1" 200 50276 "-" "Mozilla/5.0 (Windows NT 10.0; Win64; x64) AppleWebKit/537.36 (KHTML, like Gecko) Chrome/71.0.3578.98 Safari/537.36"
24.251.180.38 - - [31/Jan/2019:21:13:27 -0500] "GET /proxy.php?image=https%3A%2F%2Fcdn.discordapp.com%2Fattachments%2F492142646912090114%2F540692506619150338%2FScreenshot_20190128-101749.png&hash=1042cbcd34fc7b59232eb22bd770f6ad HTTP/1.1" 200 1140174 "https://www.paladin-extensions.com/" "Mozilla/5.0 (Windows NT 10.0; Win64; x64) AppleWebKit/537.36 (KHTML, like Gecko) Chrome/71.0.3578.98 Safari/537.36"
174.3.135.102 - - [31/Jan/2019:21:13:27 -0500] "GET /index.php?shoutbox/refresh&last_id=141&_xfRequestUri=%2F&_xfWithData=1&_xfToken=1548987113%2C9c0a91a65840f80cddf682f8d2017670&_xfResponseType=json HTTP/1.1" 200 119 "https://www.paladin-extensions.com/" "Mozilla/5.0 (Windows NT 10.0; Win64; x64) AppleWebKit/537.36 (KHTML, like Gecko) Chrome/71.0.3578.98 Safari/537.36"
24.251.180.38 - - [31/Jan/2019:21:13:27 -0500] "GET /proxy.php?image=https%3A%2F%2Fi.imgur.com%2Fr0tCHeM.png&hash=58dd2bbfaf81cbfcd2d3e7fbdd81cb6c HTTP/1.1" 304 - "https://www.paladin-extensions.com/" "Mozilla/5.0 (Windows NT 10.0; Win64; x64) AppleWebKit/537.36 (KHTML, like Gecko) Chrome/71.0.3578.98 Safari/537.36"
174.3.135.102 - - [31/Jan/2019:21:13:28 -0500] "GET /index.php?shoutbox/refresh&last_id=141&_xfRequestUri=%2F&_xfWithData=1&_xfToken=1548987113%2C9c0a91a65840f80cddf682f8d2017670&_xfResponseType=json HTTP/1.1" 200 119 "https://www.paladin-extensions.com/" "Mozilla/5.0 (Windows NT 10.0; Win64; x64) AppleWebKit/537.36 (KHTML, like Gecko) Chrome/71.0.3578.98 Safari/537.36"
24.251.180.38 - - [31/Jan/2019:21:13:27 -0500] "POST /job.php HTTP/1.1" 200 14 "https://www.paladin-extensions.com/" "Mozilla/5.0 (Windows NT 10.0; Win64; x64) AppleWebKit/537.36 (KHTML, like Gecko) Chrome/71.0.3578.98 Safari/537.36"
24.251.180.38 - - [31/Jan/2019:21:13:28 -0500] "GET /index.php?shoutbox/refresh&last_id=141&_xfRequestUri=%2F&_xfWithData=1&_xfToken=1548987206%2Cc6dadc7038522f00efa79614d363dd18&_xfResponseType=json HTTP/1.1" 200 119 "https://www.paladin-extensions.com/" "Mozilla/5.0 (Windows NT 10.0; Win64; x64) AppleWebKit/537.36 (KHTML, like Gecko) Chrome/71.0.3578.98 Safari/537.36"
174.3.135.102 - - [31/Jan/2019:21:13:29 -0500] "GET /index.php?shoutbox/refresh&last_id=141&_xfRequestUri=%2F&_xfWithData=1&_xfToken=1548987113%2C9c0a91a65840f80cddf682f8d2017670&_xfResponseType=json HTTP/1.1" 200 119 "https://www.paladin-extensions.com/" "Mozilla/5.0 (Windows NT 10.0; Win64; x64) AppleWebKit/537.36 (KHTML, like Gecko) Chrome/71.0.3578.98 Safari/537.36"
24.251.180.38 - - [31/Jan/2019:21:13:29 -0500] "GET /index.php?shoutbox/refresh&last_id=141&_xfRequestUri=%2F&_xfWithData=1&_xfToken=1548987206%2Cc6dadc7038522f00efa79614d363dd18&_xfResponseType=json HTTP/1.1" 200 119 "https://www.paladin-extensions.com/" "Mozilla/5.0 (Windows NT 10.0; Win64; x64) AppleWebKit/537.36 (KHTML, like Gecko) Chrome/71.0.3578.98 Safari/537.36"
24.251.180.38 - - [31/Jan/2019:21:13:29 -0500] "GET /support/ HTTP/1.1" 200 15381 "https://www.paladin-extensions.com/" "Mozilla/5.0 (Windows NT 10.0; Win64; x64) AppleWebKit/537.36 (KHTML, like Gecko) Chrome/71.0.3578.98 Safari/537.36"
174.3.135.102 - - [31/Jan/2019:21:13:30 -0500] "GET /index.php?shoutbox/refresh&last_id=141&_xfRequestUri=%2F&_xfWithData=1&_xfToken=1548987113%2C9c0a91a65840f80cddf682f8d2017670&_xfResponseType=json HTTP/1.1" 200 119 "https://www.paladin-extensions.com/" "Mozilla/5.0 (Windows NT 10.0; Win64; x64) AppleWebKit/537.36 (KHTML, like Gecko) Chrome/71.0.3578.98 Safari/537.36"
174.3.135.102 - - [31/Jan/2019:21:13:31 -0500] "GET /index.php?shoutbox/refresh&last_id=141&_xfRequestUri=%2F&_xfWithData=1&_xfToken=1548987113%2C9c0a91a65840f80cddf682f8d2017670&_xfResponseType=json HTTP/1.1" 200 119 "https://www.paladin-extensions.com/" "Mozilla/5.0 (Windows NT 10.0; Win64; x64) AppleWebKit/537.36 (KHTML, like Gecko) Chrome/71.0.3578.98 Safari/537.36"
24.251.180.38 - - [31/Jan/2019:21:13:31 -0500] "GET / HTTP/1.1" 200 50275 "https://www.paladin-extensions.com/support/" "Mozilla/5.0 (Windows NT 10.0; Win64; x64) AppleWebKit/537.36 (KHTML, like Gecko) Chrome/71.0.3578.98 Safari/537.36"
24.251.180.38 - - [31/Jan/2019:21:13:32 -0500] "GET /proxy.php?image=https%3A%2F%2Fi.imgur.com%2Fr0tCHeM.png&hash=58dd2bbfaf81cbfcd2d3e7fbdd81cb6c HTTP/1.1" 304 - "https://www.paladin-extensions.com/" "Mozilla/5.0 (Windows NT 10.0; Win64; x64) AppleWebKit/537.36 (KHTML, like Gecko) Chrome/71.0.3578.98 Safari/537.36"
24.251.180.38 - - [31/Jan/2019:21:13:32 -0500] "GET /proxy.php?image=https%3A%2F%2Fcdn.discordapp.com%2Fattachments%2F492142646912090114%2F540692506619150338%2FScreenshot_20190128-101749.png&hash=1042cbcd34fc7b59232eb22bd770f6ad HTTP/1.1" 304 - "https://www.paladin-extensions.com/" "Mozilla/5.0 (Windows NT 10.0; Win64; x64) AppleWebKit/537.36 (KHTML, like Gecko) Chrome/71.0.3578.98 Safari/537.36"
174.3.135.102 - - [31/Jan/2019:21:13:32 -0500] "GET /index.php?shoutbox/refresh&last_id=141&_xfRequestUri=%2F&_xfWithData=1&_xfToken=1548987113%2C9c0a91a65840f80cddf682f8d2017670&_xfResponseType=json HTTP/1.1" 200 119 "https://www.paladin-extensions.com/" "Mozilla/5.0 (Windows NT 10.0; Win64; x64) AppleWebKit/537.36 (KHTML, like Gecko) Chrome/71.0.3578.98 Safari/537.36"
24.251.180.38 - - [31/Jan/2019:21:13:33 -0500] "GET /index.php?shoutbox/refresh&last_id=141&_xfRequestUri=%2F&_xfWithData=1&_xfToken=1548987211%2C4a5c9316b0e0cd69a5d9e55e20b37b48&_xfResponseType=json HTTP/1.1" 200 119 "https://www.paladin-extensions.com/" "Mozilla/5.0 (Windows NT 10.0; Win64; x64) AppleWebKit/537.36 (KHTML, like Gecko) Chrome/71.0.3578.98 Safari/537.36"
174.3.135.102 - - [31/Jan/2019:21:13:33 -0500] "GET /index.php?shoutbox/refresh&last_id=141&_xfRequestUri=%2F&_xfWithData=1&_xfToken=1548987113%2C9c0a91a65840f80cddf682f8d2017670&_xfResponseType=json HTTP/1.1" 200 119 "https://www.paladin-extensions.com/" "Mozilla/5.0 (Windows NT 10.0; Win64; x64) AppleWebKit/537.36 (KHTML, like Gecko) Chrome/71.0.3578.98 Safari/537.36"
24.251.180.38 - - [31/Jan/2019:21:13:34 -0500] "GET /index.php?shoutbox/refresh&last_id=141&_xfRequestUri=%2F&_xfWithData=1&_xfToken=1548987211%2C4a5c9316b0e0cd69a5d9e55e20b37b48&_xfResponseType=json HTTP/1.1" 200 119 "https://www.paladin-extensions.com/" "Mozilla/5.0 (Windows NT 10.0; Win64; x64) AppleWebKit/537.36 (KHTML, like Gecko) Chrome/71.0.3578.98 Safari/537.36"
174.3.135.102 - - [31/Jan/2019:21:13:34 -0500] "GET /index.php?shoutbox/refresh&last_id=141&_xfRequestUri=%2F&_xfWithData=1&_xfToken=1548987113%2C9c0a91a65840f80cddf682f8d2017670&_xfResponseType=json HTTP/1.1" 200 119 "https://www.paladin-extensions.com/" "Mozilla/5.0 (Windows NT 10.0; Win64; x64) AppleWebKit/537.36 (KHTML, like Gecko) Chrome/71.0.3578.98 Safari/537.36"
24.251.180.38 - - [31/Jan/2019:21:13:35 -0500] "GET /index.php?shoutbox/refresh&last_id=141&_xfRequestUri=%2F&_xfWithData=1&_xfToken=1548987211%2C4a5c9316b0e0cd69a5d9e55e20b37b48&_xfResponseType=json HTTP/1.1" 200 119 "https://www.paladin-extensions.com/" "Mozilla/5.0 (Windows NT 10.0; Win64; x64) AppleWebKit/537.36 (KHTML, like Gecko) Chrome/71.0.3578.98 Safari/537.36"
174.3.135.102 - - [31/Jan/2019:21:13:35 -0500] "GET /index.php?shoutbox/refresh&last_id=141&_xfRequestUri=%2F&_xfWithData=1&_xfToken=1548987113%2C9c0a91a65840f80cddf682f8d2017670&_xfResponseType=json HTTP/1.1" 200 119 "https://www.paladin-extensions.com/" "Mozilla/5.0 (Windows NT 10.0; Win64; x64) AppleWebKit/537.36 (KHTML, like Gecko) Chrome/71.0.3578.98 Safari/537.36"
24.251.180.38 - - [31/Jan/2019:21:13:36 -0500] "GET /index.php?shoutbox/refresh&last_id=141&_xfRequestUri=%2F&_xfWithData=1&_xfToken=1548987211%2C4a5c9316b0e0cd69a5d9e55e20b37b48&_xfResponseType=json HTTP/1.1" 200 119 "https://www.paladin-extensions.com/" "Mozilla/5.0 (Windows NT 10.0; Win64; x64) AppleWebKit/537.36 (KHTML, like Gecko) Chrome/71.0.3578.98 Safari/537.36"
174.3.135.102 - - [31/Jan/2019:21:13:36 -0500] "GET /index.php?shoutbox/refresh&last_id=141&_xfRequestUri=%2F&_xfWithData=1&_xfToken=1548987113%2C9c0a91a65840f80cddf682f8d2017670&_xfResponseType=json HTTP/1.1" 200 119 "https://www.paladin-extensions.com/" "Mozilla/5.0 (Windows NT 10.0; Win64; x64) AppleWebKit/537.36 (KHTML, like Gecko) Chrome/71.0.3578.98 Safari/537.36"
24.251.180.38 - - [31/Jan/2019:21:13:37 -0500] "GET /index.php?shoutbox/refresh&last_id=141&_xfRequestUri=%2F&_xfWithData=1&_xfToken=1548987211%2C4a5c9316b0e0cd69a5d9e55e20b37b48&_xfResponseType=json HTTP/1.1" 200 119 "https://www.paladin-extensions.com/" "Mozilla/5.0 (Windows NT 10.0; Win64; x64) AppleWebKit/537.36 (KHTML, like Gecko) Chrome/71.0.3578.98 Safari/537.36"
174.3.135.102 - - [31/Jan/2019:21:13:37 -0500] "GET /index.php?shoutbox/refresh&last_id=141&_xfRequestUri=%2F&_xfWithData=1&_xfToken=1548987113%2C9c0a91a65840f80cddf682f8d2017670&_xfResponseType=json HTTP/1.1" 200 119 "https://www.paladin-extensions.com/" "Mozilla/5.0 (Windows NT 10.0; Win64; x64) AppleWebKit/537.36 (KHTML, like Gecko) Chrome/71.0.3578.98 Safari/537.36"
24.251.180.38 - - [31/Jan/2019:21:13:38 -0500] "GET /index.php?shoutbox/refresh&last_id=141&_xfRequestUri=%2F&_xfWithData=1&_xfToken=1548987211%2C4a5c9316b0e0cd69a5d9e55e20b37b48&_xfResponseType=json HTTP/1.1" 200 119 "https://www.paladin-extensions.com/" "Mozilla/5.0 (Windows NT 10.0; Win64; x64) AppleWebKit/537.36 (KHTML, like Gecko) Chrome/71.0.3578.98 Safari/537.36"
174.3.135.102 - - [31/Jan/2019:21:13:38 -0500] "GET /index.php?shoutbox/refresh&last_id=141&_xfRequestUri=%2F&_xfWithData=1&_xfToken=1548987113%2C9c0a91a65840f80cddf682f8d2017670&_xfResponseType=json HTTP/1.1" 200 119 "https://www.paladin-extensions.com/" "Mozilla/5.0 (Windows NT 10.0; Win64; x64) AppleWebKit/537.36 (KHTML, like Gecko) Chrome/71.0.3578.98 Safari/537.36"
24.251.180.38 - - [31/Jan/2019:21:13:39 -0500] "GET /index.php?shoutbox/refresh&last_id=141&_xfRequestUri=%2F&_xfWithData=1&_xfToken=1548987211%2C4a5c9316b0e0cd69a5d9e55e20b37b48&_xfResponseType=json HTTP/1.1" 200 119 "https://www.paladin-extensions.com/" "Mozilla/5.0 (Windows NT 10.0; Win64; x64) AppleWebKit/537.36 (KHTML, like Gecko) Chrome/71.0.3578.98 Safari/537.36"
174.3.135.102 - - [31/Jan/2019:21:13:39 -0500] "GET /index.php?shoutbox/refresh&last_id=141&_xfRequestUri=%2F&_xfWithData=1&_xfToken=1548987113%2C9c0a91a65840f80cddf682f8d2017670&_xfResponseType=json HTTP/1.1" 200 119 "https://www.paladin-extensions.com/" "Mozilla/5.0 (Windows NT 10.0; Win64; x64) AppleWebKit/537.36 (KHTML, like Gecko) Chrome/71.0.3578.98 Safari/537.36"
24.251.180.38 - - [31/Jan/2019:21:13:40 -0500] "GET /index.php?shoutbox/refresh&last_id=141&_xfRequestUri=%2F&_xfWithData=1&_xfToken=1548987211%2C4a5c9316b0e0cd69a5d9e55e20b37b48&_xfResponseType=json HTTP/1.1" 200 119 "https://www.paladin-extensions.com/" "Mozilla/5.0 (Windows NT 10.0; Win64; x64) AppleWebKit/537.36 (KHTML, like Gecko) Chrome/71.0.3578.98 Safari/537.36"
174.3.135.102 - - [31/Jan/2019:21:13:40 -0500] "GET /index.php?shoutbox/refresh&last_id=141&_xfRequestUri=%2F&_xfWithData=1&_xfToken=1548987113%2C9c0a91a65840f80cddf682f8d2017670&_xfResponseType=json HTTP/1.1" 200 119 "https://www.paladin-extensions.com/" "Mozilla/5.0 (Windows NT 10.0; Win64; x64) AppleWebKit/537.36 (KHTML, like Gecko) Chrome/71.0.3578.98 Safari/537.36"
24.251.180.38 - - [31/Jan/2019:21:13:41 -0500] "GET /index.php?shoutbox/refresh&last_id=141&_xfRequestUri=%2F&_xfWithData=1&_xfToken=1548987211%2C4a5c9316b0e0cd69a5d9e55e20b37b48&_xfResponseType=json HTTP/1.1" 200 119 "https://www.paladin-extensions.com/" "Mozilla/5.0 (Windows NT 10.0; Win64; x64) AppleWebKit/537.36 (KHTML, like Gecko) Chrome/71.0.3578.98 Safari/537.36"
174.3.135.102 - - [31/Jan/2019:21:13:41 -0500] "GET /index.php?shoutbox/refresh&last_id=141&_xfRequestUri=%2F&_xfWithData=1&_xfToken=1548987113%2C9c0a91a65840f80cddf682f8d2017670&_xfResponseType=json HTTP/1.1" 200 119 "https://www.paladin-extensions.com/" "Mozilla/5.0 (Windows NT 10.0; Win64; x64) AppleWebKit/537.36 (KHTML, like Gecko) Chrome/71.0.3578.98 Safari/537.36"
24.251.180.38 - - [31/Jan/2019:21:13:42 -0500] "GET /index.php?shoutbox/refresh&last_id=141&_xfRequestUri=%2F&_xfWithData=1&_xfToken=1548987211%2C4a5c9316b0e0cd69a5d9e55e20b37b48&_xfResponseType=json HTTP/1.1" 200 119 "https://www.paladin-extensions.com/" "Mozilla/5.0 (Windows NT 10.0; Win64; x64) AppleWebKit/537.36 (KHTML, like Gecko) Chrome/71.0.3578.98 Safari/537.36"
174.3.135.102 - - [31/Jan/2019:21:13:42 -0500] "GET /index.php?shoutbox/refresh&last_id=141&_xfRequestUri=%2F&_xfWithData=1&_xfToken=1548987113%2C9c0a91a65840f80cddf682f8d2017670&_xfResponseType=json HTTP/1.1" 200 119 "https://www.paladin-extensions.com/" "Mozilla/5.0 (Windows NT 10.0; Win64; x64) AppleWebKit/537.36 (KHTML, like Gecko) Chrome/71.0.3578.98 Safari/537.36"
24.251.180.38 - - [31/Jan/2019:21:13:42 -0500] "GET /support/ HTTP/1.1" 200 15373 "https://www.paladin-extensions.com/" "Mozilla/5.0 (Windows NT 10.0; Win64; x64) AppleWebKit/537.36 (KHTML, like Gecko) Chrome/71.0.3578.98 Safari/537.36"
174.3.135.102 - - [31/Jan/2019:21:13:43 -0500] "GET /index.php?shoutbox/refresh&last_id=141&_xfRequestUri=%2F&_xfWithData=1&_xfToken=1548987113%2C9c0a91a65840f80cddf682f8d2017670&_xfResponseType=json HTTP/1.1" 200 119 "https://www.paladin-extensions.com/" "Mozilla/5.0 (Windows NT 10.0; Win64; x64) AppleWebKit/537.36 (KHTML, like Gecko) Chrome/71.0.3578.98 Safari/537.36"
24.251.180.38 - - [31/Jan/2019:21:13:44 -0500] "GET / HTTP/1.1" 200 50281 "https://www.paladin-extensions.com/support/" "Mozilla/5.0 (Windows NT 10.0; Win64; x64) AppleWebKit/537.36 (KHTML, like Gecko) Chrome/71.0.3578.98 Safari/537.36"
174.3.135.102 - - [31/Jan/2019:21:13:44 -0500] "GET /index.php?shoutbox/refresh&last_id=141&_xfRequestUri=%2F&_xfWithData=1&_xfToken=1548987113%2C9c0a91a65840f80cddf682f8d2017670&_xfResponseType=json HTTP/1.1" 200 119 "https://www.paladin-extensions.com/" "Mozilla/5.0 (Windows NT 10.0; Win64; x64) AppleWebKit/537.36 (KHTML, like Gecko) Chrome/71.0.3578.98 Safari/537.36"
24.251.180.38 - - [31/Jan/2019:21:13:44 -0500] "GET /proxy.php?image=https%3A%2F%2Fi.imgur.com%2Fr0tCHeM.png&hash=58dd2bbfaf81cbfcd2d3e7fbdd81cb6c HTTP/1.1" 304 - "https://www.paladin-extensions.com/" "Mozilla/5.0 (Windows NT 10.0; Win64; x64) AppleWebKit/537.36 (KHTML, like Gecko) Chrome/71.0.3578.98 Safari/537.36"
24.251.180.38 - - [31/Jan/2019:21:13:44 -0500] "GET /proxy.php?image=https%3A%2F%2Fcdn.discordapp.com%2Fattachments%2F492142646912090114%2F540692506619150338%2FScreenshot_20190128-101749.png&hash=1042cbcd34fc7b59232eb22bd770f6ad HTTP/1.1" 304 - "https://www.paladin-extensions.com/" "Mozilla/5.0 (Windows NT 10.0; Win64; x64) AppleWebKit/537.36 (KHTML, like Gecko) Chrome/71.0.3578.98 Safari/537.36"
24.251.180.38 - - [31/Jan/2019:21:13:44 -0500] "GET /admin.php HTTP/1.1" 200 2686 "https://www.paladin-extensions.com/" "Mozilla/5.0 (Windows NT 10.0; Win64; x64) AppleWebKit/537.36 (KHTML, like Gecko) Chrome/71.0.3578.98 Safari/537.36"
24.251.180.38 - - [31/Jan/2019:21:13:44 -0500] "GET /favicon.ico HTTP/1.1" 404 58216 "https://www.paladin-extensions.com/admin.php" "Mozilla/5.0 (Windows NT 10.0; Win64; x64) AppleWebKit/537.36 (KHTML, like Gecko) Chrome/71.0.3578.98 Safari/537.36"
174.3.135.102 - - [31/Jan/2019:21:13:45 -0500] "GET /index.php?shoutbox/refresh&last_id=141&_xfRequestUri=%2F&_xfWithData=1&_xfToken=1548987113%2C9c0a91a65840f80cddf682f8d2017670&_xfResponseType=json HTTP/1.1" 200 119 "https://www.paladin-extensions.com/" "Mozilla/5.0 (Windows NT 10.0; Win64; x64) AppleWebKit/537.36 (KHTML, like Gecko) Chrome/71.0.3578.98 Safari/537.36"
24.251.180.38 - - [31/Jan/2019:21:13:46 -0500] "POST /admin.php?login/login HTTP/1.1" 200 167 "https://www.paladin-extensions.com/admin.php" "Mozilla/5.0 (Windows NT 10.0; Win64; x64) AppleWebKit/537.36 (KHTML, like Gecko) Chrome/71.0.3578.98 Safari/537.36"
174.3.135.102 - - [31/Jan/2019:21:13:46 -0500] "GET /index.php?shoutbox/refresh&last_id=141&_xfRequestUri=%2F&_xfWithData=1&_xfToken=1548987113%2C9c0a91a65840f80cddf682f8d2017670&_xfResponseType=json HTTP/1.1" 200 119 "https://www.paladin-extensions.com/" "Mozilla/5.0 (Windows NT 10.0; Win64; x64) AppleWebKit/537.36 (KHTML, like Gecko) Chrome/71.0.3578.98 Safari/537.36"
24.251.180.38 - - [31/Jan/2019:21:13:46 -0500] "GET /admin.php HTTP/1.1" 200 253729 "https://www.paladin-extensions.com/admin.php" "Mozilla/5.0 (Windows NT 10.0; Win64; x64) AppleWebKit/537.36 (KHTML, like Gecko) Chrome/71.0.3578.98 Safari/537.36"
174.3.135.102 - - [31/Jan/2019:21:13:47 -0500] "GET /index.php?shoutbox/refresh&last_id=141&_xfRequestUri=%2F&_xfWithData=1&_xfToken=1548987113%2C9c0a91a65840f80cddf682f8d2017670&_xfResponseType=json HTTP/1.1" 200 119 "https://www.paladin-extensions.com/" "Mozilla/5.0 (Windows NT 10.0; Win64; x64) AppleWebKit/537.36 (KHTML, like Gecko) Chrome/71.0.3578.98 Safari/537.36"
174.3.135.102 - - [31/Jan/2019:21:13:48 -0500] "GET /index.php?shoutbox/refresh&last_id=141&_xfRequestUri=%2F&_xfWithData=1&_xfToken=1548987113%2C9c0a91a65840f80cddf682f8d2017670&_xfResponseType=json HTTP/1.1" 200 119 "https://www.paladin-extensions.com/" "Mozilla/5.0 (Windows NT 10.0; Win64; x64) AppleWebKit/537.36 (KHTML, like Gecko) Chrome/71.0.3578.98 Safari/537.36"
174.3.135.102 - - [31/Jan/2019:21:13:49 -0500] "GET /index.php?shoutbox/refresh&last_id=141&_xfRequestUri=%2F&_xfWithData=1&_xfToken=1548987113%2C9c0a91a65840f80cddf682f8d2017670&_xfResponseType=json HTTP/1.1" 200 119 "https://www.paladin-extensions.com/" "Mozilla/5.0 (Windows NT 10.0; Win64; x64) AppleWebKit/537.36 (KHTML, like Gecko) Chrome/71.0.3578.98 Safari/537.36"
24.251.180.38 - - [31/Jan/2019:21:13:49 -0500] "GET /admin.php?product-manager/products/ HTTP/1.1" 200 10258 "https://www.paladin-extensions.com/admin.php" "Mozilla/5.0 (Windows NT 10.0; Win64; x64) AppleWebKit/537.36 (KHTML, like Gecko) Chrome/71.0.3578.98 Safari/537.36"
174.3.135.102 - - [31/Jan/2019:21:13:50 -0500] "GET /index.php?shoutbox/refresh&last_id=141&_xfRequestUri=%2F&_xfWithData=1&_xfToken=1548987113%2C9c0a91a65840f80cddf682f8d2017670&_xfResponseType=json HTTP/1.1" 200 119 "https://www.paladin-extensions.com/" "Mozilla/5.0 (Windows NT 10.0; Win64; x64) AppleWebKit/537.36 (KHTML, like Gecko) Chrome/71.0.3578.98 Safari/537.36"
174.3.135.102 - - [31/Jan/2019:21:13:51 -0500] "GET /index.php?shoutbox/refresh&last_id=141&_xfRequestUri=%2F&_xfWithData=1&_xfToken=1548987113%2C9c0a91a65840f80cddf682f8d2017670&_xfResponseType=json HTTP/1.1" 200 119 "https://www.paladin-extensions.com/" "Mozilla/5.0 (Windows NT 10.0; Win64; x64) AppleWebKit/537.36 (KHTML, like Gecko) Chrome/71.0.3578.98 Safari/537.36"
24.251.180.38 - - [31/Jan/2019:21:13:51 -0500] "GET /admin.php?product-manager/products/px-csgo.1/edit HTTP/1.1" 200 21517 "https://www.paladin-extensions.com/admin.php?product-manager/products/" "Mozilla/5.0 (Windows NT 10.0; Win64; x64) AppleWebKit/537.36 (KHTML, like Gecko) Chrome/71.0.3578.98 Safari/537.36"
24.251.180.38 - - [31/Jan/2019:21:13:51 -0500] "GET /data/attachments/0/61-39f92ceb4c1ca4ed8a77de0094b705f2.jpg HTTP/1.1" 304 - "https://www.paladin-extensions.com/admin.php?product-manager/products/px-csgo.1/edit" "Mozilla/5.0 (Windows NT 10.0; Win64; x64) AppleWebKit/537.36 (KHTML, like Gecko) Chrome/71.0.3578.98 Safari/537.36"
24.251.180.38 - - [31/Jan/2019:21:13:52 -0500] "GET /attachments/csgo-primary-png.61/ HTTP/1.1" 304 - "https://www.paladin-extensions.com/admin.php?product-manager/products/px-csgo.1/edit" "Mozilla/5.0 (Windows NT 10.0; Win64; x64) AppleWebKit/537.36 (KHTML, like Gecko) Chrome/71.0.3578.98 Safari/537.36"
174.3.135.102 - - [31/Jan/2019:21:13:52 -0500] "GET /index.php?shoutbox/refresh&last_id=141&_xfRequestUri=%2F&_xfWithData=1&_xfToken=1548987113%2C9c0a91a65840f80cddf682f8d2017670&_xfResponseType=json HTTP/1.1" 200 119 "https://www.paladin-extensions.com/" "Mozilla/5.0 (Windows NT 10.0; Win64; x64) AppleWebKit/537.36 (KHTML, like Gecko) Chrome/71.0.3578.98 Safari/537.36"
174.3.135.102 - - [31/Jan/2019:21:13:53 -0500] "GET /index.php?shoutbox/refresh&last_id=141&_xfRequestUri=%2F&_xfWithData=1&_xfToken=1548987113%2C9c0a91a65840f80cddf682f8d2017670&_xfResponseType=json HTTP/1.1" 200 119 "https://www.paladin-extensions.com/" "Mozilla/5.0 (Windows NT 10.0; Win64; x64) AppleWebKit/537.36 (KHTML, like Gecko) Chrome/71.0.3578.98 Safari/537.36"
174.3.135.102 - - [31/Jan/2019:21:13:54 -0500] "GET /index.php?shoutbox/refresh&last_id=141&_xfRequestUri=%2F&_xfWithData=1&_xfToken=1548987113%2C9c0a91a65840f80cddf682f8d2017670&_xfResponseType=json HTTP/1.1" 200 119 "https://www.paladin-extensions.com/" "Mozilla/5.0 (Windows NT 10.0; Win64; x64) AppleWebKit/537.36 (KHTML, like Gecko) Chrome/71.0.3578.98 Safari/537.36"
174.3.135.102 - - [31/Jan/2019:21:13:55 -0500] "GET /index.php?shoutbox/refresh&last_id=141&_xfRequestUri=%2F&_xfWithData=1&_xfToken=1548987113%2C9c0a91a65840f80cddf682f8d2017670&_xfResponseType=json HTTP/1.1" 200 119 "https://www.paladin-extensions.com/" "Mozilla/5.0 (Windows NT 10.0; Win64; x64) AppleWebKit/537.36 (KHTML, like Gecko) Chrome/71.0.3578.98 Safari/537.36"
174.3.135.102 - - [31/Jan/2019:21:13:56 -0500] "GET /index.php?shoutbox/refresh&last_id=141&_xfRequestUri=%2F&_xfWithData=1&_xfToken=1548987113%2C9c0a91a65840f80cddf682f8d2017670&_xfResponseType=json HTTP/1.1" 200 119 "https://www.paladin-extensions.com/" "Mozilla/5.0 (Windows NT 10.0; Win64; x64) AppleWebKit/537.36 (KHTML, like Gecko) Chrome/71.0.3578.98 Safari/537.36"
174.3.135.102 - - [31/Jan/2019:21:13:57 -0500] "GET /index.php?shoutbox/refresh&last_id=141&_xfRequestUri=%2F&_xfWithData=1&_xfToken=1548987113%2C9c0a91a65840f80cddf682f8d2017670&_xfResponseType=json HTTP/1.1" 200 119 "https://www.paladin-extensions.com/" "Mozilla/5.0 (Windows NT 10.0; Win64; x64) AppleWebKit/537.36 (KHTML, like Gecko) Chrome/71.0.3578.98 Safari/537.36"
174.3.135.102 - - [31/Jan/2019:21:13:58 -0500] "GET /index.php?shoutbox/refresh&last_id=141&_xfRequestUri=%2F&_xfWithData=1&_xfToken=1548987113%2C9c0a91a65840f80cddf682f8d2017670&_xfResponseType=json HTTP/1.1" 200 119 "https://www.paladin-extensions.com/" "Mozilla/5.0 (Windows NT 10.0; Win64; x64) AppleWebKit/537.36 (KHTML, like Gecko) Chrome/71.0.3578.98 Safari/537.36"
174.3.135.102 - - [31/Jan/2019:21:13:59 -0500] "GET /index.php?shoutbox/refresh&last_id=141&_xfRequestUri=%2F&_xfWithData=1&_xfToken=1548987113%2C9c0a91a65840f80cddf682f8d2017670&_xfResponseType=json HTTP/1.1" 200 119 "https://www.paladin-extensions.com/" "Mozilla/5.0 (Windows NT 10.0; Win64; x64) AppleWebKit/537.36 (KHTML, like Gecko) Chrome/71.0.3578.98 Safari/537.36"
174.3.135.102 - - [31/Jan/2019:21:14:00 -0500] "GET /index.php?shoutbox/refresh&last_id=141&_xfRequestUri=%2F&_xfWithData=1&_xfToken=1548987113%2C9c0a91a65840f80cddf682f8d2017670&_xfResponseType=json HTTP/1.1" 200 119 "https://www.paladin-extensions.com/" "Mozilla/5.0 (Windows NT 10.0; Win64; x64) AppleWebKit/537.36 (KHTML, like Gecko) Chrome/71.0.3578.98 Safari/537.36"
174.3.135.102 - - [31/Jan/2019:21:14:01 -0500] "GET /index.php?shoutbox/refresh&last_id=141&_xfRequestUri=%2F&_xfWithData=1&_xfToken=1548987113%2C9c0a91a65840f80cddf682f8d2017670&_xfResponseType=json HTTP/1.1" 200 119 "https://www.paladin-extensions.com/" "Mozilla/5.0 (Windows NT 10.0; Win64; x64) AppleWebKit/537.36 (KHTML, like Gecko) Chrome/71.0.3578.98 Safari/537.36"
174.3.135.102 - - [31/Jan/2019:21:14:02 -0500] "GET /index.php?shoutbox/refresh&last_id=141&_xfRequestUri=%2F&_xfWithData=1&_xfToken=1548987113%2C9c0a91a65840f80cddf682f8d2017670&_xfResponseType=json HTTP/1.1" 200 119 "https://www.paladin-extensions.com/" "Mozilla/5.0 (Windows NT 10.0; Win64; x64) AppleWebKit/537.36 (KHTML, like Gecko) Chrome/71.0.3578.98 Safari/537.36"
174.3.135.102 - - [31/Jan/2019:21:14:03 -0500] "GET /index.php?shoutbox/refresh&last_id=141&_xfRequestUri=%2F&_xfWithData=1&_xfToken=1548987113%2C9c0a91a65840f80cddf682f8d2017670&_xfResponseType=json HTTP/1.1" 200 119 "https://www.paladin-extensions.com/" "Mozilla/5.0 (Windows NT 10.0; Win64; x64) AppleWebKit/537.36 (KHTML, like Gecko) Chrome/71.0.3578.98 Safari/537.36"
174.3.135.102 - - [31/Jan/2019:21:14:04 -0500] "GET /index.php?shoutbox/refresh&last_id=141&_xfRequestUri=%2F&_xfWithData=1&_xfToken=1548987113%2C9c0a91a65840f80cddf682f8d2017670&_xfResponseType=json HTTP/1.1" 200 119 "https://www.paladin-extensions.com/" "Mozilla/5.0 (Windows NT 10.0; Win64; x64) AppleWebKit/537.36 (KHTML, like Gecko) Chrome/71.0.3578.98 Safari/537.36"
174.3.135.102 - - [31/Jan/2019:21:14:05 -0500] "GET /index.php?shoutbox/refresh&last_id=141&_xfRequestUri=%2F&_xfWithData=1&_xfToken=1548987113%2C9c0a91a65840f80cddf682f8d2017670&_xfResponseType=json HTTP/1.1" 200 119 "https://www.paladin-extensions.com/" "Mozilla/5.0 (Windows NT 10.0; Win64; x64) AppleWebKit/537.36 (KHTML, like Gecko) Chrome/71.0.3578.98 Safari/537.36"
174.3.135.102 - - [31/Jan/2019:21:14:06 -0500] "GET /index.php?shoutbox/refresh&last_id=141&_xfRequestUri=%2F&_xfWithData=1&_xfToken=1548987113%2C9c0a91a65840f80cddf682f8d2017670&_xfResponseType=json HTTP/1.1" 200 119 "https://www.paladin-extensions.com/" "Mozilla/5.0 (Windows NT 10.0; Win64; x64) AppleWebKit/537.36 (KHTML, like Gecko) Chrome/71.0.3578.98 Safari/537.36"
174.3.135.102 - - [31/Jan/2019:21:14:07 -0500] "GET /index.php?shoutbox/refresh&last_id=141&_xfRequestUri=%2F&_xfWithData=1&_xfToken=1548987113%2C9c0a91a65840f80cddf682f8d2017670&_xfResponseType=json HTTP/1.1" 200 119 "https://www.paladin-extensions.com/" "Mozilla/5.0 (Windows NT 10.0; Win64; x64) AppleWebKit/537.36 (KHTML, like Gecko) Chrome/71.0.3578.98 Safari/537.36"
174.3.135.102 - - [31/Jan/2019:21:14:08 -0500] "GET /index.php?shoutbox/refresh&last_id=141&_xfRequestUri=%2F&_xfWithData=1&_xfToken=1548987113%2C9c0a91a65840f80cddf682f8d2017670&_xfResponseType=json HTTP/1.1" 200 119 "https://www.paladin-extensions.com/" "Mozilla/5.0 (Windows NT 10.0; Win64; x64) AppleWebKit/537.36 (KHTML, like Gecko) Chrome/71.0.3578.98 Safari/537.36"
174.3.135.102 - - [31/Jan/2019:21:14:09 -0500] "GET /index.php?shoutbox/refresh&last_id=141&_xfRequestUri=%2F&_xfWithData=1&_xfToken=1548987113%2C9c0a91a65840f80cddf682f8d2017670&_xfResponseType=json HTTP/1.1" 200 119 "https://www.paladin-extensions.com/" "Mozilla/5.0 (Windows NT 10.0; Win64; x64) AppleWebKit/537.36 (KHTML, like Gecko) Chrome/71.0.3578.98 Safari/537.36"
174.3.135.102 - - [31/Jan/2019:21:14:10 -0500] "GET /index.php?shoutbox/refresh&last_id=141&_xfRequestUri=%2F&_xfWithData=1&_xfToken=1548987113%2C9c0a91a65840f80cddf682f8d2017670&_xfResponseType=json HTTP/1.1" 200 119 "https://www.paladin-extensions.com/" "Mozilla/5.0 (Windows NT 10.0; Win64; x64) AppleWebKit/537.36 (KHTML, like Gecko) Chrome/71.0.3578.98 Safari/537.36"
174.3.135.102 - - [31/Jan/2019:21:14:11 -0500] "GET /index.php?shoutbox/refresh&last_id=141&_xfRequestUri=%2F&_xfWithData=1&_xfToken=1548987113%2C9c0a91a65840f80cddf682f8d2017670&_xfResponseType=json HTTP/1.1" 200 119 "https://www.paladin-extensions.com/" "Mozilla/5.0 (Windows NT 10.0; Win64; x64) AppleWebKit/537.36 (KHTML, like Gecko) Chrome/71.0.3578.98 Safari/537.36"
174.3.135.102 - - [31/Jan/2019:21:14:12 -0500] "GET /index.php?shoutbox/refresh&last_id=141&_xfRequestUri=%2F&_xfWithData=1&_xfToken=1548987113%2C9c0a91a65840f80cddf682f8d2017670&_xfResponseType=json HTTP/1.1" 200 119 "https://www.paladin-extensions.com/" "Mozilla/5.0 (Windows NT 10.0; Win64; x64) AppleWebKit/537.36 (KHTML, like Gecko) Chrome/71.0.3578.98 Safari/537.36"
174.3.135.102 - - [31/Jan/2019:21:14:13 -0500] "GET /index.php?shoutbox/refresh&last_id=141&_xfRequestUri=%2F&_xfWithData=1&_xfToken=1548987113%2C9c0a91a65840f80cddf682f8d2017670&_xfResponseType=json HTTP/1.1" 200 119 "https://www.paladin-extensions.com/" "Mozilla/5.0 (Windows NT 10.0; Win64; x64) AppleWebKit/537.36 (KHTML, like Gecko) Chrome/71.0.3578.98 Safari/537.36"
174.3.135.102 - - [31/Jan/2019:21:14:14 -0500] "GET /index.php?shoutbox/refresh&last_id=141&_xfRequestUri=%2F&_xfWithData=1&_xfToken=1548987113%2C9c0a91a65840f80cddf682f8d2017670&_xfResponseType=json HTTP/1.1" 200 119 "https://www.paladin-extensions.com/" "Mozilla/5.0 (Windows NT 10.0; Win64; x64) AppleWebKit/537.36 (KHTML, like Gecko) Chrome/71.0.3578.98 Safari/537.36"
174.3.135.102 - - [31/Jan/2019:21:14:15 -0500] "GET /index.php?shoutbox/refresh&last_id=141&_xfRequestUri=%2F&_xfWithData=1&_xfToken=1548987113%2C9c0a91a65840f80cddf682f8d2017670&_xfResponseType=json HTTP/1.1" 200 119 "https://www.paladin-extensions.com/" "Mozilla/5.0 (Windows NT 10.0; Win64; x64) AppleWebKit/537.36 (KHTML, like Gecko) Chrome/71.0.3578.98 Safari/537.36"
174.3.135.102 - - [31/Jan/2019:21:14:16 -0500] "GET /index.php?shoutbox/refresh&last_id=141&_xfRequestUri=%2F&_xfWithData=1&_xfToken=1548987113%2C9c0a91a65840f80cddf682f8d2017670&_xfResponseType=json HTTP/1.1" 200 119 "https://www.paladin-extensions.com/" "Mozilla/5.0 (Windows NT 10.0; Win64; x64) AppleWebKit/537.36 (KHTML, like Gecko) Chrome/71.0.3578.98 Safari/537.36"
174.3.135.102 - - [31/Jan/2019:21:14:17 -0500] "GET /index.php?shoutbox/refresh&last_id=141&_xfRequestUri=%2F&_xfWithData=1&_xfToken=1548987113%2C9c0a91a65840f80cddf682f8d2017670&_xfResponseType=json HTTP/1.1" 200 119 "https://www.paladin-extensions.com/" "Mozilla/5.0 (Windows NT 10.0; Win64; x64) AppleWebKit/537.36 (KHTML, like Gecko) Chrome/71.0.3578.98 Safari/537.36"
174.3.135.102 - - [31/Jan/2019:21:14:18 -0500] "GET /index.php?shoutbox/refresh&last_id=141&_xfRequestUri=%2F&_xfWithData=1&_xfToken=1548987113%2C9c0a91a65840f80cddf682f8d2017670&_xfResponseType=json HTTP/1.1" 200 119 "https://www.paladin-extensions.com/" "Mozilla/5.0 (Windows NT 10.0; Win64; x64) AppleWebKit/537.36 (KHTML, like Gecko) Chrome/71.0.3578.98 Safari/537.36"
174.3.135.102 - - [31/Jan/2019:21:14:19 -0500] "GET /index.php?shoutbox/refresh&last_id=141&_xfRequestUri=%2F&_xfWithData=1&_xfToken=1548987113%2C9c0a91a65840f80cddf682f8d2017670&_xfResponseType=json HTTP/1.1" 200 119 "https://www.paladin-extensions.com/" "Mozilla/5.0 (Windows NT 10.0; Win64; x64) AppleWebKit/537.36 (KHTML, like Gecko) Chrome/71.0.3578.98 Safari/537.36"
174.3.135.102 - - [31/Jan/2019:21:14:20 -0500] "GET /index.php?shoutbox/refresh&last_id=141&_xfRequestUri=%2F&_xfWithData=1&_xfToken=1548987113%2C9c0a91a65840f80cddf682f8d2017670&_xfResponseType=json HTTP/1.1" 200 119 "https://www.paladin-extensions.com/" "Mozilla/5.0 (Windows NT 10.0; Win64; x64) AppleWebKit/537.36 (KHTML, like Gecko) Chrome/71.0.3578.98 Safari/537.36"
174.3.135.102 - - [31/Jan/2019:21:14:21 -0500] "GET /index.php?shoutbox/refresh&last_id=141&_xfRequestUri=%2F&_xfWithData=1&_xfToken=1548987113%2C9c0a91a65840f80cddf682f8d2017670&_xfResponseType=json HTTP/1.1" 200 119 "https://www.paladin-extensions.com/" "Mozilla/5.0 (Windows NT 10.0; Win64; x64) AppleWebKit/537.36 (KHTML, like Gecko) Chrome/71.0.3578.98 Safari/537.36"
174.3.135.102 - - [31/Jan/2019:21:14:22 -0500] "GET /index.php?shoutbox/refresh&last_id=141&_xfRequestUri=%2F&_xfWithData=1&_xfToken=1548987113%2C9c0a91a65840f80cddf682f8d2017670&_xfResponseType=json HTTP/1.1" 200 119 "https://www.paladin-extensions.com/" "Mozilla/5.0 (Windows NT 10.0; Win64; x64) AppleWebKit/537.36 (KHTML, like Gecko) Chrome/71.0.3578.98 Safari/537.36"
174.3.135.102 - - [31/Jan/2019:21:14:23 -0500] "GET /index.php?shoutbox/refresh&last_id=141&_xfRequestUri=%2F&_xfWithData=1&_xfToken=1548987113%2C9c0a91a65840f80cddf682f8d2017670&_xfResponseType=json HTTP/1.1" 200 119 "https://www.paladin-extensions.com/" "Mozilla/5.0 (Windows NT 10.0; Win64; x64) AppleWebKit/537.36 (KHTML, like Gecko) Chrome/71.0.3578.98 Safari/537.36"
24.251.180.38 - - [31/Jan/2019:21:14:23 -0500] "POST /auth/auth.php/ HTTP/1.1" 200 88 "-" "-"
174.3.135.102 - - [31/Jan/2019:21:14:24 -0500] "GET /index.php?shoutbox/refresh&last_id=141&_xfRequestUri=%2F&_xfWithData=1&_xfToken=1548987113%2C9c0a91a65840f80cddf682f8d2017670&_xfResponseType=json HTTP/1.1" 200 119 "https://www.paladin-extensions.com/" "Mozilla/5.0 (Windows NT 10.0; Win64; x64) AppleWebKit/537.36 (KHTML, like Gecko) Chrome/71.0.3578.98 Safari/537.36"
174.3.135.102 - - [31/Jan/2019:21:14:25 -0500] "GET /index.php?shoutbox/refresh&last_id=141&_xfRequestUri=%2F&_xfWithData=1&_xfToken=1548987113%2C9c0a91a65840f80cddf682f8d2017670&_xfResponseType=json HTTP/1.1" 200 119 "https://www.paladin-extensions.com/" "Mozilla/5.0 (Windows NT 10.0; Win64; x64) AppleWebKit/537.36 (KHTML, like Gecko) Chrome/71.0.3578.98 Safari/537.36"
24.251.180.38 - - [31/Jan/2019:21:14:25 -0500] "POST /auth/download.php/ HTTP/1.1" 200 4480 "-" "-"
174.3.135.102 - - [31/Jan/2019:21:14:26 -0500] "GET /index.php?shoutbox/refresh&last_id=141&_xfRequestUri=%2F&_xfWithData=1&_xfToken=1548987113%2C9c0a91a65840f80cddf682f8d2017670&_xfResponseType=json HTTP/1.1" 200 119 "https://www.paladin-extensions.com/" "Mozilla/5.0 (Windows NT 10.0; Win64; x64) AppleWebKit/537.36 (KHTML, like Gecko) Chrome/71.0.3578.98 Safari/537.36"
174.3.135.102 - - [31/Jan/2019:21:14:27 -0500] "GET /index.php?shoutbox/refresh&last_id=141&_xfRequestUri=%2F&_xfWithData=1&_xfToken=1548987113%2C9c0a91a65840f80cddf682f8d2017670&_xfResponseType=json HTTP/1.1" 200 119 "https://www.paladin-extensions.com/" "Mozilla/5.0 (Windows NT 10.0; Win64; x64) AppleWebKit/537.36 (KHTML, like Gecko) Chrome/71.0.3578.98 Safari/537.36"
174.3.135.102 - - [31/Jan/2019:21:14:28 -0500] "GET /index.php?shoutbox/refresh&last_id=141&_xfRequestUri=%2F&_xfWithData=1&_xfToken=1548987113%2C9c0a91a65840f80cddf682f8d2017670&_xfResponseType=json HTTP/1.1" 200 119 "https://www.paladin-extensions.com/" "Mozilla/5.0 (Windows NT 10.0; Win64; x64) AppleWebKit/537.36 (KHTML, like Gecko) Chrome/71.0.3578.98 Safari/537.36"
174.3.135.102 - - [31/Jan/2019:21:14:29 -0500] "GET /index.php?shoutbox/refresh&last_id=141&_xfRequestUri=%2F&_xfWithData=1&_xfToken=1548987113%2C9c0a91a65840f80cddf682f8d2017670&_xfResponseType=json HTTP/1.1" 200 119 "https://www.paladin-extensions.com/" "Mozilla/5.0 (Windows NT 10.0; Win64; x64) AppleWebKit/537.36 (KHTML, like Gecko) Chrome/71.0.3578.98 Safari/537.36"
174.3.135.102 - - [31/Jan/2019:21:14:30 -0500] "GET /index.php?shoutbox/refresh&last_id=141&_xfRequestUri=%2F&_xfWithData=1&_xfToken=1548987113%2C9c0a91a65840f80cddf682f8d2017670&_xfResponseType=json HTTP/1.1" 200 119 "https://www.paladin-extensions.com/" "Mozilla/5.0 (Windows NT 10.0; Win64; x64) AppleWebKit/537.36 (KHTML, like Gecko) Chrome/71.0.3578.98 Safari/537.36"
174.3.135.102 - - [31/Jan/2019:21:14:31 -0500] "GET /index.php?shoutbox/refresh&last_id=141&_xfRequestUri=%2F&_xfWithData=1&_xfToken=1548987113%2C9c0a91a65840f80cddf682f8d2017670&_xfResponseType=json HTTP/1.1" 200 119 "https://www.paladin-extensions.com/" "Mozilla/5.0 (Windows NT 10.0; Win64; x64) AppleWebKit/537.36 (KHTML, like Gecko) Chrome/71.0.3578.98 Safari/537.36"
174.3.135.102 - - [31/Jan/2019:21:14:32 -0500] "GET /index.php?shoutbox/refresh&last_id=141&_xfRequestUri=%2F&_xfWithData=1&_xfToken=1548987113%2C9c0a91a65840f80cddf682f8d2017670&_xfResponseType=json HTTP/1.1" 200 119 "https://www.paladin-extensions.com/" "Mozilla/5.0 (Windows NT 10.0; Win64; x64) AppleWebKit/537.36 (KHTML, like Gecko) Chrome/71.0.3578.98 Safari/537.36"
174.3.135.102 - - [31/Jan/2019:21:14:33 -0500] "GET /index.php?shoutbox/refresh&last_id=141&_xfRequestUri=%2F&_xfWithData=1&_xfToken=1548987113%2C9c0a91a65840f80cddf682f8d2017670&_xfResponseType=json HTTP/1.1" 200 119 "https://www.paladin-extensions.com/" "Mozilla/5.0 (Windows NT 10.0; Win64; x64) AppleWebKit/537.36 (KHTML, like Gecko) Chrome/71.0.3578.98 Safari/537.36"
174.3.135.102 - - [31/Jan/2019:21:14:34 -0500] "GET /index.php?shoutbox/refresh&last_id=141&_xfRequestUri=%2F&_xfWithData=1&_xfToken=1548987113%2C9c0a91a65840f80cddf682f8d2017670&_xfResponseType=json HTTP/1.1" 200 119 "https://www.paladin-extensions.com/" "Mozilla/5.0 (Windows NT 10.0; Win64; x64) AppleWebKit/537.36 (KHTML, like Gecko) Chrome/71.0.3578.98 Safari/537.36"
174.3.135.102 - - [31/Jan/2019:21:14:35 -0500] "GET /index.php?shoutbox/refresh&last_id=141&_xfRequestUri=%2F&_xfWithData=1&_xfToken=1548987113%2C9c0a91a65840f80cddf682f8d2017670&_xfResponseType=json HTTP/1.1" 200 119 "https://www.paladin-extensions.com/" "Mozilla/5.0 (Windows NT 10.0; Win64; x64) AppleWebKit/537.36 (KHTML, like Gecko) Chrome/71.0.3578.98 Safari/537.36"
174.3.135.102 - - [31/Jan/2019:21:14:36 -0500] "GET /index.php?shoutbox/refresh&last_id=141&_xfRequestUri=%2F&_xfWithData=1&_xfToken=1548987113%2C9c0a91a65840f80cddf682f8d2017670&_xfResponseType=json HTTP/1.1" 200 119 "https://www.paladin-extensions.com/" "Mozilla/5.0 (Windows NT 10.0; Win64; x64) AppleWebKit/537.36 (KHTML, like Gecko) Chrome/71.0.3578.98 Safari/537.36"
174.3.135.102 - - [31/Jan/2019:21:14:37 -0500] "GET /index.php?shoutbox/refresh&last_id=141&_xfRequestUri=%2F&_xfWithData=1&_xfToken=1548987113%2C9c0a91a65840f80cddf682f8d2017670&_xfResponseType=json HTTP/1.1" 200 119 "https://www.paladin-extensions.com/" "Mozilla/5.0 (Windows NT 10.0; Win64; x64) AppleWebKit/537.36 (KHTML, like Gecko) Chrome/71.0.3578.98 Safari/537.36"
174.3.135.102 - - [31/Jan/2019:21:14:38 -0500] "GET /index.php?shoutbox/refresh&last_id=141&_xfRequestUri=%2F&_xfWithData=1&_xfToken=1548987113%2C9c0a91a65840f80cddf682f8d2017670&_xfResponseType=json HTTP/1.1" 200 119 "https://www.paladin-extensions.com/" "Mozilla/5.0 (Windows NT 10.0; Win64; x64) AppleWebKit/537.36 (KHTML, like Gecko) Chrome/71.0.3578.98 Safari/537.36"
174.3.135.102 - - [31/Jan/2019:21:14:39 -0500] "GET /index.php?shoutbox/refresh&last_id=141&_xfRequestUri=%2F&_xfWithData=1&_xfToken=1548987113%2C9c0a91a65840f80cddf682f8d2017670&_xfResponseType=json HTTP/1.1" 200 119 "https://www.paladin-extensions.com/" "Mozilla/5.0 (Windows NT 10.0; Win64; x64) AppleWebKit/537.36 (KHTML, like Gecko) Chrome/71.0.3578.98 Safari/537.36"
174.3.135.102 - - [31/Jan/2019:21:14:40 -0500] "GET /index.php?shoutbox/refresh&last_id=141&_xfRequestUri=%2F&_xfWithData=1&_xfToken=1548987113%2C9c0a91a65840f80cddf682f8d2017670&_xfResponseType=json HTTP/1.1" 200 119 "https://www.paladin-extensions.com/" "Mozilla/5.0 (Windows NT 10.0; Win64; x64) AppleWebKit/537.36 (KHTML, like Gecko) Chrome/71.0.3578.98 Safari/537.36"
174.3.135.102 - - [31/Jan/2019:21:14:41 -0500] "GET /index.php?shoutbox/refresh&last_id=141&_xfRequestUri=%2F&_xfWithData=1&_xfToken=1548987113%2C9c0a91a65840f80cddf682f8d2017670&_xfResponseType=json HTTP/1.1" 200 119 "https://www.paladin-extensions.com/" "Mozilla/5.0 (Windows NT 10.0; Win64; x64) AppleWebKit/537.36 (KHTML, like Gecko) Chrome/71.0.3578.98 Safari/537.36"
174.3.135.102 - - [31/Jan/2019:21:14:42 -0500] "GET /index.php?shoutbox/refresh&last_id=141&_xfRequestUri=%2F&_xfWithData=1&_xfToken=1548987113%2C9c0a91a65840f80cddf682f8d2017670&_xfResponseType=json HTTP/1.1" 200 119 "https://www.paladin-extensions.com/" "Mozilla/5.0 (Windows NT 10.0; Win64; x64) AppleWebKit/537.36 (KHTML, like Gecko) Chrome/71.0.3578.98 Safari/537.36"
174.3.135.102 - - [31/Jan/2019:21:14:43 -0500] "GET /index.php?shoutbox/refresh&last_id=141&_xfRequestUri=%2F&_xfWithData=1&_xfToken=1548987113%2C9c0a91a65840f80cddf682f8d2017670&_xfResponseType=json HTTP/1.1" 200 119 "https://www.paladin-extensions.com/" "Mozilla/5.0 (Windows NT 10.0; Win64; x64) AppleWebKit/537.36 (KHTML, like Gecko) Chrome/71.0.3578.98 Safari/537.36"
174.3.135.102 - - [31/Jan/2019:21:14:44 -0500] "GET /index.php?shoutbox/refresh&last_id=141&_xfRequestUri=%2F&_xfWithData=1&_xfToken=1548987113%2C9c0a91a65840f80cddf682f8d2017670&_xfResponseType=json HTTP/1.1" 200 119 "https://www.paladin-extensions.com/" "Mozilla/5.0 (Windows NT 10.0; Win64; x64) AppleWebKit/537.36 (KHTML, like Gecko) Chrome/71.0.3578.98 Safari/537.36"
174.3.135.102 - - [31/Jan/2019:21:14:45 -0500] "GET /index.php?shoutbox/refresh&last_id=141&_xfRequestUri=%2F&_xfWithData=1&_xfToken=1548987113%2C9c0a91a65840f80cddf682f8d2017670&_xfResponseType=json HTTP/1.1" 200 119 "https://www.paladin-extensions.com/" "Mozilla/5.0 (Windows NT 10.0; Win64; x64) AppleWebKit/537.36 (KHTML, like Gecko) Chrome/71.0.3578.98 Safari/537.36"
174.3.135.102 - - [31/Jan/2019:21:14:46 -0500] "GET /index.php?shoutbox/refresh&last_id=141&_xfRequestUri=%2F&_xfWithData=1&_xfToken=1548987113%2C9c0a91a65840f80cddf682f8d2017670&_xfResponseType=json HTTP/1.1" 200 119 "https://www.paladin-extensions.com/" "Mozilla/5.0 (Windows NT 10.0; Win64; x64) AppleWebKit/537.36 (KHTML, like Gecko) Chrome/71.0.3578.98 Safari/537.36"
174.3.135.102 - - [31/Jan/2019:21:14:47 -0500] "GET /index.php?shoutbox/refresh&last_id=141&_xfRequestUri=%2F&_xfWithData=1&_xfToken=1548987113%2C9c0a91a65840f80cddf682f8d2017670&_xfResponseType=json HTTP/1.1" 200 119 "https://www.paladin-extensions.com/" "Mozilla/5.0 (Windows NT 10.0; Win64; x64) AppleWebKit/537.36 (KHTML, like Gecko) Chrome/71.0.3578.98 Safari/537.36"
174.3.135.102 - - [31/Jan/2019:21:14:48 -0500] "GET /index.php?shoutbox/refresh&last_id=141&_xfRequestUri=%2F&_xfWithData=1&_xfToken=1548987113%2C9c0a91a65840f80cddf682f8d2017670&_xfResponseType=json HTTP/1.1" 200 119 "https://www.paladin-extensions.com/" "Mozilla/5.0 (Windows NT 10.0; Win64; x64) AppleWebKit/537.36 (KHTML, like Gecko) Chrome/71.0.3578.98 Safari/537.36"
174.3.135.102 - - [31/Jan/2019:21:14:49 -0500] "GET /index.php?shoutbox/refresh&last_id=141&_xfRequestUri=%2F&_xfWithData=1&_xfToken=1548987113%2C9c0a91a65840f80cddf682f8d2017670&_xfResponseType=json HTTP/1.1" 200 119 "https://www.paladin-extensions.com/" "Mozilla/5.0 (Windows NT 10.0; Win64; x64) AppleWebKit/537.36 (KHTML, like Gecko) Chrome/71.0.3578.98 Safari/537.36"
174.3.135.102 - - [31/Jan/2019:21:14:50 -0500] "GET /index.php?shoutbox/refresh&last_id=141&_xfRequestUri=%2F&_xfWithData=1&_xfToken=1548987113%2C9c0a91a65840f80cddf682f8d2017670&_xfResponseType=json HTTP/1.1" 200 119 "https://www.paladin-extensions.com/" "Mozilla/5.0 (Windows NT 10.0; Win64; x64) AppleWebKit/537.36 (KHTML, like Gecko) Chrome/71.0.3578.98 Safari/537.36"
174.3.135.102 - - [31/Jan/2019:21:14:51 -0500] "GET /index.php?shoutbox/refresh&last_id=141&_xfRequestUri=%2F&_xfWithData=1&_xfToken=1548987113%2C9c0a91a65840f80cddf682f8d2017670&_xfResponseType=json HTTP/1.1" 200 119 "https://www.paladin-extensions.com/" "Mozilla/5.0 (Windows NT 10.0; Win64; x64) AppleWebKit/537.36 (KHTML, like Gecko) Chrome/71.0.3578.98 Safari/537.36"
174.3.135.102 - - [31/Jan/2019:21:14:52 -0500] "GET /index.php?shoutbox/refresh&last_id=141&_xfRequestUri=%2F&_xfWithData=1&_xfToken=1548987113%2C9c0a91a65840f80cddf682f8d2017670&_xfResponseType=json HTTP/1.1" 200 119 "https://www.paladin-extensions.com/" "Mozilla/5.0 (Windows NT 10.0; Win64; x64) AppleWebKit/537.36 (KHTML, like Gecko) Chrome/71.0.3578.98 Safari/537.36"
174.3.135.102 - - [31/Jan/2019:21:14:53 -0500] "GET /index.php?shoutbox/refresh&last_id=141&_xfRequestUri=%2F&_xfWithData=1&_xfToken=1548987113%2C9c0a91a65840f80cddf682f8d2017670&_xfResponseType=json HTTP/1.1" 200 119 "https://www.paladin-extensions.com/" "Mozilla/5.0 (Windows NT 10.0; Win64; x64) AppleWebKit/537.36 (KHTML, like Gecko) Chrome/71.0.3578.98 Safari/537.36"
174.3.135.102 - - [31/Jan/2019:21:14:54 -0500] "GET /index.php?shoutbox/refresh&last_id=141&_xfRequestUri=%2F&_xfWithData=1&_xfToken=1548987113%2C9c0a91a65840f80cddf682f8d2017670&_xfResponseType=json HTTP/1.1" 200 119 "https://www.paladin-extensions.com/" "Mozilla/5.0 (Windows NT 10.0; Win64; x64) AppleWebKit/537.36 (KHTML, like Gecko) Chrome/71.0.3578.98 Safari/537.36"
174.3.135.102 - - [31/Jan/2019:21:14:55 -0500] "GET /index.php?shoutbox/refresh&last_id=141&_xfRequestUri=%2F&_xfWithData=1&_xfToken=1548987113%2C9c0a91a65840f80cddf682f8d2017670&_xfResponseType=json HTTP/1.1" 200 119 "https://www.paladin-extensions.com/" "Mozilla/5.0 (Windows NT 10.0; Win64; x64) AppleWebKit/537.36 (KHTML, like Gecko) Chrome/71.0.3578.98 Safari/537.36"
174.3.135.102 - - [31/Jan/2019:21:14:56 -0500] "GET /index.php?shoutbox/refresh&last_id=141&_xfRequestUri=%2F&_xfWithData=1&_xfToken=1548987113%2C9c0a91a65840f80cddf682f8d2017670&_xfResponseType=json HTTP/1.1" 200 119 "https://www.paladin-extensions.com/" "Mozilla/5.0 (Windows NT 10.0; Win64; x64) AppleWebKit/537.36 (KHTML, like Gecko) Chrome/71.0.3578.98 Safari/537.36"
174.3.135.102 - - [31/Jan/2019:21:14:57 -0500] "GET /index.php?shoutbox/refresh&last_id=141&_xfRequestUri=%2F&_xfWithData=1&_xfToken=1548987113%2C9c0a91a65840f80cddf682f8d2017670&_xfResponseType=json HTTP/1.1" 200 119 "https://www.paladin-extensions.com/" "Mozilla/5.0 (Windows NT 10.0; Win64; x64) AppleWebKit/537.36 (KHTML, like Gecko) Chrome/71.0.3578.98 Safari/537.36"
174.3.135.102 - - [31/Jan/2019:21:14:58 -0500] "GET /index.php?shoutbox/refresh&last_id=141&_xfRequestUri=%2F&_xfWithData=1&_xfToken=1548987113%2C9c0a91a65840f80cddf682f8d2017670&_xfResponseType=json HTTP/1.1" 200 119 "https://www.paladin-extensions.com/" "Mozilla/5.0 (Windows NT 10.0; Win64; x64) AppleWebKit/537.36 (KHTML, like Gecko) Chrome/71.0.3578.98 Safari/537.36"
