220.181.108.117 - - [14/Jan/2019:07:29:01 -0500] "GET /search/ HTTP/1.1" 503 38051 "-" "Mozilla/5.0 (compatible; Baiduspider/2.0; +http://www.baidu.com/search/spider.html)"
3.81.3.161 - - [14/Jan/2019:07:36:28 -0500] "GET / HTTP/1.1" 503 38415 "http://paladin-extensions.com/" "Mozilla/5.0 (Macintosh; Intel Mac OS X 10_13_4) AppleWebKit/537.36 (KHTML, like Gecko) Chrome/65.0.3325.181 Safari/537.36"
46.229.168.138 - - [14/Jan/2019:07:54:05 -0500] "GET /robots.txt HTTP/1.1" 404 208 "-" "Mozilla/5.0 (compatible; SemrushBot/3~bl; +http://www.semrush.com/bot.html)"
46.229.168.138 - - [14/Jan/2019:07:54:06 -0500] "GET /members/bhopfu1.1/ HTTP/1.1" 503 9941 "-" "Mozilla/5.0 (compatible; SemrushBot/3~bl; +http://www.semrush.com/bot.html)"
46.229.168.136 - - [14/Jan/2019:07:54:07 -0500] "GET /sitemap.xml HTTP/1.1" 200 1208 "-" "Mozilla/5.0 (compatible; SemrushBot/3~bl; +http://www.semrush.com/bot.html)"
3.81.3.161 - - [14/Jan/2019:07:58:26 -0500] "GET / HTTP/1.1" 503 38415 "http://paladin-extensions.com/" "Mozilla/5.0 (Macintosh; Intel Mac OS X 10_13_4) AppleWebKit/537.36 (KHTML, like Gecko) Chrome/65.0.3325.181 Safari/537.36"
3.81.3.161 - - [14/Jan/2019:08:17:21 -0500] "GET / HTTP/1.1" 503 38415 "http://paladin-extensions.com/" "Mozilla/5.0 (Macintosh; Intel Mac OS X 10_13_4) AppleWebKit/537.36 (KHTML, like Gecko) Chrome/65.0.3325.181 Safari/537.36"
178.154.244.151 - - [14/Jan/2019:08:30:53 -0500] "GET /robots.txt HTTP/1.1" 404 208 "-" "Mozilla/5.0 (compatible; YandexBot/3.0; +http://yandex.com/bots)"
5.255.250.156 - - [14/Jan/2019:08:30:57 -0500] "GET /search/?type=xr_pm_product HTTP/1.1" 503 9913 "-" "Mozilla/5.0 (compatible; YandexBot/3.0; +http://yandex.com/bots)"
37.9.87.143 - - [14/Jan/2019:08:31:01 -0500] "GET /search/?type=xr_pm_product HTTP/1.1" 503 9912 "-" "Mozilla/5.0 (compatible; YandexBot/3.0; +http://yandex.com/bots)"
178.154.244.176 - - [14/Jan/2019:08:31:05 -0500] "GET /search/?type=xr_pm_product HTTP/1.1" 503 9900 "-" "Mozilla/5.0 (compatible; YandexBot/3.0; +http://yandex.com/bots)"
77.88.47.52 - - [14/Jan/2019:08:35:41 -0500] "GET /threads/cant-buy-pubg-or-rainbow-six.54/ HTTP/1.1" 503 10007 "-" "Mozilla/5.0 (compatible; YandexBot/3.0; +http://yandex.com/bots)"
37.9.87.171 - - [14/Jan/2019:08:35:46 -0500] "GET /threads/cant-buy-pubg-or-rainbow-six.54/ HTTP/1.1" 503 10016 "-" "Mozilla/5.0 (compatible; YandexBot/3.0; +http://yandex.com/bots)"
178.154.244.151 - - [14/Jan/2019:08:35:51 -0500] "GET /threads/cant-buy-pubg-or-rainbow-six.54/ HTTP/1.1" 503 10007 "-" "Mozilla/5.0 (compatible; YandexBot/3.0; +http://yandex.com/bots)"
93.158.161.6 - - [14/Jan/2019:08:36:42 -0500] "GET /forums/media.22/ HTTP/1.1" 503 9948 "-" "Mozilla/5.0 (compatible; YandexBot/3.0; +http://yandex.com/bots)"
37.9.87.129 - - [14/Jan/2019:08:36:57 -0500] "GET /forums/media.22/ HTTP/1.1" 503 9956 "-" "Mozilla/5.0 (compatible; YandexBot/3.0; +http://yandex.com/bots)"
3.81.3.161 - - [14/Jan/2019:08:36:58 -0500] "GET / HTTP/1.1" 503 38415 "http://paladin-extensions.com/" "Mozilla/5.0 (Macintosh; Intel Mac OS X 10_13_4) AppleWebKit/537.36 (KHTML, like Gecko) Chrome/65.0.3325.181 Safari/537.36"
37.9.87.171 - - [14/Jan/2019:08:37:12 -0500] "GET /forums/media.22/ HTTP/1.1" 503 9955 "-" "Mozilla/5.0 (compatible; YandexBot/3.0; +http://yandex.com/bots)"
178.154.244.151 - - [14/Jan/2019:08:37:42 -0500] "GET /extensions/categories/free-extensions.2/?prefix_id=1 HTTP/1.1" 503 9924 "-" "Mozilla/5.0 (compatible; YandexBot/3.0; +http://yandex.com/bots)"
93.158.161.6 - - [14/Jan/2019:08:38:42 -0500] "GET /extensions/categories/free-extensions.2/?prefix_id=1 HTTP/1.1" 503 9922 "-" "Mozilla/5.0 (compatible; YandexBot/3.0; +http://yandex.com/bots)"
100.43.85.164 - - [14/Jan/2019:08:39:42 -0500] "GET /extensions/categories/free-extensions.2/?prefix_id=1 HTTP/1.1" 503 9922 "-" "Mozilla/5.0 (compatible; YandexBot/3.0; +http://yandex.com/bots)"
37.9.87.170 - - [14/Jan/2019:08:41:42 -0500] "GET /help/smilies/ HTTP/1.1" 200 11727 "-" "Mozilla/5.0 (compatible; YandexBot/3.0; +http://yandex.com/bots)"
37.9.87.143 - - [14/Jan/2019:08:41:44 -0500] "GET /extensions/paladin-pubg-extension.3/ HTTP/1.1" 503 9914 "-" "Mozilla/5.0 (compatible; YandexBot/3.0; +http://yandex.com/bots)"
37.9.87.167 - - [14/Jan/2019:08:41:47 -0500] "GET /extensions/paladin-pubg-extension.3/ HTTP/1.1" 503 9918 "-" "Mozilla/5.0 (compatible; YandexBot/3.0; +http://yandex.com/bots)"
178.154.244.176 - - [14/Jan/2019:08:41:49 -0500] "GET /extensions/paladin-pubg-extension.3/ HTTP/1.1" 503 9919 "-" "Mozilla/5.0 (compatible; YandexBot/3.0; +http://yandex.com/bots)"
3.81.3.161 - - [14/Jan/2019:08:57:01 -0500] "GET / HTTP/1.1" 503 38415 "http://paladin-extensions.com/" "Mozilla/5.0 (Macintosh; Intel Mac OS X 10_13_4) AppleWebKit/537.36 (KHTML, like Gecko) Chrome/65.0.3325.181 Safari/537.36"
3.81.3.161 - - [14/Jan/2019:09:16:39 -0500] "GET / HTTP/1.1" 503 38415 "http://paladin-extensions.com/" "Mozilla/5.0 (Macintosh; Intel Mac OS X 10_13_4) AppleWebKit/537.36 (KHTML, like Gecko) Chrome/65.0.3325.181 Safari/537.36"
46.229.168.141 - - [14/Jan/2019:09:16:52 -0500] "GET /robots.txt HTTP/1.1" 404 208 "-" "Mozilla/5.0 (compatible; SemrushBot/3~bl; +http://www.semrush.com/bot.html)"
46.229.168.130 - - [14/Jan/2019:09:16:53 -0500] "GET /threads/discord-and-steam-integration.56/ HTTP/1.1" 503 9976 "-" "Mozilla/5.0 (compatible; SemrushBot/3~bl; +http://www.semrush.com/bot.html)"
180.76.15.158 - - [14/Jan/2019:09:23:20 -0500] "GET /members/driftloom.37/ HTTP/1.1" 503 38445 "-" "Mozilla/5.0 (compatible; Baiduspider/2.0; +http://www.baidu.com/search/spider.html)"
3.81.66.226 - - [14/Jan/2019:09:37:04 -0500] "GET / HTTP/1.1" 503 38415 "http://paladin-extensions.com/" "Mozilla/5.0 (Macintosh; Intel Mac OS X 10_13_4) AppleWebKit/537.36 (KHTML, like Gecko) Chrome/65.0.3325.181 Safari/537.36"
3.81.66.226 - - [14/Jan/2019:09:57:01 -0500] "GET / HTTP/1.1" 503 38415 "http://paladin-extensions.com/" "Mozilla/5.0 (Macintosh; Intel Mac OS X 10_13_4) AppleWebKit/537.36 (KHTML, like Gecko) Chrome/65.0.3325.181 Safari/537.36"
3.81.66.226 - - [14/Jan/2019:10:17:04 -0500] "GET / HTTP/1.1" 503 38415 "http://paladin-extensions.com/" "Mozilla/5.0 (Macintosh; Intel Mac OS X 10_13_4) AppleWebKit/537.36 (KHTML, like Gecko) Chrome/65.0.3325.181 Safari/537.36"
3.81.66.226 - - [14/Jan/2019:10:37:18 -0500] "GET / HTTP/1.1" 503 38415 "http://paladin-extensions.com/" "Mozilla/5.0 (Macintosh; Intel Mac OS X 10_13_4) AppleWebKit/537.36 (KHTML, like Gecko) Chrome/65.0.3325.181 Safari/537.36"
66.249.79.193 - - [14/Jan/2019:10:42:46 -0500] "GET /robots.txt HTTP/1.1" 404 208 "-" "Mozilla/5.0 (compatible; Googlebot/2.1; +http://www.google.com/bot.html)"
66.249.79.193 - - [14/Jan/2019:10:42:46 -0500] "GET /js/themehouse/uix_dark/defer.min.js?_v=1b6ae0af HTTP/1.1" 200 5041 "https://www.paladin-extensions.com/" "Mozilla/5.0 AppleWebKit/537.36 (KHTML, like Gecko; compatible; Googlebot/2.1; +http://www.google.com/bot.html) Safari/537.36"
66.249.79.220 - - [14/Jan/2019:10:42:47 -0500] "GET /js/xf/preamble-compiled.js?_v=1b6ae0af HTTP/1.1" 200 7764 "https://www.paladin-extensions.com/" "Mozilla/5.0 AppleWebKit/537.36 (KHTML, like Gecko; compatible; Googlebot/2.1; +http://www.google.com/bot.html) Safari/537.36"
66.249.79.222 - - [14/Jan/2019:10:42:47 -0500] "GET /js/xf/core-compiled.js?_v=1b6ae0af HTTP/1.1" 200 47440 "https://www.paladin-extensions.com/" "Mozilla/5.0 AppleWebKit/537.36 (KHTML, like Gecko; compatible; Googlebot/2.1; +http://www.google.com/bot.html) Safari/537.36"
66.249.79.193 - - [14/Jan/2019:10:42:48 -0500] "GET /js/themehouse/uix_dark/ripple.min.js?_v=1b6ae0af HTTP/1.1" 200 692 "https://www.paladin-extensions.com/" "Mozilla/5.0 AppleWebKit/537.36 (KHTML, like Gecko; compatible; Googlebot/2.1; +http://www.google.com/bot.html) Safari/537.36"
66.249.79.222 - - [14/Jan/2019:10:42:48 -0500] "GET /js/themehouse/global/20180112.min.js?_v=1b6ae0af HTTP/1.1" 200 3938 "https://www.paladin-extensions.com/" "Mozilla/5.0 AppleWebKit/537.36 (KHTML, like Gecko; compatible; Googlebot/2.1; +http://www.google.com/bot.html) Safari/537.36"
66.249.79.193 - - [14/Jan/2019:10:42:49 -0500] "GET /js/themehouse/uix_dark/index.min.js?_v=1b6ae0af HTTP/1.1" 200 2382 "https://www.paladin-extensions.com/" "Mozilla/5.0 AppleWebKit/537.36 (KHTML, like Gecko; compatible; Googlebot/2.1; +http://www.google.com/bot.html) Safari/537.36"
3.81.66.226 - - [14/Jan/2019:10:56:54 -0500] "GET / HTTP/1.1" 503 38415 "http://paladin-extensions.com/" "Mozilla/5.0 (Macintosh; Intel Mac OS X 10_13_4) AppleWebKit/537.36 (KHTML, like Gecko) Chrome/65.0.3325.181 Safari/537.36"
3.81.66.226 - - [14/Jan/2019:11:17:06 -0500] "GET / HTTP/1.1" 503 38415 "http://paladin-extensions.com/" "Mozilla/5.0 (Macintosh; Intel Mac OS X 10_13_4) AppleWebKit/537.36 (KHTML, like Gecko) Chrome/65.0.3325.181 Safari/537.36"
3.81.66.226 - - [14/Jan/2019:11:37:00 -0500] "GET / HTTP/1.1" 503 38415 "http://paladin-extensions.com/" "Mozilla/5.0 (Macintosh; Intel Mac OS X 10_13_4) AppleWebKit/537.36 (KHTML, like Gecko) Chrome/65.0.3325.181 Safari/537.36"
66.249.79.112 - - [14/Jan/2019:11:42:02 -0500] "GET /robots.txt HTTP/1.1" 404 208 "-" "Mozilla/5.0 (compatible; Googlebot/2.1; +http://www.google.com/bot.html)"
66.249.79.114 - - [14/Jan/2019:11:42:02 -0500] "GET /js/xf/lightbox-compiled.js?_v=dca873e2 HTTP/1.1" 200 14071 "https://www.paladin.rip/extensions/paladin-pubg-extension.3/" "Mozilla/5.0 (Linux; Android 6.0.1; Nexus 5X Build/MMB29P) AppleWebKit/537.36 (KHTML, like Gecko) Chrome/41.0.2272.96 Mobile Safari/537.36 (compatible; Googlebot/2.1; +http://www.google.com/bot.html)"
66.249.79.193 - - [14/Jan/2019:11:42:27 -0500] "GET /search/?type=xr_pm_product HTTP/1.1" 503 9913 "-" "Mozilla/5.0 (compatible; Googlebot/2.1; +http://www.google.com/bot.html)"
141.8.144.24 - - [14/Jan/2019:12:13:26 -0500] "GET /robots.txt HTTP/1.1" 404 208 "-" "Mozilla/5.0 (compatible; YandexBot/3.0; +http://yandex.com/bots)"
5.255.250.102 - - [14/Jan/2019:12:13:30 -0500] "GET /extensions/paladin-csgo-extension.2/ HTTP/1.1" 503 9913 "-" "Mozilla/5.0 (compatible; YandexBot/3.0; +http://yandex.com/bots)"
37.9.87.170 - - [14/Jan/2019:12:13:33 -0500] "GET /extensions/paladin-csgo-extension.2/ HTTP/1.1" 503 9917 "-" "Mozilla/5.0 (compatible; YandexBot/3.0; +http://yandex.com/bots)"
37.9.87.143 - - [14/Jan/2019:12:13:37 -0500] "GET /extensions/paladin-csgo-extension.2/ HTTP/1.1" 503 9915 "-" "Mozilla/5.0 (compatible; YandexBot/3.0; +http://yandex.com/bots)"
3.81.66.226 - - [14/Jan/2019:12:17:26 -0500] "GET / HTTP/1.1" 503 38415 "http://paladin-extensions.com/" "Mozilla/5.0 (Macintosh; Intel Mac OS X 10_13_4) AppleWebKit/537.36 (KHTML, like Gecko) Chrome/65.0.3325.181 Safari/537.36"
3.81.66.226 - - [14/Jan/2019:12:37:04 -0500] "GET / HTTP/1.1" 503 38415 "http://paladin-extensions.com/" "Mozilla/5.0 (Macintosh; Intel Mac OS X 10_13_4) AppleWebKit/537.36 (KHTML, like Gecko) Chrome/65.0.3325.181 Safari/537.36"
100.43.85.125 - - [14/Jan/2019:12:47:39 -0500] "GET /forums/news.2/ HTTP/1.1" 503 9947 "-" "Mozilla/5.0 (compatible; YandexBot/3.0; +http://yandex.com/bots)"
93.158.161.96 - - [14/Jan/2019:12:47:44 -0500] "GET /forums/news.2/ HTTP/1.1" 503 9951 "-" "Mozilla/5.0 (compatible; YandexBot/3.0; +http://yandex.com/bots)"
141.8.144.23 - - [14/Jan/2019:12:47:49 -0500] "GET /forums/news.2/ HTTP/1.1" 503 9951 "-" "Mozilla/5.0 (compatible; YandexBot/3.0; +http://yandex.com/bots)"
46.229.168.135 - - [14/Jan/2019:12:56:15 -0500] "GET /robots.txt HTTP/1.1" 404 208 "-" "Mozilla/5.0 (compatible; SemrushBot/3~bl; +http://www.semrush.com/bot.html)"
46.229.168.139 - - [14/Jan/2019:12:56:16 -0500] "GET /members/satellite_.17/ HTTP/1.1" 503 9942 "-" "Mozilla/5.0 (compatible; SemrushBot/3~bl; +http://www.semrush.com/bot.html)"
3.81.66.226 - - [14/Jan/2019:12:56:38 -0500] "GET / HTTP/1.1" 503 38415 "http://paladin-extensions.com/" "Mozilla/5.0 (Macintosh; Intel Mac OS X 10_13_4) AppleWebKit/537.36 (KHTML, like Gecko) Chrome/65.0.3325.181 Safari/537.36"
3.81.66.226 - - [14/Jan/2019:13:17:14 -0500] "GET / HTTP/1.1" 503 38415 "http://paladin-extensions.com/" "Mozilla/5.0 (Macintosh; Intel Mac OS X 10_13_4) AppleWebKit/537.36 (KHTML, like Gecko) Chrome/65.0.3325.181 Safari/537.36"
3.81.66.226 - - [14/Jan/2019:13:37:02 -0500] "GET / HTTP/1.1" 503 38415 "http://paladin-extensions.com/" "Mozilla/5.0 (Macintosh; Intel Mac OS X 10_13_4) AppleWebKit/537.36 (KHTML, like Gecko) Chrome/65.0.3325.181 Safari/537.36"
66.249.79.220 - - [14/Jan/2019:13:55:04 -0500] "GET /embed.json HTTP/1.1" 404 9850 "-" "Mozilla/5.0 (compatible; Googlebot/2.1; +http://www.google.com/bot.html)"
3.81.66.226 - - [14/Jan/2019:13:57:12 -0500] "GET / HTTP/1.1" 503 38415 "http://paladin-extensions.com/" "Mozilla/5.0 (Macintosh; Intel Mac OS X 10_13_4) AppleWebKit/537.36 (KHTML, like Gecko) Chrome/65.0.3325.181 Safari/537.36"
137.226.113.26 - - [14/Jan/2019:14:05:36 -0500] "GET / HTTP/1.1" 503 10035 "-" "Mozilla/5.0 zgrab/0.x (compatible; Researchscan/t12sns; +http://researchscan.comsys.rwth-aachen.de)"
3.81.66.226 - - [14/Jan/2019:14:16:58 -0500] "GET / HTTP/1.1" 503 38415 "http://paladin-extensions.com/" "Mozilla/5.0 (Macintosh; Intel Mac OS X 10_13_4) AppleWebKit/537.36 (KHTML, like Gecko) Chrome/65.0.3325.181 Safari/537.36"
3.81.66.226 - - [14/Jan/2019:14:36:49 -0500] "GET / HTTP/1.1" 503 38415 "http://paladin-extensions.com/" "Mozilla/5.0 (Macintosh; Intel Mac OS X 10_13_4) AppleWebKit/537.36 (KHTML, like Gecko) Chrome/65.0.3325.181 Safari/537.36"
180.76.15.9 - - [14/Jan/2019:14:43:08 -0500] "GET /search/ HTTP/1.1" 503 38051 "-" "Mozilla/5.0 (compatible; Baiduspider/2.0; +http://www.baidu.com/search/spider.html)"
3.81.66.226 - - [14/Jan/2019:14:57:27 -0500] "GET / HTTP/1.1" 503 38415 "http://paladin-extensions.com/" "Mozilla/5.0 (Macintosh; Intel Mac OS X 10_13_4) AppleWebKit/537.36 (KHTML, like Gecko) Chrome/65.0.3325.181 Safari/537.36"
3.81.66.226 - - [14/Jan/2019:15:17:38 -0500] "GET / HTTP/1.1" 503 38415 "http://paladin-extensions.com/" "Mozilla/5.0 (Macintosh; Intel Mac OS X 10_13_4) AppleWebKit/537.36 (KHTML, like Gecko) Chrome/65.0.3325.181 Safari/537.36"
37.9.87.171 - - [14/Jan/2019:15:21:42 -0500] "GET /robots.txt HTTP/1.1" 404 208 "-" "Mozilla/5.0 (compatible; YandexBot/3.0; +http://yandex.com/bots)"
178.154.244.132 - - [14/Jan/2019:15:21:46 -0500] "GET /extensions/paladin-extension-manager.1/history HTTP/1.1" 404 9863 "-" "Mozilla/5.0 (compatible; YandexBot/3.0; +http://yandex.com/bots)"
93.158.161.96 - - [14/Jan/2019:15:21:50 -0500] "GET /threads/ques-tion.47/ HTTP/1.1" 503 9948 "-" "Mozilla/5.0 (compatible; YandexBot/3.0; +http://yandex.com/bots)"
141.8.144.23 - - [14/Jan/2019:15:21:53 -0500] "GET /threads/ques-tion.47/ HTTP/1.1" 503 9955 "-" "Mozilla/5.0 (compatible; YandexBot/3.0; +http://yandex.com/bots)"
5.255.250.156 - - [14/Jan/2019:15:21:57 -0500] "GET /threads/ques-tion.47/ HTTP/1.1" 503 9957 "-" "Mozilla/5.0 (compatible; YandexBot/3.0; +http://yandex.com/bots)"
3.81.66.226 - - [14/Jan/2019:15:36:47 -0500] "GET / HTTP/1.1" 503 38415 "http://paladin-extensions.com/" "Mozilla/5.0 (Macintosh; Intel Mac OS X 10_13_4) AppleWebKit/537.36 (KHTML, like Gecko) Chrome/65.0.3325.181 Safari/537.36"
3.81.66.226 - - [14/Jan/2019:15:57:16 -0500] "GET / HTTP/1.1" 503 38415 "http://paladin-extensions.com/" "Mozilla/5.0 (Macintosh; Intel Mac OS X 10_13_4) AppleWebKit/537.36 (KHTML, like Gecko) Chrome/65.0.3325.181 Safari/537.36"
3.81.66.226 - - [14/Jan/2019:16:17:31 -0500] "GET / HTTP/1.1" 503 38415 "http://paladin-extensions.com/" "Mozilla/5.0 (Macintosh; Intel Mac OS X 10_13_4) AppleWebKit/537.36 (KHTML, like Gecko) Chrome/65.0.3325.181 Safari/537.36"
3.81.66.226 - - [14/Jan/2019:16:36:56 -0500] "GET / HTTP/1.1" 503 38415 "http://paladin-extensions.com/" "Mozilla/5.0 (Macintosh; Intel Mac OS X 10_13_4) AppleWebKit/537.36 (KHTML, like Gecko) Chrome/65.0.3325.181 Safari/537.36"
66.249.79.193 - - [14/Jan/2019:16:39:21 -0500] "GET /search/?type=support_ticket_message HTTP/1.1" 503 9914 "-" "Mozilla/5.0 (compatible; Googlebot/2.1; +http://www.google.com/bot.html)"
3.81.66.226 - - [14/Jan/2019:16:56:39 -0500] "GET / HTTP/1.1" 503 38415 "http://paladin-extensions.com/" "Mozilla/5.0 (Macintosh; Intel Mac OS X 10_13_4) AppleWebKit/537.36 (KHTML, like Gecko) Chrome/65.0.3325.181 Safari/537.36"
66.249.79.222 - - [14/Jan/2019:17:13:19 -0500] "GET /members/ruso.18/trophies HTTP/1.1" 503 9950 "-" "Mozilla/5.0 (compatible; Googlebot/2.1; +http://www.google.com/bot.html)"
34.230.33.109 - - [14/Jan/2019:17:17:11 -0500] "GET / HTTP/1.1" 503 38415 "http://paladin-extensions.com/" "Mozilla/5.0 (Macintosh; Intel Mac OS X 10_13_4) AppleWebKit/537.36 (KHTML, like Gecko) Chrome/65.0.3325.181 Safari/537.36"
34.230.33.109 - - [14/Jan/2019:17:37:00 -0500] "GET / HTTP/1.1" 503 38415 "http://paladin-extensions.com/" "Mozilla/5.0 (Macintosh; Intel Mac OS X 10_13_4) AppleWebKit/537.36 (KHTML, like Gecko) Chrome/65.0.3325.181 Safari/537.36"
34.230.33.109 - - [14/Jan/2019:17:57:05 -0500] "GET / HTTP/1.1" 503 38415 "http://paladin-extensions.com/" "Mozilla/5.0 (Macintosh; Intel Mac OS X 10_13_4) AppleWebKit/537.36 (KHTML, like Gecko) Chrome/65.0.3325.181 Safari/537.36"
178.154.244.151 - - [14/Jan/2019:18:15:17 -0500] "GET /help/privacy-policy/ HTTP/1.1" 200 11589 "-" "Mozilla/5.0 (compatible; YandexBot/3.0; +http://yandex.com/bots)"
34.230.33.109 - - [14/Jan/2019:18:17:01 -0500] "GET / HTTP/1.1" 503 38415 "http://paladin-extensions.com/" "Mozilla/5.0 (Macintosh; Intel Mac OS X 10_13_4) AppleWebKit/537.36 (KHTML, like Gecko) Chrome/65.0.3325.181 Safari/537.36"
178.154.244.132 - - [14/Jan/2019:18:22:04 -0500] "GET /robots.txt HTTP/1.1" 404 208 "-" "Mozilla/5.0 (compatible; YandexBot/3.0; +http://yandex.com/bots)"
178.154.244.132 - - [14/Jan/2019:18:22:07 -0500] "GET /extensions/featured HTTP/1.1" 404 9861 "-" "Mozilla/5.0 (compatible; YandexBot/3.0; +http://yandex.com/bots)"
93.158.161.96 - - [14/Jan/2019:18:25:10 -0500] "GET /members/intra.14/ HTTP/1.1" 503 9977 "-" "Mozilla/5.0 (compatible; YandexBot/3.0; +http://yandex.com/bots)"
37.9.87.171 - - [14/Jan/2019:18:25:14 -0500] "GET /members/intra.14/ HTTP/1.1" 503 9977 "-" "Mozilla/5.0 (compatible; YandexBot/3.0; +http://yandex.com/bots)"
178.154.244.151 - - [14/Jan/2019:18:25:17 -0500] "GET /members/intra.14/ HTTP/1.1" 503 9976 "-" "Mozilla/5.0 (compatible; YandexBot/3.0; +http://yandex.com/bots)"
34.230.33.109 - - [14/Jan/2019:18:37:04 -0500] "GET / HTTP/1.1" 503 38415 "http://paladin-extensions.com/" "Mozilla/5.0 (Macintosh; Intel Mac OS X 10_13_4) AppleWebKit/537.36 (KHTML, like Gecko) Chrome/65.0.3325.181 Safari/537.36"
34.230.33.109 - - [14/Jan/2019:18:56:51 -0500] "GET / HTTP/1.1" 503 38415 "http://paladin-extensions.com/" "Mozilla/5.0 (Macintosh; Intel Mac OS X 10_13_4) AppleWebKit/537.36 (KHTML, like Gecko) Chrome/65.0.3325.181 Safari/537.36"
37.9.87.171 - - [14/Jan/2019:19:13:35 -0500] "GET /robots.txt HTTP/1.1" 404 208 "-" "Mozilla/5.0 (compatible; YandexBot/3.0; +http://yandex.com/bots)"
141.8.144.24 - - [14/Jan/2019:19:13:39 -0500] "GET / HTTP/1.1" 301 - "-" "Mozilla/5.0 (compatible; YandexBot/3.0; +http://yandex.com/bots)"
37.9.87.167 - - [14/Jan/2019:19:14:18 -0500] "GET / HTTP/1.1" 503 10034 "-" "Mozilla/5.0 (compatible; YandexBot/3.0; +http://yandex.com/bots)"
5.255.250.84 - - [14/Jan/2019:19:14:23 -0500] "GET / HTTP/1.1" 503 10037 "-" "Mozilla/5.0 (compatible; YandexBot/3.0; +http://yandex.com/bots)"
141.8.144.23 - - [14/Jan/2019:19:14:28 -0500] "GET / HTTP/1.1" 503 10034 "-" "Mozilla/5.0 (compatible; YandexBot/3.0; +http://yandex.com/bots)"
34.230.33.109 - - [14/Jan/2019:19:16:52 -0500] "GET / HTTP/1.1" 503 38415 "http://paladin-extensions.com/" "Mozilla/5.0 (Macintosh; Intel Mac OS X 10_13_4) AppleWebKit/537.36 (KHTML, like Gecko) Chrome/65.0.3325.181 Safari/537.36"
144.217.64.22 - - [14/Jan/2019:19:34:40 -0500] "GET /data/avatars/s/0/1.jpg?1538028194 HTTP/1.1" 200 3345 "-" "Mozilla/5.0 (Macintosh; Intel Mac OS X 10.10; rv:38.0) Gecko/20100101 Firefox/38.0"
144.217.64.23 - - [14/Jan/2019:19:34:40 -0500] "GET /data/avatars/s/0/1.jpg?1538028194 HTTP/1.1" 200 3345 "-" "Mozilla/5.0 (Macintosh; Intel Mac OS X 10.10; rv:38.0) Gecko/20100101 Firefox/38.0"
34.230.33.109 - - [14/Jan/2019:19:36:46 -0500] "GET / HTTP/1.1" 503 38415 "http://paladin-extensions.com/" "Mozilla/5.0 (Macintosh; Intel Mac OS X 10_13_4) AppleWebKit/537.36 (KHTML, like Gecko) Chrome/65.0.3325.181 Safari/537.36"
34.230.33.109 - - [14/Jan/2019:19:56:54 -0500] "GET / HTTP/1.1" 503 38415 "http://paladin-extensions.com/" "Mozilla/5.0 (Macintosh; Intel Mac OS X 10_13_4) AppleWebKit/537.36 (KHTML, like Gecko) Chrome/65.0.3325.181 Safari/537.36"
34.230.33.109 - - [14/Jan/2019:20:16:46 -0500] "GET / HTTP/1.1" 503 38415 "http://paladin-extensions.com/" "Mozilla/5.0 (Macintosh; Intel Mac OS X 10_13_4) AppleWebKit/537.36 (KHTML, like Gecko) Chrome/65.0.3325.181 Safari/537.36"
34.230.33.109 - - [14/Jan/2019:20:36:42 -0500] "GET / HTTP/1.1" 503 38415 "http://paladin-extensions.com/" "Mozilla/5.0 (Macintosh; Intel Mac OS X 10_13_4) AppleWebKit/537.36 (KHTML, like Gecko) Chrome/65.0.3325.181 Safari/537.36"
180.76.15.17 - - [14/Jan/2019:20:45:25 -0500] "GET /extensions/categories/2 HTTP/1.1" 503 38129 "-" "Mozilla/5.0 (compatible; Baiduspider/2.0; +http://www.baidu.com/search/spider.html)"
34.230.33.109 - - [14/Jan/2019:20:56:57 -0500] "GET / HTTP/1.1" 503 38415 "http://paladin-extensions.com/" "Mozilla/5.0 (Macintosh; Intel Mac OS X 10_13_4) AppleWebKit/537.36 (KHTML, like Gecko) Chrome/65.0.3325.181 Safari/537.36"
95.163.255.76 - - [14/Jan/2019:20:58:31 -0500] "GET /robots.txt HTTP/1.0" 404 208 "-" "Mozilla/5.0 (compatible; Linux x86_64; Mail.RU_Bot/2.0; +http://go.mail.ru/help/robots)"
95.163.255.77 - - [14/Jan/2019:20:58:34 -0500] "GET /posts/75/ HTTP/1.1" 301 - "-" "Mozilla/5.0 (compatible; Linux x86_64; Mail.RU_Bot/2.0; +http://go.mail.ru/help/robots)"
95.163.255.77 - - [14/Jan/2019:20:58:42 -0500] "GET /posts/9/ HTTP/1.1" 301 - "-" "Mozilla/5.0 (compatible; Linux x86_64; Mail.RU_Bot/2.0; +http://go.mail.ru/help/robots)"
95.163.255.72 - - [14/Jan/2019:20:58:52 -0500] "GET /robots.txt HTTP/1.0" 404 208 "-" "Mozilla/5.0 (compatible; Linux x86_64; Mail.RU_Bot/2.0; +http://go.mail.ru/help/robots)"
95.163.255.75 - - [14/Jan/2019:20:58:53 -0500] "GET /posts/75/ HTTP/1.1" 503 9959 "https://paladin-extensions.com/posts/75/" "Mozilla/5.0 (compatible; Linux x86_64; Mail.RU_Bot/2.0; +http://go.mail.ru/help/robots)"
95.163.255.76 - - [14/Jan/2019:20:58:56 -0500] "GET /posts/9/ HTTP/1.1" 503 9961 "https://paladin-extensions.com/posts/9/" "Mozilla/5.0 (compatible; Linux x86_64; Mail.RU_Bot/2.0; +http://go.mail.ru/help/robots)"
137.226.113.28 - - [14/Jan/2019:21:01:52 -0500] "GET / HTTP/1.1" 503 10037 "-" "Mozilla/5.0 zgrab/0.x (compatible; Researchscan/t13rl; +http://researchscan.comsys.rwth-aachen.de)"
34.230.33.109 - - [14/Jan/2019:21:17:04 -0500] "GET / HTTP/1.1" 503 38415 "http://paladin-extensions.com/" "Mozilla/5.0 (Macintosh; Intel Mac OS X 10_13_4) AppleWebKit/537.36 (KHTML, like Gecko) Chrome/65.0.3325.181 Safari/537.36"
37.9.87.171 - - [14/Jan/2019:21:28:10 -0500] "GET /robots.txt HTTP/1.1" 404 208 "-" "Mozilla/5.0 (compatible; YandexBot/3.0; +http://yandex.com/bots)"
178.154.244.132 - - [14/Jan/2019:21:28:14 -0500] "GET /members/zel.40/ HTTP/1.1" 503 9940 "-" "Mozilla/5.0 (compatible; YandexBot/3.0; +http://yandex.com/bots)"
93.158.161.96 - - [14/Jan/2019:21:28:18 -0500] "GET /members/zel.40/ HTTP/1.1" 503 9937 "-" "Mozilla/5.0 (compatible; YandexBot/3.0; +http://yandex.com/bots)"
178.154.244.151 - - [14/Jan/2019:21:28:22 -0500] "GET /members/zel.40/ HTTP/1.1" 503 9939 "-" "Mozilla/5.0 (compatible; YandexBot/3.0; +http://yandex.com/bots)"
34.230.33.109 - - [14/Jan/2019:21:36:47 -0500] "GET / HTTP/1.1" 503 38415 "http://paladin-extensions.com/" "Mozilla/5.0 (Macintosh; Intel Mac OS X 10_13_4) AppleWebKit/537.36 (KHTML, like Gecko) Chrome/65.0.3325.181 Safari/537.36"
34.230.33.109 - - [14/Jan/2019:21:56:35 -0500] "GET / HTTP/1.1" 503 38415 "http://paladin-extensions.com/" "Mozilla/5.0 (Macintosh; Intel Mac OS X 10_13_4) AppleWebKit/537.36 (KHTML, like Gecko) Chrome/65.0.3325.181 Safari/537.36"
34.230.33.109 - - [14/Jan/2019:22:19:10 -0500] "GET / HTTP/1.1" 503 38415 "http://paladin-extensions.com/" "Mozilla/5.0 (Macintosh; Intel Mac OS X 10_13_4) AppleWebKit/537.36 (KHTML, like Gecko) Chrome/65.0.3325.181 Safari/537.36"
66.249.79.193 - - [14/Jan/2019:22:33:09 -0500] "GET /js/xf/preamble-compiled.js?_v=3a9b839f HTTP/1.1" 200 7764 "https://www.paladin-extensions.com/forums/pre-sale-discussion.9/" "Mozilla/5.0 (Linux; Android 6.0.1; Nexus 5X Build/MMB29P) AppleWebKit/537.36 (KHTML, like Gecko) Chrome/41.0.2272.96 Mobile Safari/537.36 (compatible; Googlebot/2.1; +http://www.google.com/bot.html)"
66.249.79.220 - - [14/Jan/2019:22:33:10 -0500] "GET /css.php?css=public%3Anormalize.css%2Cpublic%3Acore.less%2Cpublic%3Aapp.less&s=4&l=1&d=1543623682&k=56a8f8f98ae4201a1d95aad9f134c20bd812cfeb HTTP/1.1" 200 62084 "https://www.paladin-extensions.com/forums/pre-sale-discussion.9/" "Mozilla/5.0 (Linux; Android 6.0.1; Nexus 5X Build/MMB29P) AppleWebKit/537.36 (KHTML, like Gecko) Chrome/41.0.2272.96 Mobile Safari/537.36 (compatible; Googlebot/2.1; +http://www.google.com/bot.html)"
66.249.79.220 - - [14/Jan/2019:22:33:14 -0500] "GET /js/themehouse/uix_dark/index.min.js?_v=3a9b839f HTTP/1.1" 200 2382 "https://www.paladin-extensions.com/forums/pre-sale-discussion.9/" "Mozilla/5.0 (Linux; Android 6.0.1; Nexus 5X Build/MMB29P) AppleWebKit/537.36 (KHTML, like Gecko) Chrome/41.0.2272.96 Mobile Safari/537.36 (compatible; Googlebot/2.1; +http://www.google.com/bot.html)"
66.249.79.222 - - [14/Jan/2019:22:33:15 -0500] "GET /js/vendor/vendor-compiled.js?_v=3a9b839f HTTP/1.1" 200 17856 "https://www.paladin-extensions.com/forums/pre-sale-discussion.9/" "Mozilla/5.0 (Linux; Android 6.0.1; Nexus 5X Build/MMB29P) AppleWebKit/537.36 (KHTML, like Gecko) Chrome/41.0.2272.96 Mobile Safari/537.36 (compatible; Googlebot/2.1; +http://www.google.com/bot.html)"
66.249.79.222 - - [14/Jan/2019:22:33:15 -0500] "GET /js/xf/core-compiled.js?_v=3a9b839f HTTP/1.1" 200 47440 "https://www.paladin-extensions.com/forums/pre-sale-discussion.9/" "Mozilla/5.0 (Linux; Android 6.0.1; Nexus 5X Build/MMB29P) AppleWebKit/537.36 (KHTML, like Gecko) Chrome/41.0.2272.96 Mobile Safari/537.36 (compatible; Googlebot/2.1; +http://www.google.com/bot.html)"
66.249.79.220 - - [14/Jan/2019:22:33:16 -0500] "GET /js/themehouse/global/20171204.min.js?_v=3a9b839f HTTP/1.1" 200 3938 "https://www.paladin-extensions.com/forums/pre-sale-discussion.9/" "Mozilla/5.0 (Linux; Android 6.0.1; Nexus 5X Build/MMB29P) AppleWebKit/537.36 (KHTML, like Gecko) Chrome/41.0.2272.96 Mobile Safari/537.36 (compatible; Googlebot/2.1; +http://www.google.com/bot.html)"
66.249.79.220 - - [14/Jan/2019:22:33:16 -0500] "GET /js/themehouse/uix_dark/ripple.js?_v=3a9b839f HTTP/1.1" 200 985 "https://www.paladin-extensions.com/forums/pre-sale-discussion.9/" "Mozilla/5.0 (Linux; Android 6.0.1; Nexus 5X Build/MMB29P) AppleWebKit/537.36 (KHTML, like Gecko) Chrome/41.0.2272.96 Mobile Safari/537.36 (compatible; Googlebot/2.1; +http://www.google.com/bot.html)"
66.249.79.222 - - [14/Jan/2019:22:33:17 -0500] "GET /css.php?css=public%3Astructured_list.less%2Cpublic%3Ath_reactions.less%2Cpublic%3Aextra.less&s=4&l=1&d=1543623682&k=922b99557a062e4d0f7770b794914d0af7693c7c HTTP/1.1" 200 12276 "https://www.paladin-extensions.com/forums/pre-sale-discussion.9/" "Mozilla/5.0 (Linux; Android 6.0.1; Nexus 5X Build/MMB29P) AppleWebKit/537.36 (KHTML, like Gecko) Chrome/41.0.2272.96 Mobile Safari/537.36 (compatible; Googlebot/2.1; +http://www.google.com/bot.html)"
66.249.79.220 - - [14/Jan/2019:22:33:18 -0500] "GET /styles/themehouse/reactions/wink.svg HTTP/1.1" 200 1917 "https://www.paladin-extensions.com/forums/pre-sale-discussion.9/" "Mozilla/5.0 (Linux; Android 6.0.1; Nexus 5X Build/MMB29P) AppleWebKit/537.36 (KHTML, like Gecko) Chrome/41.0.2272.96 Mobile Safari/537.36 (compatible; Googlebot/2.1; +http://www.google.com/bot.html)"
66.249.79.220 - - [14/Jan/2019:22:33:18 -0500] "GET /js/themehouse/uix_dark/defer.min.js?_v=3a9b839f HTTP/1.1" 200 5041 "https://www.paladin-extensions.com/forums/pre-sale-discussion.9/" "Mozilla/5.0 (Linux; Android 6.0.1; Nexus 5X Build/MMB29P) AppleWebKit/537.36 (KHTML, like Gecko) Chrome/41.0.2272.96 Mobile Safari/537.36 (compatible; Googlebot/2.1; +http://www.google.com/bot.html)"
66.249.79.220 - - [14/Jan/2019:22:33:24 -0500] "GET /css.php?css=public%3Astructured_list.less%2Cpublic%3Ath_reactions.less%2Cpublic%3Aextra.less&s=4&l=1&d=1543563548&k=922b99557a062e4d0f7770b794914d0af7693c7c HTTP/1.1" 200 12276 "https://www.paladin-extensions.com/forums/pre-sale-discussion.9/" "Mozilla/5.0 AppleWebKit/537.36 (KHTML, like Gecko; compatible; Googlebot/2.1; +http://www.google.com/bot.html) Safari/537.36"
66.249.79.220 - - [14/Jan/2019:22:33:24 -0500] "GET /css.php?css=public%3Anormalize.css%2Cpublic%3Acore.less%2Cpublic%3Aapp.less&s=4&l=1&d=1543563548&k=56a8f8f98ae4201a1d95aad9f134c20bd812cfeb HTTP/1.1" 200 62084 "https://www.paladin-extensions.com/forums/pre-sale-discussion.9/" "Mozilla/5.0 AppleWebKit/537.36 (KHTML, like Gecko; compatible; Googlebot/2.1; +http://www.google.com/bot.html) Safari/537.36"
95.163.255.75 - - [14/Jan/2019:22:35:57 -0500] "GET /robots.txt HTTP/1.0" 404 208 "-" "Mozilla/5.0 (compatible; Linux x86_64; Mail.RU_Bot/2.0; +http://go.mail.ru/help/robots)"
95.163.255.74 - - [14/Jan/2019:22:35:58 -0500] "GET /posts/80/ HTTP/1.1" 301 - "-" "Mozilla/5.0 (compatible; Linux x86_64; Mail.RU_Bot/2.0; +http://go.mail.ru/help/robots)"
95.163.255.79 - - [14/Jan/2019:22:36:02 -0500] "GET /robots.txt HTTP/1.0" 404 208 "-" "Mozilla/5.0 (compatible; Linux x86_64; Mail.RU_Bot/2.0; +http://go.mail.ru/help/robots)"
95.163.255.72 - - [14/Jan/2019:22:36:04 -0500] "GET /posts/80/ HTTP/1.1" 503 9962 "https://paladin-extensions.com/posts/80/" "Mozilla/5.0 (compatible; Linux x86_64; Mail.RU_Bot/2.0; +http://go.mail.ru/help/robots)"
95.163.255.75 - - [14/Jan/2019:22:39:09 -0500] "GET /members/pumpfake.31/ HTTP/1.1" 301 - "-" "Mozilla/5.0 (compatible; Linux x86_64; Mail.RU_Bot/2.0; +http://go.mail.ru/help/robots)"
95.163.255.76 - - [14/Jan/2019:22:39:11 -0500] "GET /members/pumpfake.31/ HTTP/1.1" 503 9944 "https://paladin-extensions.com/members/pumpfake.31/" "Mozilla/5.0 (compatible; Linux x86_64; Mail.RU_Bot/2.0; +http://go.mail.ru/help/robots)"
34.230.33.109 - - [14/Jan/2019:22:42:04 -0500] "GET / HTTP/1.1" 503 38415 "http://paladin-extensions.com/" "Mozilla/5.0 (Macintosh; Intel Mac OS X 10_13_4) AppleWebKit/537.36 (KHTML, like Gecko) Chrome/65.0.3325.181 Safari/537.36"
34.230.33.109 - - [14/Jan/2019:23:01:56 -0500] "GET / HTTP/1.1" 503 38415 "http://paladin-extensions.com/" "Mozilla/5.0 (Macintosh; Intel Mac OS X 10_13_4) AppleWebKit/537.36 (KHTML, like Gecko) Chrome/65.0.3325.181 Safari/537.36"
157.55.39.21 - - [14/Jan/2019:23:05:29 -0500] "GET /robots.txt HTTP/1.1" 404 208 "-" "Mozilla/5.0 (compatible; bingbot/2.0; +http://www.bing.com/bingbot.htm)"
157.55.39.21 - - [14/Jan/2019:23:05:30 -0500] "GET /robots.txt HTTP/1.1" 404 208 "-" "Mozilla/5.0 (compatible; bingbot/2.0; +http://www.bing.com/bingbot.htm)"
207.46.13.197 - - [14/Jan/2019:23:10:06 -0500] "GET /members/bhopfu1.1/about HTTP/1.1" 301 - "-" "Mozilla/5.0 (compatible; bingbot/2.0; +http://www.bing.com/bingbot.htm)"
207.46.13.197 - - [14/Jan/2019:23:10:07 -0500] "GET /extensions/authors/bhopfu1.1/ HTTP/1.1" 301 - "-" "Mozilla/5.0 (compatible; bingbot/2.0; +http://www.bing.com/bingbot.htm)"
207.46.13.197 - - [14/Jan/2019:23:10:08 -0500] "GET /members/jorgi.12/latest-activity HTTP/1.1" 301 - "-" "Mozilla/5.0 (compatible; bingbot/2.0; +http://www.bing.com/bingbot.htm)"
66.249.79.193 - - [14/Jan/2019:23:11:50 -0500] "GET /robots.txt HTTP/1.1" 404 208 "-" "Mozilla/5.0 (compatible; Googlebot/2.1; +http://www.google.com/bot.html)"
66.249.79.193 - - [14/Jan/2019:23:11:50 -0500] "GET /extensions/categories/premium-extensions.1/?prefix_id=2 HTTP/1.1" 503 9931 "-" "Mozilla/5.0 (compatible; Googlebot/2.1; +http://www.google.com/bot.html)"
34.230.33.109 - - [14/Jan/2019:23:21:59 -0500] "GET / HTTP/1.1" 503 38415 "http://paladin-extensions.com/" "Mozilla/5.0 (Macintosh; Intel Mac OS X 10_13_4) AppleWebKit/537.36 (KHTML, like Gecko) Chrome/65.0.3325.181 Safari/537.36"
180.76.15.27 - - [14/Jan/2019:23:30:02 -0500] "GET /css.php?css=public%3Anormalize.css%2Cpublic%3Acore.less%2Cpublic%3Aapp.less&s=8&l=1&d=1546767840&k=edf6cfeed2b8b8213808b1692c79649ca17f77fa HTTP/1.1" 200 372245 "-" "Mozilla/5.0 (compatible; Baiduspider/2.0; +http://www.baidu.com/search/spider.html)"
24.251.180.38 - - [14/Jan/2019:23:30:23 -0500] "GET / HTTP/1.1" 200 50466 "-" "Mozilla/5.0 (Windows NT 10.0; Win64; x64) AppleWebKit/537.36 (KHTML, like Gecko) Chrome/71.0.3578.98 Safari/537.36"
24.251.180.38 - - [14/Jan/2019:23:30:23 -0500] "GET /css.php?css=public%3Anormalize.css%2Cpublic%3Acore.less%2Cpublic%3Aapp.less&s=8&l=1&d=1547329894&k=edf6cfeed2b8b8213808b1692c79649ca17f77fa HTTP/1.1" 200 62084 "https://www.paladin-extensions.com/" "Mozilla/5.0 (Windows NT 10.0; Win64; x64) AppleWebKit/537.36 (KHTML, like Gecko) Chrome/71.0.3578.98 Safari/537.36"
24.251.180.38 - - [14/Jan/2019:23:30:23 -0500] "GET /css.php?css=public%3Aandy_countdown.less%2Cpublic%3Aeditor.less%2Cpublic%3Alightbox.less%2Cpublic%3Anode_list.less%2Cpublic%3Anotices.less%2Cpublic%3Asiropu_shoutbox.less%2Cpublic%3Ath_reactions.less%2Cpublic%3Ath_widget_post_thread_uix.less%2Cpublic%3Awidget_ah_discord.less%2Cpublic%3Aextra.less&s=8&l=1&d=1547329894&k=5b3cfc20e41cf2f1354f3067921ddb059a807c3c HTTP/1.1" 200 27408 "https://www.paladin-extensions.com/" "Mozilla/5.0 (Windows NT 10.0; Win64; x64) AppleWebKit/537.36 (KHTML, like Gecko) Chrome/71.0.3578.98 Safari/537.36"
24.251.180.38 - - [14/Jan/2019:23:30:23 -0500] "GET /js/xf/preamble-compiled.js?_v=8f01cb2c HTTP/1.1" 200 7764 "https://www.paladin-extensions.com/" "Mozilla/5.0 (Windows NT 10.0; Win64; x64) AppleWebKit/537.36 (KHTML, like Gecko) Chrome/71.0.3578.98 Safari/537.36"
24.251.180.38 - - [14/Jan/2019:23:30:23 -0500] "GET /js/vendor/vendor-compiled.js?_v=8f01cb2c HTTP/1.1" 200 17856 "https://www.paladin-extensions.com/" "Mozilla/5.0 (Windows NT 10.0; Win64; x64) AppleWebKit/537.36 (KHTML, like Gecko) Chrome/71.0.3578.98 Safari/537.36"
24.251.180.38 - - [14/Jan/2019:23:30:24 -0500] "GET /js/xf/core-compiled.js?_v=8f01cb2c HTTP/1.1" 200 47440 "https://www.paladin-extensions.com/" "Mozilla/5.0 (Windows NT 10.0; Win64; x64) AppleWebKit/537.36 (KHTML, like Gecko) Chrome/71.0.3578.98 Safari/537.36"
24.251.180.38 - - [14/Jan/2019:23:30:24 -0500] "GET /js/siropu/shoutbox/core.min.js?_v=8f01cb2c HTTP/1.1" 200 2470 "https://www.paladin-extensions.com/" "Mozilla/5.0 (Windows NT 10.0; Win64; x64) AppleWebKit/537.36 (KHTML, like Gecko) Chrome/71.0.3578.98 Safari/537.36"
24.251.180.38 - - [14/Jan/2019:23:30:24 -0500] "GET /js/xf/lightbox-compiled.js?_v=8f01cb2c HTTP/1.1" 200 14071 "https://www.paladin-extensions.com/" "Mozilla/5.0 (Windows NT 10.0; Win64; x64) AppleWebKit/537.36 (KHTML, like Gecko) Chrome/71.0.3578.98 Safari/537.36"
24.251.180.38 - - [14/Jan/2019:23:30:24 -0500] "GET /js/xf/notice.min.js?_v=8f01cb2c HTTP/1.1" 200 1922 "https://www.paladin-extensions.com/" "Mozilla/5.0 (Windows NT 10.0; Win64; x64) AppleWebKit/537.36 (KHTML, like Gecko) Chrome/71.0.3578.98 Safari/537.36"
24.251.180.38 - - [14/Jan/2019:23:30:24 -0500] "GET /js/themehouse/uix_dark/ripple.min.js?_v=8f01cb2c HTTP/1.1" 200 692 "https://www.paladin-extensions.com/" "Mozilla/5.0 (Windows NT 10.0; Win64; x64) AppleWebKit/537.36 (KHTML, like Gecko) Chrome/71.0.3578.98 Safari/537.36"
24.251.180.38 - - [14/Jan/2019:23:30:24 -0500] "GET /styles/uix_dark/fonts/icons/material-icons/fonts/materialdesignicons-webfont.woff2?v=2.3.54 HTTP/1.1" 200 125384 "https://www.paladin-extensions.com/styles/uix_dark/fonts/icons/material-icons/css/materialdesignicons.min.css" "Mozilla/5.0 (Windows NT 10.0; Win64; x64) AppleWebKit/537.36 (KHTML, like Gecko) Chrome/71.0.3578.98 Safari/537.36"
24.251.180.38 - - [14/Jan/2019:23:30:24 -0500] "GET /data/avatars/s/0/1.jpg?1538028194 HTTP/1.1" 200 3345 "https://www.paladin-extensions.com/" "Mozilla/5.0 (Windows NT 10.0; Win64; x64) AppleWebKit/537.36 (KHTML, like Gecko) Chrome/71.0.3578.98 Safari/537.36"
24.251.180.38 - - [14/Jan/2019:23:30:24 -0500] "GET /data/avatars/s/0/4.jpg?1533106845 HTTP/1.1" 200 1596 "https://www.paladin-extensions.com/" "Mozilla/5.0 (Windows NT 10.0; Win64; x64) AppleWebKit/537.36 (KHTML, like Gecko) Chrome/71.0.3578.98 Safari/537.36"
24.251.180.38 - - [14/Jan/2019:23:30:24 -0500] "GET /data/avatars/s/0/2.jpg?1515800046 HTTP/1.1" 200 1696 "https://www.paladin-extensions.com/" "Mozilla/5.0 (Windows NT 10.0; Win64; x64) AppleWebKit/537.36 (KHTML, like Gecko) Chrome/71.0.3578.98 Safari/537.36"
24.251.180.38 - - [14/Jan/2019:23:30:24 -0500] "GET /styles/default/xenforo/smilies/emojione/sprite_sheet_emojione.png HTTP/1.1" 200 88702 "https://www.paladin-extensions.com/css.php?css=public%3Anormalize.css%2Cpublic%3Acore.less%2Cpublic%3Aapp.less&s=8&l=1&d=1547329894&k=edf6cfeed2b8b8213808b1692c79649ca17f77fa" "Mozilla/5.0 (Windows NT 10.0; Win64; x64) AppleWebKit/537.36 (KHTML, like Gecko) Chrome/71.0.3578.98 Safari/537.36"
24.251.180.38 - - [14/Jan/2019:23:30:24 -0500] "GET /styles/uix_dark/images/uix-logo.png HTTP/1.1" 200 109563 "https://www.paladin-extensions.com/" "Mozilla/5.0 (Windows NT 10.0; Win64; x64) AppleWebKit/537.36 (KHTML, like Gecko) Chrome/71.0.3578.98 Safari/537.36"
24.251.180.38 - - [14/Jan/2019:23:30:24 -0500] "GET /js/themehouse/global/20180112.min.js?_v=8f01cb2c HTTP/1.1" 200 3938 "https://www.paladin-extensions.com/" "Mozilla/5.0 (Windows NT 10.0; Win64; x64) AppleWebKit/537.36 (KHTML, like Gecko) Chrome/71.0.3578.98 Safari/537.36"
24.251.180.38 - - [14/Jan/2019:23:30:24 -0500] "GET /js/themehouse/uix_dark/index.min.js?_v=8f01cb2c HTTP/1.1" 200 2382 "https://www.paladin-extensions.com/" "Mozilla/5.0 (Windows NT 10.0; Win64; x64) AppleWebKit/537.36 (KHTML, like Gecko) Chrome/71.0.3578.98 Safari/537.36"
24.251.180.38 - - [14/Jan/2019:23:30:24 -0500] "GET /data/avatars/s/0/8.jpg?1519456264 HTTP/1.1" 200 1973 "https://www.paladin-extensions.com/" "Mozilla/5.0 (Windows NT 10.0; Win64; x64) AppleWebKit/537.36 (KHTML, like Gecko) Chrome/71.0.3578.98 Safari/537.36"
24.251.180.38 - - [14/Jan/2019:23:30:24 -0500] "GET /js/themehouse/uix_dark/defer.min.js?_v=8f01cb2c HTTP/1.1" 200 5041 "https://www.paladin-extensions.com/" "Mozilla/5.0 (Windows NT 10.0; Win64; x64) AppleWebKit/537.36 (KHTML, like Gecko) Chrome/71.0.3578.98 Safari/537.36"
24.251.180.38 - - [14/Jan/2019:23:30:24 -0500] "GET /styles/uix_dark/images/uix-brandmark.png HTTP/1.1" 200 112246 "https://www.paladin-extensions.com/" "Mozilla/5.0 (Windows NT 10.0; Win64; x64) AppleWebKit/537.36 (KHTML, like Gecko) Chrome/71.0.3578.98 Safari/537.36"
24.251.180.38 - - [14/Jan/2019:23:30:24 -0500] "GET /data/avatars/s/0/26.jpg?1528514454 HTTP/1.1" 200 1722 "https://www.paladin-extensions.com/" "Mozilla/5.0 (Windows NT 10.0; Win64; x64) AppleWebKit/537.36 (KHTML, like Gecko) Chrome/71.0.3578.98 Safari/537.36"
24.251.180.38 - - [14/Jan/2019:23:30:24 -0500] "GET /data/avatars/s/0/12.jpg?1519321709 HTTP/1.1" 200 1785 "https://www.paladin-extensions.com/" "Mozilla/5.0 (Windows NT 10.0; Win64; x64) AppleWebKit/537.36 (KHTML, like Gecko) Chrome/71.0.3578.98 Safari/537.36"
24.251.180.38 - - [14/Jan/2019:23:30:25 -0500] "GET /data/avatars/s/0/15.jpg?1519322140 HTTP/1.1" 200 1416 "https://www.paladin-extensions.com/" "Mozilla/5.0 (Windows NT 10.0; Win64; x64) AppleWebKit/537.36 (KHTML, like Gecko) Chrome/71.0.3578.98 Safari/537.36"
24.251.180.38 - - [14/Jan/2019:23:30:25 -0500] "GET /data/avatars/s/0/32.jpg?1529285509 HTTP/1.1" 200 5274 "https://www.paladin-extensions.com/" "Mozilla/5.0 (Windows NT 10.0; Win64; x64) AppleWebKit/537.36 (KHTML, like Gecko) Chrome/71.0.3578.98 Safari/537.36"
24.251.180.38 - - [14/Jan/2019:23:30:25 -0500] "GET /proxy.php?image=https%3A%2F%2Fi.imgur.com%2Fr0tCHeM.png&hash=58dd2bbfaf81cbfcd2d3e7fbdd81cb6c HTTP/1.1" 304 - "https://www.paladin-extensions.com/" "Mozilla/5.0 (Windows NT 10.0; Win64; x64) AppleWebKit/537.36 (KHTML, like Gecko) Chrome/71.0.3578.98 Safari/537.36"
24.251.180.38 - - [14/Jan/2019:23:30:26 -0500] "POST /job.php HTTP/1.1" 200 13 "https://www.paladin-extensions.com/" "Mozilla/5.0 (Windows NT 10.0; Win64; x64) AppleWebKit/537.36 (KHTML, like Gecko) Chrome/71.0.3578.98 Safari/537.36"
24.251.180.38 - - [14/Jan/2019:23:30:27 -0500] "GET /index.php?shoutbox/refresh&last_id=140&_xfRequestUri=%2F&_xfWithData=1&_xfToken=1547526623%2Ca9ef8c52cb56cba0773b93926b84293d&_xfResponseType=json HTTP/1.1" 200 119 "https://www.paladin-extensions.com/" "Mozilla/5.0 (Windows NT 10.0; Win64; x64) AppleWebKit/537.36 (KHTML, like Gecko) Chrome/71.0.3578.98 Safari/537.36"
24.251.180.38 - - [14/Jan/2019:23:30:28 -0500] "GET /index.php?shoutbox/refresh&last_id=140&_xfRequestUri=%2F&_xfWithData=1&_xfToken=1547526623%2Ca9ef8c52cb56cba0773b93926b84293d&_xfResponseType=json HTTP/1.1" 200 119 "https://www.paladin-extensions.com/" "Mozilla/5.0 (Windows NT 10.0; Win64; x64) AppleWebKit/537.36 (KHTML, like Gecko) Chrome/71.0.3578.98 Safari/537.36"
24.251.180.38 - - [14/Jan/2019:23:30:28 -0500] "POST /job.php HTTP/1.1" 200 13 "https://www.paladin-extensions.com/" "Mozilla/5.0 (Windows NT 10.0; Win64; x64) AppleWebKit/537.36 (KHTML, like Gecko) Chrome/71.0.3578.98 Safari/537.36"
24.251.180.38 - - [14/Jan/2019:23:30:29 -0500] "GET /index.php?shoutbox/refresh&last_id=140&_xfRequestUri=%2F&_xfWithData=1&_xfToken=1547526623%2Ca9ef8c52cb56cba0773b93926b84293d&_xfResponseType=json HTTP/1.1" 200 119 "https://www.paladin-extensions.com/" "Mozilla/5.0 (Windows NT 10.0; Win64; x64) AppleWebKit/537.36 (KHTML, like Gecko) Chrome/71.0.3578.98 Safari/537.36"
66.249.79.222 - - [14/Jan/2019:23:30:29 -0500] "GET /sitemap.php HTTP/1.1" 200 1208 "-" "Mozilla/5.0 (compatible; Googlebot/2.1; +http://www.google.com/bot.html)"
24.251.180.38 - - [14/Jan/2019:23:30:30 -0500] "GET /index.php?shoutbox/refresh&last_id=140&_xfRequestUri=%2F&_xfWithData=1&_xfToken=1547526623%2Ca9ef8c52cb56cba0773b93926b84293d&_xfResponseType=json HTTP/1.1" 200 119 "https://www.paladin-extensions.com/" "Mozilla/5.0 (Windows NT 10.0; Win64; x64) AppleWebKit/537.36 (KHTML, like Gecko) Chrome/71.0.3578.98 Safari/537.36"
24.251.180.38 - - [14/Jan/2019:23:30:30 -0500] "POST /job.php HTTP/1.1" 200 13 "https://www.paladin-extensions.com/" "Mozilla/5.0 (Windows NT 10.0; Win64; x64) AppleWebKit/537.36 (KHTML, like Gecko) Chrome/71.0.3578.98 Safari/537.36"
24.251.180.38 - - [14/Jan/2019:23:30:31 -0500] "GET /index.php?shoutbox/refresh&last_id=140&_xfRequestUri=%2F&_xfWithData=1&_xfToken=1547526623%2Ca9ef8c52cb56cba0773b93926b84293d&_xfResponseType=json HTTP/1.1" 200 119 "https://www.paladin-extensions.com/" "Mozilla/5.0 (Windows NT 10.0; Win64; x64) AppleWebKit/537.36 (KHTML, like Gecko) Chrome/71.0.3578.98 Safari/537.36"
24.251.180.38 - - [14/Jan/2019:23:30:31 -0500] "POST /job.php HTTP/1.1" 200 13 "https://www.paladin-extensions.com/" "Mozilla/5.0 (Windows NT 10.0; Win64; x64) AppleWebKit/537.36 (KHTML, like Gecko) Chrome/71.0.3578.98 Safari/537.36"
24.251.180.38 - - [14/Jan/2019:23:30:32 -0500] "POST /job.php HTTP/1.1" 200 13 "https://www.paladin-extensions.com/" "Mozilla/5.0 (Windows NT 10.0; Win64; x64) AppleWebKit/537.36 (KHTML, like Gecko) Chrome/71.0.3578.98 Safari/537.36"
24.251.180.38 - - [14/Jan/2019:23:30:32 -0500] "GET /index.php?shoutbox/refresh&last_id=140&_xfRequestUri=%2F&_xfWithData=1&_xfToken=1547526623%2Ca9ef8c52cb56cba0773b93926b84293d&_xfResponseType=json HTTP/1.1" 200 119 "https://www.paladin-extensions.com/" "Mozilla/5.0 (Windows NT 10.0; Win64; x64) AppleWebKit/537.36 (KHTML, like Gecko) Chrome/71.0.3578.98 Safari/537.36"
24.251.180.38 - - [14/Jan/2019:23:30:33 -0500] "POST /job.php HTTP/1.1" 200 13 "https://www.paladin-extensions.com/" "Mozilla/5.0 (Windows NT 10.0; Win64; x64) AppleWebKit/537.36 (KHTML, like Gecko) Chrome/71.0.3578.98 Safari/537.36"
24.251.180.38 - - [14/Jan/2019:23:30:33 -0500] "GET /index.php?shoutbox/refresh&last_id=140&_xfRequestUri=%2F&_xfWithData=1&_xfToken=1547526623%2Ca9ef8c52cb56cba0773b93926b84293d&_xfResponseType=json HTTP/1.1" 200 119 "https://www.paladin-extensions.com/" "Mozilla/5.0 (Windows NT 10.0; Win64; x64) AppleWebKit/537.36 (KHTML, like Gecko) Chrome/71.0.3578.98 Safari/537.36"
24.251.180.38 - - [14/Jan/2019:23:30:34 -0500] "GET /index.php?shoutbox/refresh&last_id=140&_xfRequestUri=%2F&_xfWithData=1&_xfToken=1547526623%2Ca9ef8c52cb56cba0773b93926b84293d&_xfResponseType=json HTTP/1.1" 200 119 "https://www.paladin-extensions.com/" "Mozilla/5.0 (Windows NT 10.0; Win64; x64) AppleWebKit/537.36 (KHTML, like Gecko) Chrome/71.0.3578.98 Safari/537.36"
24.251.180.38 - - [14/Jan/2019:23:30:34 -0500] "POST /job.php HTTP/1.1" 200 13 "https://www.paladin-extensions.com/" "Mozilla/5.0 (Windows NT 10.0; Win64; x64) AppleWebKit/537.36 (KHTML, like Gecko) Chrome/71.0.3578.98 Safari/537.36"
24.251.180.38 - - [14/Jan/2019:23:30:35 -0500] "GET /index.php?shoutbox/refresh&last_id=140&_xfRequestUri=%2F&_xfWithData=1&_xfToken=1547526623%2Ca9ef8c52cb56cba0773b93926b84293d&_xfResponseType=json HTTP/1.1" 200 119 "https://www.paladin-extensions.com/" "Mozilla/5.0 (Windows NT 10.0; Win64; x64) AppleWebKit/537.36 (KHTML, like Gecko) Chrome/71.0.3578.98 Safari/537.36"
24.251.180.38 - - [14/Jan/2019:23:30:35 -0500] "POST /job.php HTTP/1.1" 200 13 "https://www.paladin-extensions.com/" "Mozilla/5.0 (Windows NT 10.0; Win64; x64) AppleWebKit/537.36 (KHTML, like Gecko) Chrome/71.0.3578.98 Safari/537.36"
24.251.180.38 - - [14/Jan/2019:23:30:36 -0500] "POST /job.php HTTP/1.1" 200 13 "https://www.paladin-extensions.com/" "Mozilla/5.0 (Windows NT 10.0; Win64; x64) AppleWebKit/537.36 (KHTML, like Gecko) Chrome/71.0.3578.98 Safari/537.36"
24.251.180.38 - - [14/Jan/2019:23:30:36 -0500] "GET /index.php?shoutbox/refresh&last_id=140&_xfRequestUri=%2F&_xfWithData=1&_xfToken=1547526623%2Ca9ef8c52cb56cba0773b93926b84293d&_xfResponseType=json HTTP/1.1" 200 119 "https://www.paladin-extensions.com/" "Mozilla/5.0 (Windows NT 10.0; Win64; x64) AppleWebKit/537.36 (KHTML, like Gecko) Chrome/71.0.3578.98 Safari/537.36"
24.251.180.38 - - [14/Jan/2019:23:30:37 -0500] "POST /job.php HTTP/1.1" 200 13 "https://www.paladin-extensions.com/" "Mozilla/5.0 (Windows NT 10.0; Win64; x64) AppleWebKit/537.36 (KHTML, like Gecko) Chrome/71.0.3578.98 Safari/537.36"
24.251.180.38 - - [14/Jan/2019:23:30:37 -0500] "GET /index.php?shoutbox/refresh&last_id=140&_xfRequestUri=%2F&_xfWithData=1&_xfToken=1547526623%2Ca9ef8c52cb56cba0773b93926b84293d&_xfResponseType=json HTTP/1.1" 200 119 "https://www.paladin-extensions.com/" "Mozilla/5.0 (Windows NT 10.0; Win64; x64) AppleWebKit/537.36 (KHTML, like Gecko) Chrome/71.0.3578.98 Safari/537.36"
24.251.180.38 - - [14/Jan/2019:23:30:38 -0500] "GET /index.php?shoutbox/refresh&last_id=140&_xfRequestUri=%2F&_xfWithData=1&_xfToken=1547526623%2Ca9ef8c52cb56cba0773b93926b84293d&_xfResponseType=json HTTP/1.1" 200 119 "https://www.paladin-extensions.com/" "Mozilla/5.0 (Windows NT 10.0; Win64; x64) AppleWebKit/537.36 (KHTML, like Gecko) Chrome/71.0.3578.98 Safari/537.36"
24.251.180.38 - - [14/Jan/2019:23:30:38 -0500] "POST /job.php HTTP/1.1" 200 13 "https://www.paladin-extensions.com/" "Mozilla/5.0 (Windows NT 10.0; Win64; x64) AppleWebKit/537.36 (KHTML, like Gecko) Chrome/71.0.3578.98 Safari/537.36"
24.251.180.38 - - [14/Jan/2019:23:30:39 -0500] "POST /job.php HTTP/1.1" 200 13 "https://www.paladin-extensions.com/" "Mozilla/5.0 (Windows NT 10.0; Win64; x64) AppleWebKit/537.36 (KHTML, like Gecko) Chrome/71.0.3578.98 Safari/537.36"
24.251.180.38 - - [14/Jan/2019:23:30:39 -0500] "GET /index.php?shoutbox/refresh&last_id=140&_xfRequestUri=%2F&_xfWithData=1&_xfToken=1547526623%2Ca9ef8c52cb56cba0773b93926b84293d&_xfResponseType=json HTTP/1.1" 200 119 "https://www.paladin-extensions.com/" "Mozilla/5.0 (Windows NT 10.0; Win64; x64) AppleWebKit/537.36 (KHTML, like Gecko) Chrome/71.0.3578.98 Safari/537.36"
24.251.180.38 - - [14/Jan/2019:23:30:40 -0500] "GET /index.php?shoutbox/refresh&last_id=140&_xfRequestUri=%2F&_xfWithData=1&_xfToken=1547526623%2Ca9ef8c52cb56cba0773b93926b84293d&_xfResponseType=json HTTP/1.1" 200 119 "https://www.paladin-extensions.com/" "Mozilla/5.0 (Windows NT 10.0; Win64; x64) AppleWebKit/537.36 (KHTML, like Gecko) Chrome/71.0.3578.98 Safari/537.36"
24.251.180.38 - - [14/Jan/2019:23:30:40 -0500] "POST /job.php HTTP/1.1" 200 13 "https://www.paladin-extensions.com/" "Mozilla/5.0 (Windows NT 10.0; Win64; x64) AppleWebKit/537.36 (KHTML, like Gecko) Chrome/71.0.3578.98 Safari/537.36"
24.251.180.38 - - [14/Jan/2019:23:30:41 -0500] "GET /index.php?shoutbox/refresh&last_id=140&_xfRequestUri=%2F&_xfWithData=1&_xfToken=1547526623%2Ca9ef8c52cb56cba0773b93926b84293d&_xfResponseType=json HTTP/1.1" 200 119 "https://www.paladin-extensions.com/" "Mozilla/5.0 (Windows NT 10.0; Win64; x64) AppleWebKit/537.36 (KHTML, like Gecko) Chrome/71.0.3578.98 Safari/537.36"
24.251.180.38 - - [14/Jan/2019:23:30:41 -0500] "POST /job.php HTTP/1.1" 200 13 "https://www.paladin-extensions.com/" "Mozilla/5.0 (Windows NT 10.0; Win64; x64) AppleWebKit/537.36 (KHTML, like Gecko) Chrome/71.0.3578.98 Safari/537.36"
24.251.180.38 - - [14/Jan/2019:23:30:42 -0500] "GET /index.php?shoutbox/refresh&last_id=140&_xfRequestUri=%2F&_xfWithData=1&_xfToken=1547526623%2Ca9ef8c52cb56cba0773b93926b84293d&_xfResponseType=json HTTP/1.1" 200 119 "https://www.paladin-extensions.com/" "Mozilla/5.0 (Windows NT 10.0; Win64; x64) AppleWebKit/537.36 (KHTML, like Gecko) Chrome/71.0.3578.98 Safari/537.36"
24.251.180.38 - - [14/Jan/2019:23:30:42 -0500] "POST /job.php HTTP/1.1" 200 13 "https://www.paladin-extensions.com/" "Mozilla/5.0 (Windows NT 10.0; Win64; x64) AppleWebKit/537.36 (KHTML, like Gecko) Chrome/71.0.3578.98 Safari/537.36"
