149.28.212.239 - - [07/Dec/2018:04:23:38 -0500] "GET / HTTP/1.1" 200 13503 "https://paladin-extensions.com/" "HetrixTools Uptime Monitoring Bot. https://hetrix.tools/uptime-monitoring-bot.html"
52.207.41.187 - - [07/Dec/2018:04:23:41 -0500] "GET / HTTP/1.1" 301 - "https://www.paladin.rip/" "HetrixTools Uptime Monitoring Bot. https://hetrix.tools/uptime-monitoring-bot.html"
52.207.41.187 - - [07/Dec/2018:04:23:41 -0500] "GET / HTTP/1.1" 200 13504 "https://paladin-extensions.com/" "HetrixTools Uptime Monitoring Bot. https://hetrix.tools/uptime-monitoring-bot.html"
24.251.180.38 - - [07/Dec/2018:04:23:45 -0500] "GET /account/upgrades HTTP/1.1" 200 13301 "-" "Mozilla/5.0 (Windows NT 10.0; Win64; x64) AppleWebKit/537.36 (KHTML, like Gecko) Chrome/70.0.3538.110 Safari/537.36"
149.28.212.239 - - [07/Dec/2018:04:23:22 -0500] "GET / HTTP/1.1" 200 13508 "https://paladin-extensions.com/" "HetrixTools Uptime Monitoring Bot. https://hetrix.tools/uptime-monitoring-bot.html"
24.251.180.38 - - [07/Dec/2018:04:23:45 -0500] "GET /css.php?css=public%3Anormalize.css%2Cpublic%3Acore.less%2Cpublic%3Aapp.less&s=8&l=1&d=1544174612&k=56a8f8f98ae4201a1d95aad9f134c20bd812cfeb HTTP/1.1" 200 54163 "https://www.paladin-extensions.com/account/upgrades" "Mozilla/5.0 (Windows NT 10.0; Win64; x64) AppleWebKit/537.36 (KHTML, like Gecko) Chrome/70.0.3538.110 Safari/537.36"
24.251.180.38 - - [07/Dec/2018:04:23:46 -0500] "GET /styles/uix_dark/images/favicon.png HTTP/1.1" 200 46879 "https://www.paladin-extensions.com/account/upgrades" "Mozilla/5.0 (Windows NT 10.0; Win64; x64) AppleWebKit/537.36 (KHTML, like Gecko) Chrome/70.0.3538.110 Safari/537.36"
24.251.180.38 - - [07/Dec/2018:04:23:46 -0500] "POST /job.php HTTP/1.1" 200 13 "https://www.paladin-extensions.com/account/upgrades" "Mozilla/5.0 (Windows NT 10.0; Win64; x64) AppleWebKit/537.36 (KHTML, like Gecko) Chrome/70.0.3538.110 Safari/537.36"
24.251.180.38 - - [07/Dec/2018:04:23:47 -0500] "POST /job.php HTTP/1.1" 200 14 "https://www.paladin-extensions.com/account/upgrades" "Mozilla/5.0 (Windows NT 10.0; Win64; x64) AppleWebKit/537.36 (KHTML, like Gecko) Chrome/70.0.3538.110 Safari/537.36"
51.15.61.222 - - [07/Dec/2018:04:24:06 -0500] "GET / HTTP/1.1" 301 - "https://www.paladin.rip/" "HetrixTools Uptime Monitoring Bot. https://hetrix.tools/uptime-monitoring-bot.html"
51.15.61.222 - - [07/Dec/2018:04:24:14 -0500] "GET / HTTP/1.1" 200 13507 "https://paladin-extensions.com/" "HetrixTools Uptime Monitoring Bot. https://hetrix.tools/uptime-monitoring-bot.html"
96.126.106.201 - - [07/Dec/2018:04:24:17 -0500] "GET / HTTP/1.1" 301 - "https://www.paladin.rip/" "HetrixTools Uptime Monitoring Bot. https://hetrix.tools/uptime-monitoring-bot.html"
159.89.159.134 - - [07/Dec/2018:04:24:17 -0500] "GET / HTTP/1.1" 301 - "https://www.paladin.rip/" "HetrixTools Uptime Monitoring Bot. https://hetrix.tools/uptime-monitoring-bot.html"
96.126.106.201 - - [07/Dec/2018:04:24:18 -0500] "GET / HTTP/1.1" 200 13506 "https://paladin-extensions.com/" "HetrixTools Uptime Monitoring Bot. https://hetrix.tools/uptime-monitoring-bot.html"
159.89.159.134 - - [07/Dec/2018:04:24:18 -0500] "GET / HTTP/1.1" 200 13507 "https://paladin-extensions.com/" "HetrixTools Uptime Monitoring Bot. https://hetrix.tools/uptime-monitoring-bot.html"
95.179.139.97 - - [07/Dec/2018:04:25:12 -0500] "GET / HTTP/1.1" 301 - "https://www.paladin.rip/" "HetrixTools Uptime Monitoring Bot. https://hetrix.tools/uptime-monitoring-bot.html"
95.179.139.97 - - [07/Dec/2018:04:25:13 -0500] "GET / HTTP/1.1" 200 13511 "https://paladin-extensions.com/" "HetrixTools Uptime Monitoring Bot. https://hetrix.tools/uptime-monitoring-bot.html"
52.207.41.187 - - [07/Dec/2018:04:25:19 -0500] "GET / HTTP/1.1" 301 - "https://www.paladin.rip/" "HetrixTools Uptime Monitoring Bot. https://hetrix.tools/uptime-monitoring-bot.html"
52.207.41.187 - - [07/Dec/2018:04:25:20 -0500] "GET / HTTP/1.1" 200 13541 "https://paladin-extensions.com/" "HetrixTools Uptime Monitoring Bot. https://hetrix.tools/uptime-monitoring-bot.html"
159.89.159.134 - - [07/Dec/2018:04:25:19 -0500] "GET / HTTP/1.1" 301 - "https://www.paladin.rip/" "HetrixTools Uptime Monitoring Bot. https://hetrix.tools/uptime-monitoring-bot.html"
159.89.159.134 - - [07/Dec/2018:04:25:27 -0500] "GET / HTTP/1.1" 200 13507 "https://paladin-extensions.com/" "HetrixTools Uptime Monitoring Bot. https://hetrix.tools/uptime-monitoring-bot.html"
138.197.17.201 - - [07/Dec/2018:04:26:07 -0500] "GET / HTTP/1.1" 301 - "https://www.paladin.rip/" "HetrixTools Uptime Monitoring Bot. https://hetrix.tools/uptime-monitoring-bot.html"
24.251.180.38 - - [07/Dec/2018:04:26:07 -0500] "POST /admin.php?templates/account_upgrades.1717/save HTTP/1.1" 200 360 "https://www.paladin-extensions.com/admin.php?templates/account_upgrades.1717/edit&style_id=8" "Mozilla/5.0 (Windows NT 10.0; Win64; x64) AppleWebKit/537.36 (KHTML, like Gecko) Chrome/70.0.3538.110 Safari/537.36"
138.197.17.201 - - [07/Dec/2018:04:26:08 -0500] "GET / HTTP/1.1" 200 13502 "https://paladin-extensions.com/" "HetrixTools Uptime Monitoring Bot. https://hetrix.tools/uptime-monitoring-bot.html"
149.28.212.239 - - [07/Dec/2018:04:26:18 -0500] "GET / HTTP/1.1" 301 - "https://www.paladin.rip/" "HetrixTools Uptime Monitoring Bot. https://hetrix.tools/uptime-monitoring-bot.html"
149.28.212.239 - - [07/Dec/2018:04:26:18 -0500] "GET / HTTP/1.1" 200 13509 "https://paladin-extensions.com/" "HetrixTools Uptime Monitoring Bot. https://hetrix.tools/uptime-monitoring-bot.html"
24.251.180.38 - - [07/Dec/2018:04:26:12 -0500] "GET /account/upgrades HTTP/1.1" 200 13307 "-" "Mozilla/5.0 (Windows NT 10.0; Win64; x64) AppleWebKit/537.36 (KHTML, like Gecko) Chrome/70.0.3538.110 Safari/537.36"
188.166.79.172 - - [07/Dec/2018:04:26:27 -0500] "GET / HTTP/1.1" 301 - "https://www.paladin.rip/" "HetrixTools Uptime Monitoring Bot. https://hetrix.tools/uptime-monitoring-bot.html"
188.166.79.172 - - [07/Dec/2018:04:26:28 -0500] "GET / HTTP/1.1" 200 13506 "https://paladin-extensions.com/" "HetrixTools Uptime Monitoring Bot. https://hetrix.tools/uptime-monitoring-bot.html"
24.251.180.38 - - [07/Dec/2018:04:26:28 -0500] "GET /account/upgrades HTTP/1.1" 200 13304 "-" "Mozilla/5.0 (Windows NT 10.0; Win64; x64) AppleWebKit/537.36 (KHTML, like Gecko) Chrome/70.0.3538.110 Safari/537.36"
24.251.180.38 - - [07/Dec/2018:04:26:24 -0500] "GET /css.php?css=public%3Anormalize.css%2Cpublic%3Acore.less%2Cpublic%3Aapp.less&s=8&l=1&d=1544174767&k=56a8f8f98ae4201a1d95aad9f134c20bd812cfeb HTTP/1.1" 200 54163 "https://www.paladin-extensions.com/account/upgrades" "Mozilla/5.0 (Windows NT 10.0; Win64; x64) AppleWebKit/537.36 (KHTML, like Gecko) Chrome/70.0.3538.110 Safari/537.36"
24.251.180.38 - - [07/Dec/2018:04:26:24 -0500] "GET /css.php?css=public%3Alightslider.less%2Cpublic%3Anotices.less%2Cpublic%3Aextra.less&s=8&l=1&d=1544174767&k=6ea7aea0c3194c1116858b7e7c5b0941398c6926 HTTP/1.1" 200 3014 "https://www.paladin-extensions.com/account/upgrades" "Mozilla/5.0 (Windows NT 10.0; Win64; x64) AppleWebKit/537.36 (KHTML, like Gecko) Chrome/70.0.3538.110 Safari/537.36"
188.166.79.172 - - [07/Dec/2018:04:26:11 -0500] "GET / HTTP/1.1" 301 - "https://www.paladin.rip/" "HetrixTools Uptime Monitoring Bot. https://hetrix.tools/uptime-monitoring-bot.html"
24.251.180.38 - - [07/Dec/2018:04:26:28 -0500] "GET /css.php?css=public%3Alightslider.less%2Cpublic%3Anotices.less%2Cpublic%3Aextra.less&s=8&l=1&d=1544174767&k=6ea7aea0c3194c1116858b7e7c5b0941398c6926 HTTP/1.1" 200 3014 "https://www.paladin-extensions.com/account/upgrades" "Mozilla/5.0 (Windows NT 10.0; Win64; x64) AppleWebKit/537.36 (KHTML, like Gecko) Chrome/70.0.3538.110 Safari/537.36"
24.251.180.38 - - [07/Dec/2018:04:26:28 -0500] "GET /css.php?css=public%3Anormalize.css%2Cpublic%3Acore.less%2Cpublic%3Aapp.less&s=8&l=1&d=1544174767&k=56a8f8f98ae4201a1d95aad9f134c20bd812cfeb HTTP/1.1" 200 54163 "https://www.paladin-extensions.com/account/upgrades" "Mozilla/5.0 (Windows NT 10.0; Win64; x64) AppleWebKit/537.36 (KHTML, like Gecko) Chrome/70.0.3538.110 Safari/537.36"
149.28.212.239 - - [07/Dec/2018:04:27:08 -0500] "GET / HTTP/1.1" 301 - "https://www.paladin.rip/" "HetrixTools Uptime Monitoring Bot. https://hetrix.tools/uptime-monitoring-bot.html"
149.28.212.239 - - [07/Dec/2018:04:27:09 -0500] "GET / HTTP/1.1" 200 13506 "https://paladin-extensions.com/" "HetrixTools Uptime Monitoring Bot. https://hetrix.tools/uptime-monitoring-bot.html"
95.179.139.97 - - [07/Dec/2018:04:27:14 -0500] "GET / HTTP/1.1" 301 - "https://www.paladin.rip/" "HetrixTools Uptime Monitoring Bot. https://hetrix.tools/uptime-monitoring-bot.html"
95.179.139.97 - - [07/Dec/2018:04:27:15 -0500] "GET / HTTP/1.1" 200 13510 "https://paladin-extensions.com/" "HetrixTools Uptime Monitoring Bot. https://hetrix.tools/uptime-monitoring-bot.html"
52.23.120.125 - - [07/Dec/2018:04:27:34 -0500] "GET / HTTP/1.1" 301 - "https://www.paladin.rip/" "HetrixTools Uptime Monitoring Bot. https://hetrix.tools/uptime-monitoring-bot.html"
52.23.120.125 - - [07/Dec/2018:04:27:42 -0500] "GET / HTTP/1.1" 200 13507 "https://paladin-extensions.com/" "HetrixTools Uptime Monitoring Bot. https://hetrix.tools/uptime-monitoring-bot.html"
24.251.180.38 - - [07/Dec/2018:04:28:01 -0500] "POST /admin.php?templates/account_upgrades.1717/save HTTP/1.1" 200 360 "https://www.paladin-extensions.com/admin.php?templates/account_upgrades.1717/edit&style_id=8" "Mozilla/5.0 (Windows NT 10.0; Win64; x64) AppleWebKit/537.36 (KHTML, like Gecko) Chrome/70.0.3538.110 Safari/537.36"
24.251.180.38 - - [07/Dec/2018:04:28:03 -0500] "GET /account/upgrades HTTP/1.1" 200 13301 "-" "Mozilla/5.0 (Windows NT 10.0; Win64; x64) AppleWebKit/537.36 (KHTML, like Gecko) Chrome/70.0.3538.110 Safari/537.36"
24.251.180.38 - - [07/Dec/2018:04:28:03 -0500] "GET /css.php?css=public%3Alightslider.less%2Cpublic%3Anotices.less%2Cpublic%3Aextra.less&s=8&l=1&d=1544174881&k=6ea7aea0c3194c1116858b7e7c5b0941398c6926 HTTP/1.1" 200 3014 "https://www.paladin-extensions.com/account/upgrades" "Mozilla/5.0 (Windows NT 10.0; Win64; x64) AppleWebKit/537.36 (KHTML, like Gecko) Chrome/70.0.3538.110 Safari/537.36"
24.251.180.38 - - [07/Dec/2018:04:28:03 -0500] "GET /css.php?css=public%3Anormalize.css%2Cpublic%3Acore.less%2Cpublic%3Aapp.less&s=8&l=1&d=1544174881&k=56a8f8f98ae4201a1d95aad9f134c20bd812cfeb HTTP/1.1" 200 54163 "https://www.paladin-extensions.com/account/upgrades" "Mozilla/5.0 (Windows NT 10.0; Win64; x64) AppleWebKit/537.36 (KHTML, like Gecko) Chrome/70.0.3538.110 Safari/537.36"
24.251.180.38 - - [07/Dec/2018:04:28:04 -0500] "GET /styles/uix_dark/images/favicon.png HTTP/1.1" 200 46879 "https://www.paladin-extensions.com/account/upgrades" "Mozilla/5.0 (Windows NT 10.0; Win64; x64) AppleWebKit/537.36 (KHTML, like Gecko) Chrome/70.0.3538.110 Safari/537.36"
24.251.180.38 - - [07/Dec/2018:04:28:04 -0500] "POST /job.php HTTP/1.1" 200 14 "https://www.paladin-extensions.com/account/upgrades" "Mozilla/5.0 (Windows NT 10.0; Win64; x64) AppleWebKit/537.36 (KHTML, like Gecko) Chrome/70.0.3538.110 Safari/537.36"
23.239.7.4 - - [07/Dec/2018:04:28:10 -0500] "GET / HTTP/1.1" 301 - "https://www.paladin.rip/" "HetrixTools Uptime Monitoring Bot. https://hetrix.tools/uptime-monitoring-bot.html"
96.126.106.201 - - [07/Dec/2018:04:28:15 -0500] "GET / HTTP/1.1" 301 - "https://www.paladin.rip/" "HetrixTools Uptime Monitoring Bot. https://hetrix.tools/uptime-monitoring-bot.html"
96.126.106.201 - - [07/Dec/2018:04:28:16 -0500] "GET / HTTP/1.1" 200 13496 "https://paladin-extensions.com/" "HetrixTools Uptime Monitoring Bot. https://hetrix.tools/uptime-monitoring-bot.html"
95.179.139.97 - - [07/Dec/2018:04:28:18 -0500] "GET / HTTP/1.1" 301 - "https://www.paladin.rip/" "HetrixTools Uptime Monitoring Bot. https://hetrix.tools/uptime-monitoring-bot.html"
23.239.7.4 - - [07/Dec/2018:04:28:26 -0500] "GET / HTTP/1.1" 301 - "https://www.paladin.rip/" "HetrixTools Uptime Monitoring Bot. https://hetrix.tools/uptime-monitoring-bot.html"
95.179.139.97 - - [07/Dec/2018:04:28:35 -0500] "GET / HTTP/1.1" 301 - "https://www.paladin.rip/" "HetrixTools Uptime Monitoring Bot. https://hetrix.tools/uptime-monitoring-bot.html"
24.251.180.38 - - [07/Dec/2018:04:26:53 -0500] "GET /styles/uix_dark/images/favicon.png HTTP/1.1" 200 46879 "https://www.paladin-extensions.com/account/upgrades" "Mozilla/5.0 (Windows NT 10.0; Win64; x64) AppleWebKit/537.36 (KHTML, like Gecko) Chrome/70.0.3538.110 Safari/537.36"
24.251.180.38 - - [07/Dec/2018:04:26:53 -0500] "POST /job.php HTTP/1.1" 200 14 "https://www.paladin-extensions.com/account/upgrades" "Mozilla/5.0 (Windows NT 10.0; Win64; x64) AppleWebKit/537.36 (KHTML, like Gecko) Chrome/70.0.3538.110 Safari/537.36"
95.179.139.97 - - [07/Dec/2018:04:28:19 -0500] "GET / HTTP/1.1" 200 13535 "https://paladin-extensions.com/" "HetrixTools Uptime Monitoring Bot. https://hetrix.tools/uptime-monitoring-bot.html"
95.179.139.97 - - [07/Dec/2018:04:28:36 -0500] "GET / HTTP/1.1" 200 13496 "https://paladin-extensions.com/" "HetrixTools Uptime Monitoring Bot. https://hetrix.tools/uptime-monitoring-bot.html"
23.239.7.4 - - [07/Dec/2018:04:28:50 -0500] "GET / HTTP/1.1" 301 - "https://www.paladin.rip/" "HetrixTools Uptime Monitoring Bot. https://hetrix.tools/uptime-monitoring-bot.html"
23.239.7.4 - - [07/Dec/2018:04:28:50 -0500] "GET / HTTP/1.1" 200 13498 "https://paladin-extensions.com/" "HetrixTools Uptime Monitoring Bot. https://hetrix.tools/uptime-monitoring-bot.html"
23.239.7.4 - - [07/Dec/2018:04:28:33 -0500] "GET / HTTP/1.1" 200 13532 "https://paladin-extensions.com/" "HetrixTools Uptime Monitoring Bot. https://hetrix.tools/uptime-monitoring-bot.html"
52.23.120.125 - - [07/Dec/2018:04:27:18 -0500] "GET / HTTP/1.1" 301 - "https://www.paladin.rip/" "HetrixTools Uptime Monitoring Bot. https://hetrix.tools/uptime-monitoring-bot.html"
149.28.212.239 - - [07/Dec/2018:04:29:04 -0500] "GET / HTTP/1.1" 301 - "https://www.paladin.rip/" "HetrixTools Uptime Monitoring Bot. https://hetrix.tools/uptime-monitoring-bot.html"
188.166.79.172 - - [07/Dec/2018:04:29:05 -0500] "GET / HTTP/1.1" 301 - "https://www.paladin.rip/" "HetrixTools Uptime Monitoring Bot. https://hetrix.tools/uptime-monitoring-bot.html"
96.126.106.201 - - [07/Dec/2018:04:29:19 -0500] "GET / HTTP/1.1" 301 - "https://www.paladin.rip/" "HetrixTools Uptime Monitoring Bot. https://hetrix.tools/uptime-monitoring-bot.html"
149.28.212.239 - - [07/Dec/2018:04:29:20 -0500] "GET / HTTP/1.1" 301 - "https://www.paladin.rip/" "HetrixTools Uptime Monitoring Bot. https://hetrix.tools/uptime-monitoring-bot.html"
96.126.106.201 - - [07/Dec/2018:04:29:35 -0500] "GET / HTTP/1.1" 301 - "https://www.paladin.rip/" "HetrixTools Uptime Monitoring Bot. https://hetrix.tools/uptime-monitoring-bot.html"
96.126.106.201 - - [07/Dec/2018:04:29:36 -0500] "GET / HTTP/1.1" 200 13507 "https://paladin-extensions.com/" "HetrixTools Uptime Monitoring Bot. https://hetrix.tools/uptime-monitoring-bot.html"
188.166.79.172 - - [07/Dec/2018:04:29:37 -0500] "GET / HTTP/1.1" 301 - "https://www.paladin.rip/" "HetrixTools Uptime Monitoring Bot. https://hetrix.tools/uptime-monitoring-bot.html"
24.251.180.38 - - [07/Dec/2018:04:29:52 -0500] "POST /admin.php?templates/account_upgrades.1717/save HTTP/1.1" 200 316 "https://www.paladin-extensions.com/admin.php?templates/account_upgrades.1717/edit&style_id=8" "Mozilla/5.0 (Windows NT 10.0; Win64; x64) AppleWebKit/537.36 (KHTML, like Gecko) Chrome/70.0.3538.110 Safari/537.36"
188.166.79.172 - - [07/Dec/2018:04:29:38 -0500] "GET / HTTP/1.1" 200 13509 "https://paladin-extensions.com/" "HetrixTools Uptime Monitoring Bot. https://hetrix.tools/uptime-monitoring-bot.html"
24.251.180.38 - - [07/Dec/2018:04:30:04 -0500] "POST /admin.php?templates/account_upgrades.1717/save HTTP/1.1" 200 316 "https://www.paladin-extensions.com/admin.php?templates/account_upgrades.1717/edit&style_id=8" "Mozilla/5.0 (Windows NT 10.0; Win64; x64) AppleWebKit/537.36 (KHTML, like Gecko) Chrome/70.0.3538.110 Safari/537.36"
24.251.180.38 - - [07/Dec/2018:04:30:11 -0500] "POST /admin.php?templates/account_upgrades.1717/save HTTP/1.1" 200 360 "https://www.paladin-extensions.com/admin.php?templates/account_upgrades.1717/edit&style_id=8" "Mozilla/5.0 (Windows NT 10.0; Win64; x64) AppleWebKit/537.36 (KHTML, like Gecko) Chrome/70.0.3538.110 Safari/537.36"
95.179.139.97 - - [07/Dec/2018:04:30:20 -0500] "GET / HTTP/1.1" 301 - "https://www.paladin.rip/" "HetrixTools Uptime Monitoring Bot. https://hetrix.tools/uptime-monitoring-bot.html"
24.251.180.38 - - [07/Dec/2018:04:30:23 -0500] "GET /admin.php?templates/account_upgrades.1717/compare&_xfRequestUri=%2Fadmin.php%3Ftemplates%2Faccount_upgrades.1717%2Fedit%26style_id%3D8&_xfWithData=1&_xfToken=1544174503%2C78d34f4ff2765f37f84172173edbc020&_xfResponseType=json HTTP/1.1" 200 10439 "https://www.paladin-extensions.com/admin.php?templates/account_upgrades.1717/edit&style_id=8" "Mozilla/5.0 (Windows NT 10.0; Win64; x64) AppleWebKit/537.36 (KHTML, like Gecko) Chrome/70.0.3538.110 Safari/537.36"
24.251.180.38 - - [07/Dec/2018:04:30:23 -0500] "GET /css.php?css=public:diff.less&s=0&l=1&d=1544174216 HTTP/1.1" 200 670 "https://www.paladin-extensions.com/admin.php?templates/account_upgrades.1717/edit&style_id=8" "Mozilla/5.0 (Windows NT 10.0; Win64; x64) AppleWebKit/537.36 (KHTML, like Gecko) Chrome/70.0.3538.110 Safari/537.36"
24.251.180.38 - - [07/Dec/2018:04:30:25 -0500] "GET /admin.php?templates/account_upgrades.1717/history&_xfRequestUri=%2Fadmin.php%3Ftemplates%2Faccount_upgrades.1717%2Fedit%26style_id%3D8&_xfWithData=1&_xfToken=1544174503%2C78d34f4ff2765f37f84172173edbc020&_xfResponseType=json HTTP/1.1" 200 26009 "https://www.paladin-extensions.com/admin.php?templates/account_upgrades.1717/edit&style_id=8" "Mozilla/5.0 (Windows NT 10.0; Win64; x64) AppleWebKit/537.36 (KHTML, like Gecko) Chrome/70.0.3538.110 Safari/537.36"
24.251.180.38 - - [07/Dec/2018:04:30:28 -0500] "GET /admin.php?templates/account_upgrades.1717/history&view=753&_xfRequestUri=%2Fadmin.php%3Ftemplates%2Faccount_upgrades.1717%2Fedit%26style_id%3D8&_xfWithData=1&_xfToken=1544174503%2C78d34f4ff2765f37f84172173edbc020&_xfResponseType=json HTTP/1.1" 200 7028 "https://www.paladin-extensions.com/admin.php?templates/account_upgrades.1717/edit&style_id=8" "Mozilla/5.0 (Windows NT 10.0; Win64; x64) AppleWebKit/537.36 (KHTML, like Gecko) Chrome/70.0.3538.110 Safari/537.36"
24.251.180.38 - - [07/Dec/2018:04:30:13 -0500] "GET /account/upgrades HTTP/1.1" 200 13281 "-" "Mozilla/5.0 (Windows NT 10.0; Win64; x64) AppleWebKit/537.36 (KHTML, like Gecko) Chrome/70.0.3538.110 Safari/537.36"
24.251.180.38 - - [07/Dec/2018:04:30:38 -0500] "POST /admin.php?templates/account_upgrades.1717/history HTTP/1.1" 200 11548 "https://www.paladin-extensions.com/admin.php?templates/account_upgrades.1717/edit&style_id=8" "Mozilla/5.0 (Windows NT 10.0; Win64; x64) AppleWebKit/537.36 (KHTML, like Gecko) Chrome/70.0.3538.110 Safari/537.36"
52.207.41.187 - - [07/Dec/2018:04:30:45 -0500] "GET / HTTP/1.1" 301 - "https://www.paladin.rip/" "HetrixTools Uptime Monitoring Bot. https://hetrix.tools/uptime-monitoring-bot.html"
52.52.33.209 - - [07/Dec/2018:04:30:18 -0500] "GET / HTTP/1.1" 301 - "https://www.paladin.rip/" "HetrixTools Uptime Monitoring Bot. https://hetrix.tools/uptime-monitoring-bot.html"
52.207.41.187 - - [07/Dec/2018:04:30:46 -0500] "GET / HTTP/1.1" 200 13505 "https://paladin-extensions.com/" "HetrixTools Uptime Monitoring Bot. https://hetrix.tools/uptime-monitoring-bot.html"
24.251.180.38 - - [07/Dec/2018:04:30:37 -0500] "GET /css.php?css=public%3Alightslider.less%2Cpublic%3Anotices.less%2Cpublic%3Aextra.less&s=8&l=1&d=1544175012&k=6ea7aea0c3194c1116858b7e7c5b0941398c6926 HTTP/1.1" 200 3014 "https://www.paladin-extensions.com/account/upgrades" "Mozilla/5.0 (Windows NT 10.0; Win64; x64) AppleWebKit/537.36 (KHTML, like Gecko) Chrome/70.0.3538.110 Safari/537.36"
95.179.139.97 - - [07/Dec/2018:04:31:07 -0500] "GET / HTTP/1.1" 301 - "https://www.paladin.rip/" "HetrixTools Uptime Monitoring Bot. https://hetrix.tools/uptime-monitoring-bot.html"
95.179.139.97 - - [07/Dec/2018:04:31:08 -0500] "GET / HTTP/1.1" 200 13508 "https://paladin-extensions.com/" "HetrixTools Uptime Monitoring Bot. https://hetrix.tools/uptime-monitoring-bot.html"
95.179.139.97 - - [07/Dec/2018:04:30:20 -0500] "GET / HTTP/1.1" 200 13508 "https://paladin-extensions.com/" "HetrixTools Uptime Monitoring Bot. https://hetrix.tools/uptime-monitoring-bot.html"
95.179.139.97 - - [07/Dec/2018:04:31:09 -0500] "GET / HTTP/1.1" 301 - "https://www.paladin.rip/" "HetrixTools Uptime Monitoring Bot. https://hetrix.tools/uptime-monitoring-bot.html"
95.179.139.97 - - [07/Dec/2018:04:31:10 -0500] "GET / HTTP/1.1" 200 13506 "https://paladin-extensions.com/" "HetrixTools Uptime Monitoring Bot. https://hetrix.tools/uptime-monitoring-bot.html"
95.179.139.97 - - [07/Dec/2018:04:31:12 -0500] "GET / HTTP/1.1" 301 - "https://www.paladin.rip/" "HetrixTools Uptime Monitoring Bot. https://hetrix.tools/uptime-monitoring-bot.html"
95.179.139.97 - - [07/Dec/2018:04:31:12 -0500] "GET / HTTP/1.1" 200 13507 "https://paladin-extensions.com/" "HetrixTools Uptime Monitoring Bot. https://hetrix.tools/uptime-monitoring-bot.html"
52.52.33.209 - - [07/Dec/2018:04:31:14 -0500] "GET / HTTP/1.1" 301 - "https://www.paladin.rip/" "HetrixTools Uptime Monitoring Bot. https://hetrix.tools/uptime-monitoring-bot.html"
24.251.180.38 - - [07/Dec/2018:04:31:16 -0500] "POST /job.php HTTP/1.1" 200 14 "https://www.paladin-extensions.com/account/upgrades" "Mozilla/5.0 (Windows NT 10.0; Win64; x64) AppleWebKit/537.36 (KHTML, like Gecko) Chrome/70.0.3538.110 Safari/537.36"
52.52.33.209 - - [07/Dec/2018:04:31:24 -0500] "GET / HTTP/1.1" 200 13497 "https://paladin-extensions.com/" "HetrixTools Uptime Monitoring Bot. https://hetrix.tools/uptime-monitoring-bot.html"
52.52.33.209 - - [07/Dec/2018:04:31:25 -0500] "GET / HTTP/1.1" 301 - "https://www.paladin.rip/" "HetrixTools Uptime Monitoring Bot. https://hetrix.tools/uptime-monitoring-bot.html"
52.52.33.209 - - [07/Dec/2018:04:31:25 -0500] "GET / HTTP/1.1" 200 13498 "https://paladin-extensions.com/" "HetrixTools Uptime Monitoring Bot. https://hetrix.tools/uptime-monitoring-bot.html"
138.197.17.201 - - [07/Dec/2018:04:31:38 -0500] "GET / HTTP/1.1" 301 - "https://www.paladin.rip/" "HetrixTools Uptime Monitoring Bot. https://hetrix.tools/uptime-monitoring-bot.html"
138.197.17.201 - - [07/Dec/2018:04:31:39 -0500] "GET / HTTP/1.1" 200 13494 "https://paladin-extensions.com/" "HetrixTools Uptime Monitoring Bot. https://hetrix.tools/uptime-monitoring-bot.html"
138.197.17.201 - - [07/Dec/2018:04:31:22 -0500] "GET / HTTP/1.1" 301 - "https://www.paladin.rip/" "HetrixTools Uptime Monitoring Bot. https://hetrix.tools/uptime-monitoring-bot.html"
96.126.106.201 - - [07/Dec/2018:04:32:10 -0500] "GET / HTTP/1.1" 301 - "https://www.paladin.rip/" "HetrixTools Uptime Monitoring Bot. https://hetrix.tools/uptime-monitoring-bot.html"
96.126.106.201 - - [07/Dec/2018:04:32:11 -0500] "GET / HTTP/1.1" 200 13533 "https://paladin-extensions.com/" "HetrixTools Uptime Monitoring Bot. https://hetrix.tools/uptime-monitoring-bot.html"
52.52.33.209 - - [07/Dec/2018:04:32:03 -0500] "GET / HTTP/1.1" 301 - "https://www.paladin.rip/" "HetrixTools Uptime Monitoring Bot. https://hetrix.tools/uptime-monitoring-bot.html"
52.52.33.209 - - [07/Dec/2018:04:32:14 -0500] "GET / HTTP/1.1" 200 13499 "https://paladin-extensions.com/" "HetrixTools Uptime Monitoring Bot. https://hetrix.tools/uptime-monitoring-bot.html"
24.251.180.38 - - [07/Dec/2018:04:32:18 -0500] "POST /admin.php?templates/account_upgrades.1717/save HTTP/1.1" 200 360 "https://www.paladin-extensions.com/admin.php?templates/account_upgrades.1717/edit&style_id=8" "Mozilla/5.0 (Windows NT 10.0; Win64; x64) AppleWebKit/537.36 (KHTML, like Gecko) Chrome/70.0.3538.110 Safari/537.36"
24.251.180.38 - - [07/Dec/2018:04:32:19 -0500] "GET /account/upgrades HTTP/1.1" 200 13173 "-" "Mozilla/5.0 (Windows NT 10.0; Win64; x64) AppleWebKit/537.36 (KHTML, like Gecko) Chrome/70.0.3538.110 Safari/537.36"
24.251.180.38 - - [07/Dec/2018:04:32:20 -0500] "GET /css.php?css=public%3Alightslider.less%2Cpublic%3Anotices.less%2Cpublic%3Aextra.less&s=8&l=1&d=1544175138&k=6ea7aea0c3194c1116858b7e7c5b0941398c6926 HTTP/1.1" 200 3014 "https://www.paladin-extensions.com/account/upgrades" "Mozilla/5.0 (Windows NT 10.0; Win64; x64) AppleWebKit/537.36 (KHTML, like Gecko) Chrome/70.0.3538.110 Safari/537.36"
188.166.79.172 - - [07/Dec/2018:04:32:20 -0500] "GET / HTTP/1.1" 301 - "https://www.paladin.rip/" "HetrixTools Uptime Monitoring Bot. https://hetrix.tools/uptime-monitoring-bot.html"
188.166.79.172 - - [07/Dec/2018:04:32:21 -0500] "GET / HTTP/1.1" 200 13506 "https://paladin-extensions.com/" "HetrixTools Uptime Monitoring Bot. https://hetrix.tools/uptime-monitoring-bot.html"
24.251.180.38 - - [07/Dec/2018:04:32:20 -0500] "GET /css.php?css=public%3Anormalize.css%2Cpublic%3Acore.less%2Cpublic%3Aapp.less&s=8&l=1&d=1544175138&k=56a8f8f98ae4201a1d95aad9f134c20bd812cfeb HTTP/1.1" 200 54163 "https://www.paladin-extensions.com/account/upgrades" "Mozilla/5.0 (Windows NT 10.0; Win64; x64) AppleWebKit/537.36 (KHTML, like Gecko) Chrome/70.0.3538.110 Safari/537.36"
24.251.180.38 - - [07/Dec/2018:04:32:32 -0500] "GET /styles/uix_dark/images/favicon.png HTTP/1.1" 200 46879 "https://www.paladin-extensions.com/account/upgrades" "Mozilla/5.0 (Windows NT 10.0; Win64; x64) AppleWebKit/537.36 (KHTML, like Gecko) Chrome/70.0.3538.110 Safari/537.36"
24.251.180.38 - - [07/Dec/2018:04:32:33 -0500] "POST /job.php HTTP/1.1" 200 14 "https://www.paladin-extensions.com/account/upgrades" "Mozilla/5.0 (Windows NT 10.0; Win64; x64) AppleWebKit/537.36 (KHTML, like Gecko) Chrome/70.0.3538.110 Safari/537.36"
162.213.41.93 - - [07/Dec/2018:04:32:51 -0500] "GET / HTTP/1.1" 200 13539 "-" "Mozilla/5.0 (Windows NT 6.1; Win64; x64; rv:63.0) Gecko/20100101 Firefox/63.0"
162.213.41.93 - - [07/Dec/2018:04:32:52 -0500] "GET /js/xf/preamble-compiled.js?_v=69cb4042 HTTP/1.1" 200 7764 "https://www.paladin-extensions.com/" "Mozilla/5.0 (Windows NT 6.1; Win64; x64; rv:63.0) Gecko/20100101 Firefox/63.0"
162.213.41.93 - - [07/Dec/2018:04:32:52 -0500] "GET /styles/uix_dark/fonts/icons/material-icons/css/materialdesignicons.min.css HTTP/1.1" 200 18636 "https://www.paladin-extensions.com/" "Mozilla/5.0 (Windows NT 6.1; Win64; x64; rv:63.0) Gecko/20100101 Firefox/63.0"
162.213.41.93 - - [07/Dec/2018:04:32:52 -0500] "GET /styles/uix_dark/images/uix-logo.png HTTP/1.1" 200 135144 "https://www.paladin-extensions.com/" "Mozilla/5.0 (Windows NT 6.1; Win64; x64; rv:63.0) Gecko/20100101 Firefox/63.0"
162.213.41.93 - - [07/Dec/2018:04:32:52 -0500] "GET /js/vendor/vendor-compiled.js?_v=69cb4042 HTTP/1.1" 200 17905 "https://www.paladin-extensions.com/" "Mozilla/5.0 (Windows NT 6.1; Win64; x64; rv:63.0) Gecko/20100101 Firefox/63.0"
162.213.41.93 - - [07/Dec/2018:04:32:52 -0500] "GET /js/themehouse/uix_dark/defer.min.js?_v=69cb4042 HTTP/1.1" 200 5041 "https://www.paladin-extensions.com/" "Mozilla/5.0 (Windows NT 6.1; Win64; x64; rv:63.0) Gecko/20100101 Firefox/63.0"
162.213.41.93 - - [07/Dec/2018:04:32:52 -0500] "GET /js/xf/countdown.js HTTP/1.1" 200 18450 "https://www.paladin-extensions.com/" "Mozilla/5.0 (Windows NT 6.1; Win64; x64; rv:63.0) Gecko/20100101 Firefox/63.0"
162.213.41.93 - - [07/Dec/2018:04:32:52 -0500] "GET /js/themehouse/uix_dark/index.min.js?_v=69cb4042 HTTP/1.1" 200 2382 "https://www.paladin-extensions.com/" "Mozilla/5.0 (Windows NT 6.1; Win64; x64; rv:63.0) Gecko/20100101 Firefox/63.0"
162.213.41.93 - - [07/Dec/2018:04:32:52 -0500] "GET /styles/uix_dark/images/uix-brandmark.png HTTP/1.1" 200 139974 "https://www.paladin-extensions.com/" "Mozilla/5.0 (Windows NT 6.1; Win64; x64; rv:63.0) Gecko/20100101 Firefox/63.0"
162.213.41.93 - - [07/Dec/2018:04:32:52 -0500] "GET /js/xf/core-compiled.js?_v=69cb4042 HTTP/1.1" 200 46841 "https://www.paladin-extensions.com/" "Mozilla/5.0 (Windows NT 6.1; Win64; x64; rv:63.0) Gecko/20100101 Firefox/63.0"
162.213.41.93 - - [07/Dec/2018:04:32:52 -0500] "GET /css.php?css=public%3Aandy_countdown.less%2Cpublic%3Anode_list.less%2Cpublic%3Ath_widget_post_thread_uix.less%2Cpublic%3Auix_welcomeSection.less%2Cpublic%3Aextra.less&s=8&l=1&d=1544175138&k=d985b0940cc7aeb768cf0736f22a8641e7dc7f73 HTTP/1.1" 200 2765 "https://www.paladin-extensions.com/" "Mozilla/5.0 (Windows NT 6.1; Win64; x64; rv:63.0) Gecko/20100101 Firefox/63.0"
162.213.41.93 - - [07/Dec/2018:04:32:52 -0500] "GET /robots.txt HTTP/1.1" 404 38644 "-" "Mozilla/5.0 (Windows NT 6.1; Win64; x64; rv:63.0) Gecko/20100101 Firefox/63.0"
96.126.106.201 - - [07/Dec/2018:04:33:11 -0500] "GET / HTTP/1.1" 301 - "https://www.paladin.rip/" "HetrixTools Uptime Monitoring Bot. https://hetrix.tools/uptime-monitoring-bot.html"
51.15.61.222 - - [07/Dec/2018:04:33:15 -0500] "GET / HTTP/1.1" 301 - "https://www.paladin.rip/" "HetrixTools Uptime Monitoring Bot. https://hetrix.tools/uptime-monitoring-bot.html"
162.213.41.93 - - [07/Dec/2018:04:33:15 -0500] "GET / HTTP/1.1" 200 13507 "-" "Mozilla/5.0 (Windows NT 6.1; Win64; x64) AppleWebKit/537.36 (KHTML, like Gecko) Chrome/70.0.3538.110 Safari/537.36"
162.213.41.93 - - [07/Dec/2018:04:33:15 -0500] "GET /js/xf/preamble-compiled.js?_v=69cb4042 HTTP/1.1" 200 7764 "https://www.paladin-extensions.com/" "Mozilla/5.0 (Windows NT 6.1; Win64; x64) AppleWebKit/537.36 (KHTML, like Gecko) Chrome/70.0.3538.110 Safari/537.36"
162.213.41.93 - - [07/Dec/2018:04:33:15 -0500] "GET /styles/uix_dark/images/uix-logo.png HTTP/1.1" 200 135144 "https://www.paladin-extensions.com/" "Mozilla/5.0 (Windows NT 6.1; Win64; x64) AppleWebKit/537.36 (KHTML, like Gecko) Chrome/70.0.3538.110 Safari/537.36"
162.213.41.93 - - [07/Dec/2018:04:33:15 -0500] "GET /css.php?css=public%3Anormalize.css%2Cpublic%3Acore.less%2Cpublic%3Aapp.less&s=8&l=1&d=1544175138&k=56a8f8f98ae4201a1d95aad9f134c20bd812cfeb HTTP/1.1" 200 54163 "https://www.paladin-extensions.com/" "Mozilla/5.0 (Windows NT 6.1; Win64; x64) AppleWebKit/537.36 (KHTML, like Gecko) Chrome/70.0.3538.110 Safari/537.36"
23.239.7.4 - - [07/Dec/2018:04:33:15 -0500] "GET / HTTP/1.1" 301 - "https://www.paladin.rip/" "HetrixTools Uptime Monitoring Bot. https://hetrix.tools/uptime-monitoring-bot.html"
162.213.41.93 - - [07/Dec/2018:04:33:15 -0500] "GET /js/xf/countdown.js HTTP/1.1" 200 18450 "https://www.paladin-extensions.com/" "Mozilla/5.0 (Windows NT 6.1; Win64; x64) AppleWebKit/537.36 (KHTML, like Gecko) Chrome/70.0.3538.110 Safari/537.36"
51.15.61.222 - - [07/Dec/2018:04:33:15 -0500] "GET / HTTP/1.1" 200 13566 "https://paladin-extensions.com/" "HetrixTools Uptime Monitoring Bot. https://hetrix.tools/uptime-monitoring-bot.html"
23.239.7.4 - - [07/Dec/2018:04:33:16 -0500] "GET / HTTP/1.1" 200 13506 "https://paladin-extensions.com/" "HetrixTools Uptime Monitoring Bot. https://hetrix.tools/uptime-monitoring-bot.html"
162.213.41.93 - - [07/Dec/2018:04:33:16 -0500] "GET /js/vendor/vendor-compiled.js?_v=69cb4042 HTTP/1.1" 200 17905 "https://www.paladin-extensions.com/" "Mozilla/5.0 (Windows NT 6.1; Win64; x64) AppleWebKit/537.36 (KHTML, like Gecko) Chrome/70.0.3538.110 Safari/537.36"
162.213.41.93 - - [07/Dec/2018:04:33:17 -0500] "GET /js/xf/core-compiled.js?_v=69cb4042 HTTP/1.1" 200 46841 "https://www.paladin-extensions.com/" "Mozilla/5.0 (Windows NT 6.1; Win64; x64) AppleWebKit/537.36 (KHTML, like Gecko) Chrome/70.0.3538.110 Safari/537.36"
162.213.41.93 - - [07/Dec/2018:04:33:17 -0500] "GET /js/themehouse/uix_dark/ripple.min.js?_v=69cb4042 HTTP/1.1" 200 692 "https://www.paladin-extensions.com/" "Mozilla/5.0 (Windows NT 6.1; Win64; x64) AppleWebKit/537.36 (KHTML, like Gecko) Chrome/70.0.3538.110 Safari/537.36"
162.213.41.93 - - [07/Dec/2018:04:33:17 -0500] "GET /js/themehouse/global/20180112.min.js?_v=69cb4042 HTTP/1.1" 200 3938 "https://www.paladin-extensions.com/" "Mozilla/5.0 (Windows NT 6.1; Win64; x64) AppleWebKit/537.36 (KHTML, like Gecko) Chrome/70.0.3538.110 Safari/537.36"
162.213.41.93 - - [07/Dec/2018:04:33:19 -0500] "GET /favicon.ico HTTP/1.1" 404 38724 "https://www.paladin-extensions.com/" "Mozilla/5.0 (Windows NT 6.1; WOW64) AppleWebKit/537.36 (KHTML, like Gecko) Chrome/69.0.3497.100 Safari/537.36 OPR/56.0.3051.116"
162.213.41.93 - - [07/Dec/2018:04:33:19 -0500] "GET /styles/uix_dark/images/uix-brandmark.png HTTP/1.1" 200 139974 "https://www.paladin-extensions.com/" "Mozilla/5.0 (Windows NT 6.1; Win64; x64) AppleWebKit/537.36 (KHTML, like Gecko) Chrome/70.0.3538.110 Safari/537.36"
96.126.106.201 - - [07/Dec/2018:04:33:20 -0500] "GET / HTTP/1.1" 301 - "https://www.paladin.rip/" "HetrixTools Uptime Monitoring Bot. https://hetrix.tools/uptime-monitoring-bot.html"
162.213.41.93 - - [07/Dec/2018:04:33:20 -0500] "GET /data/avatars/s/0/12.jpg?1519321709 HTTP/1.1" 200 1785 "https://www.paladin-extensions.com/" "Mozilla/5.0 (Windows NT 6.1; Win64; x64) AppleWebKit/537.36 (KHTML, like Gecko) Chrome/70.0.3538.110 Safari/537.36"
162.213.41.93 - - [07/Dec/2018:04:33:21 -0500] "GET /data/avatars/s/0/1.jpg?1538028194 HTTP/1.1" 200 3345 "https://www.paladin-extensions.com/" "Mozilla/5.0 (Windows NT 6.1; Win64; x64) AppleWebKit/537.36 (KHTML, like Gecko) Chrome/70.0.3538.110 Safari/537.36"
96.126.106.201 - - [07/Dec/2018:04:33:21 -0500] "GET / HTTP/1.1" 200 13508 "https://paladin-extensions.com/" "HetrixTools Uptime Monitoring Bot. https://hetrix.tools/uptime-monitoring-bot.html"
162.213.41.93 - - [07/Dec/2018:04:33:29 -0500] "GET /test.php HTTP/1.1" 200 24 "-" "Mozilla/5.0 (Windows NT 6.1; Win64; x64) AppleWebKit/537.36 (KHTML, like Gecko) Chrome/70.0.3538.110 Safari/537.36"
162.213.41.93 - - [07/Dec/2018:04:33:29 -0500] "GET /favicon.ico HTTP/1.1" 404 38719 "https://www.paladin-extensions.com/test.php" "Mozilla/5.0 (Windows NT 6.1; Win64; x64) AppleWebKit/537.36 (KHTML, like Gecko) Chrome/70.0.3538.110 Safari/537.36"
162.213.41.93 - - [07/Dec/2018:04:33:34 -0500] "GET / HTTP/1.1" 200 13505 "-" "Mozilla/5.0 (Windows NT 6.1; Win64; x64) AppleWebKit/537.36 (KHTML, like Gecko) Chrome/70.0.3538.110 Safari/537.36"
24.251.180.38 - - [07/Dec/2018:04:33:34 -0500] "GET /admin.php?templates/account_upgrades.1717/history&view=759&_xfRequestUri=%2Fadmin.php%3Ftemplates%2Faccount_upgrades.1717%2Fedit%26style_id%3D8&_xfWithData=1&_xfToken=1544174503%2C78d34f4ff2765f37f84172173edbc020&_xfResponseType=json HTTP/1.1" 200 8946 "https://www.paladin-extensions.com/admin.php?templates/account_upgrades.1717/edit&style_id=8" "Mozilla/5.0 (Windows NT 10.0; Win64; x64) AppleWebKit/537.36 (KHTML, like Gecko) Chrome/70.0.3538.110 Safari/537.36"
162.213.41.93 - - [07/Dec/2018:04:33:35 -0500] "GET /js/xf/preamble-compiled.js?_v=69cb4042 HTTP/1.1" 200 7764 "https://www.paladin-extensions.com/" "Mozilla/5.0 (Windows NT 6.1; Win64; x64) AppleWebKit/537.36 (KHTML, like Gecko) Chrome/70.0.3538.110 Safari/537.36"
162.213.41.93 - - [07/Dec/2018:04:33:35 -0500] "GET /css.php?css=public%3Aandy_countdown.less%2Cpublic%3Anode_list.less%2Cpublic%3Ath_widget_post_thread_uix.less%2Cpublic%3Auix_welcomeSection.less%2Cpublic%3Aextra.less&s=8&l=1&d=1544175138&k=d985b0940cc7aeb768cf0736f22a8641e7dc7f73 HTTP/1.1" 200 2765 "https://www.paladin-extensions.com/" "Mozilla/5.0 (Windows NT 6.1; Win64; x64) AppleWebKit/537.36 (KHTML, like Gecko) Chrome/70.0.3538.110 Safari/537.36"
162.213.41.93 - - [07/Dec/2018:04:33:35 -0500] "GET /js/xf/countdown.js HTTP/1.1" 200 18450 "https://www.paladin-extensions.com/" "Mozilla/5.0 (Windows NT 6.1; Win64; x64) AppleWebKit/537.36 (KHTML, like Gecko) Chrome/70.0.3538.110 Safari/537.36"
162.213.41.93 - - [07/Dec/2018:04:33:35 -0500] "GET /js/vendor/vendor-compiled.js?_v=69cb4042 HTTP/1.1" 200 17905 "https://www.paladin-extensions.com/" "Mozilla/5.0 (Windows NT 6.1; Win64; x64) AppleWebKit/537.36 (KHTML, like Gecko) Chrome/70.0.3538.110 Safari/537.36"
162.213.41.93 - - [07/Dec/2018:04:33:36 -0500] "GET /js/xf/core-compiled.js?_v=69cb4042 HTTP/1.1" 200 46841 "https://www.paladin-extensions.com/" "Mozilla/5.0 (Windows NT 6.1; Win64; x64) AppleWebKit/537.36 (KHTML, like Gecko) Chrome/70.0.3538.110 Safari/537.36"
162.213.41.93 - - [07/Dec/2018:04:33:36 -0500] "GET /js/themehouse/uix_dark/ripple.min.js?_v=69cb4042 HTTP/1.1" 200 692 "https://www.paladin-extensions.com/" "Mozilla/5.0 (Windows NT 6.1; Win64; x64) AppleWebKit/537.36 (KHTML, like Gecko) Chrome/70.0.3538.110 Safari/537.36"
162.213.41.93 - - [07/Dec/2018:04:33:36 -0500] "GET /js/themehouse/global/20180112.min.js?_v=69cb4042 HTTP/1.1" 200 3938 "https://www.paladin-extensions.com/" "Mozilla/5.0 (Windows NT 6.1; Win64; x64) AppleWebKit/537.36 (KHTML, like Gecko) Chrome/70.0.3538.110 Safari/537.36"
162.213.41.93 - - [07/Dec/2018:04:33:37 -0500] "GET /js/themehouse/uix_dark/index.min.js?_v=69cb4042 HTTP/1.1" 200 2382 "https://www.paladin-extensions.com/" "Mozilla/5.0 (Windows NT 6.1; Win64; x64) AppleWebKit/537.36 (KHTML, like Gecko) Chrome/70.0.3538.110 Safari/537.36"
162.213.41.93 - - [07/Dec/2018:04:33:37 -0500] "GET /js/themehouse/uix_dark/defer.min.js?_v=69cb4042 HTTP/1.1" 200 5041 "https://www.paladin-extensions.com/" "Mozilla/5.0 (Windows NT 6.1; Win64; x64) AppleWebKit/537.36 (KHTML, like Gecko) Chrome/70.0.3538.110 Safari/537.36"
162.213.41.93 - - [07/Dec/2018:04:33:37 -0500] "GET /styles/uix_dark/images/uix-brandmark.png HTTP/1.1" 200 139974 "https://www.paladin-extensions.com/" "Mozilla/5.0 (Windows NT 6.1; Win64; x64) AppleWebKit/537.36 (KHTML, like Gecko) Chrome/70.0.3538.110 Safari/537.36"
162.213.41.93 - - [07/Dec/2018:04:33:38 -0500] "GET /data/avatars/s/0/12.jpg?1519321709 HTTP/1.1" 200 1785 "https://www.paladin-extensions.com/" "Mozilla/5.0 (Windows NT 6.1; Win64; x64) AppleWebKit/537.36 (KHTML, like Gecko) Chrome/70.0.3538.110 Safari/537.36"
162.213.41.93 - - [07/Dec/2018:04:33:38 -0500] "GET /data/avatars/s/0/1.jpg?1538028194 HTTP/1.1" 200 3345 "https://www.paladin-extensions.com/" "Mozilla/5.0 (Windows NT 6.1; Win64; x64) AppleWebKit/537.36 (KHTML, like Gecko) Chrome/70.0.3538.110 Safari/537.36"
162.213.41.93 - - [07/Dec/2018:04:33:49 -0500] "GET /styles/uix_dark/images/uix-logo.png HTTP/1.1" 200 135144 "https://www.paladin-extensions.com/" "Mozilla/5.0 (Windows NT 6.1; Win64; x64) AppleWebKit/537.36 (KHTML, like Gecko) Chrome/70.0.3538.110 Safari/537.36"
162.213.41.93 - - [07/Dec/2018:04:33:49 -0500] "GET /styles/uix_dark/images/welcome-banner.png HTTP/1.1" 200 78598 "https://www.paladin-extensions.com/css.php?css=public%3Aandy_countdown.less%2Cpublic%3Anode_list.less%2Cpublic%3Ath_widget_post_thread_uix.less%2Cpublic%3Auix_welcomeSection.less%2Cpublic%3Aextra.less&s=8&l=1&d=1544175138&k=d985b0940cc7aeb768cf0736f22a8641e7dc7f73" "Mozilla/5.0 (Windows NT 6.1; Win64; x64) AppleWebKit/537.36 (KHTML, like Gecko) Chrome/70.0.3538.110 Safari/537.36"
162.213.41.93 - - [07/Dec/2018:04:33:49 -0500] "POST /job.php HTTP/1.1" 200 14 "https://www.paladin-extensions.com/" "Mozilla/5.0 (Windows NT 6.1; Win64; x64) AppleWebKit/537.36 (KHTML, like Gecko) Chrome/70.0.3538.110 Safari/537.36"
162.213.41.93 - - [07/Dec/2018:04:33:55 -0500] "GET /test.php HTTP/1.1" 200 24 "-" "Mozilla/5.0 (Windows NT 6.1; Win64; x64) AppleWebKit/537.36 (KHTML, like Gecko) Chrome/70.0.3538.110 Safari/537.36"
162.213.41.93 - - [07/Dec/2018:04:33:55 -0500] "GET /styles/uix_dark/images/welcome-banner.png HTTP/1.1" 200 78598 "https://www.paladin-extensions.com/css.php?css=public%3Aandy_countdown.less%2Cpublic%3Anode_list.less%2Cpublic%3Ath_widget_post_thread_uix.less%2Cpublic%3Auix_welcomeSection.less%2Cpublic%3Aextra.less&s=8&l=1&d=1544175138&k=d985b0940cc7aeb768cf0736f22a8641e7dc7f73" "Mozilla/5.0 (Windows NT 6.1; Win64; x64; rv:63.0) Gecko/20100101 Firefox/63.0"
162.213.41.93 - - [07/Dec/2018:04:33:56 -0500] "GET /js/themehouse/uix_dark/defer.min.js?_v=69cb4042 HTTP/1.1" 200 5041 "https://www.paladin-extensions.com/" "Mozilla/5.0 (Windows NT 6.1; Win64; x64) AppleWebKit/537.36 (KHTML, like Gecko) Chrome/70.0.3538.110 Safari/537.36"
162.213.41.93 - - [07/Dec/2018:04:33:56 -0500] "GET /test.php HTTP/1.1" 200 24 "-" "Mozilla/5.0 (Windows NT 6.1; Win64; x64) AppleWebKit/537.36 (KHTML, like Gecko) Chrome/70.0.3538.110 Safari/537.36"
162.213.41.93 - - [07/Dec/2018:04:33:55 -0500] "GET /styles/uix_dark/images/favicon.png HTTP/1.1" 200 46879 "-" "Mozilla/5.0 (Windows NT 6.1; Win64; x64; rv:63.0) Gecko/20100101 Firefox/63.0"
149.28.212.239 - - [07/Dec/2018:04:34:07 -0500] "GET / HTTP/1.1" 301 - "https://www.paladin.rip/" "HetrixTools Uptime Monitoring Bot. https://hetrix.tools/uptime-monitoring-bot.html"
188.166.79.172 - - [07/Dec/2018:04:34:07 -0500] "GET / HTTP/1.1" 301 - "https://www.paladin.rip/" "HetrixTools Uptime Monitoring Bot. https://hetrix.tools/uptime-monitoring-bot.html"
188.166.79.172 - - [07/Dec/2018:04:34:08 -0500] "GET / HTTP/1.1" 200 13530 "https://paladin-extensions.com/" "HetrixTools Uptime Monitoring Bot. https://hetrix.tools/uptime-monitoring-bot.html"
162.213.41.93 - - [07/Dec/2018:04:34:14 -0500] "GET /robots.txt HTTP/1.1" 404 38645 "-" "Mozilla/5.0 (Windows NT 10.0; Win64; x64; rv:63.0) Gecko/20100101 Firefox/63.0"
162.213.41.93 - - [07/Dec/2018:04:34:14 -0500] "GET /test.php HTTP/1.1" 200 24 "-" "Mozilla/5.0 (Windows NT 10.0; Win64; x64; rv:63.0) Gecko/20100101 Firefox/63.0"
162.213.41.93 - - [07/Dec/2018:04:34:15 -0500] "GET /favicon.ico HTTP/1.1" 404 38646 "-" "Mozilla/5.0 (Windows NT 10.0; Win64; x64; rv:63.0) Gecko/20100101 Firefox/63.0"
162.213.41.93 - - [07/Dec/2018:04:34:17 -0500] "GET /test.php HTTP/1.1" 200 24 "-" "Mozilla/5.0 (Windows NT 10.0; Win64; x64; rv:63.0) Gecko/20100101 Firefox/63.0"
107.21.253.49 - - [07/Dec/2018:04:34:18 -0500] "GET /favicon.ico HTTP/1.1" 404 38638 "-" "Mozilla/5.0 (compatible; Embedly/0.2; snap; +http://support.embed.ly/)"
162.213.41.93 - - [07/Dec/2018:04:34:18 -0500] "GET /robots.txt HTTP/1.1" 404 38645 "-" "Mozilla/5.0 (Windows NT 10.0; Win64; x64; rv:63.0) Gecko/20100101 Firefox/63.0"
162.213.41.93 - - [07/Dec/2018:04:34:18 -0500] "GET /test.php HTTP/1.1" 200 24 "-" "Mozilla/5.0 (Windows NT 10.0; Win64; x64; rv:63.0) Gecko/20100101 Firefox/63.0"
149.28.212.239 - - [07/Dec/2018:04:34:18 -0500] "GET / HTTP/1.1" 301 - "https://www.paladin.rip/" "HetrixTools Uptime Monitoring Bot. https://hetrix.tools/uptime-monitoring-bot.html"
162.213.41.93 - - [07/Dec/2018:04:34:18 -0500] "GET /robots.txt HTTP/1.1" 404 38645 "-" "Mozilla/5.0 (Windows NT 10.0; Win64; x64; rv:63.0) Gecko/20100101 Firefox/63.0"
149.28.212.239 - - [07/Dec/2018:04:34:18 -0500] "GET / HTTP/1.1" 200 13493 "https://paladin-extensions.com/" "HetrixTools Uptime Monitoring Bot. https://hetrix.tools/uptime-monitoring-bot.html"
162.213.41.93 - - [07/Dec/2018:04:34:19 -0500] "GET /test.php HTTP/1.1" 200 24 "-" "Mozilla/5.0 (Windows NT 10.0; Win64; x64; rv:63.0) Gecko/20100101 Firefox/63.0"
162.213.41.93 - - [07/Dec/2018:04:34:19 -0500] "GET /robots.txt HTTP/1.1" 404 38645 "-" "Mozilla/5.0 (Windows NT 10.0; Win64; x64; rv:63.0) Gecko/20100101 Firefox/63.0"
138.197.17.201 - - [07/Dec/2018:04:34:19 -0500] "GET / HTTP/1.1" 301 - "https://www.paladin.rip/" "HetrixTools Uptime Monitoring Bot. https://hetrix.tools/uptime-monitoring-bot.html"
162.213.41.93 - - [07/Dec/2018:04:34:19 -0500] "GET /robots.txt HTTP/1.1" 404 38645 "-" "Mozilla/5.0 (Windows NT 10.0; Win64; x64; rv:63.0) Gecko/20100101 Firefox/63.0"
138.197.17.201 - - [07/Dec/2018:04:34:19 -0500] "GET / HTTP/1.1" 200 13495 "https://paladin-extensions.com/" "HetrixTools Uptime Monitoring Bot. https://hetrix.tools/uptime-monitoring-bot.html"
162.213.41.93 - - [07/Dec/2018:04:34:20 -0500] "GET /test.php HTTP/1.1" 200 24 "-" "Mozilla/5.0 (Windows NT 10.0; Win64; x64; rv:63.0) Gecko/20100101 Firefox/63.0"
162.213.41.93 - - [07/Dec/2018:04:34:20 -0500] "GET /test.php HTTP/1.1" 200 24 "-" "Mozilla/5.0 (Windows NT 10.0; Win64; x64; rv:63.0) Gecko/20100101 Firefox/63.0"
162.213.41.93 - - [07/Dec/2018:04:34:20 -0500] "GET /test.php HTTP/1.1" 200 24 "-" "Mozilla/5.0 (Windows NT 10.0; Win64; x64; rv:63.0) Gecko/20100101 Firefox/63.0"
162.213.41.93 - - [07/Dec/2018:04:34:21 -0500] "GET /favicon.ico HTTP/1.1" 404 38646 "-" "Mozilla/5.0 (Windows NT 10.0; Win64; x64; rv:63.0) Gecko/20100101 Firefox/63.0"
162.213.41.93 - - [07/Dec/2018:04:34:21 -0500] "GET /test.php HTTP/1.1" 200 24 "-" "Mozilla/5.0 (Windows NT 10.0; Win64; x64; rv:63.0) Gecko/20100101 Firefox/63.0"
162.213.41.93 - - [07/Dec/2018:04:34:22 -0500] "GET /test.php HTTP/1.1" 200 24 "-" "Mozilla/5.0 (Windows NT 10.0; Win64; x64; rv:63.0) Gecko/20100101 Firefox/63.0"
162.213.41.93 - - [07/Dec/2018:04:34:22 -0500] "GET /favicon.ico HTTP/1.1" 404 38646 "-" "Mozilla/5.0 (Windows NT 10.0; Win64; x64; rv:63.0) Gecko/20100101 Firefox/63.0"
162.213.41.93 - - [07/Dec/2018:04:34:23 -0500] "GET /test.php HTTP/1.1" 200 24 "-" "Mozilla/5.0 (Windows NT 10.0; Win64; x64; rv:63.0) Gecko/20100101 Firefox/63.0"
162.213.41.93 - - [07/Dec/2018:04:34:23 -0500] "GET /robots.txt HTTP/1.1" 404 38645 "-" "Mozilla/5.0 (Windows NT 10.0; Win64; x64; rv:63.0) Gecko/20100101 Firefox/63.0"
162.213.41.93 - - [07/Dec/2018:04:34:24 -0500] "GET /robots.txt HTTP/1.1" 404 38645 "-" "Mozilla/5.0 (Windows NT 10.0; Win64; x64; rv:63.0) Gecko/20100101 Firefox/63.0"
162.213.41.93 - - [07/Dec/2018:04:34:24 -0500] "GET /test.php HTTP/1.1" 200 24 "-" "Mozilla/5.0 (Windows NT 10.0; Win64; x64; rv:63.0) Gecko/20100101 Firefox/63.0"
162.213.41.93 - - [07/Dec/2018:04:34:24 -0500] "GET /test.php HTTP/1.1" 200 24 "-" "Mozilla/5.0 (Windows NT 10.0; Win64; x64; rv:63.0) Gecko/20100101 Firefox/63.0"
162.213.41.93 - - [07/Dec/2018:04:34:25 -0500] "GET /favicon.ico HTTP/1.1" 404 38646 "-" "Mozilla/5.0 (Windows NT 10.0; Win64; x64; rv:63.0) Gecko/20100101 Firefox/63.0"
162.213.41.93 - - [07/Dec/2018:04:34:25 -0500] "GET /test.php HTTP/1.1" 200 24 "-" "Mozilla/5.0 (Windows NT 10.0; Win64; x64; rv:63.0) Gecko/20100101 Firefox/63.0"
162.213.41.93 - - [07/Dec/2018:04:34:25 -0500] "GET /test.php HTTP/1.1" 200 24 "-" "Mozilla/5.0 (Windows NT 10.0; Win64; x64; rv:63.0) Gecko/20100101 Firefox/63.0"
162.213.41.93 - - [07/Dec/2018:04:34:26 -0500] "GET /favicon.ico HTTP/1.1" 404 38646 "-" "Mozilla/5.0 (Windows NT 10.0; Win64; x64; rv:63.0) Gecko/20100101 Firefox/63.0"
162.213.41.93 - - [07/Dec/2018:04:34:26 -0500] "GET /test.php HTTP/1.1" 200 24 "-" "Mozilla/5.0 (Windows NT 10.0; Win64; x64; rv:63.0) Gecko/20100101 Firefox/63.0"
162.213.41.93 - - [07/Dec/2018:04:34:26 -0500] "GET /test.php HTTP/1.1" 200 24 "-" "Mozilla/5.0 (Windows NT 10.0; Win64; x64; rv:63.0) Gecko/20100101 Firefox/63.0"
162.213.41.93 - - [07/Dec/2018:04:34:27 -0500] "GET /test.php HTTP/1.1" 200 24 "-" "Mozilla/5.0 (Windows NT 10.0; Win64; x64; rv:63.0) Gecko/20100101 Firefox/63.0"
162.213.41.93 - - [07/Dec/2018:04:34:27 -0500] "GET /favicon.ico HTTP/1.1" 404 38646 "-" "Mozilla/5.0 (Windows NT 10.0; Win64; x64; rv:63.0) Gecko/20100101 Firefox/63.0"
162.213.41.93 - - [07/Dec/2018:04:34:27 -0500] "GET /test.php HTTP/1.1" 200 24 "-" "Mozilla/5.0 (Windows NT 10.0; Win64; x64; rv:63.0) Gecko/20100101 Firefox/63.0"
162.213.41.93 - - [07/Dec/2018:04:34:27 -0500] "GET /test.php HTTP/1.1" 200 24 "-" "Mozilla/5.0 (Windows NT 10.0; Win64; x64; rv:63.0) Gecko/20100101 Firefox/63.0"
162.213.41.93 - - [07/Dec/2018:04:34:27 -0500] "GET /test.php HTTP/1.1" 200 24 "-" "Mozilla/5.0 (Windows NT 10.0; Win64; x64; rv:63.0) Gecko/20100101 Firefox/63.0"
162.213.41.93 - - [07/Dec/2018:04:34:28 -0500] "GET /test.php HTTP/1.1" 200 24 "-" "Mozilla/5.0 (Windows NT 10.0; Win64; x64; rv:63.0) Gecko/20100101 Firefox/63.0"
162.213.41.93 - - [07/Dec/2018:04:34:28 -0500] "GET /favicon.ico HTTP/1.1" 404 21386 "-" "Mozilla/5.0 (Windows NT 10.0; Win64; x64; rv:63.0) Gecko/20100101 Firefox/63.0"
138.197.17.201 - - [07/Dec/2018:04:35:03 -0500] "GET / HTTP/1.1" 301 - "https://www.paladin.rip/" "HetrixTools Uptime Monitoring Bot. https://hetrix.tools/uptime-monitoring-bot.html"
138.197.17.201 - - [07/Dec/2018:04:35:04 -0500] "GET / HTTP/1.1" 200 13508 "https://paladin-extensions.com/" "HetrixTools Uptime Monitoring Bot. https://hetrix.tools/uptime-monitoring-bot.html"
162.213.41.93 - - [07/Dec/2018:04:33:55 -0500] "GET /styles/uix/fonts/icons/material-icons/materialdesignicons-webfont.woff2?v=1.8.36 HTTP/1.1" 404 38935 "https://www.paladin-extensions.com/css.php?css=public%3Anormalize.css%2Cpublic%3Acore.less%2Cpublic%3Aapp.less&s=8&l=1&d=1544175138&k=56a8f8f98ae4201a1d95aad9f134c20bd812cfeb" "Mozilla/5.0 (Windows NT 6.1; Win64; x64) AppleWebKit/537.36 (KHTML, like Gecko) Chrome/70.0.3538.110 Safari/537.36"
162.213.41.93 - - [07/Dec/2018:04:35:04 -0500] "GET /styles/uix/fonts/icons/material-icons/materialdesignicons-webfont.woff?v=1.8.36 HTTP/1.1" 404 38934 "https://www.paladin-extensions.com/css.php?css=public%3Anormalize.css%2Cpublic%3Acore.less%2Cpublic%3Aapp.less&s=8&l=1&d=1544175138&k=56a8f8f98ae4201a1d95aad9f134c20bd812cfeb" "Mozilla/5.0 (Windows NT 6.1; Win64; x64) AppleWebKit/537.36 (KHTML, like Gecko) Chrome/70.0.3538.110 Safari/537.36"
162.213.41.93 - - [07/Dec/2018:04:35:05 -0500] "GET /styles/uix/fonts/icons/material-icons/materialdesignicons-webfont.ttf?v=1.8.36 HTTP/1.1" 404 38933 "https://www.paladin-extensions.com/css.php?css=public%3Anormalize.css%2Cpublic%3Acore.less%2Cpublic%3Aapp.less&s=8&l=1&d=1544175138&k=56a8f8f98ae4201a1d95aad9f134c20bd812cfeb" "Mozilla/5.0 (Windows NT 6.1; Win64; x64) AppleWebKit/537.36 (KHTML, like Gecko) Chrome/70.0.3538.110 Safari/537.36"
162.213.41.93 - - [07/Dec/2018:04:35:05 -0500] "GET /styles/uix_dark/images/favicon.png HTTP/1.1" 200 46879 "https://www.paladin-extensions.com/" "Mozilla/5.0 (Windows NT 6.1; Win64; x64) AppleWebKit/537.36 (KHTML, like Gecko) Chrome/70.0.3538.110 Safari/537.36"
162.213.41.93 - - [07/Dec/2018:04:33:55 -0500] "GET /js/themehouse/global/20180112.min.js?_v=69cb4042 HTTP/1.1" 200 3938 "https://www.paladin-extensions.com/" "Mozilla/5.0 (Windows NT 6.1; Win64; x64; rv:63.0) Gecko/20100101 Firefox/63.0"
