174.3.135.102 - - [03/Feb/2019:12:32:39 -0500] "GET /index.php?shoutbox/refresh&last_id=139&_xfRequestUri=%2F&_xfWithData=1&_xfToken=1549215082%2C01e0978cad613ddcc09f566de7812fc5&_xfResponseType=json HTTP/1.1" 200 119 "https://www.paladin-extensions.com/" "Mozilla/5.0 (Windows NT 10.0; Win64; x64) AppleWebKit/537.36 (KHTML, like Gecko) Chrome/71.0.3578.98 Safari/537.36"
172.221.47.109 - - [03/Feb/2019:12:32:39 -0500] "GET /index.php?shoutbox/refresh&last_id=139&_xfRequestUri=%2F&_xfWithData=1&_xfToken=1549215136%2C63c921fbb25c3a4bd37103e760af250c&_xfResponseType=json HTTP/1.1" 200 119 "https://www.paladin-extensions.com/" "Mozilla/5.0 (Windows NT 10.0; Win64; x64) AppleWebKit/537.36 (KHTML, like Gecko) Chrome/71.0.3578.98 Safari/537.36"
174.3.135.102 - - [03/Feb/2019:12:32:40 -0500] "GET /index.php?shoutbox/refresh&last_id=139&_xfRequestUri=%2F&_xfWithData=1&_xfToken=1549215082%2C01e0978cad613ddcc09f566de7812fc5&_xfResponseType=json HTTP/1.1" 200 119 "https://www.paladin-extensions.com/" "Mozilla/5.0 (Windows NT 10.0; Win64; x64) AppleWebKit/537.36 (KHTML, like Gecko) Chrome/71.0.3578.98 Safari/537.36"
172.221.47.109 - - [03/Feb/2019:12:32:40 -0500] "GET /index.php?shoutbox/refresh&last_id=139&_xfRequestUri=%2F&_xfWithData=1&_xfToken=1549215136%2C63c921fbb25c3a4bd37103e760af250c&_xfResponseType=json HTTP/1.1" 200 119 "https://www.paladin-extensions.com/" "Mozilla/5.0 (Windows NT 10.0; Win64; x64) AppleWebKit/537.36 (KHTML, like Gecko) Chrome/71.0.3578.98 Safari/537.36"
174.3.135.102 - - [03/Feb/2019:12:32:41 -0500] "GET /index.php?shoutbox/refresh&last_id=139&_xfRequestUri=%2F&_xfWithData=1&_xfToken=1549215082%2C01e0978cad613ddcc09f566de7812fc5&_xfResponseType=json HTTP/1.1" 200 119 "https://www.paladin-extensions.com/" "Mozilla/5.0 (Windows NT 10.0; Win64; x64) AppleWebKit/537.36 (KHTML, like Gecko) Chrome/71.0.3578.98 Safari/537.36"
172.221.47.109 - - [03/Feb/2019:12:32:41 -0500] "GET /index.php?shoutbox/refresh&last_id=139&_xfRequestUri=%2F&_xfWithData=1&_xfToken=1549215136%2C63c921fbb25c3a4bd37103e760af250c&_xfResponseType=json HTTP/1.1" 200 119 "https://www.paladin-extensions.com/" "Mozilla/5.0 (Windows NT 10.0; Win64; x64) AppleWebKit/537.36 (KHTML, like Gecko) Chrome/71.0.3578.98 Safari/537.36"
174.3.135.102 - - [03/Feb/2019:12:32:42 -0500] "GET /index.php?shoutbox/refresh&last_id=139&_xfRequestUri=%2F&_xfWithData=1&_xfToken=1549215082%2C01e0978cad613ddcc09f566de7812fc5&_xfResponseType=json HTTP/1.1" 200 119 "https://www.paladin-extensions.com/" "Mozilla/5.0 (Windows NT 10.0; Win64; x64) AppleWebKit/537.36 (KHTML, like Gecko) Chrome/71.0.3578.98 Safari/537.36"
172.221.47.109 - - [03/Feb/2019:12:32:42 -0500] "GET /index.php?shoutbox/refresh&last_id=139&_xfRequestUri=%2F&_xfWithData=1&_xfToken=1549215136%2C63c921fbb25c3a4bd37103e760af250c&_xfResponseType=json HTTP/1.1" 200 119 "https://www.paladin-extensions.com/" "Mozilla/5.0 (Windows NT 10.0; Win64; x64) AppleWebKit/537.36 (KHTML, like Gecko) Chrome/71.0.3578.98 Safari/537.36"
174.3.135.102 - - [03/Feb/2019:12:32:43 -0500] "GET /index.php?shoutbox/refresh&last_id=139&_xfRequestUri=%2F&_xfWithData=1&_xfToken=1549215082%2C01e0978cad613ddcc09f566de7812fc5&_xfResponseType=json HTTP/1.1" 200 119 "https://www.paladin-extensions.com/" "Mozilla/5.0 (Windows NT 10.0; Win64; x64) AppleWebKit/537.36 (KHTML, like Gecko) Chrome/71.0.3578.98 Safari/537.36"
172.221.47.109 - - [03/Feb/2019:12:32:43 -0500] "GET /index.php?shoutbox/refresh&last_id=139&_xfRequestUri=%2F&_xfWithData=1&_xfToken=1549215136%2C63c921fbb25c3a4bd37103e760af250c&_xfResponseType=json HTTP/1.1" 200 119 "https://www.paladin-extensions.com/" "Mozilla/5.0 (Windows NT 10.0; Win64; x64) AppleWebKit/537.36 (KHTML, like Gecko) Chrome/71.0.3578.98 Safari/537.36"
174.3.135.102 - - [03/Feb/2019:12:32:44 -0500] "GET /index.php?shoutbox/refresh&last_id=139&_xfRequestUri=%2F&_xfWithData=1&_xfToken=1549215082%2C01e0978cad613ddcc09f566de7812fc5&_xfResponseType=json HTTP/1.1" 200 119 "https://www.paladin-extensions.com/" "Mozilla/5.0 (Windows NT 10.0; Win64; x64) AppleWebKit/537.36 (KHTML, like Gecko) Chrome/71.0.3578.98 Safari/537.36"
172.221.47.109 - - [03/Feb/2019:12:32:44 -0500] "GET /index.php?shoutbox/refresh&last_id=139&_xfRequestUri=%2F&_xfWithData=1&_xfToken=1549215136%2C63c921fbb25c3a4bd37103e760af250c&_xfResponseType=json HTTP/1.1" 200 119 "https://www.paladin-extensions.com/" "Mozilla/5.0 (Windows NT 10.0; Win64; x64) AppleWebKit/537.36 (KHTML, like Gecko) Chrome/71.0.3578.98 Safari/537.36"
174.3.135.102 - - [03/Feb/2019:12:32:45 -0500] "GET /index.php?shoutbox/refresh&last_id=139&_xfRequestUri=%2F&_xfWithData=1&_xfToken=1549215082%2C01e0978cad613ddcc09f566de7812fc5&_xfResponseType=json HTTP/1.1" 200 119 "https://www.paladin-extensions.com/" "Mozilla/5.0 (Windows NT 10.0; Win64; x64) AppleWebKit/537.36 (KHTML, like Gecko) Chrome/71.0.3578.98 Safari/537.36"
172.221.47.109 - - [03/Feb/2019:12:32:45 -0500] "GET /index.php?shoutbox/refresh&last_id=139&_xfRequestUri=%2F&_xfWithData=1&_xfToken=1549215136%2C63c921fbb25c3a4bd37103e760af250c&_xfResponseType=json HTTP/1.1" 200 119 "https://www.paladin-extensions.com/" "Mozilla/5.0 (Windows NT 10.0; Win64; x64) AppleWebKit/537.36 (KHTML, like Gecko) Chrome/71.0.3578.98 Safari/537.36"
174.3.135.102 - - [03/Feb/2019:12:32:46 -0500] "GET /index.php?shoutbox/refresh&last_id=139&_xfRequestUri=%2F&_xfWithData=1&_xfToken=1549215082%2C01e0978cad613ddcc09f566de7812fc5&_xfResponseType=json HTTP/1.1" 200 119 "https://www.paladin-extensions.com/" "Mozilla/5.0 (Windows NT 10.0; Win64; x64) AppleWebKit/537.36 (KHTML, like Gecko) Chrome/71.0.3578.98 Safari/537.36"
172.221.47.109 - - [03/Feb/2019:12:32:46 -0500] "GET /index.php?shoutbox/refresh&last_id=139&_xfRequestUri=%2F&_xfWithData=1&_xfToken=1549215136%2C63c921fbb25c3a4bd37103e760af250c&_xfResponseType=json HTTP/1.1" 200 119 "https://www.paladin-extensions.com/" "Mozilla/5.0 (Windows NT 10.0; Win64; x64) AppleWebKit/537.36 (KHTML, like Gecko) Chrome/71.0.3578.98 Safari/537.36"
174.3.135.102 - - [03/Feb/2019:12:32:47 -0500] "GET /index.php?shoutbox/refresh&last_id=139&_xfRequestUri=%2F&_xfWithData=1&_xfToken=1549215082%2C01e0978cad613ddcc09f566de7812fc5&_xfResponseType=json HTTP/1.1" 200 119 "https://www.paladin-extensions.com/" "Mozilla/5.0 (Windows NT 10.0; Win64; x64) AppleWebKit/537.36 (KHTML, like Gecko) Chrome/71.0.3578.98 Safari/537.36"
172.221.47.109 - - [03/Feb/2019:12:32:47 -0500] "GET /index.php?shoutbox/refresh&last_id=139&_xfRequestUri=%2F&_xfWithData=1&_xfToken=1549215136%2C63c921fbb25c3a4bd37103e760af250c&_xfResponseType=json HTTP/1.1" 200 119 "https://www.paladin-extensions.com/" "Mozilla/5.0 (Windows NT 10.0; Win64; x64) AppleWebKit/537.36 (KHTML, like Gecko) Chrome/71.0.3578.98 Safari/537.36"
174.3.135.102 - - [03/Feb/2019:12:32:48 -0500] "GET /index.php?shoutbox/refresh&last_id=139&_xfRequestUri=%2F&_xfWithData=1&_xfToken=1549215082%2C01e0978cad613ddcc09f566de7812fc5&_xfResponseType=json HTTP/1.1" 200 119 "https://www.paladin-extensions.com/" "Mozilla/5.0 (Windows NT 10.0; Win64; x64) AppleWebKit/537.36 (KHTML, like Gecko) Chrome/71.0.3578.98 Safari/537.36"
172.221.47.109 - - [03/Feb/2019:12:32:48 -0500] "GET /index.php?shoutbox/refresh&last_id=139&_xfRequestUri=%2F&_xfWithData=1&_xfToken=1549215136%2C63c921fbb25c3a4bd37103e760af250c&_xfResponseType=json HTTP/1.1" 200 119 "https://www.paladin-extensions.com/" "Mozilla/5.0 (Windows NT 10.0; Win64; x64) AppleWebKit/537.36 (KHTML, like Gecko) Chrome/71.0.3578.98 Safari/537.36"
174.3.135.102 - - [03/Feb/2019:12:32:49 -0500] "GET /index.php?shoutbox/refresh&last_id=139&_xfRequestUri=%2F&_xfWithData=1&_xfToken=1549215082%2C01e0978cad613ddcc09f566de7812fc5&_xfResponseType=json HTTP/1.1" 200 119 "https://www.paladin-extensions.com/" "Mozilla/5.0 (Windows NT 10.0; Win64; x64) AppleWebKit/537.36 (KHTML, like Gecko) Chrome/71.0.3578.98 Safari/537.36"
172.221.47.109 - - [03/Feb/2019:12:32:49 -0500] "GET /index.php?shoutbox/refresh&last_id=139&_xfRequestUri=%2F&_xfWithData=1&_xfToken=1549215136%2C63c921fbb25c3a4bd37103e760af250c&_xfResponseType=json HTTP/1.1" 200 119 "https://www.paladin-extensions.com/" "Mozilla/5.0 (Windows NT 10.0; Win64; x64) AppleWebKit/537.36 (KHTML, like Gecko) Chrome/71.0.3578.98 Safari/537.36"
172.221.47.109 - - [03/Feb/2019:12:32:49 -0500] "POST /auth/auth.php/ HTTP/1.1" 200 64 "-" "-"
174.3.135.102 - - [03/Feb/2019:12:32:50 -0500] "GET /index.php?shoutbox/refresh&last_id=139&_xfRequestUri=%2F&_xfWithData=1&_xfToken=1549215082%2C01e0978cad613ddcc09f566de7812fc5&_xfResponseType=json HTTP/1.1" 200 119 "https://www.paladin-extensions.com/" "Mozilla/5.0 (Windows NT 10.0; Win64; x64) AppleWebKit/537.36 (KHTML, like Gecko) Chrome/71.0.3578.98 Safari/537.36"
172.221.47.109 - - [03/Feb/2019:12:32:50 -0500] "GET /index.php?shoutbox/refresh&last_id=139&_xfRequestUri=%2F&_xfWithData=1&_xfToken=1549215136%2C63c921fbb25c3a4bd37103e760af250c&_xfResponseType=json HTTP/1.1" 200 119 "https://www.paladin-extensions.com/" "Mozilla/5.0 (Windows NT 10.0; Win64; x64) AppleWebKit/537.36 (KHTML, like Gecko) Chrome/71.0.3578.98 Safari/537.36"
174.3.135.102 - - [03/Feb/2019:12:32:51 -0500] "GET /index.php?shoutbox/refresh&last_id=139&_xfRequestUri=%2F&_xfWithData=1&_xfToken=1549215082%2C01e0978cad613ddcc09f566de7812fc5&_xfResponseType=json HTTP/1.1" 200 119 "https://www.paladin-extensions.com/" "Mozilla/5.0 (Windows NT 10.0; Win64; x64) AppleWebKit/537.36 (KHTML, like Gecko) Chrome/71.0.3578.98 Safari/537.36"
172.221.47.109 - - [03/Feb/2019:12:32:51 -0500] "GET /index.php?shoutbox/refresh&last_id=139&_xfRequestUri=%2F&_xfWithData=1&_xfToken=1549215136%2C63c921fbb25c3a4bd37103e760af250c&_xfResponseType=json HTTP/1.1" 200 119 "https://www.paladin-extensions.com/" "Mozilla/5.0 (Windows NT 10.0; Win64; x64) AppleWebKit/537.36 (KHTML, like Gecko) Chrome/71.0.3578.98 Safari/537.36"
174.3.135.102 - - [03/Feb/2019:12:32:52 -0500] "GET /index.php?shoutbox/refresh&last_id=139&_xfRequestUri=%2F&_xfWithData=1&_xfToken=1549215082%2C01e0978cad613ddcc09f566de7812fc5&_xfResponseType=json HTTP/1.1" 200 119 "https://www.paladin-extensions.com/" "Mozilla/5.0 (Windows NT 10.0; Win64; x64) AppleWebKit/537.36 (KHTML, like Gecko) Chrome/71.0.3578.98 Safari/537.36"
172.221.47.109 - - [03/Feb/2019:12:32:52 -0500] "GET /index.php?shoutbox/refresh&last_id=139&_xfRequestUri=%2F&_xfWithData=1&_xfToken=1549215136%2C63c921fbb25c3a4bd37103e760af250c&_xfResponseType=json HTTP/1.1" 200 119 "https://www.paladin-extensions.com/" "Mozilla/5.0 (Windows NT 10.0; Win64; x64) AppleWebKit/537.36 (KHTML, like Gecko) Chrome/71.0.3578.98 Safari/537.36"
174.3.135.102 - - [03/Feb/2019:12:32:53 -0500] "GET /index.php?shoutbox/refresh&last_id=139&_xfRequestUri=%2F&_xfWithData=1&_xfToken=1549215082%2C01e0978cad613ddcc09f566de7812fc5&_xfResponseType=json HTTP/1.1" 200 119 "https://www.paladin-extensions.com/" "Mozilla/5.0 (Windows NT 10.0; Win64; x64) AppleWebKit/537.36 (KHTML, like Gecko) Chrome/71.0.3578.98 Safari/537.36"
172.221.47.109 - - [03/Feb/2019:12:32:53 -0500] "GET /index.php?shoutbox/refresh&last_id=139&_xfRequestUri=%2F&_xfWithData=1&_xfToken=1549215136%2C63c921fbb25c3a4bd37103e760af250c&_xfResponseType=json HTTP/1.1" 200 119 "https://www.paladin-extensions.com/" "Mozilla/5.0 (Windows NT 10.0; Win64; x64) AppleWebKit/537.36 (KHTML, like Gecko) Chrome/71.0.3578.98 Safari/537.36"
174.3.135.102 - - [03/Feb/2019:12:32:54 -0500] "GET /index.php?shoutbox/refresh&last_id=139&_xfRequestUri=%2F&_xfWithData=1&_xfToken=1549215082%2C01e0978cad613ddcc09f566de7812fc5&_xfResponseType=json HTTP/1.1" 200 119 "https://www.paladin-extensions.com/" "Mozilla/5.0 (Windows NT 10.0; Win64; x64) AppleWebKit/537.36 (KHTML, like Gecko) Chrome/71.0.3578.98 Safari/537.36"
172.221.47.109 - - [03/Feb/2019:12:32:54 -0500] "GET /index.php?shoutbox/refresh&last_id=139&_xfRequestUri=%2F&_xfWithData=1&_xfToken=1549215136%2C63c921fbb25c3a4bd37103e760af250c&_xfResponseType=json HTTP/1.1" 200 119 "https://www.paladin-extensions.com/" "Mozilla/5.0 (Windows NT 10.0; Win64; x64) AppleWebKit/537.36 (KHTML, like Gecko) Chrome/71.0.3578.98 Safari/537.36"
174.3.135.102 - - [03/Feb/2019:12:32:55 -0500] "GET /index.php?shoutbox/refresh&last_id=139&_xfRequestUri=%2F&_xfWithData=1&_xfToken=1549215082%2C01e0978cad613ddcc09f566de7812fc5&_xfResponseType=json HTTP/1.1" 200 119 "https://www.paladin-extensions.com/" "Mozilla/5.0 (Windows NT 10.0; Win64; x64) AppleWebKit/537.36 (KHTML, like Gecko) Chrome/71.0.3578.98 Safari/537.36"
172.221.47.109 - - [03/Feb/2019:12:32:55 -0500] "GET /index.php?shoutbox/refresh&last_id=139&_xfRequestUri=%2F&_xfWithData=1&_xfToken=1549215136%2C63c921fbb25c3a4bd37103e760af250c&_xfResponseType=json HTTP/1.1" 200 119 "https://www.paladin-extensions.com/" "Mozilla/5.0 (Windows NT 10.0; Win64; x64) AppleWebKit/537.36 (KHTML, like Gecko) Chrome/71.0.3578.98 Safari/537.36"
174.3.135.102 - - [03/Feb/2019:12:32:56 -0500] "GET /index.php?shoutbox/refresh&last_id=139&_xfRequestUri=%2F&_xfWithData=1&_xfToken=1549215082%2C01e0978cad613ddcc09f566de7812fc5&_xfResponseType=json HTTP/1.1" 200 119 "https://www.paladin-extensions.com/" "Mozilla/5.0 (Windows NT 10.0; Win64; x64) AppleWebKit/537.36 (KHTML, like Gecko) Chrome/71.0.3578.98 Safari/537.36"
172.221.47.109 - - [03/Feb/2019:12:32:56 -0500] "GET /index.php?shoutbox/refresh&last_id=139&_xfRequestUri=%2F&_xfWithData=1&_xfToken=1549215136%2C63c921fbb25c3a4bd37103e760af250c&_xfResponseType=json HTTP/1.1" 200 119 "https://www.paladin-extensions.com/" "Mozilla/5.0 (Windows NT 10.0; Win64; x64) AppleWebKit/537.36 (KHTML, like Gecko) Chrome/71.0.3578.98 Safari/537.36"
174.3.135.102 - - [03/Feb/2019:12:32:57 -0500] "GET /index.php?shoutbox/refresh&last_id=139&_xfRequestUri=%2F&_xfWithData=1&_xfToken=1549215082%2C01e0978cad613ddcc09f566de7812fc5&_xfResponseType=json HTTP/1.1" 200 119 "https://www.paladin-extensions.com/" "Mozilla/5.0 (Windows NT 10.0; Win64; x64) AppleWebKit/537.36 (KHTML, like Gecko) Chrome/71.0.3578.98 Safari/537.36"
172.221.47.109 - - [03/Feb/2019:12:32:57 -0500] "GET / HTTP/1.1" 200 47867 "https://www.paladin-extensions.com/" "Mozilla/5.0 (Windows NT 10.0; Win64; x64) AppleWebKit/537.36 (KHTML, like Gecko) Chrome/71.0.3578.98 Safari/537.36"
172.221.47.109 - - [03/Feb/2019:12:32:57 -0500] "GET /index.php?shoutbox/refresh&last_id=139&_xfRequestUri=%2F&_xfWithData=1&_xfToken=1549215136%2C63c921fbb25c3a4bd37103e760af250c&_xfResponseType=json HTTP/1.1" 200 119 "https://www.paladin-extensions.com/" "Mozilla/5.0 (Windows NT 10.0; Win64; x64) AppleWebKit/537.36 (KHTML, like Gecko) Chrome/71.0.3578.98 Safari/537.36"
172.221.47.109 - - [03/Feb/2019:12:32:57 -0500] "GET /proxy.php?image=https%3A%2F%2Fi.imgur.com%2Fr0tCHeM.png&hash=58dd2bbfaf81cbfcd2d3e7fbdd81cb6c HTTP/1.1" 304 - "https://www.paladin-extensions.com/" "Mozilla/5.0 (Windows NT 10.0; Win64; x64) AppleWebKit/537.36 (KHTML, like Gecko) Chrome/71.0.3578.98 Safari/537.36"
172.221.47.109 - - [03/Feb/2019:12:32:58 -0500] "POST /job.php HTTP/1.1" 200 14 "https://www.paladin-extensions.com/" "Mozilla/5.0 (Windows NT 10.0; Win64; x64) AppleWebKit/537.36 (KHTML, like Gecko) Chrome/71.0.3578.98 Safari/537.36"
174.3.135.102 - - [03/Feb/2019:12:32:58 -0500] "GET /index.php?shoutbox/refresh&last_id=139&_xfRequestUri=%2F&_xfWithData=1&_xfToken=1549215082%2C01e0978cad613ddcc09f566de7812fc5&_xfResponseType=json HTTP/1.1" 200 119 "https://www.paladin-extensions.com/" "Mozilla/5.0 (Windows NT 10.0; Win64; x64) AppleWebKit/537.36 (KHTML, like Gecko) Chrome/71.0.3578.98 Safari/537.36"
172.221.47.109 - - [03/Feb/2019:12:32:59 -0500] "GET /index.php?shoutbox/refresh&last_id=139&_xfRequestUri=%2F&_xfWithData=1&_xfToken=1549215177%2C49f715255fa30335b73e6390070568cb&_xfResponseType=json HTTP/1.1" 200 119 "https://www.paladin-extensions.com/" "Mozilla/5.0 (Windows NT 10.0; Win64; x64) AppleWebKit/537.36 (KHTML, like Gecko) Chrome/71.0.3578.98 Safari/537.36"
174.3.135.102 - - [03/Feb/2019:12:32:59 -0500] "GET /index.php?shoutbox/refresh&last_id=139&_xfRequestUri=%2F&_xfWithData=1&_xfToken=1549215082%2C01e0978cad613ddcc09f566de7812fc5&_xfResponseType=json HTTP/1.1" 200 119 "https://www.paladin-extensions.com/" "Mozilla/5.0 (Windows NT 10.0; Win64; x64) AppleWebKit/537.36 (KHTML, like Gecko) Chrome/71.0.3578.98 Safari/537.36"
172.221.47.109 - - [03/Feb/2019:12:33:00 -0500] "GET /index.php?shoutbox/refresh&last_id=139&_xfRequestUri=%2F&_xfWithData=1&_xfToken=1549215177%2C49f715255fa30335b73e6390070568cb&_xfResponseType=json HTTP/1.1" 200 119 "https://www.paladin-extensions.com/" "Mozilla/5.0 (Windows NT 10.0; Win64; x64) AppleWebKit/537.36 (KHTML, like Gecko) Chrome/71.0.3578.98 Safari/537.36"
174.3.135.102 - - [03/Feb/2019:12:33:00 -0500] "GET /index.php?shoutbox/refresh&last_id=139&_xfRequestUri=%2F&_xfWithData=1&_xfToken=1549215082%2C01e0978cad613ddcc09f566de7812fc5&_xfResponseType=json HTTP/1.1" 200 119 "https://www.paladin-extensions.com/" "Mozilla/5.0 (Windows NT 10.0; Win64; x64) AppleWebKit/537.36 (KHTML, like Gecko) Chrome/71.0.3578.98 Safari/537.36"
172.221.47.109 - - [03/Feb/2019:12:33:01 -0500] "GET /index.php?shoutbox/refresh&last_id=139&_xfRequestUri=%2F&_xfWithData=1&_xfToken=1549215177%2C49f715255fa30335b73e6390070568cb&_xfResponseType=json HTTP/1.1" 200 119 "https://www.paladin-extensions.com/" "Mozilla/5.0 (Windows NT 10.0; Win64; x64) AppleWebKit/537.36 (KHTML, like Gecko) Chrome/71.0.3578.98 Safari/537.36"
174.3.135.102 - - [03/Feb/2019:12:33:01 -0500] "GET /index.php?shoutbox/refresh&last_id=139&_xfRequestUri=%2F&_xfWithData=1&_xfToken=1549215082%2C01e0978cad613ddcc09f566de7812fc5&_xfResponseType=json HTTP/1.1" 200 119 "https://www.paladin-extensions.com/" "Mozilla/5.0 (Windows NT 10.0; Win64; x64) AppleWebKit/537.36 (KHTML, like Gecko) Chrome/71.0.3578.98 Safari/537.36"
172.221.47.109 - - [03/Feb/2019:12:33:01 -0500] "GET /members/robitussin.32/?tooltip=true&_xfRequestUri=%2F&_xfWithData=1&_xfToken=1549215177%2C49f715255fa30335b73e6390070568cb&_xfResponseType=json HTTP/1.1" 200 4491 "https://www.paladin-extensions.com/" "Mozilla/5.0 (Windows NT 10.0; Win64; x64) AppleWebKit/537.36 (KHTML, like Gecko) Chrome/71.0.3578.98 Safari/537.36"
172.221.47.109 - - [03/Feb/2019:12:33:02 -0500] "GET /css.php?css=public:member_tooltip.less&s=8&l=1&d=1549092504 HTTP/1.1" 200 503 "https://www.paladin-extensions.com/" "Mozilla/5.0 (Windows NT 10.0; Win64; x64) AppleWebKit/537.36 (KHTML, like Gecko) Chrome/71.0.3578.98 Safari/537.36"
172.221.47.109 - - [03/Feb/2019:12:33:02 -0500] "GET /index.php?shoutbox/refresh&last_id=139&_xfRequestUri=%2F&_xfWithData=1&_xfToken=1549215177%2C49f715255fa30335b73e6390070568cb&_xfResponseType=json HTTP/1.1" 200 119 "https://www.paladin-extensions.com/" "Mozilla/5.0 (Windows NT 10.0; Win64; x64) AppleWebKit/537.36 (KHTML, like Gecko) Chrome/71.0.3578.98 Safari/537.36"
174.3.135.102 - - [03/Feb/2019:12:33:02 -0500] "GET /index.php?shoutbox/refresh&last_id=139&_xfRequestUri=%2F&_xfWithData=1&_xfToken=1549215082%2C01e0978cad613ddcc09f566de7812fc5&_xfResponseType=json HTTP/1.1" 200 119 "https://www.paladin-extensions.com/" "Mozilla/5.0 (Windows NT 10.0; Win64; x64) AppleWebKit/537.36 (KHTML, like Gecko) Chrome/71.0.3578.98 Safari/537.36"
172.221.47.109 - - [03/Feb/2019:12:33:03 -0500] "GET /index.php?shoutbox/refresh&last_id=139&_xfRequestUri=%2F&_xfWithData=1&_xfToken=1549215177%2C49f715255fa30335b73e6390070568cb&_xfResponseType=json HTTP/1.1" 200 119 "https://www.paladin-extensions.com/" "Mozilla/5.0 (Windows NT 10.0; Win64; x64) AppleWebKit/537.36 (KHTML, like Gecko) Chrome/71.0.3578.98 Safari/537.36"
174.3.135.102 - - [03/Feb/2019:12:33:03 -0500] "GET /index.php?shoutbox/refresh&last_id=139&_xfRequestUri=%2F&_xfWithData=1&_xfToken=1549215082%2C01e0978cad613ddcc09f566de7812fc5&_xfResponseType=json HTTP/1.1" 200 119 "https://www.paladin-extensions.com/" "Mozilla/5.0 (Windows NT 10.0; Win64; x64) AppleWebKit/537.36 (KHTML, like Gecko) Chrome/71.0.3578.98 Safari/537.36"
172.221.47.109 - - [03/Feb/2019:12:33:04 -0500] "GET /index.php?shoutbox/refresh&last_id=139&_xfRequestUri=%2F&_xfWithData=1&_xfToken=1549215177%2C49f715255fa30335b73e6390070568cb&_xfResponseType=json HTTP/1.1" 200 119 "https://www.paladin-extensions.com/" "Mozilla/5.0 (Windows NT 10.0; Win64; x64) AppleWebKit/537.36 (KHTML, like Gecko) Chrome/71.0.3578.98 Safari/537.36"
174.3.135.102 - - [03/Feb/2019:12:33:04 -0500] "GET /index.php?shoutbox/refresh&last_id=139&_xfRequestUri=%2F&_xfWithData=1&_xfToken=1549215082%2C01e0978cad613ddcc09f566de7812fc5&_xfResponseType=json HTTP/1.1" 200 119 "https://www.paladin-extensions.com/" "Mozilla/5.0 (Windows NT 10.0; Win64; x64) AppleWebKit/537.36 (KHTML, like Gecko) Chrome/71.0.3578.98 Safari/537.36"
172.221.47.109 - - [03/Feb/2019:12:33:05 -0500] "GET /index.php?shoutbox/refresh&last_id=139&_xfRequestUri=%2F&_xfWithData=1&_xfToken=1549215177%2C49f715255fa30335b73e6390070568cb&_xfResponseType=json HTTP/1.1" 200 119 "https://www.paladin-extensions.com/" "Mozilla/5.0 (Windows NT 10.0; Win64; x64) AppleWebKit/537.36 (KHTML, like Gecko) Chrome/71.0.3578.98 Safari/537.36"
174.3.135.102 - - [03/Feb/2019:12:33:05 -0500] "GET /index.php?shoutbox/refresh&last_id=139&_xfRequestUri=%2F&_xfWithData=1&_xfToken=1549215082%2C01e0978cad613ddcc09f566de7812fc5&_xfResponseType=json HTTP/1.1" 200 119 "https://www.paladin-extensions.com/" "Mozilla/5.0 (Windows NT 10.0; Win64; x64) AppleWebKit/537.36 (KHTML, like Gecko) Chrome/71.0.3578.98 Safari/537.36"
172.221.47.109 - - [03/Feb/2019:12:33:06 -0500] "GET /index.php?shoutbox/refresh&last_id=139&_xfRequestUri=%2F&_xfWithData=1&_xfToken=1549215177%2C49f715255fa30335b73e6390070568cb&_xfResponseType=json HTTP/1.1" 200 119 "https://www.paladin-extensions.com/" "Mozilla/5.0 (Windows NT 10.0; Win64; x64) AppleWebKit/537.36 (KHTML, like Gecko) Chrome/71.0.3578.98 Safari/537.36"
174.3.135.102 - - [03/Feb/2019:12:33:06 -0500] "GET /index.php?shoutbox/refresh&last_id=139&_xfRequestUri=%2F&_xfWithData=1&_xfToken=1549215082%2C01e0978cad613ddcc09f566de7812fc5&_xfResponseType=json HTTP/1.1" 200 119 "https://www.paladin-extensions.com/" "Mozilla/5.0 (Windows NT 10.0; Win64; x64) AppleWebKit/537.36 (KHTML, like Gecko) Chrome/71.0.3578.98 Safari/537.36"
172.221.47.109 - - [03/Feb/2019:12:33:07 -0500] "GET /index.php?shoutbox/refresh&last_id=139&_xfRequestUri=%2F&_xfWithData=1&_xfToken=1549215177%2C49f715255fa30335b73e6390070568cb&_xfResponseType=json HTTP/1.1" 200 119 "https://www.paladin-extensions.com/" "Mozilla/5.0 (Windows NT 10.0; Win64; x64) AppleWebKit/537.36 (KHTML, like Gecko) Chrome/71.0.3578.98 Safari/537.36"
174.3.135.102 - - [03/Feb/2019:12:33:07 -0500] "GET /index.php?shoutbox/refresh&last_id=139&_xfRequestUri=%2F&_xfWithData=1&_xfToken=1549215082%2C01e0978cad613ddcc09f566de7812fc5&_xfResponseType=json HTTP/1.1" 200 119 "https://www.paladin-extensions.com/" "Mozilla/5.0 (Windows NT 10.0; Win64; x64) AppleWebKit/537.36 (KHTML, like Gecko) Chrome/71.0.3578.98 Safari/537.36"
172.221.47.109 - - [03/Feb/2019:12:33:08 -0500] "GET /index.php?shoutbox/refresh&last_id=139&_xfRequestUri=%2F&_xfWithData=1&_xfToken=1549215177%2C49f715255fa30335b73e6390070568cb&_xfResponseType=json HTTP/1.1" 200 119 "https://www.paladin-extensions.com/" "Mozilla/5.0 (Windows NT 10.0; Win64; x64) AppleWebKit/537.36 (KHTML, like Gecko) Chrome/71.0.3578.98 Safari/537.36"
174.3.135.102 - - [03/Feb/2019:12:33:08 -0500] "GET /index.php?shoutbox/refresh&last_id=139&_xfRequestUri=%2F&_xfWithData=1&_xfToken=1549215082%2C01e0978cad613ddcc09f566de7812fc5&_xfResponseType=json HTTP/1.1" 200 119 "https://www.paladin-extensions.com/" "Mozilla/5.0 (Windows NT 10.0; Win64; x64) AppleWebKit/537.36 (KHTML, like Gecko) Chrome/71.0.3578.98 Safari/537.36"
172.221.47.109 - - [03/Feb/2019:12:33:08 -0500] "POST /index.php?shoutbox/submit HTTP/1.1" 200 1260 "https://www.paladin-extensions.com/" "Mozilla/5.0 (Windows NT 10.0; Win64; x64) AppleWebKit/537.36 (KHTML, like Gecko) Chrome/71.0.3578.98 Safari/537.36"
174.3.135.102 - - [03/Feb/2019:12:33:09 -0500] "GET /index.php?shoutbox/refresh&last_id=139&_xfRequestUri=%2F&_xfWithData=1&_xfToken=1549215082%2C01e0978cad613ddcc09f566de7812fc5&_xfResponseType=json HTTP/1.1" 200 1447 "https://www.paladin-extensions.com/" "Mozilla/5.0 (Windows NT 10.0; Win64; x64) AppleWebKit/537.36 (KHTML, like Gecko) Chrome/71.0.3578.98 Safari/537.36"
174.3.135.102 - - [03/Feb/2019:12:33:09 -0500] "GET /data/avatars/s/0/25.jpg?1544675776 HTTP/1.1" 200 1570 "https://www.paladin-extensions.com/" "Mozilla/5.0 (Windows NT 10.0; Win64; x64) AppleWebKit/537.36 (KHTML, like Gecko) Chrome/71.0.3578.98 Safari/537.36"
172.221.47.109 - - [03/Feb/2019:12:33:09 -0500] "GET /index.php?shoutbox/refresh&last_id=146&_xfRequestUri=%2F&_xfWithData=1&_xfToken=1549215177%2C49f715255fa30335b73e6390070568cb&_xfResponseType=json HTTP/1.1" 200 119 "https://www.paladin-extensions.com/" "Mozilla/5.0 (Windows NT 10.0; Win64; x64) AppleWebKit/537.36 (KHTML, like Gecko) Chrome/71.0.3578.98 Safari/537.36"
174.3.135.102 - - [03/Feb/2019:12:33:10 -0500] "GET /index.php?shoutbox/refresh&last_id=146&_xfRequestUri=%2F&_xfWithData=1&_xfToken=1549215082%2C01e0978cad613ddcc09f566de7812fc5&_xfResponseType=json HTTP/1.1" 200 119 "https://www.paladin-extensions.com/" "Mozilla/5.0 (Windows NT 10.0; Win64; x64) AppleWebKit/537.36 (KHTML, like Gecko) Chrome/71.0.3578.98 Safari/537.36"
172.221.47.109 - - [03/Feb/2019:12:33:10 -0500] "GET /index.php?shoutbox/refresh&last_id=146&_xfRequestUri=%2F&_xfWithData=1&_xfToken=1549215177%2C49f715255fa30335b73e6390070568cb&_xfResponseType=json HTTP/1.1" 200 119 "https://www.paladin-extensions.com/" "Mozilla/5.0 (Windows NT 10.0; Win64; x64) AppleWebKit/537.36 (KHTML, like Gecko) Chrome/71.0.3578.98 Safari/537.36"
174.3.135.102 - - [03/Feb/2019:12:33:11 -0500] "GET /index.php?shoutbox/refresh&last_id=146&_xfRequestUri=%2F&_xfWithData=1&_xfToken=1549215082%2C01e0978cad613ddcc09f566de7812fc5&_xfResponseType=json HTTP/1.1" 200 119 "https://www.paladin-extensions.com/" "Mozilla/5.0 (Windows NT 10.0; Win64; x64) AppleWebKit/537.36 (KHTML, like Gecko) Chrome/71.0.3578.98 Safari/537.36"
172.221.47.109 - - [03/Feb/2019:12:33:11 -0500] "GET /index.php?shoutbox/refresh&last_id=146&_xfRequestUri=%2F&_xfWithData=1&_xfToken=1549215177%2C49f715255fa30335b73e6390070568cb&_xfResponseType=json HTTP/1.1" 200 119 "https://www.paladin-extensions.com/" "Mozilla/5.0 (Windows NT 10.0; Win64; x64) AppleWebKit/537.36 (KHTML, like Gecko) Chrome/71.0.3578.98 Safari/537.36"
174.3.135.102 - - [03/Feb/2019:12:33:12 -0500] "GET /index.php?shoutbox/refresh&last_id=146&_xfRequestUri=%2F&_xfWithData=1&_xfToken=1549215082%2C01e0978cad613ddcc09f566de7812fc5&_xfResponseType=json HTTP/1.1" 200 119 "https://www.paladin-extensions.com/" "Mozilla/5.0 (Windows NT 10.0; Win64; x64) AppleWebKit/537.36 (KHTML, like Gecko) Chrome/71.0.3578.98 Safari/537.36"
172.221.47.109 - - [03/Feb/2019:12:33:12 -0500] "GET /index.php?shoutbox/refresh&last_id=146&_xfRequestUri=%2F&_xfWithData=1&_xfToken=1549215177%2C49f715255fa30335b73e6390070568cb&_xfResponseType=json HTTP/1.1" 200 119 "https://www.paladin-extensions.com/" "Mozilla/5.0 (Windows NT 10.0; Win64; x64) AppleWebKit/537.36 (KHTML, like Gecko) Chrome/71.0.3578.98 Safari/537.36"
174.3.135.102 - - [03/Feb/2019:12:33:13 -0500] "GET /index.php?shoutbox/refresh&last_id=146&_xfRequestUri=%2F&_xfWithData=1&_xfToken=1549215082%2C01e0978cad613ddcc09f566de7812fc5&_xfResponseType=json HTTP/1.1" 200 119 "https://www.paladin-extensions.com/" "Mozilla/5.0 (Windows NT 10.0; Win64; x64) AppleWebKit/537.36 (KHTML, like Gecko) Chrome/71.0.3578.98 Safari/537.36"
172.221.47.109 - - [03/Feb/2019:12:33:13 -0500] "GET /index.php?shoutbox/refresh&last_id=146&_xfRequestUri=%2F&_xfWithData=1&_xfToken=1549215177%2C49f715255fa30335b73e6390070568cb&_xfResponseType=json HTTP/1.1" 200 119 "https://www.paladin-extensions.com/" "Mozilla/5.0 (Windows NT 10.0; Win64; x64) AppleWebKit/537.36 (KHTML, like Gecko) Chrome/71.0.3578.98 Safari/537.36"
174.3.135.102 - - [03/Feb/2019:12:33:14 -0500] "GET /index.php?shoutbox/refresh&last_id=146&_xfRequestUri=%2F&_xfWithData=1&_xfToken=1549215082%2C01e0978cad613ddcc09f566de7812fc5&_xfResponseType=json HTTP/1.1" 200 119 "https://www.paladin-extensions.com/" "Mozilla/5.0 (Windows NT 10.0; Win64; x64) AppleWebKit/537.36 (KHTML, like Gecko) Chrome/71.0.3578.98 Safari/537.36"
172.221.47.109 - - [03/Feb/2019:12:33:14 -0500] "GET /index.php?shoutbox/refresh&last_id=146&_xfRequestUri=%2F&_xfWithData=1&_xfToken=1549215177%2C49f715255fa30335b73e6390070568cb&_xfResponseType=json HTTP/1.1" 200 119 "https://www.paladin-extensions.com/" "Mozilla/5.0 (Windows NT 10.0; Win64; x64) AppleWebKit/537.36 (KHTML, like Gecko) Chrome/71.0.3578.98 Safari/537.36"
174.3.135.102 - - [03/Feb/2019:12:33:15 -0500] "GET /index.php?shoutbox/refresh&last_id=146&_xfRequestUri=%2F&_xfWithData=1&_xfToken=1549215082%2C01e0978cad613ddcc09f566de7812fc5&_xfResponseType=json HTTP/1.1" 200 119 "https://www.paladin-extensions.com/" "Mozilla/5.0 (Windows NT 10.0; Win64; x64) AppleWebKit/537.36 (KHTML, like Gecko) Chrome/71.0.3578.98 Safari/537.36"
172.221.47.109 - - [03/Feb/2019:12:33:15 -0500] "GET /index.php?shoutbox/refresh&last_id=146&_xfRequestUri=%2F&_xfWithData=1&_xfToken=1549215177%2C49f715255fa30335b73e6390070568cb&_xfResponseType=json HTTP/1.1" 200 119 "https://www.paladin-extensions.com/" "Mozilla/5.0 (Windows NT 10.0; Win64; x64) AppleWebKit/537.36 (KHTML, like Gecko) Chrome/71.0.3578.98 Safari/537.36"
174.3.135.102 - - [03/Feb/2019:12:33:16 -0500] "GET /index.php?shoutbox/refresh&last_id=146&_xfRequestUri=%2F&_xfWithData=1&_xfToken=1549215082%2C01e0978cad613ddcc09f566de7812fc5&_xfResponseType=json HTTP/1.1" 200 119 "https://www.paladin-extensions.com/" "Mozilla/5.0 (Windows NT 10.0; Win64; x64) AppleWebKit/537.36 (KHTML, like Gecko) Chrome/71.0.3578.98 Safari/537.36"
172.221.47.109 - - [03/Feb/2019:12:33:16 -0500] "GET /index.php?shoutbox/refresh&last_id=146&_xfRequestUri=%2F&_xfWithData=1&_xfToken=1549215177%2C49f715255fa30335b73e6390070568cb&_xfResponseType=json HTTP/1.1" 200 119 "https://www.paladin-extensions.com/" "Mozilla/5.0 (Windows NT 10.0; Win64; x64) AppleWebKit/537.36 (KHTML, like Gecko) Chrome/71.0.3578.98 Safari/537.36"
172.221.47.109 - - [03/Feb/2019:12:33:17 -0500] "GET /members/robitussin.32/ HTTP/1.1" 200 15622 "https://www.paladin-extensions.com/" "Mozilla/5.0 (Windows NT 10.0; Win64; x64) AppleWebKit/537.36 (KHTML, like Gecko) Chrome/71.0.3578.98 Safari/537.36"
172.221.47.109 - - [03/Feb/2019:12:33:17 -0500] "GET /data/avatars/l/0/32.jpg?1529285509 HTTP/1.1" 200 48387 "https://www.paladin-extensions.com/members/robitussin.32/" "Mozilla/5.0 (Windows NT 10.0; Win64; x64) AppleWebKit/537.36 (KHTML, like Gecko) Chrome/71.0.3578.98 Safari/537.36"
172.221.47.109 - - [03/Feb/2019:12:33:17 -0500] "GET /css.php?css=public%3Amember.less%2Cpublic%3Amessage.less%2Cpublic%3Ath_reactions.less%2Cpublic%3Aextra.less&s=8&l=1&d=1549092504&k=3b8d600e73f103c3a4a4014f821801fd855e5576 HTTP/1.1" 200 14557 "https://www.paladin-extensions.com/members/robitussin.32/" "Mozilla/5.0 (Windows NT 10.0; Win64; x64) AppleWebKit/537.36 (KHTML, like Gecko) Chrome/71.0.3578.98 Safari/537.36"
172.221.47.109 - - [03/Feb/2019:12:33:17 -0500] "GET /js/xf/inline_mod.min.js?_v=56a48e2b HTTP/1.1" 200 2390 "https://www.paladin-extensions.com/members/robitussin.32/" "Mozilla/5.0 (Windows NT 10.0; Win64; x64) AppleWebKit/537.36 (KHTML, like Gecko) Chrome/71.0.3578.98 Safari/537.36"
172.221.47.109 - - [03/Feb/2019:12:33:17 -0500] "GET /styles/themehouse/reactions/happy.svg HTTP/1.1" 200 1792 "https://www.paladin-extensions.com/members/robitussin.32/" "Mozilla/5.0 (Windows NT 10.0; Win64; x64) AppleWebKit/537.36 (KHTML, like Gecko) Chrome/71.0.3578.98 Safari/537.36"
174.3.135.102 - - [03/Feb/2019:12:33:17 -0500] "GET /index.php?shoutbox/refresh&last_id=146&_xfRequestUri=%2F&_xfWithData=1&_xfToken=1549215082%2C01e0978cad613ddcc09f566de7812fc5&_xfResponseType=json HTTP/1.1" 200 119 "https://www.paladin-extensions.com/" "Mozilla/5.0 (Windows NT 10.0; Win64; x64) AppleWebKit/537.36 (KHTML, like Gecko) Chrome/71.0.3578.98 Safari/537.36"
172.221.47.109 - - [03/Feb/2019:12:33:17 -0500] "GET /styles/themehouse/reactions/angry.svg HTTP/1.1" 200 1688 "https://www.paladin-extensions.com/members/robitussin.32/" "Mozilla/5.0 (Windows NT 10.0; Win64; x64) AppleWebKit/537.36 (KHTML, like Gecko) Chrome/71.0.3578.98 Safari/537.36"
172.221.47.109 - - [03/Feb/2019:12:33:17 -0500] "GET /styles/themehouse/reactions/sad.svg HTTP/1.1" 200 2237 "https://www.paladin-extensions.com/members/robitussin.32/" "Mozilla/5.0 (Windows NT 10.0; Win64; x64) AppleWebKit/537.36 (KHTML, like Gecko) Chrome/71.0.3578.98 Safari/537.36"
172.221.47.109 - - [03/Feb/2019:12:33:17 -0500] "GET /styles/themehouse/reactions/sleepy.svg HTTP/1.1" 200 1367 "https://www.paladin-extensions.com/members/robitussin.32/" "Mozilla/5.0 (Windows NT 10.0; Win64; x64) AppleWebKit/537.36 (KHTML, like Gecko) Chrome/71.0.3578.98 Safari/537.36"
172.221.47.109 - - [03/Feb/2019:12:33:17 -0500] "GET /styles/themehouse/reactions/creative.svg HTTP/1.1" 200 1769 "https://www.paladin-extensions.com/members/robitussin.32/" "Mozilla/5.0 (Windows NT 10.0; Win64; x64) AppleWebKit/537.36 (KHTML, like Gecko) Chrome/71.0.3578.98 Safari/537.36"
172.221.47.109 - - [03/Feb/2019:12:33:17 -0500] "GET /styles/themehouse/reactions/useful.svg HTTP/1.1" 200 2186 "https://www.paladin-extensions.com/members/robitussin.32/" "Mozilla/5.0 (Windows NT 10.0; Win64; x64) AppleWebKit/537.36 (KHTML, like Gecko) Chrome/71.0.3578.98 Safari/537.36"
172.221.47.109 - - [03/Feb/2019:12:33:17 -0500] "GET /styles/themehouse/reactions/surprised.svg HTTP/1.1" 200 1543 "https://www.paladin-extensions.com/members/robitussin.32/" "Mozilla/5.0 (Windows NT 10.0; Win64; x64) AppleWebKit/537.36 (KHTML, like Gecko) Chrome/71.0.3578.98 Safari/537.36"
172.221.47.109 - - [03/Feb/2019:12:33:17 -0500] "GET /styles/themehouse/reactions/dumb.svg HTTP/1.1" 200 1324 "https://www.paladin-extensions.com/members/robitussin.32/" "Mozilla/5.0 (Windows NT 10.0; Win64; x64) AppleWebKit/537.36 (KHTML, like Gecko) Chrome/71.0.3578.98 Safari/537.36"
172.221.47.109 - - [03/Feb/2019:12:33:17 -0500] "GET /styles/themehouse/reactions/dislike.svg HTTP/1.1" 200 1581 "https://www.paladin-extensions.com/members/robitussin.32/" "Mozilla/5.0 (Windows NT 10.0; Win64; x64) AppleWebKit/537.36 (KHTML, like Gecko) Chrome/71.0.3578.98 Safari/537.36"
172.221.47.109 - - [03/Feb/2019:12:33:17 -0500] "GET /styles/themehouse/reactions/like.svg HTTP/1.1" 200 1551 "https://www.paladin-extensions.com/members/robitussin.32/" "Mozilla/5.0 (Windows NT 10.0; Win64; x64) AppleWebKit/537.36 (KHTML, like Gecko) Chrome/71.0.3578.98 Safari/537.36"
172.221.47.109 - - [03/Feb/2019:12:33:17 -0500] "GET /styles/themehouse/reactions/agree.svg HTTP/1.1" 200 844 "https://www.paladin-extensions.com/members/robitussin.32/" "Mozilla/5.0 (Windows NT 10.0; Win64; x64) AppleWebKit/537.36 (KHTML, like Gecko) Chrome/71.0.3578.98 Safari/537.36"
172.221.47.109 - - [03/Feb/2019:12:33:17 -0500] "GET /styles/themehouse/reactions/informative.svg HTTP/1.1" 200 1166 "https://www.paladin-extensions.com/members/robitussin.32/" "Mozilla/5.0 (Windows NT 10.0; Win64; x64) AppleWebKit/537.36 (KHTML, like Gecko) Chrome/71.0.3578.98 Safari/537.36"
172.221.47.109 - - [03/Feb/2019:12:33:17 -0500] "GET /styles/themehouse/reactions/funny.svg HTTP/1.1" 200 2163 "https://www.paladin-extensions.com/members/robitussin.32/" "Mozilla/5.0 (Windows NT 10.0; Win64; x64) AppleWebKit/537.36 (KHTML, like Gecko) Chrome/71.0.3578.98 Safari/537.36"
172.221.47.109 - - [03/Feb/2019:12:33:17 -0500] "GET /styles/themehouse/reactions/badspelling.svg HTTP/1.1" 200 2346 "https://www.paladin-extensions.com/members/robitussin.32/" "Mozilla/5.0 (Windows NT 10.0; Win64; x64) AppleWebKit/537.36 (KHTML, like Gecko) Chrome/71.0.3578.98 Safari/537.36"
172.221.47.109 - - [03/Feb/2019:12:33:17 -0500] "GET /styles/themehouse/reactions/old.svg HTTP/1.1" 200 2329 "https://www.paladin-extensions.com/members/robitussin.32/" "Mozilla/5.0 (Windows NT 10.0; Win64; x64) AppleWebKit/537.36 (KHTML, like Gecko) Chrome/71.0.3578.98 Safari/537.36"
172.221.47.109 - - [03/Feb/2019:12:33:17 -0500] "GET /styles/themehouse/reactions/disagree.svg HTTP/1.1" 200 893 "https://www.paladin-extensions.com/members/robitussin.32/" "Mozilla/5.0 (Windows NT 10.0; Win64; x64) AppleWebKit/537.36 (KHTML, like Gecko) Chrome/71.0.3578.98 Safari/537.36"
174.3.135.102 - - [03/Feb/2019:12:33:18 -0500] "GET /index.php?shoutbox/refresh&last_id=146&_xfRequestUri=%2F&_xfWithData=1&_xfToken=1549215082%2C01e0978cad613ddcc09f566de7812fc5&_xfResponseType=json HTTP/1.1" 200 119 "https://www.paladin-extensions.com/" "Mozilla/5.0 (Windows NT 10.0; Win64; x64) AppleWebKit/537.36 (KHTML, like Gecko) Chrome/71.0.3578.98 Safari/537.36"
174.3.135.102 - - [03/Feb/2019:12:33:19 -0500] "GET /index.php?shoutbox/refresh&last_id=146&_xfRequestUri=%2F&_xfWithData=1&_xfToken=1549215082%2C01e0978cad613ddcc09f566de7812fc5&_xfResponseType=json HTTP/1.1" 200 119 "https://www.paladin-extensions.com/" "Mozilla/5.0 (Windows NT 10.0; Win64; x64) AppleWebKit/537.36 (KHTML, like Gecko) Chrome/71.0.3578.98 Safari/537.36"
174.3.135.102 - - [03/Feb/2019:12:33:20 -0500] "GET /index.php?shoutbox/refresh&last_id=146&_xfRequestUri=%2F&_xfWithData=1&_xfToken=1549215082%2C01e0978cad613ddcc09f566de7812fc5&_xfResponseType=json HTTP/1.1" 200 119 "https://www.paladin-extensions.com/" "Mozilla/5.0 (Windows NT 10.0; Win64; x64) AppleWebKit/537.36 (KHTML, like Gecko) Chrome/71.0.3578.98 Safari/537.36"
172.221.47.109 - - [03/Feb/2019:12:33:20 -0500] "POST /job.php HTTP/1.1" 200 14 "https://www.paladin-extensions.com/" "Mozilla/5.0 (Windows NT 10.0; Win64; x64) AppleWebKit/537.36 (KHTML, like Gecko) Chrome/71.0.3578.98 Safari/537.36"
174.3.135.102 - - [03/Feb/2019:12:33:21 -0500] "GET /index.php?shoutbox/refresh&last_id=146&_xfRequestUri=%2F&_xfWithData=1&_xfToken=1549215082%2C01e0978cad613ddcc09f566de7812fc5&_xfResponseType=json HTTP/1.1" 200 119 "https://www.paladin-extensions.com/" "Mozilla/5.0 (Windows NT 10.0; Win64; x64) AppleWebKit/537.36 (KHTML, like Gecko) Chrome/71.0.3578.98 Safari/537.36"
172.221.47.109 - - [03/Feb/2019:12:33:21 -0500] "GET /index.php?shoutbox/refresh&last_id=139&_xfRequestUri=%2F&_xfWithData=1&_xfToken=1549215177%2C49f715255fa30335b73e6390070568cb&_xfResponseType=json HTTP/1.1" 200 1260 "https://www.paladin-extensions.com/" "Mozilla/5.0 (Windows NT 10.0; Win64; x64) AppleWebKit/537.36 (KHTML, like Gecko) Chrome/71.0.3578.98 Safari/537.36"
174.3.135.102 - - [03/Feb/2019:12:33:22 -0500] "GET /index.php?shoutbox/refresh&last_id=146&_xfRequestUri=%2F&_xfWithData=1&_xfToken=1549215082%2C01e0978cad613ddcc09f566de7812fc5&_xfResponseType=json HTTP/1.1" 200 119 "https://www.paladin-extensions.com/" "Mozilla/5.0 (Windows NT 10.0; Win64; x64) AppleWebKit/537.36 (KHTML, like Gecko) Chrome/71.0.3578.98 Safari/537.36"
172.221.47.109 - - [03/Feb/2019:12:33:22 -0500] "GET /index.php?shoutbox/refresh&last_id=146&_xfRequestUri=%2F&_xfWithData=1&_xfToken=1549215177%2C49f715255fa30335b73e6390070568cb&_xfResponseType=json HTTP/1.1" 200 119 "https://www.paladin-extensions.com/" "Mozilla/5.0 (Windows NT 10.0; Win64; x64) AppleWebKit/537.36 (KHTML, like Gecko) Chrome/71.0.3578.98 Safari/537.36"
174.3.135.102 - - [03/Feb/2019:12:33:23 -0500] "GET /index.php?shoutbox/refresh&last_id=146&_xfRequestUri=%2F&_xfWithData=1&_xfToken=1549215082%2C01e0978cad613ddcc09f566de7812fc5&_xfResponseType=json HTTP/1.1" 200 119 "https://www.paladin-extensions.com/" "Mozilla/5.0 (Windows NT 10.0; Win64; x64) AppleWebKit/537.36 (KHTML, like Gecko) Chrome/71.0.3578.98 Safari/537.36"
172.221.47.109 - - [03/Feb/2019:12:33:23 -0500] "GET /index.php?shoutbox/refresh&last_id=146&_xfRequestUri=%2F&_xfWithData=1&_xfToken=1549215177%2C49f715255fa30335b73e6390070568cb&_xfResponseType=json HTTP/1.1" 200 119 "https://www.paladin-extensions.com/" "Mozilla/5.0 (Windows NT 10.0; Win64; x64) AppleWebKit/537.36 (KHTML, like Gecko) Chrome/71.0.3578.98 Safari/537.36"
174.3.135.102 - - [03/Feb/2019:12:33:24 -0500] "GET /index.php?shoutbox/refresh&last_id=146&_xfRequestUri=%2F&_xfWithData=1&_xfToken=1549215082%2C01e0978cad613ddcc09f566de7812fc5&_xfResponseType=json HTTP/1.1" 200 119 "https://www.paladin-extensions.com/" "Mozilla/5.0 (Windows NT 10.0; Win64; x64) AppleWebKit/537.36 (KHTML, like Gecko) Chrome/71.0.3578.98 Safari/537.36"
172.221.47.109 - - [03/Feb/2019:12:33:24 -0500] "GET /index.php?shoutbox/refresh&last_id=146&_xfRequestUri=%2F&_xfWithData=1&_xfToken=1549215177%2C49f715255fa30335b73e6390070568cb&_xfResponseType=json HTTP/1.1" 200 119 "https://www.paladin-extensions.com/" "Mozilla/5.0 (Windows NT 10.0; Win64; x64) AppleWebKit/537.36 (KHTML, like Gecko) Chrome/71.0.3578.98 Safari/537.36"
174.3.135.102 - - [03/Feb/2019:12:33:25 -0500] "GET /index.php?shoutbox/refresh&last_id=146&_xfRequestUri=%2F&_xfWithData=1&_xfToken=1549215082%2C01e0978cad613ddcc09f566de7812fc5&_xfResponseType=json HTTP/1.1" 200 119 "https://www.paladin-extensions.com/" "Mozilla/5.0 (Windows NT 10.0; Win64; x64) AppleWebKit/537.36 (KHTML, like Gecko) Chrome/71.0.3578.98 Safari/537.36"
172.221.47.109 - - [03/Feb/2019:12:33:25 -0500] "GET /index.php?shoutbox/refresh&last_id=146&_xfRequestUri=%2F&_xfWithData=1&_xfToken=1549215177%2C49f715255fa30335b73e6390070568cb&_xfResponseType=json HTTP/1.1" 200 119 "https://www.paladin-extensions.com/" "Mozilla/5.0 (Windows NT 10.0; Win64; x64) AppleWebKit/537.36 (KHTML, like Gecko) Chrome/71.0.3578.98 Safari/537.36"
174.3.135.102 - - [03/Feb/2019:12:33:26 -0500] "GET /index.php?shoutbox/refresh&last_id=146&_xfRequestUri=%2F&_xfWithData=1&_xfToken=1549215082%2C01e0978cad613ddcc09f566de7812fc5&_xfResponseType=json HTTP/1.1" 200 119 "https://www.paladin-extensions.com/" "Mozilla/5.0 (Windows NT 10.0; Win64; x64) AppleWebKit/537.36 (KHTML, like Gecko) Chrome/71.0.3578.98 Safari/537.36"
172.221.47.109 - - [03/Feb/2019:12:33:26 -0500] "GET /index.php?shoutbox/refresh&last_id=146&_xfRequestUri=%2F&_xfWithData=1&_xfToken=1549215177%2C49f715255fa30335b73e6390070568cb&_xfResponseType=json HTTP/1.1" 200 119 "https://www.paladin-extensions.com/" "Mozilla/5.0 (Windows NT 10.0; Win64; x64) AppleWebKit/537.36 (KHTML, like Gecko) Chrome/71.0.3578.98 Safari/537.36"
174.3.135.102 - - [03/Feb/2019:12:33:27 -0500] "GET /index.php?shoutbox/refresh&last_id=146&_xfRequestUri=%2F&_xfWithData=1&_xfToken=1549215082%2C01e0978cad613ddcc09f566de7812fc5&_xfResponseType=json HTTP/1.1" 200 119 "https://www.paladin-extensions.com/" "Mozilla/5.0 (Windows NT 10.0; Win64; x64) AppleWebKit/537.36 (KHTML, like Gecko) Chrome/71.0.3578.98 Safari/537.36"
172.221.47.109 - - [03/Feb/2019:12:33:27 -0500] "GET /index.php?shoutbox/refresh&last_id=146&_xfRequestUri=%2F&_xfWithData=1&_xfToken=1549215177%2C49f715255fa30335b73e6390070568cb&_xfResponseType=json HTTP/1.1" 200 119 "https://www.paladin-extensions.com/" "Mozilla/5.0 (Windows NT 10.0; Win64; x64) AppleWebKit/537.36 (KHTML, like Gecko) Chrome/71.0.3578.98 Safari/537.36"
174.3.135.102 - - [03/Feb/2019:12:33:28 -0500] "GET /index.php?shoutbox/refresh&last_id=146&_xfRequestUri=%2F&_xfWithData=1&_xfToken=1549215082%2C01e0978cad613ddcc09f566de7812fc5&_xfResponseType=json HTTP/1.1" 200 119 "https://www.paladin-extensions.com/" "Mozilla/5.0 (Windows NT 10.0; Win64; x64) AppleWebKit/537.36 (KHTML, like Gecko) Chrome/71.0.3578.98 Safari/537.36"
172.221.47.109 - - [03/Feb/2019:12:33:28 -0500] "GET /index.php?shoutbox/refresh&last_id=146&_xfRequestUri=%2F&_xfWithData=1&_xfToken=1549215177%2C49f715255fa30335b73e6390070568cb&_xfResponseType=json HTTP/1.1" 200 119 "https://www.paladin-extensions.com/" "Mozilla/5.0 (Windows NT 10.0; Win64; x64) AppleWebKit/537.36 (KHTML, like Gecko) Chrome/71.0.3578.98 Safari/537.36"
174.3.135.102 - - [03/Feb/2019:12:33:29 -0500] "GET /index.php?shoutbox/refresh&last_id=146&_xfRequestUri=%2F&_xfWithData=1&_xfToken=1549215082%2C01e0978cad613ddcc09f566de7812fc5&_xfResponseType=json HTTP/1.1" 200 119 "https://www.paladin-extensions.com/" "Mozilla/5.0 (Windows NT 10.0; Win64; x64) AppleWebKit/537.36 (KHTML, like Gecko) Chrome/71.0.3578.98 Safari/537.36"
172.221.47.109 - - [03/Feb/2019:12:33:29 -0500] "GET /index.php?shoutbox/refresh&last_id=146&_xfRequestUri=%2F&_xfWithData=1&_xfToken=1549215177%2C49f715255fa30335b73e6390070568cb&_xfResponseType=json HTTP/1.1" 200 119 "https://www.paladin-extensions.com/" "Mozilla/5.0 (Windows NT 10.0; Win64; x64) AppleWebKit/537.36 (KHTML, like Gecko) Chrome/71.0.3578.98 Safari/537.36"
174.3.135.102 - - [03/Feb/2019:12:33:30 -0500] "GET /index.php?shoutbox/refresh&last_id=146&_xfRequestUri=%2F&_xfWithData=1&_xfToken=1549215082%2C01e0978cad613ddcc09f566de7812fc5&_xfResponseType=json HTTP/1.1" 200 119 "https://www.paladin-extensions.com/" "Mozilla/5.0 (Windows NT 10.0; Win64; x64) AppleWebKit/537.36 (KHTML, like Gecko) Chrome/71.0.3578.98 Safari/537.36"
172.221.47.109 - - [03/Feb/2019:12:33:30 -0500] "GET /index.php?shoutbox/refresh&last_id=146&_xfRequestUri=%2F&_xfWithData=1&_xfToken=1549215177%2C49f715255fa30335b73e6390070568cb&_xfResponseType=json HTTP/1.1" 200 119 "https://www.paladin-extensions.com/" "Mozilla/5.0 (Windows NT 10.0; Win64; x64) AppleWebKit/537.36 (KHTML, like Gecko) Chrome/71.0.3578.98 Safari/537.36"
174.3.135.102 - - [03/Feb/2019:12:33:31 -0500] "GET /index.php?shoutbox/refresh&last_id=146&_xfRequestUri=%2F&_xfWithData=1&_xfToken=1549215082%2C01e0978cad613ddcc09f566de7812fc5&_xfResponseType=json HTTP/1.1" 200 119 "https://www.paladin-extensions.com/" "Mozilla/5.0 (Windows NT 10.0; Win64; x64) AppleWebKit/537.36 (KHTML, like Gecko) Chrome/71.0.3578.98 Safari/537.36"
172.221.47.109 - - [03/Feb/2019:12:33:31 -0500] "GET /index.php?shoutbox/refresh&last_id=146&_xfRequestUri=%2F&_xfWithData=1&_xfToken=1549215177%2C49f715255fa30335b73e6390070568cb&_xfResponseType=json HTTP/1.1" 200 119 "https://www.paladin-extensions.com/" "Mozilla/5.0 (Windows NT 10.0; Win64; x64) AppleWebKit/537.36 (KHTML, like Gecko) Chrome/71.0.3578.98 Safari/537.36"
174.3.135.102 - - [03/Feb/2019:12:33:32 -0500] "GET /index.php?shoutbox/refresh&last_id=146&_xfRequestUri=%2F&_xfWithData=1&_xfToken=1549215082%2C01e0978cad613ddcc09f566de7812fc5&_xfResponseType=json HTTP/1.1" 200 119 "https://www.paladin-extensions.com/" "Mozilla/5.0 (Windows NT 10.0; Win64; x64) AppleWebKit/537.36 (KHTML, like Gecko) Chrome/71.0.3578.98 Safari/537.36"
172.221.47.109 - - [03/Feb/2019:12:33:32 -0500] "GET /index.php?shoutbox/refresh&last_id=146&_xfRequestUri=%2F&_xfWithData=1&_xfToken=1549215177%2C49f715255fa30335b73e6390070568cb&_xfResponseType=json HTTP/1.1" 200 119 "https://www.paladin-extensions.com/" "Mozilla/5.0 (Windows NT 10.0; Win64; x64) AppleWebKit/537.36 (KHTML, like Gecko) Chrome/71.0.3578.98 Safari/537.36"
174.3.135.102 - - [03/Feb/2019:12:33:33 -0500] "GET /index.php?shoutbox/refresh&last_id=146&_xfRequestUri=%2F&_xfWithData=1&_xfToken=1549215082%2C01e0978cad613ddcc09f566de7812fc5&_xfResponseType=json HTTP/1.1" 200 119 "https://www.paladin-extensions.com/" "Mozilla/5.0 (Windows NT 10.0; Win64; x64) AppleWebKit/537.36 (KHTML, like Gecko) Chrome/71.0.3578.98 Safari/537.36"
172.221.47.109 - - [03/Feb/2019:12:33:33 -0500] "GET /index.php?shoutbox/refresh&last_id=146&_xfRequestUri=%2F&_xfWithData=1&_xfToken=1549215177%2C49f715255fa30335b73e6390070568cb&_xfResponseType=json HTTP/1.1" 200 119 "https://www.paladin-extensions.com/" "Mozilla/5.0 (Windows NT 10.0; Win64; x64) AppleWebKit/537.36 (KHTML, like Gecko) Chrome/71.0.3578.98 Safari/537.36"
174.3.135.102 - - [03/Feb/2019:12:33:34 -0500] "GET /index.php?shoutbox/refresh&last_id=146&_xfRequestUri=%2F&_xfWithData=1&_xfToken=1549215082%2C01e0978cad613ddcc09f566de7812fc5&_xfResponseType=json HTTP/1.1" 200 119 "https://www.paladin-extensions.com/" "Mozilla/5.0 (Windows NT 10.0; Win64; x64) AppleWebKit/537.36 (KHTML, like Gecko) Chrome/71.0.3578.98 Safari/537.36"
172.221.47.109 - - [03/Feb/2019:12:33:34 -0500] "GET /index.php?shoutbox/refresh&last_id=146&_xfRequestUri=%2F&_xfWithData=1&_xfToken=1549215177%2C49f715255fa30335b73e6390070568cb&_xfResponseType=json HTTP/1.1" 200 119 "https://www.paladin-extensions.com/" "Mozilla/5.0 (Windows NT 10.0; Win64; x64) AppleWebKit/537.36 (KHTML, like Gecko) Chrome/71.0.3578.98 Safari/537.36"
174.3.135.102 - - [03/Feb/2019:12:33:35 -0500] "GET /index.php?shoutbox/refresh&last_id=146&_xfRequestUri=%2F&_xfWithData=1&_xfToken=1549215082%2C01e0978cad613ddcc09f566de7812fc5&_xfResponseType=json HTTP/1.1" 200 119 "https://www.paladin-extensions.com/" "Mozilla/5.0 (Windows NT 10.0; Win64; x64) AppleWebKit/537.36 (KHTML, like Gecko) Chrome/71.0.3578.98 Safari/537.36"
172.221.47.109 - - [03/Feb/2019:12:33:35 -0500] "GET /index.php?shoutbox/refresh&last_id=146&_xfRequestUri=%2F&_xfWithData=1&_xfToken=1549215177%2C49f715255fa30335b73e6390070568cb&_xfResponseType=json HTTP/1.1" 200 119 "https://www.paladin-extensions.com/" "Mozilla/5.0 (Windows NT 10.0; Win64; x64) AppleWebKit/537.36 (KHTML, like Gecko) Chrome/71.0.3578.98 Safari/537.36"
174.3.135.102 - - [03/Feb/2019:12:33:36 -0500] "GET /index.php?shoutbox/refresh&last_id=146&_xfRequestUri=%2F&_xfWithData=1&_xfToken=1549215082%2C01e0978cad613ddcc09f566de7812fc5&_xfResponseType=json HTTP/1.1" 200 119 "https://www.paladin-extensions.com/" "Mozilla/5.0 (Windows NT 10.0; Win64; x64) AppleWebKit/537.36 (KHTML, like Gecko) Chrome/71.0.3578.98 Safari/537.36"
172.221.47.109 - - [03/Feb/2019:12:33:36 -0500] "GET /index.php?shoutbox/refresh&last_id=146&_xfRequestUri=%2F&_xfWithData=1&_xfToken=1549215177%2C49f715255fa30335b73e6390070568cb&_xfResponseType=json HTTP/1.1" 200 119 "https://www.paladin-extensions.com/" "Mozilla/5.0 (Windows NT 10.0; Win64; x64) AppleWebKit/537.36 (KHTML, like Gecko) Chrome/71.0.3578.98 Safari/537.36"
174.3.135.102 - - [03/Feb/2019:12:33:37 -0500] "GET /index.php?shoutbox/refresh&last_id=146&_xfRequestUri=%2F&_xfWithData=1&_xfToken=1549215082%2C01e0978cad613ddcc09f566de7812fc5&_xfResponseType=json HTTP/1.1" 200 119 "https://www.paladin-extensions.com/" "Mozilla/5.0 (Windows NT 10.0; Win64; x64) AppleWebKit/537.36 (KHTML, like Gecko) Chrome/71.0.3578.98 Safari/537.36"
