172.221.47.109 - - [03/Feb/2019:12:31:12 -0500] "GET /js/editor-manager/plugins/justify.plugin.min.js?_v=56a48e2b HTTP/1.1" 200 253 "https://www.paladin-extensions.com/support/open" "Mozilla/5.0 (Windows NT 10.0; Win64; x64) AppleWebKit/537.36 (KHTML, like Gecko) Chrome/71.0.3578.98 Safari/537.36"
172.221.47.109 - - [03/Feb/2019:12:31:12 -0500] "GET /js/editor-manager/plugins/colors.plugin.min.js?_v=56a48e2b HTTP/1.1" 200 331 "https://www.paladin-extensions.com/support/open" "Mozilla/5.0 (Windows NT 10.0; Win64; x64) AppleWebKit/537.36 (KHTML, like Gecko) Chrome/71.0.3578.98 Safari/537.36"
172.221.47.109 - - [03/Feb/2019:12:31:12 -0500] "GET /js/editor-manager/plugins/dropdowns.plugin.min.js?_v=56a48e2b HTTP/1.1" 200 538 "https://www.paladin-extensions.com/support/open" "Mozilla/5.0 (Windows NT 10.0; Win64; x64) AppleWebKit/537.36 (KHTML, like Gecko) Chrome/71.0.3578.98 Safari/537.36"
172.221.47.109 - - [03/Feb/2019:12:31:12 -0500] "GET /js/vendor/froala/plugins/special_characters.min.js?_v=56a48e2b HTTP/1.1" 200 5527 "https://www.paladin-extensions.com/support/open" "Mozilla/5.0 (Windows NT 10.0; Win64; x64) AppleWebKit/537.36 (KHTML, like Gecko) Chrome/71.0.3578.98 Safari/537.36"
172.221.47.109 - - [03/Feb/2019:12:31:12 -0500] "GET /js/editor-manager/base.min.js?_v=56a48e2b HTTP/1.1" 200 335 "https://www.paladin-extensions.com/support/open" "Mozilla/5.0 (Windows NT 10.0; Win64; x64) AppleWebKit/537.36 (KHTML, like Gecko) Chrome/71.0.3578.98 Safari/537.36"
172.221.47.109 - - [03/Feb/2019:12:31:12 -0500] "GET /js/mj/mjst/custom-field.js?_v=56a48e2b HTTP/1.1" 200 552 "https://www.paladin-extensions.com/support/open" "Mozilla/5.0 (Windows NT 10.0; Win64; x64) AppleWebKit/537.36 (KHTML, like Gecko) Chrome/71.0.3578.98 Safari/537.36"
172.221.47.109 - - [03/Feb/2019:12:31:12 -0500] "GET /js/xf/attachment_manager-compiled.js?_v=56a48e2b HTTP/1.1" 200 9473 "https://www.paladin-extensions.com/support/open" "Mozilla/5.0 (Windows NT 10.0; Win64; x64) AppleWebKit/537.36 (KHTML, like Gecko) Chrome/71.0.3578.98 Safari/537.36"
174.3.135.102 - - [03/Feb/2019:12:31:22 -0500] "GET / HTTP/1.1" 200 50968 "-" "Mozilla/5.0 (Windows NT 10.0; Win64; x64) AppleWebKit/537.36 (KHTML, like Gecko) Chrome/71.0.3578.98 Safari/537.36"
174.3.135.102 - - [03/Feb/2019:12:31:22 -0500] "GET /js/xf/preamble-compiled.js?_v=56a48e2b HTTP/1.1" 200 7764 "https://www.paladin-extensions.com/" "Mozilla/5.0 (Windows NT 10.0; Win64; x64) AppleWebKit/537.36 (KHTML, like Gecko) Chrome/71.0.3578.98 Safari/537.36"
174.3.135.102 - - [03/Feb/2019:12:31:22 -0500] "GET /styles/uix_dark/fonts/icons/material-icons/css/materialdesignicons.min.css HTTP/1.1" 200 18636 "https://www.paladin-extensions.com/" "Mozilla/5.0 (Windows NT 10.0; Win64; x64) AppleWebKit/537.36 (KHTML, like Gecko) Chrome/71.0.3578.98 Safari/537.36"
174.3.135.102 - - [03/Feb/2019:12:31:22 -0500] "GET /styles/uix_dark/images/uix-logo.png HTTP/1.1" 200 109563 "https://www.paladin-extensions.com/" "Mozilla/5.0 (Windows NT 10.0; Win64; x64) AppleWebKit/537.36 (KHTML, like Gecko) Chrome/71.0.3578.98 Safari/537.36"
174.3.135.102 - - [03/Feb/2019:12:31:22 -0500] "GET /styles/uix_dark/images/uix-brandmark.png HTTP/1.1" 200 112246 "https://www.paladin-extensions.com/" "Mozilla/5.0 (Windows NT 10.0; Win64; x64) AppleWebKit/537.36 (KHTML, like Gecko) Chrome/71.0.3578.98 Safari/537.36"
174.3.135.102 - - [03/Feb/2019:12:31:22 -0500] "GET /css.php?css=public%3Aandy_countdown.less%2Cpublic%3Aeditor.less%2Cpublic%3Alightbox.less%2Cpublic%3Anode_list.less%2Cpublic%3Asiropu_shoutbox.less%2Cpublic%3Ath_reactions.less%2Cpublic%3Ath_widget_post_thread_uix.less%2Cpublic%3Awidget_ah_discord.less%2Cpublic%3Aextra.less&s=8&l=1&d=1549092504&k=ec436b85afd8a5a199dc8d8d63a55ffd92837231 HTTP/1.1" 200 26587 "https://www.paladin-extensions.com/" "Mozilla/5.0 (Windows NT 10.0; Win64; x64) AppleWebKit/537.36 (KHTML, like Gecko) Chrome/71.0.3578.98 Safari/537.36"
174.3.135.102 - - [03/Feb/2019:12:31:22 -0500] "GET /css.php?css=public%3Anormalize.css%2Cpublic%3Acore.less%2Cpublic%3Aapp.less&s=8&l=1&d=1549092504&k=edf6cfeed2b8b8213808b1692c79649ca17f77fa HTTP/1.1" 200 62092 "https://www.paladin-extensions.com/" "Mozilla/5.0 (Windows NT 10.0; Win64; x64) AppleWebKit/537.36 (KHTML, like Gecko) Chrome/71.0.3578.98 Safari/537.36"
174.3.135.102 - - [03/Feb/2019:12:31:23 -0500] "GET /js/vendor/vendor-compiled.js?_v=56a48e2b HTTP/1.1" 200 17856 "https://www.paladin-extensions.com/" "Mozilla/5.0 (Windows NT 10.0; Win64; x64) AppleWebKit/537.36 (KHTML, like Gecko) Chrome/71.0.3578.98 Safari/537.36"
174.3.135.102 - - [03/Feb/2019:12:31:23 -0500] "GET /js/xf/core-compiled.js?_v=56a48e2b HTTP/1.1" 200 47440 "https://www.paladin-extensions.com/" "Mozilla/5.0 (Windows NT 10.0; Win64; x64) AppleWebKit/537.36 (KHTML, like Gecko) Chrome/71.0.3578.98 Safari/537.36"
174.3.135.102 - - [03/Feb/2019:12:31:23 -0500] "GET /js/xf/message.min.js?_v=56a48e2b HTTP/1.1" 200 5930 "https://www.paladin-extensions.com/" "Mozilla/5.0 (Windows NT 10.0; Win64; x64) AppleWebKit/537.36 (KHTML, like Gecko) Chrome/71.0.3578.98 Safari/537.36"
174.3.135.102 - - [03/Feb/2019:12:31:23 -0500] "GET /js/themehouse/uix_dark/ripple.min.js?_v=56a48e2b HTTP/1.1" 200 692 "https://www.paladin-extensions.com/" "Mozilla/5.0 (Windows NT 10.0; Win64; x64) AppleWebKit/537.36 (KHTML, like Gecko) Chrome/71.0.3578.98 Safari/537.36"
174.3.135.102 - - [03/Feb/2019:12:31:23 -0500] "GET /data/avatars/s/0/1.jpg?1538028194 HTTP/1.1" 200 3345 "https://www.paladin-extensions.com/" "Mozilla/5.0 (Windows NT 10.0; Win64; x64) AppleWebKit/537.36 (KHTML, like Gecko) Chrome/71.0.3578.98 Safari/537.36"
174.3.135.102 - - [03/Feb/2019:12:31:23 -0500] "GET /data/avatars/s/0/12.jpg?1519321709 HTTP/1.1" 200 1785 "https://www.paladin-extensions.com/" "Mozilla/5.0 (Windows NT 10.0; Win64; x64) AppleWebKit/537.36 (KHTML, like Gecko) Chrome/71.0.3578.98 Safari/537.36"
174.3.135.102 - - [03/Feb/2019:12:31:23 -0500] "GET /data/avatars/s/0/4.jpg?1533106845 HTTP/1.1" 200 1596 "https://www.paladin-extensions.com/" "Mozilla/5.0 (Windows NT 10.0; Win64; x64) AppleWebKit/537.36 (KHTML, like Gecko) Chrome/71.0.3578.98 Safari/537.36"
174.3.135.102 - - [03/Feb/2019:12:31:23 -0500] "GET /data/avatars/s/0/8.jpg?1519456264 HTTP/1.1" 200 1973 "https://www.paladin-extensions.com/" "Mozilla/5.0 (Windows NT 10.0; Win64; x64) AppleWebKit/537.36 (KHTML, like Gecko) Chrome/71.0.3578.98 Safari/537.36"
174.3.135.102 - - [03/Feb/2019:12:31:23 -0500] "GET /js/themehouse/uix_dark/index.min.js?_v=56a48e2b HTTP/1.1" 200 2382 "https://www.paladin-extensions.com/" "Mozilla/5.0 (Windows NT 10.0; Win64; x64) AppleWebKit/537.36 (KHTML, like Gecko) Chrome/71.0.3578.98 Safari/537.36"
174.3.135.102 - - [03/Feb/2019:12:31:23 -0500] "GET /js/themehouse/global/20180112.min.js?_v=56a48e2b HTTP/1.1" 200 3938 "https://www.paladin-extensions.com/" "Mozilla/5.0 (Windows NT 10.0; Win64; x64) AppleWebKit/537.36 (KHTML, like Gecko) Chrome/71.0.3578.98 Safari/537.36"
174.3.135.102 - - [03/Feb/2019:12:31:23 -0500] "GET /js/themehouse/uix_dark/defer.min.js?_v=56a48e2b HTTP/1.1" 200 5041 "https://www.paladin-extensions.com/" "Mozilla/5.0 (Windows NT 10.0; Win64; x64) AppleWebKit/537.36 (KHTML, like Gecko) Chrome/71.0.3578.98 Safari/537.36"
174.3.135.102 - - [03/Feb/2019:12:31:23 -0500] "GET /js/siropu/shoutbox/core.min.js?_v=56a48e2b HTTP/1.1" 200 2470 "https://www.paladin-extensions.com/" "Mozilla/5.0 (Windows NT 10.0; Win64; x64) AppleWebKit/537.36 (KHTML, like Gecko) Chrome/71.0.3578.98 Safari/537.36"
174.3.135.102 - - [03/Feb/2019:12:31:23 -0500] "GET /js/xf/lightbox-compiled.js?_v=56a48e2b HTTP/1.1" 200 14071 "https://www.paladin-extensions.com/" "Mozilla/5.0 (Windows NT 10.0; Win64; x64) AppleWebKit/537.36 (KHTML, like Gecko) Chrome/71.0.3578.98 Safari/537.36"
174.3.135.102 - - [03/Feb/2019:12:31:23 -0500] "GET /data/avatars/s/0/2.jpg?1515800046 HTTP/1.1" 200 1696 "https://www.paladin-extensions.com/" "Mozilla/5.0 (Windows NT 10.0; Win64; x64) AppleWebKit/537.36 (KHTML, like Gecko) Chrome/71.0.3578.98 Safari/537.36"
174.3.135.102 - - [03/Feb/2019:12:31:23 -0500] "GET /data/avatars/s/0/32.jpg?1529285509 HTTP/1.1" 200 5274 "https://www.paladin-extensions.com/" "Mozilla/5.0 (Windows NT 10.0; Win64; x64) AppleWebKit/537.36 (KHTML, like Gecko) Chrome/71.0.3578.98 Safari/537.36"
174.3.135.102 - - [03/Feb/2019:12:31:23 -0500] "GET /data/avatars/s/0/15.jpg?1519322140 HTTP/1.1" 200 1416 "https://www.paladin-extensions.com/" "Mozilla/5.0 (Windows NT 10.0; Win64; x64) AppleWebKit/537.36 (KHTML, like Gecko) Chrome/71.0.3578.98 Safari/537.36"
174.3.135.102 - - [03/Feb/2019:12:31:23 -0500] "GET /data/avatars/s/0/26.jpg?1528514454 HTTP/1.1" 200 1722 "https://www.paladin-extensions.com/" "Mozilla/5.0 (Windows NT 10.0; Win64; x64) AppleWebKit/537.36 (KHTML, like Gecko) Chrome/71.0.3578.98 Safari/537.36"
174.3.135.102 - - [03/Feb/2019:12:31:23 -0500] "GET /styles/uix_dark/fonts/icons/material-icons/fonts/materialdesignicons-webfont.woff2?v=2.3.54 HTTP/1.1" 200 125384 "https://www.paladin-extensions.com/styles/uix_dark/fonts/icons/material-icons/css/materialdesignicons.min.css" "Mozilla/5.0 (Windows NT 10.0; Win64; x64) AppleWebKit/537.36 (KHTML, like Gecko) Chrome/71.0.3578.98 Safari/537.36"
174.3.135.102 - - [03/Feb/2019:12:31:23 -0500] "GET /proxy.php?image=https%3A%2F%2Fi.imgur.com%2Fr0tCHeM.png&hash=58dd2bbfaf81cbfcd2d3e7fbdd81cb6c HTTP/1.1" 200 14887 "https://www.paladin-extensions.com/" "Mozilla/5.0 (Windows NT 10.0; Win64; x64) AppleWebKit/537.36 (KHTML, like Gecko) Chrome/71.0.3578.98 Safari/537.36"
174.3.135.102 - - [03/Feb/2019:12:31:23 -0500] "GET /styles/default/xenforo/smilies/emojione/sprite_sheet_emojione.png HTTP/1.1" 200 88702 "https://www.paladin-extensions.com/css.php?css=public%3Anormalize.css%2Cpublic%3Acore.less%2Cpublic%3Aapp.less&s=8&l=1&d=1549092504&k=edf6cfeed2b8b8213808b1692c79649ca17f77fa" "Mozilla/5.0 (Windows NT 10.0; Win64; x64) AppleWebKit/537.36 (KHTML, like Gecko) Chrome/71.0.3578.98 Safari/537.36"
174.3.135.102 - - [03/Feb/2019:12:31:24 -0500] "GET /styles/default/siropu/shoutbox/new.mp3 HTTP/1.1" 304 - "https://www.paladin-extensions.com/" "Mozilla/5.0 (Windows NT 10.0; Win64; x64) AppleWebKit/537.36 (KHTML, like Gecko) Chrome/71.0.3578.98 Safari/537.36"
174.3.135.102 - - [03/Feb/2019:12:31:25 -0500] "GET /index.php?shoutbox/refresh&last_id=139&_xfRequestUri=%2F&_xfWithData=1&_xfToken=1549215082%2C01e0978cad613ddcc09f566de7812fc5&_xfResponseType=json HTTP/1.1" 200 119 "https://www.paladin-extensions.com/" "Mozilla/5.0 (Windows NT 10.0; Win64; x64) AppleWebKit/537.36 (KHTML, like Gecko) Chrome/71.0.3578.98 Safari/537.36"
174.3.135.102 - - [03/Feb/2019:12:31:26 -0500] "GET /index.php?shoutbox/refresh&last_id=139&_xfRequestUri=%2F&_xfWithData=1&_xfToken=1549215082%2C01e0978cad613ddcc09f566de7812fc5&_xfResponseType=json HTTP/1.1" 200 119 "https://www.paladin-extensions.com/" "Mozilla/5.0 (Windows NT 10.0; Win64; x64) AppleWebKit/537.36 (KHTML, like Gecko) Chrome/71.0.3578.98 Safari/537.36"
174.3.135.102 - - [03/Feb/2019:12:31:27 -0500] "GET /index.php?shoutbox/refresh&last_id=139&_xfRequestUri=%2F&_xfWithData=1&_xfToken=1549215082%2C01e0978cad613ddcc09f566de7812fc5&_xfResponseType=json HTTP/1.1" 200 119 "https://www.paladin-extensions.com/" "Mozilla/5.0 (Windows NT 10.0; Win64; x64) AppleWebKit/537.36 (KHTML, like Gecko) Chrome/71.0.3578.98 Safari/537.36"
174.3.135.102 - - [03/Feb/2019:12:31:28 -0500] "GET /index.php?shoutbox/refresh&last_id=139&_xfRequestUri=%2F&_xfWithData=1&_xfToken=1549215082%2C01e0978cad613ddcc09f566de7812fc5&_xfResponseType=json HTTP/1.1" 200 119 "https://www.paladin-extensions.com/" "Mozilla/5.0 (Windows NT 10.0; Win64; x64) AppleWebKit/537.36 (KHTML, like Gecko) Chrome/71.0.3578.98 Safari/537.36"
174.3.135.102 - - [03/Feb/2019:12:31:29 -0500] "GET /index.php?shoutbox/refresh&last_id=139&_xfRequestUri=%2F&_xfWithData=1&_xfToken=1549215082%2C01e0978cad613ddcc09f566de7812fc5&_xfResponseType=json HTTP/1.1" 200 119 "https://www.paladin-extensions.com/" "Mozilla/5.0 (Windows NT 10.0; Win64; x64) AppleWebKit/537.36 (KHTML, like Gecko) Chrome/71.0.3578.98 Safari/537.36"
174.3.135.102 - - [03/Feb/2019:12:31:30 -0500] "GET /index.php?shoutbox/refresh&last_id=139&_xfRequestUri=%2F&_xfWithData=1&_xfToken=1549215082%2C01e0978cad613ddcc09f566de7812fc5&_xfResponseType=json HTTP/1.1" 200 119 "https://www.paladin-extensions.com/" "Mozilla/5.0 (Windows NT 10.0; Win64; x64) AppleWebKit/537.36 (KHTML, like Gecko) Chrome/71.0.3578.98 Safari/537.36"
174.3.135.102 - - [03/Feb/2019:12:31:31 -0500] "GET /index.php?shoutbox/refresh&last_id=139&_xfRequestUri=%2F&_xfWithData=1&_xfToken=1549215082%2C01e0978cad613ddcc09f566de7812fc5&_xfResponseType=json HTTP/1.1" 200 119 "https://www.paladin-extensions.com/" "Mozilla/5.0 (Windows NT 10.0; Win64; x64) AppleWebKit/537.36 (KHTML, like Gecko) Chrome/71.0.3578.98 Safari/537.36"
172.221.47.109 - - [03/Feb/2019:12:31:32 -0500] "POST /support/0/open HTTP/1.1" 200 281 "https://www.paladin-extensions.com/support/open" "Mozilla/5.0 (Windows NT 10.0; Win64; x64) AppleWebKit/537.36 (KHTML, like Gecko) Chrome/71.0.3578.98 Safari/537.36"
174.3.135.102 - - [03/Feb/2019:12:31:32 -0500] "GET /index.php?shoutbox/refresh&last_id=139&_xfRequestUri=%2F&_xfWithData=1&_xfToken=1549215082%2C01e0978cad613ddcc09f566de7812fc5&_xfResponseType=json HTTP/1.1" 200 119 "https://www.paladin-extensions.com/" "Mozilla/5.0 (Windows NT 10.0; Win64; x64) AppleWebKit/537.36 (KHTML, like Gecko) Chrome/71.0.3578.98 Safari/537.36"
174.3.135.102 - - [03/Feb/2019:12:31:33 -0500] "GET /index.php?shoutbox/refresh&last_id=139&_xfRequestUri=%2F&_xfWithData=1&_xfToken=1549215082%2C01e0978cad613ddcc09f566de7812fc5&_xfResponseType=json HTTP/1.1" 200 119 "https://www.paladin-extensions.com/" "Mozilla/5.0 (Windows NT 10.0; Win64; x64) AppleWebKit/537.36 (KHTML, like Gecko) Chrome/71.0.3578.98 Safari/537.36"
174.3.135.102 - - [03/Feb/2019:12:31:34 -0500] "GET /index.php?shoutbox/refresh&last_id=139&_xfRequestUri=%2F&_xfWithData=1&_xfToken=1549215082%2C01e0978cad613ddcc09f566de7812fc5&_xfResponseType=json HTTP/1.1" 200 119 "https://www.paladin-extensions.com/" "Mozilla/5.0 (Windows NT 10.0; Win64; x64) AppleWebKit/537.36 (KHTML, like Gecko) Chrome/71.0.3578.98 Safari/537.36"
174.3.135.102 - - [03/Feb/2019:12:31:35 -0500] "GET /index.php?shoutbox/refresh&last_id=139&_xfRequestUri=%2F&_xfWithData=1&_xfToken=1549215082%2C01e0978cad613ddcc09f566de7812fc5&_xfResponseType=json HTTP/1.1" 200 119 "https://www.paladin-extensions.com/" "Mozilla/5.0 (Windows NT 10.0; Win64; x64) AppleWebKit/537.36 (KHTML, like Gecko) Chrome/71.0.3578.98 Safari/537.36"
174.3.135.102 - - [03/Feb/2019:12:31:36 -0500] "GET /index.php?shoutbox/refresh&last_id=139&_xfRequestUri=%2F&_xfWithData=1&_xfToken=1549215082%2C01e0978cad613ddcc09f566de7812fc5&_xfResponseType=json HTTP/1.1" 200 119 "https://www.paladin-extensions.com/" "Mozilla/5.0 (Windows NT 10.0; Win64; x64) AppleWebKit/537.36 (KHTML, like Gecko) Chrome/71.0.3578.98 Safari/537.36"
174.3.135.102 - - [03/Feb/2019:12:31:37 -0500] "GET /index.php?shoutbox/refresh&last_id=139&_xfRequestUri=%2F&_xfWithData=1&_xfToken=1549215082%2C01e0978cad613ddcc09f566de7812fc5&_xfResponseType=json HTTP/1.1" 200 119 "https://www.paladin-extensions.com/" "Mozilla/5.0 (Windows NT 10.0; Win64; x64) AppleWebKit/537.36 (KHTML, like Gecko) Chrome/71.0.3578.98 Safari/537.36"
174.3.135.102 - - [03/Feb/2019:12:31:38 -0500] "GET /index.php?shoutbox/refresh&last_id=139&_xfRequestUri=%2F&_xfWithData=1&_xfToken=1549215082%2C01e0978cad613ddcc09f566de7812fc5&_xfResponseType=json HTTP/1.1" 200 119 "https://www.paladin-extensions.com/" "Mozilla/5.0 (Windows NT 10.0; Win64; x64) AppleWebKit/537.36 (KHTML, like Gecko) Chrome/71.0.3578.98 Safari/537.36"
174.3.135.102 - - [03/Feb/2019:12:31:39 -0500] "GET /index.php?shoutbox/refresh&last_id=139&_xfRequestUri=%2F&_xfWithData=1&_xfToken=1549215082%2C01e0978cad613ddcc09f566de7812fc5&_xfResponseType=json HTTP/1.1" 200 119 "https://www.paladin-extensions.com/" "Mozilla/5.0 (Windows NT 10.0; Win64; x64) AppleWebKit/537.36 (KHTML, like Gecko) Chrome/71.0.3578.98 Safari/537.36"
174.3.135.102 - - [03/Feb/2019:12:31:40 -0500] "GET /index.php?shoutbox/refresh&last_id=139&_xfRequestUri=%2F&_xfWithData=1&_xfToken=1549215082%2C01e0978cad613ddcc09f566de7812fc5&_xfResponseType=json HTTP/1.1" 200 119 "https://www.paladin-extensions.com/" "Mozilla/5.0 (Windows NT 10.0; Win64; x64) AppleWebKit/537.36 (KHTML, like Gecko) Chrome/71.0.3578.98 Safari/537.36"
174.3.135.102 - - [03/Feb/2019:12:31:41 -0500] "GET /index.php?shoutbox/refresh&last_id=139&_xfRequestUri=%2F&_xfWithData=1&_xfToken=1549215082%2C01e0978cad613ddcc09f566de7812fc5&_xfResponseType=json HTTP/1.1" 200 119 "https://www.paladin-extensions.com/" "Mozilla/5.0 (Windows NT 10.0; Win64; x64) AppleWebKit/537.36 (KHTML, like Gecko) Chrome/71.0.3578.98 Safari/537.36"
174.3.135.102 - - [03/Feb/2019:12:31:42 -0500] "GET /index.php?shoutbox/refresh&last_id=139&_xfRequestUri=%2F&_xfWithData=1&_xfToken=1549215082%2C01e0978cad613ddcc09f566de7812fc5&_xfResponseType=json HTTP/1.1" 200 119 "https://www.paladin-extensions.com/" "Mozilla/5.0 (Windows NT 10.0; Win64; x64) AppleWebKit/537.36 (KHTML, like Gecko) Chrome/71.0.3578.98 Safari/537.36"
172.221.47.109 - - [03/Feb/2019:12:31:42 -0500] "POST /support/0/draft HTTP/1.1" 200 195 "https://www.paladin-extensions.com/support/open" "Mozilla/5.0 (Windows NT 10.0; Win64; x64) AppleWebKit/537.36 (KHTML, like Gecko) Chrome/71.0.3578.98 Safari/537.36"
174.3.135.102 - - [03/Feb/2019:12:31:43 -0500] "GET /index.php?shoutbox/refresh&last_id=139&_xfRequestUri=%2F&_xfWithData=1&_xfToken=1549215082%2C01e0978cad613ddcc09f566de7812fc5&_xfResponseType=json HTTP/1.1" 200 119 "https://www.paladin-extensions.com/" "Mozilla/5.0 (Windows NT 10.0; Win64; x64) AppleWebKit/537.36 (KHTML, like Gecko) Chrome/71.0.3578.98 Safari/537.36"
174.3.135.102 - - [03/Feb/2019:12:31:44 -0500] "GET /index.php?shoutbox/refresh&last_id=139&_xfRequestUri=%2F&_xfWithData=1&_xfToken=1549215082%2C01e0978cad613ddcc09f566de7812fc5&_xfResponseType=json HTTP/1.1" 200 119 "https://www.paladin-extensions.com/" "Mozilla/5.0 (Windows NT 10.0; Win64; x64) AppleWebKit/537.36 (KHTML, like Gecko) Chrome/71.0.3578.98 Safari/537.36"
174.3.135.102 - - [03/Feb/2019:12:31:45 -0500] "GET /index.php?shoutbox/refresh&last_id=139&_xfRequestUri=%2F&_xfWithData=1&_xfToken=1549215082%2C01e0978cad613ddcc09f566de7812fc5&_xfResponseType=json HTTP/1.1" 200 119 "https://www.paladin-extensions.com/" "Mozilla/5.0 (Windows NT 10.0; Win64; x64) AppleWebKit/537.36 (KHTML, like Gecko) Chrome/71.0.3578.98 Safari/537.36"
174.3.135.102 - - [03/Feb/2019:12:31:46 -0500] "GET /index.php?shoutbox/refresh&last_id=139&_xfRequestUri=%2F&_xfWithData=1&_xfToken=1549215082%2C01e0978cad613ddcc09f566de7812fc5&_xfResponseType=json HTTP/1.1" 200 119 "https://www.paladin-extensions.com/" "Mozilla/5.0 (Windows NT 10.0; Win64; x64) AppleWebKit/537.36 (KHTML, like Gecko) Chrome/71.0.3578.98 Safari/537.36"
172.221.47.109 - - [03/Feb/2019:12:31:47 -0500] "POST /support/0/open HTTP/1.1" 200 244 "https://www.paladin-extensions.com/support/open" "Mozilla/5.0 (Windows NT 10.0; Win64; x64) AppleWebKit/537.36 (KHTML, like Gecko) Chrome/71.0.3578.98 Safari/537.36"
172.221.47.109 - - [03/Feb/2019:12:31:47 -0500] "GET /support/hwid-reset.7/ HTTP/1.1" 200 19440 "https://www.paladin-extensions.com/support/open" "Mozilla/5.0 (Windows NT 10.0; Win64; x64) AppleWebKit/537.36 (KHTML, like Gecko) Chrome/71.0.3578.98 Safari/537.36"
172.221.47.109 - - [03/Feb/2019:12:31:47 -0500] "GET /data/avatars/m/0/25.jpg?1544675776 HTTP/1.1" 200 3337 "https://www.paladin-extensions.com/support/hwid-reset.7/" "Mozilla/5.0 (Windows NT 10.0; Win64; x64) AppleWebKit/537.36 (KHTML, like Gecko) Chrome/71.0.3578.98 Safari/537.36"
172.221.47.109 - - [03/Feb/2019:12:31:47 -0500] "GET /css.php?css=public%3Aattachments.less%2Cpublic%3Aeditor.less%2Cpublic%3Akl_em_froala_image.less%2Cpublic%3Akl_em_froala_special_characters.less%2Cpublic%3Akl_em_froala_table.less%2Cpublic%3Alightbox.less%2Cpublic%3Amessage.less%2Cpublic%3Amjst.less%2Cpublic%3Aextra.less&s=8&l=1&d=1549092504&k=92d746065726fafd25de859df083105fc97cb15d HTTP/1.1" 200 21028 "https://www.paladin-extensions.com/support/hwid-reset.7/" "Mozilla/5.0 (Windows NT 10.0; Win64; x64) AppleWebKit/537.36 (KHTML, like Gecko) Chrome/71.0.3578.98 Safari/537.36"
174.3.135.102 - - [03/Feb/2019:12:31:47 -0500] "GET /index.php?shoutbox/refresh&last_id=139&_xfRequestUri=%2F&_xfWithData=1&_xfToken=1549215082%2C01e0978cad613ddcc09f566de7812fc5&_xfResponseType=json HTTP/1.1" 200 119 "https://www.paladin-extensions.com/" "Mozilla/5.0 (Windows NT 10.0; Win64; x64) AppleWebKit/537.36 (KHTML, like Gecko) Chrome/71.0.3578.98 Safari/537.36"
172.221.47.109 - - [03/Feb/2019:12:31:47 -0500] "GET /js/xf/message.min.js?_v=56a48e2b HTTP/1.1" 200 5930 "https://www.paladin-extensions.com/support/hwid-reset.7/" "Mozilla/5.0 (Windows NT 10.0; Win64; x64) AppleWebKit/537.36 (KHTML, like Gecko) Chrome/71.0.3578.98 Safari/537.36"
174.3.135.102 - - [03/Feb/2019:12:31:47 -0500] "GET /styles/uix_dark/images/favicon.png HTTP/1.1" 200 37099 "https://www.paladin-extensions.com/" "Mozilla/5.0 (Windows NT 10.0; Win64; x64) AppleWebKit/537.36 (KHTML, like Gecko) Chrome/71.0.3578.98 Safari/537.36"
172.221.47.109 - - [03/Feb/2019:12:31:48 -0500] "POST /job.php HTTP/1.1" 200 14 "https://www.paladin-extensions.com/support/hwid-reset.7/" "Mozilla/5.0 (Windows NT 10.0; Win64; x64) AppleWebKit/537.36 (KHTML, like Gecko) Chrome/71.0.3578.98 Safari/537.36"
174.3.135.102 - - [03/Feb/2019:12:31:48 -0500] "GET /index.php?shoutbox/refresh&last_id=139&_xfRequestUri=%2F&_xfWithData=1&_xfToken=1549215082%2C01e0978cad613ddcc09f566de7812fc5&_xfResponseType=json HTTP/1.1" 200 119 "https://www.paladin-extensions.com/" "Mozilla/5.0 (Windows NT 10.0; Win64; x64) AppleWebKit/537.36 (KHTML, like Gecko) Chrome/71.0.3578.98 Safari/537.36"
174.3.135.102 - - [03/Feb/2019:12:31:49 -0500] "GET /index.php?shoutbox/refresh&last_id=139&_xfRequestUri=%2F&_xfWithData=1&_xfToken=1549215082%2C01e0978cad613ddcc09f566de7812fc5&_xfResponseType=json HTTP/1.1" 200 119 "https://www.paladin-extensions.com/" "Mozilla/5.0 (Windows NT 10.0; Win64; x64) AppleWebKit/537.36 (KHTML, like Gecko) Chrome/71.0.3578.98 Safari/537.36"
172.221.47.109 - - [03/Feb/2019:12:31:47 -0500] "POST /job.php HTTP/1.1" 200 14 "https://www.paladin-extensions.com/support/open" "Mozilla/5.0 (Windows NT 10.0; Win64; x64) AppleWebKit/537.36 (KHTML, like Gecko) Chrome/71.0.3578.98 Safari/537.36"
174.3.135.102 - - [03/Feb/2019:12:31:50 -0500] "GET /index.php?shoutbox/refresh&last_id=139&_xfRequestUri=%2F&_xfWithData=1&_xfToken=1549215082%2C01e0978cad613ddcc09f566de7812fc5&_xfResponseType=json HTTP/1.1" 200 119 "https://www.paladin-extensions.com/" "Mozilla/5.0 (Windows NT 10.0; Win64; x64) AppleWebKit/537.36 (KHTML, like Gecko) Chrome/71.0.3578.98 Safari/537.36"
174.3.135.102 - - [03/Feb/2019:12:31:51 -0500] "GET /index.php?shoutbox/refresh&last_id=139&_xfRequestUri=%2F&_xfWithData=1&_xfToken=1549215082%2C01e0978cad613ddcc09f566de7812fc5&_xfResponseType=json HTTP/1.1" 200 119 "https://www.paladin-extensions.com/" "Mozilla/5.0 (Windows NT 10.0; Win64; x64) AppleWebKit/537.36 (KHTML, like Gecko) Chrome/71.0.3578.98 Safari/537.36"
174.3.135.102 - - [03/Feb/2019:12:31:52 -0500] "GET /index.php?shoutbox/refresh&last_id=139&_xfRequestUri=%2F&_xfWithData=1&_xfToken=1549215082%2C01e0978cad613ddcc09f566de7812fc5&_xfResponseType=json HTTP/1.1" 200 119 "https://www.paladin-extensions.com/" "Mozilla/5.0 (Windows NT 10.0; Win64; x64) AppleWebKit/537.36 (KHTML, like Gecko) Chrome/71.0.3578.98 Safari/537.36"
174.3.135.102 - - [03/Feb/2019:12:31:53 -0500] "GET /index.php?shoutbox/refresh&last_id=139&_xfRequestUri=%2F&_xfWithData=1&_xfToken=1549215082%2C01e0978cad613ddcc09f566de7812fc5&_xfResponseType=json HTTP/1.1" 200 119 "https://www.paladin-extensions.com/" "Mozilla/5.0 (Windows NT 10.0; Win64; x64) AppleWebKit/537.36 (KHTML, like Gecko) Chrome/71.0.3578.98 Safari/537.36"
174.3.135.102 - - [03/Feb/2019:12:31:54 -0500] "GET /index.php?shoutbox/refresh&last_id=139&_xfRequestUri=%2F&_xfWithData=1&_xfToken=1549215082%2C01e0978cad613ddcc09f566de7812fc5&_xfResponseType=json HTTP/1.1" 200 119 "https://www.paladin-extensions.com/" "Mozilla/5.0 (Windows NT 10.0; Win64; x64) AppleWebKit/537.36 (KHTML, like Gecko) Chrome/71.0.3578.98 Safari/537.36"
174.3.135.102 - - [03/Feb/2019:12:31:55 -0500] "GET /index.php?shoutbox/refresh&last_id=139&_xfRequestUri=%2F&_xfWithData=1&_xfToken=1549215082%2C01e0978cad613ddcc09f566de7812fc5&_xfResponseType=json HTTP/1.1" 200 119 "https://www.paladin-extensions.com/" "Mozilla/5.0 (Windows NT 10.0; Win64; x64) AppleWebKit/537.36 (KHTML, like Gecko) Chrome/71.0.3578.98 Safari/537.36"
174.3.135.102 - - [03/Feb/2019:12:31:56 -0500] "GET /index.php?shoutbox/refresh&last_id=139&_xfRequestUri=%2F&_xfWithData=1&_xfToken=1549215082%2C01e0978cad613ddcc09f566de7812fc5&_xfResponseType=json HTTP/1.1" 200 119 "https://www.paladin-extensions.com/" "Mozilla/5.0 (Windows NT 10.0; Win64; x64) AppleWebKit/537.36 (KHTML, like Gecko) Chrome/71.0.3578.98 Safari/537.36"
174.3.135.102 - - [03/Feb/2019:12:31:57 -0500] "GET /index.php?shoutbox/refresh&last_id=139&_xfRequestUri=%2F&_xfWithData=1&_xfToken=1549215082%2C01e0978cad613ddcc09f566de7812fc5&_xfResponseType=json HTTP/1.1" 200 119 "https://www.paladin-extensions.com/" "Mozilla/5.0 (Windows NT 10.0; Win64; x64) AppleWebKit/537.36 (KHTML, like Gecko) Chrome/71.0.3578.98 Safari/537.36"
174.3.135.102 - - [03/Feb/2019:12:31:58 -0500] "GET /index.php?shoutbox/refresh&last_id=139&_xfRequestUri=%2F&_xfWithData=1&_xfToken=1549215082%2C01e0978cad613ddcc09f566de7812fc5&_xfResponseType=json HTTP/1.1" 200 119 "https://www.paladin-extensions.com/" "Mozilla/5.0 (Windows NT 10.0; Win64; x64) AppleWebKit/537.36 (KHTML, like Gecko) Chrome/71.0.3578.98 Safari/537.36"
174.3.135.102 - - [03/Feb/2019:12:31:59 -0500] "GET /index.php?shoutbox/refresh&last_id=139&_xfRequestUri=%2F&_xfWithData=1&_xfToken=1549215082%2C01e0978cad613ddcc09f566de7812fc5&_xfResponseType=json HTTP/1.1" 200 119 "https://www.paladin-extensions.com/" "Mozilla/5.0 (Windows NT 10.0; Win64; x64) AppleWebKit/537.36 (KHTML, like Gecko) Chrome/71.0.3578.98 Safari/537.36"
174.3.135.102 - - [03/Feb/2019:12:32:00 -0500] "GET /index.php?shoutbox/refresh&last_id=139&_xfRequestUri=%2F&_xfWithData=1&_xfToken=1549215082%2C01e0978cad613ddcc09f566de7812fc5&_xfResponseType=json HTTP/1.1" 200 119 "https://www.paladin-extensions.com/" "Mozilla/5.0 (Windows NT 10.0; Win64; x64) AppleWebKit/537.36 (KHTML, like Gecko) Chrome/71.0.3578.98 Safari/537.36"
174.3.135.102 - - [03/Feb/2019:12:32:01 -0500] "GET /index.php?shoutbox/refresh&last_id=139&_xfRequestUri=%2F&_xfWithData=1&_xfToken=1549215082%2C01e0978cad613ddcc09f566de7812fc5&_xfResponseType=json HTTP/1.1" 200 119 "https://www.paladin-extensions.com/" "Mozilla/5.0 (Windows NT 10.0; Win64; x64) AppleWebKit/537.36 (KHTML, like Gecko) Chrome/71.0.3578.98 Safari/537.36"
174.3.135.102 - - [03/Feb/2019:12:32:02 -0500] "GET /index.php?shoutbox/refresh&last_id=139&_xfRequestUri=%2F&_xfWithData=1&_xfToken=1549215082%2C01e0978cad613ddcc09f566de7812fc5&_xfResponseType=json HTTP/1.1" 200 119 "https://www.paladin-extensions.com/" "Mozilla/5.0 (Windows NT 10.0; Win64; x64) AppleWebKit/537.36 (KHTML, like Gecko) Chrome/71.0.3578.98 Safari/537.36"
174.3.135.102 - - [03/Feb/2019:12:32:03 -0500] "GET /index.php?shoutbox/refresh&last_id=139&_xfRequestUri=%2F&_xfWithData=1&_xfToken=1549215082%2C01e0978cad613ddcc09f566de7812fc5&_xfResponseType=json HTTP/1.1" 200 119 "https://www.paladin-extensions.com/" "Mozilla/5.0 (Windows NT 10.0; Win64; x64) AppleWebKit/537.36 (KHTML, like Gecko) Chrome/71.0.3578.98 Safari/537.36"
174.3.135.102 - - [03/Feb/2019:12:32:04 -0500] "GET /index.php?shoutbox/refresh&last_id=139&_xfRequestUri=%2F&_xfWithData=1&_xfToken=1549215082%2C01e0978cad613ddcc09f566de7812fc5&_xfResponseType=json HTTP/1.1" 200 119 "https://www.paladin-extensions.com/" "Mozilla/5.0 (Windows NT 10.0; Win64; x64) AppleWebKit/537.36 (KHTML, like Gecko) Chrome/71.0.3578.98 Safari/537.36"
174.3.135.102 - - [03/Feb/2019:12:32:05 -0500] "GET /index.php?shoutbox/refresh&last_id=139&_xfRequestUri=%2F&_xfWithData=1&_xfToken=1549215082%2C01e0978cad613ddcc09f566de7812fc5&_xfResponseType=json HTTP/1.1" 200 119 "https://www.paladin-extensions.com/" "Mozilla/5.0 (Windows NT 10.0; Win64; x64) AppleWebKit/537.36 (KHTML, like Gecko) Chrome/71.0.3578.98 Safari/537.36"
174.3.135.102 - - [03/Feb/2019:12:32:06 -0500] "GET /index.php?shoutbox/refresh&last_id=139&_xfRequestUri=%2F&_xfWithData=1&_xfToken=1549215082%2C01e0978cad613ddcc09f566de7812fc5&_xfResponseType=json HTTP/1.1" 200 119 "https://www.paladin-extensions.com/" "Mozilla/5.0 (Windows NT 10.0; Win64; x64) AppleWebKit/537.36 (KHTML, like Gecko) Chrome/71.0.3578.98 Safari/537.36"
174.3.135.102 - - [03/Feb/2019:12:32:07 -0500] "GET /index.php?shoutbox/refresh&last_id=139&_xfRequestUri=%2F&_xfWithData=1&_xfToken=1549215082%2C01e0978cad613ddcc09f566de7812fc5&_xfResponseType=json HTTP/1.1" 200 119 "https://www.paladin-extensions.com/" "Mozilla/5.0 (Windows NT 10.0; Win64; x64) AppleWebKit/537.36 (KHTML, like Gecko) Chrome/71.0.3578.98 Safari/537.36"
174.3.135.102 - - [03/Feb/2019:12:32:08 -0500] "GET /index.php?shoutbox/refresh&last_id=139&_xfRequestUri=%2F&_xfWithData=1&_xfToken=1549215082%2C01e0978cad613ddcc09f566de7812fc5&_xfResponseType=json HTTP/1.1" 200 119 "https://www.paladin-extensions.com/" "Mozilla/5.0 (Windows NT 10.0; Win64; x64) AppleWebKit/537.36 (KHTML, like Gecko) Chrome/71.0.3578.98 Safari/537.36"
174.3.135.102 - - [03/Feb/2019:12:32:09 -0500] "GET /index.php?shoutbox/refresh&last_id=139&_xfRequestUri=%2F&_xfWithData=1&_xfToken=1549215082%2C01e0978cad613ddcc09f566de7812fc5&_xfResponseType=json HTTP/1.1" 200 119 "https://www.paladin-extensions.com/" "Mozilla/5.0 (Windows NT 10.0; Win64; x64) AppleWebKit/537.36 (KHTML, like Gecko) Chrome/71.0.3578.98 Safari/537.36"
174.3.135.102 - - [03/Feb/2019:12:32:10 -0500] "GET /index.php?shoutbox/refresh&last_id=139&_xfRequestUri=%2F&_xfWithData=1&_xfToken=1549215082%2C01e0978cad613ddcc09f566de7812fc5&_xfResponseType=json HTTP/1.1" 200 119 "https://www.paladin-extensions.com/" "Mozilla/5.0 (Windows NT 10.0; Win64; x64) AppleWebKit/537.36 (KHTML, like Gecko) Chrome/71.0.3578.98 Safari/537.36"
174.3.135.102 - - [03/Feb/2019:12:32:11 -0500] "GET /index.php?shoutbox/refresh&last_id=139&_xfRequestUri=%2F&_xfWithData=1&_xfToken=1549215082%2C01e0978cad613ddcc09f566de7812fc5&_xfResponseType=json HTTP/1.1" 200 119 "https://www.paladin-extensions.com/" "Mozilla/5.0 (Windows NT 10.0; Win64; x64) AppleWebKit/537.36 (KHTML, like Gecko) Chrome/71.0.3578.98 Safari/537.36"
174.3.135.102 - - [03/Feb/2019:12:32:12 -0500] "GET /index.php?shoutbox/refresh&last_id=139&_xfRequestUri=%2F&_xfWithData=1&_xfToken=1549215082%2C01e0978cad613ddcc09f566de7812fc5&_xfResponseType=json HTTP/1.1" 200 119 "https://www.paladin-extensions.com/" "Mozilla/5.0 (Windows NT 10.0; Win64; x64) AppleWebKit/537.36 (KHTML, like Gecko) Chrome/71.0.3578.98 Safari/537.36"
174.3.135.102 - - [03/Feb/2019:12:32:13 -0500] "GET /index.php?shoutbox/refresh&last_id=139&_xfRequestUri=%2F&_xfWithData=1&_xfToken=1549215082%2C01e0978cad613ddcc09f566de7812fc5&_xfResponseType=json HTTP/1.1" 200 119 "https://www.paladin-extensions.com/" "Mozilla/5.0 (Windows NT 10.0; Win64; x64) AppleWebKit/537.36 (KHTML, like Gecko) Chrome/71.0.3578.98 Safari/537.36"
174.3.135.102 - - [03/Feb/2019:12:32:14 -0500] "GET /index.php?shoutbox/refresh&last_id=139&_xfRequestUri=%2F&_xfWithData=1&_xfToken=1549215082%2C01e0978cad613ddcc09f566de7812fc5&_xfResponseType=json HTTP/1.1" 200 119 "https://www.paladin-extensions.com/" "Mozilla/5.0 (Windows NT 10.0; Win64; x64) AppleWebKit/537.36 (KHTML, like Gecko) Chrome/71.0.3578.98 Safari/537.36"
174.3.135.102 - - [03/Feb/2019:12:32:15 -0500] "GET /index.php?shoutbox/refresh&last_id=139&_xfRequestUri=%2F&_xfWithData=1&_xfToken=1549215082%2C01e0978cad613ddcc09f566de7812fc5&_xfResponseType=json HTTP/1.1" 200 119 "https://www.paladin-extensions.com/" "Mozilla/5.0 (Windows NT 10.0; Win64; x64) AppleWebKit/537.36 (KHTML, like Gecko) Chrome/71.0.3578.98 Safari/537.36"
172.221.47.109 - - [03/Feb/2019:12:32:16 -0500] "GET / HTTP/1.1" 200 47898 "https://www.paladin-extensions.com/support/hwid-reset.7/" "Mozilla/5.0 (Windows NT 10.0; Win64; x64) AppleWebKit/537.36 (KHTML, like Gecko) Chrome/71.0.3578.98 Safari/537.36"
174.3.135.102 - - [03/Feb/2019:12:32:16 -0500] "GET /index.php?shoutbox/refresh&last_id=139&_xfRequestUri=%2F&_xfWithData=1&_xfToken=1549215082%2C01e0978cad613ddcc09f566de7812fc5&_xfResponseType=json HTTP/1.1" 200 119 "https://www.paladin-extensions.com/" "Mozilla/5.0 (Windows NT 10.0; Win64; x64) AppleWebKit/537.36 (KHTML, like Gecko) Chrome/71.0.3578.98 Safari/537.36"
172.221.47.109 - - [03/Feb/2019:12:32:16 -0500] "GET /proxy.php?image=https%3A%2F%2Fi.imgur.com%2Fr0tCHeM.png&hash=58dd2bbfaf81cbfcd2d3e7fbdd81cb6c HTTP/1.1" 304 - "https://www.paladin-extensions.com/" "Mozilla/5.0 (Windows NT 10.0; Win64; x64) AppleWebKit/537.36 (KHTML, like Gecko) Chrome/71.0.3578.98 Safari/537.36"
172.221.47.109 - - [03/Feb/2019:12:32:16 -0500] "POST /job.php HTTP/1.1" 200 14 "https://www.paladin-extensions.com/" "Mozilla/5.0 (Windows NT 10.0; Win64; x64) AppleWebKit/537.36 (KHTML, like Gecko) Chrome/71.0.3578.98 Safari/537.36"
174.3.135.102 - - [03/Feb/2019:12:32:17 -0500] "GET /index.php?shoutbox/refresh&last_id=139&_xfRequestUri=%2F&_xfWithData=1&_xfToken=1549215082%2C01e0978cad613ddcc09f566de7812fc5&_xfResponseType=json HTTP/1.1" 200 119 "https://www.paladin-extensions.com/" "Mozilla/5.0 (Windows NT 10.0; Win64; x64) AppleWebKit/537.36 (KHTML, like Gecko) Chrome/71.0.3578.98 Safari/537.36"
172.221.47.109 - - [03/Feb/2019:12:32:17 -0500] "GET /index.php?shoutbox/refresh&last_id=139&_xfRequestUri=%2F&_xfWithData=1&_xfToken=1549215136%2C63c921fbb25c3a4bd37103e760af250c&_xfResponseType=json HTTP/1.1" 200 119 "https://www.paladin-extensions.com/" "Mozilla/5.0 (Windows NT 10.0; Win64; x64) AppleWebKit/537.36 (KHTML, like Gecko) Chrome/71.0.3578.98 Safari/537.36"
174.3.135.102 - - [03/Feb/2019:12:32:18 -0500] "GET /index.php?shoutbox/refresh&last_id=139&_xfRequestUri=%2F&_xfWithData=1&_xfToken=1549215082%2C01e0978cad613ddcc09f566de7812fc5&_xfResponseType=json HTTP/1.1" 200 119 "https://www.paladin-extensions.com/" "Mozilla/5.0 (Windows NT 10.0; Win64; x64) AppleWebKit/537.36 (KHTML, like Gecko) Chrome/71.0.3578.98 Safari/537.36"
172.221.47.109 - - [03/Feb/2019:12:32:18 -0500] "GET /index.php?shoutbox/refresh&last_id=139&_xfRequestUri=%2F&_xfWithData=1&_xfToken=1549215136%2C63c921fbb25c3a4bd37103e760af250c&_xfResponseType=json HTTP/1.1" 200 119 "https://www.paladin-extensions.com/" "Mozilla/5.0 (Windows NT 10.0; Win64; x64) AppleWebKit/537.36 (KHTML, like Gecko) Chrome/71.0.3578.98 Safari/537.36"
174.3.135.102 - - [03/Feb/2019:12:32:19 -0500] "GET /index.php?shoutbox/refresh&last_id=139&_xfRequestUri=%2F&_xfWithData=1&_xfToken=1549215082%2C01e0978cad613ddcc09f566de7812fc5&_xfResponseType=json HTTP/1.1" 200 119 "https://www.paladin-extensions.com/" "Mozilla/5.0 (Windows NT 10.0; Win64; x64) AppleWebKit/537.36 (KHTML, like Gecko) Chrome/71.0.3578.98 Safari/537.36"
172.221.47.109 - - [03/Feb/2019:12:32:19 -0500] "GET /index.php?shoutbox/refresh&last_id=139&_xfRequestUri=%2F&_xfWithData=1&_xfToken=1549215136%2C63c921fbb25c3a4bd37103e760af250c&_xfResponseType=json HTTP/1.1" 200 119 "https://www.paladin-extensions.com/" "Mozilla/5.0 (Windows NT 10.0; Win64; x64) AppleWebKit/537.36 (KHTML, like Gecko) Chrome/71.0.3578.98 Safari/537.36"
174.3.135.102 - - [03/Feb/2019:12:32:20 -0500] "GET /index.php?shoutbox/refresh&last_id=139&_xfRequestUri=%2F&_xfWithData=1&_xfToken=1549215082%2C01e0978cad613ddcc09f566de7812fc5&_xfResponseType=json HTTP/1.1" 200 119 "https://www.paladin-extensions.com/" "Mozilla/5.0 (Windows NT 10.0; Win64; x64) AppleWebKit/537.36 (KHTML, like Gecko) Chrome/71.0.3578.98 Safari/537.36"
172.221.47.109 - - [03/Feb/2019:12:32:20 -0500] "GET /index.php?shoutbox/refresh&last_id=139&_xfRequestUri=%2F&_xfWithData=1&_xfToken=1549215136%2C63c921fbb25c3a4bd37103e760af250c&_xfResponseType=json HTTP/1.1" 200 119 "https://www.paladin-extensions.com/" "Mozilla/5.0 (Windows NT 10.0; Win64; x64) AppleWebKit/537.36 (KHTML, like Gecko) Chrome/71.0.3578.98 Safari/537.36"
174.3.135.102 - - [03/Feb/2019:12:32:21 -0500] "GET /index.php?shoutbox/refresh&last_id=139&_xfRequestUri=%2F&_xfWithData=1&_xfToken=1549215082%2C01e0978cad613ddcc09f566de7812fc5&_xfResponseType=json HTTP/1.1" 200 119 "https://www.paladin-extensions.com/" "Mozilla/5.0 (Windows NT 10.0; Win64; x64) AppleWebKit/537.36 (KHTML, like Gecko) Chrome/71.0.3578.98 Safari/537.36"
172.221.47.109 - - [03/Feb/2019:12:32:21 -0500] "GET /index.php?shoutbox/refresh&last_id=139&_xfRequestUri=%2F&_xfWithData=1&_xfToken=1549215136%2C63c921fbb25c3a4bd37103e760af250c&_xfResponseType=json HTTP/1.1" 200 119 "https://www.paladin-extensions.com/" "Mozilla/5.0 (Windows NT 10.0; Win64; x64) AppleWebKit/537.36 (KHTML, like Gecko) Chrome/71.0.3578.98 Safari/537.36"
174.3.135.102 - - [03/Feb/2019:12:32:22 -0500] "GET /index.php?shoutbox/refresh&last_id=139&_xfRequestUri=%2F&_xfWithData=1&_xfToken=1549215082%2C01e0978cad613ddcc09f566de7812fc5&_xfResponseType=json HTTP/1.1" 200 119 "https://www.paladin-extensions.com/" "Mozilla/5.0 (Windows NT 10.0; Win64; x64) AppleWebKit/537.36 (KHTML, like Gecko) Chrome/71.0.3578.98 Safari/537.36"
172.221.47.109 - - [03/Feb/2019:12:32:22 -0500] "GET /index.php?shoutbox/refresh&last_id=139&_xfRequestUri=%2F&_xfWithData=1&_xfToken=1549215136%2C63c921fbb25c3a4bd37103e760af250c&_xfResponseType=json HTTP/1.1" 200 119 "https://www.paladin-extensions.com/" "Mozilla/5.0 (Windows NT 10.0; Win64; x64) AppleWebKit/537.36 (KHTML, like Gecko) Chrome/71.0.3578.98 Safari/537.36"
174.3.135.102 - - [03/Feb/2019:12:32:23 -0500] "GET /index.php?shoutbox/refresh&last_id=139&_xfRequestUri=%2F&_xfWithData=1&_xfToken=1549215082%2C01e0978cad613ddcc09f566de7812fc5&_xfResponseType=json HTTP/1.1" 200 119 "https://www.paladin-extensions.com/" "Mozilla/5.0 (Windows NT 10.0; Win64; x64) AppleWebKit/537.36 (KHTML, like Gecko) Chrome/71.0.3578.98 Safari/537.36"
172.221.47.109 - - [03/Feb/2019:12:32:23 -0500] "GET /index.php?shoutbox/refresh&last_id=139&_xfRequestUri=%2F&_xfWithData=1&_xfToken=1549215136%2C63c921fbb25c3a4bd37103e760af250c&_xfResponseType=json HTTP/1.1" 200 119 "https://www.paladin-extensions.com/" "Mozilla/5.0 (Windows NT 10.0; Win64; x64) AppleWebKit/537.36 (KHTML, like Gecko) Chrome/71.0.3578.98 Safari/537.36"
174.3.135.102 - - [03/Feb/2019:12:32:24 -0500] "GET /index.php?shoutbox/refresh&last_id=139&_xfRequestUri=%2F&_xfWithData=1&_xfToken=1549215082%2C01e0978cad613ddcc09f566de7812fc5&_xfResponseType=json HTTP/1.1" 200 119 "https://www.paladin-extensions.com/" "Mozilla/5.0 (Windows NT 10.0; Win64; x64) AppleWebKit/537.36 (KHTML, like Gecko) Chrome/71.0.3578.98 Safari/537.36"
172.221.47.109 - - [03/Feb/2019:12:32:24 -0500] "GET /index.php?shoutbox/refresh&last_id=139&_xfRequestUri=%2F&_xfWithData=1&_xfToken=1549215136%2C63c921fbb25c3a4bd37103e760af250c&_xfResponseType=json HTTP/1.1" 200 119 "https://www.paladin-extensions.com/" "Mozilla/5.0 (Windows NT 10.0; Win64; x64) AppleWebKit/537.36 (KHTML, like Gecko) Chrome/71.0.3578.98 Safari/537.36"
174.3.135.102 - - [03/Feb/2019:12:32:25 -0500] "GET /index.php?shoutbox/refresh&last_id=139&_xfRequestUri=%2F&_xfWithData=1&_xfToken=1549215082%2C01e0978cad613ddcc09f566de7812fc5&_xfResponseType=json HTTP/1.1" 200 119 "https://www.paladin-extensions.com/" "Mozilla/5.0 (Windows NT 10.0; Win64; x64) AppleWebKit/537.36 (KHTML, like Gecko) Chrome/71.0.3578.98 Safari/537.36"
172.221.47.109 - - [03/Feb/2019:12:32:25 -0500] "GET /index.php?shoutbox/refresh&last_id=139&_xfRequestUri=%2F&_xfWithData=1&_xfToken=1549215136%2C63c921fbb25c3a4bd37103e760af250c&_xfResponseType=json HTTP/1.1" 200 119 "https://www.paladin-extensions.com/" "Mozilla/5.0 (Windows NT 10.0; Win64; x64) AppleWebKit/537.36 (KHTML, like Gecko) Chrome/71.0.3578.98 Safari/537.36"
174.3.135.102 - - [03/Feb/2019:12:32:26 -0500] "GET /index.php?shoutbox/refresh&last_id=139&_xfRequestUri=%2F&_xfWithData=1&_xfToken=1549215082%2C01e0978cad613ddcc09f566de7812fc5&_xfResponseType=json HTTP/1.1" 200 119 "https://www.paladin-extensions.com/" "Mozilla/5.0 (Windows NT 10.0; Win64; x64) AppleWebKit/537.36 (KHTML, like Gecko) Chrome/71.0.3578.98 Safari/537.36"
172.221.47.109 - - [03/Feb/2019:12:32:26 -0500] "GET /index.php?shoutbox/refresh&last_id=139&_xfRequestUri=%2F&_xfWithData=1&_xfToken=1549215136%2C63c921fbb25c3a4bd37103e760af250c&_xfResponseType=json HTTP/1.1" 200 119 "https://www.paladin-extensions.com/" "Mozilla/5.0 (Windows NT 10.0; Win64; x64) AppleWebKit/537.36 (KHTML, like Gecko) Chrome/71.0.3578.98 Safari/537.36"
174.3.135.102 - - [03/Feb/2019:12:32:27 -0500] "GET /index.php?shoutbox/refresh&last_id=139&_xfRequestUri=%2F&_xfWithData=1&_xfToken=1549215082%2C01e0978cad613ddcc09f566de7812fc5&_xfResponseType=json HTTP/1.1" 200 119 "https://www.paladin-extensions.com/" "Mozilla/5.0 (Windows NT 10.0; Win64; x64) AppleWebKit/537.36 (KHTML, like Gecko) Chrome/71.0.3578.98 Safari/537.36"
172.221.47.109 - - [03/Feb/2019:12:32:27 -0500] "GET /index.php?shoutbox/refresh&last_id=139&_xfRequestUri=%2F&_xfWithData=1&_xfToken=1549215136%2C63c921fbb25c3a4bd37103e760af250c&_xfResponseType=json HTTP/1.1" 200 119 "https://www.paladin-extensions.com/" "Mozilla/5.0 (Windows NT 10.0; Win64; x64) AppleWebKit/537.36 (KHTML, like Gecko) Chrome/71.0.3578.98 Safari/537.36"
174.3.135.102 - - [03/Feb/2019:12:32:28 -0500] "GET /index.php?shoutbox/refresh&last_id=139&_xfRequestUri=%2F&_xfWithData=1&_xfToken=1549215082%2C01e0978cad613ddcc09f566de7812fc5&_xfResponseType=json HTTP/1.1" 200 119 "https://www.paladin-extensions.com/" "Mozilla/5.0 (Windows NT 10.0; Win64; x64) AppleWebKit/537.36 (KHTML, like Gecko) Chrome/71.0.3578.98 Safari/537.36"
172.221.47.109 - - [03/Feb/2019:12:32:28 -0500] "GET /index.php?shoutbox/refresh&last_id=139&_xfRequestUri=%2F&_xfWithData=1&_xfToken=1549215136%2C63c921fbb25c3a4bd37103e760af250c&_xfResponseType=json HTTP/1.1" 200 119 "https://www.paladin-extensions.com/" "Mozilla/5.0 (Windows NT 10.0; Win64; x64) AppleWebKit/537.36 (KHTML, like Gecko) Chrome/71.0.3578.98 Safari/537.36"
174.3.135.102 - - [03/Feb/2019:12:32:29 -0500] "GET /index.php?shoutbox/refresh&last_id=139&_xfRequestUri=%2F&_xfWithData=1&_xfToken=1549215082%2C01e0978cad613ddcc09f566de7812fc5&_xfResponseType=json HTTP/1.1" 200 119 "https://www.paladin-extensions.com/" "Mozilla/5.0 (Windows NT 10.0; Win64; x64) AppleWebKit/537.36 (KHTML, like Gecko) Chrome/71.0.3578.98 Safari/537.36"
172.221.47.109 - - [03/Feb/2019:12:32:29 -0500] "GET /index.php?shoutbox/refresh&last_id=139&_xfRequestUri=%2F&_xfWithData=1&_xfToken=1549215136%2C63c921fbb25c3a4bd37103e760af250c&_xfResponseType=json HTTP/1.1" 200 119 "https://www.paladin-extensions.com/" "Mozilla/5.0 (Windows NT 10.0; Win64; x64) AppleWebKit/537.36 (KHTML, like Gecko) Chrome/71.0.3578.98 Safari/537.36"
174.3.135.102 - - [03/Feb/2019:12:32:30 -0500] "GET /index.php?shoutbox/refresh&last_id=139&_xfRequestUri=%2F&_xfWithData=1&_xfToken=1549215082%2C01e0978cad613ddcc09f566de7812fc5&_xfResponseType=json HTTP/1.1" 200 119 "https://www.paladin-extensions.com/" "Mozilla/5.0 (Windows NT 10.0; Win64; x64) AppleWebKit/537.36 (KHTML, like Gecko) Chrome/71.0.3578.98 Safari/537.36"
172.221.47.109 - - [03/Feb/2019:12:32:30 -0500] "GET /index.php?shoutbox/refresh&last_id=139&_xfRequestUri=%2F&_xfWithData=1&_xfToken=1549215136%2C63c921fbb25c3a4bd37103e760af250c&_xfResponseType=json HTTP/1.1" 200 119 "https://www.paladin-extensions.com/" "Mozilla/5.0 (Windows NT 10.0; Win64; x64) AppleWebKit/537.36 (KHTML, like Gecko) Chrome/71.0.3578.98 Safari/537.36"
174.3.135.102 - - [03/Feb/2019:12:32:31 -0500] "GET /index.php?shoutbox/refresh&last_id=139&_xfRequestUri=%2F&_xfWithData=1&_xfToken=1549215082%2C01e0978cad613ddcc09f566de7812fc5&_xfResponseType=json HTTP/1.1" 200 119 "https://www.paladin-extensions.com/" "Mozilla/5.0 (Windows NT 10.0; Win64; x64) AppleWebKit/537.36 (KHTML, like Gecko) Chrome/71.0.3578.98 Safari/537.36"
172.221.47.109 - - [03/Feb/2019:12:32:31 -0500] "GET /index.php?shoutbox/refresh&last_id=139&_xfRequestUri=%2F&_xfWithData=1&_xfToken=1549215136%2C63c921fbb25c3a4bd37103e760af250c&_xfResponseType=json HTTP/1.1" 200 119 "https://www.paladin-extensions.com/" "Mozilla/5.0 (Windows NT 10.0; Win64; x64) AppleWebKit/537.36 (KHTML, like Gecko) Chrome/71.0.3578.98 Safari/537.36"
174.3.135.102 - - [03/Feb/2019:12:32:32 -0500] "GET /index.php?shoutbox/refresh&last_id=139&_xfRequestUri=%2F&_xfWithData=1&_xfToken=1549215082%2C01e0978cad613ddcc09f566de7812fc5&_xfResponseType=json HTTP/1.1" 200 119 "https://www.paladin-extensions.com/" "Mozilla/5.0 (Windows NT 10.0; Win64; x64) AppleWebKit/537.36 (KHTML, like Gecko) Chrome/71.0.3578.98 Safari/537.36"
172.221.47.109 - - [03/Feb/2019:12:32:32 -0500] "GET /index.php?shoutbox/refresh&last_id=139&_xfRequestUri=%2F&_xfWithData=1&_xfToken=1549215136%2C63c921fbb25c3a4bd37103e760af250c&_xfResponseType=json HTTP/1.1" 200 119 "https://www.paladin-extensions.com/" "Mozilla/5.0 (Windows NT 10.0; Win64; x64) AppleWebKit/537.36 (KHTML, like Gecko) Chrome/71.0.3578.98 Safari/537.36"
174.3.135.102 - - [03/Feb/2019:12:32:33 -0500] "GET /index.php?shoutbox/refresh&last_id=139&_xfRequestUri=%2F&_xfWithData=1&_xfToken=1549215082%2C01e0978cad613ddcc09f566de7812fc5&_xfResponseType=json HTTP/1.1" 200 119 "https://www.paladin-extensions.com/" "Mozilla/5.0 (Windows NT 10.0; Win64; x64) AppleWebKit/537.36 (KHTML, like Gecko) Chrome/71.0.3578.98 Safari/537.36"
172.221.47.109 - - [03/Feb/2019:12:32:33 -0500] "GET /index.php?shoutbox/refresh&last_id=139&_xfRequestUri=%2F&_xfWithData=1&_xfToken=1549215136%2C63c921fbb25c3a4bd37103e760af250c&_xfResponseType=json HTTP/1.1" 200 119 "https://www.paladin-extensions.com/" "Mozilla/5.0 (Windows NT 10.0; Win64; x64) AppleWebKit/537.36 (KHTML, like Gecko) Chrome/71.0.3578.98 Safari/537.36"
174.3.135.102 - - [03/Feb/2019:12:32:34 -0500] "GET /index.php?shoutbox/refresh&last_id=139&_xfRequestUri=%2F&_xfWithData=1&_xfToken=1549215082%2C01e0978cad613ddcc09f566de7812fc5&_xfResponseType=json HTTP/1.1" 200 119 "https://www.paladin-extensions.com/" "Mozilla/5.0 (Windows NT 10.0; Win64; x64) AppleWebKit/537.36 (KHTML, like Gecko) Chrome/71.0.3578.98 Safari/537.36"
172.221.47.109 - - [03/Feb/2019:12:32:34 -0500] "GET /index.php?shoutbox/refresh&last_id=139&_xfRequestUri=%2F&_xfWithData=1&_xfToken=1549215136%2C63c921fbb25c3a4bd37103e760af250c&_xfResponseType=json HTTP/1.1" 200 119 "https://www.paladin-extensions.com/" "Mozilla/5.0 (Windows NT 10.0; Win64; x64) AppleWebKit/537.36 (KHTML, like Gecko) Chrome/71.0.3578.98 Safari/537.36"
174.3.135.102 - - [03/Feb/2019:12:32:35 -0500] "GET /index.php?shoutbox/refresh&last_id=139&_xfRequestUri=%2F&_xfWithData=1&_xfToken=1549215082%2C01e0978cad613ddcc09f566de7812fc5&_xfResponseType=json HTTP/1.1" 200 119 "https://www.paladin-extensions.com/" "Mozilla/5.0 (Windows NT 10.0; Win64; x64) AppleWebKit/537.36 (KHTML, like Gecko) Chrome/71.0.3578.98 Safari/537.36"
172.221.47.109 - - [03/Feb/2019:12:32:35 -0500] "GET /index.php?shoutbox/refresh&last_id=139&_xfRequestUri=%2F&_xfWithData=1&_xfToken=1549215136%2C63c921fbb25c3a4bd37103e760af250c&_xfResponseType=json HTTP/1.1" 200 119 "https://www.paladin-extensions.com/" "Mozilla/5.0 (Windows NT 10.0; Win64; x64) AppleWebKit/537.36 (KHTML, like Gecko) Chrome/71.0.3578.98 Safari/537.36"
174.3.135.102 - - [03/Feb/2019:12:32:36 -0500] "GET /index.php?shoutbox/refresh&last_id=139&_xfRequestUri=%2F&_xfWithData=1&_xfToken=1549215082%2C01e0978cad613ddcc09f566de7812fc5&_xfResponseType=json HTTP/1.1" 200 119 "https://www.paladin-extensions.com/" "Mozilla/5.0 (Windows NT 10.0; Win64; x64) AppleWebKit/537.36 (KHTML, like Gecko) Chrome/71.0.3578.98 Safari/537.36"
172.221.47.109 - - [03/Feb/2019:12:32:36 -0500] "GET /index.php?shoutbox/refresh&last_id=139&_xfRequestUri=%2F&_xfWithData=1&_xfToken=1549215136%2C63c921fbb25c3a4bd37103e760af250c&_xfResponseType=json HTTP/1.1" 200 119 "https://www.paladin-extensions.com/" "Mozilla/5.0 (Windows NT 10.0; Win64; x64) AppleWebKit/537.36 (KHTML, like Gecko) Chrome/71.0.3578.98 Safari/537.36"
174.3.135.102 - - [03/Feb/2019:12:32:37 -0500] "GET /index.php?shoutbox/refresh&last_id=139&_xfRequestUri=%2F&_xfWithData=1&_xfToken=1549215082%2C01e0978cad613ddcc09f566de7812fc5&_xfResponseType=json HTTP/1.1" 200 119 "https://www.paladin-extensions.com/" "Mozilla/5.0 (Windows NT 10.0; Win64; x64) AppleWebKit/537.36 (KHTML, like Gecko) Chrome/71.0.3578.98 Safari/537.36"
172.221.47.109 - - [03/Feb/2019:12:32:37 -0500] "GET /index.php?shoutbox/refresh&last_id=139&_xfRequestUri=%2F&_xfWithData=1&_xfToken=1549215136%2C63c921fbb25c3a4bd37103e760af250c&_xfResponseType=json HTTP/1.1" 200 119 "https://www.paladin-extensions.com/" "Mozilla/5.0 (Windows NT 10.0; Win64; x64) AppleWebKit/537.36 (KHTML, like Gecko) Chrome/71.0.3578.98 Safari/537.36"
174.3.135.102 - - [03/Feb/2019:12:32:38 -0500] "GET /index.php?shoutbox/refresh&last_id=139&_xfRequestUri=%2F&_xfWithData=1&_xfToken=1549215082%2C01e0978cad613ddcc09f566de7812fc5&_xfResponseType=json HTTP/1.1" 200 119 "https://www.paladin-extensions.com/" "Mozilla/5.0 (Windows NT 10.0; Win64; x64) AppleWebKit/537.36 (KHTML, like Gecko) Chrome/71.0.3578.98 Safari/537.36"
172.221.47.109 - - [03/Feb/2019:12:32:38 -0500] "GET /index.php?shoutbox/refresh&last_id=139&_xfRequestUri=%2F&_xfWithData=1&_xfToken=1549215136%2C63c921fbb25c3a4bd37103e760af250c&_xfResponseType=json HTTP/1.1" 200 119 "https://www.paladin-extensions.com/" "Mozilla/5.0 (Windows NT 10.0; Win64; x64) AppleWebKit/537.36 (KHTML, like Gecko) Chrome/71.0.3578.98 Safari/537.36"
